e2e/flows/lead-bulk-operations.spec.ts(30,33): error TS2551: Property 'getAllByRole' does not exist on type 'Page'. Did you mean 'getByRole'?
e2e/flows/lead-bulk-operations.spec.ts(69,33): error TS2551: Property 'getAllByRole' does not exist on type 'Page'. Did you mean 'getByRole'?
e2e/flows/lead-bulk-operations.spec.ts(106,33): error TS2551: Property 'getAllByRole' does not exist on type 'Page'. Did you mean 'getByRole'?
e2e/flows/lead-bulk-operations.spec.ts(146,33): error TS2551: Property 'getAllByRole' does not exist on type 'Page'. Did you mean 'getByRole'?
e2e/flows/lead-bulk-operations.spec.ts(183,33): error TS2551: Property 'getAllByRole' does not exist on type 'Page'. Did you mean 'getByRole'?
e2e/flows/lead-bulk-operations.spec.ts(222,33): error TS2551: Property 'getAllByRole' does not exist on type 'Page'. Did you mean 'getByRole'?
e2e/flows/lead-bulk-operations.spec.ts(261,33): error TS2551: Property 'getAllByRole' does not exist on type 'Page'. Did you mean 'getByRole'?
e2e/flows/lead-pool-management.spec.ts(137,46): error TS2339: Property 'toBeInTheDocument' does not exist on type 'MakeMatchers<void, Locator, {}>'.
e2e/flows/lead-pool-management.spec.ts(166,33): error TS2551: Property 'getAllByRole' does not exist on type 'Page'. Did you mean 'getByRole'?
src/features/after-sales/components/sla-status.tsx(74,32): error TS2322: Type '"destructive"' is not assignable to type '"success" | "default" | "error" | "primary" | "secondary" | "outline" | "warning" | "info" | undefined'.
src/features/approval/__tests__/approval-flow.test.ts(41,48): error TS2339: Property 'saveApprovalFlow' does not exist on type 'typeof import("C:/Users/bigey/Documents/Antigravity/L2C/src/features/settings/actions")'.
src/features/approval/__tests__/approval-flow.test.ts(44,48): error TS2339: Property 'createMeasureTask' does not exist on type 'typeof import("C:/Users/bigey/Documents/Antigravity/L2C/src/features/service/measurement/actions")'.
src/features/approval/__tests__/approval-flow.test.ts(47,55): error TS2339: Property 'processApprovalDecision' does not exist on type 'typeof import("C:/Users/bigey/Documents/Antigravity/L2C/src/features/approval/actions")'.
src/features/approval/__tests__/approval-flow.test.ts(51,17): error TS2322: Type '(l: { tenantId: string; }, { eq }: { eq: (a: unknown, b: unknown) => unknown; }) => unknown' is not assignable to type 'SQL<unknown> | ((fields: { id: PgColumn<{ name: "id"; tableName: "leads"; dataType: "string"; columnType: "PgUUID"; data: string; driverParam: string; notNull: true; hasDefault: true; isPrimaryKey: true; isAutoincrement: false; ... 4 more ...; generated: undefined; }, {}, {}>; ... 35 more ...; updatedAt: PgColumn<.....'.
  Type '(l: { tenantId: string; }, { eq }: { eq: (a: unknown, b: unknown) => unknown; }) => unknown' is not assignable to type '(fields: { id: PgColumn<{ name: "id"; tableName: "leads"; dataType: "string"; columnType: "PgUUID"; data: string; driverParam: string; notNull: true; hasDefault: true; isPrimaryKey: true; isAutoincrement: false; ... 4 more ...; generated: undefined; }, {}, {}>; ... 35 more ...; updatedAt: PgColumn<...>; }, operators...'.
    Types of parameters 'l' and 'fields' are incompatible.
      Type '{ id: PgColumn<{ name: "id"; tableName: "leads"; dataType: "string"; columnType: "PgUUID"; data: string; driverParam: string; notNull: true; hasDefault: true; isPrimaryKey: true; isAutoincrement: false; ... 4 more ...; generated: undefined; }, {}, {}>; ... 35 more ...; updatedAt: PgColumn<...>; }' is not assignable to type '{ tenantId: string; }'.
        Types of property 'tenantId' are incompatible.
          Type 'PgColumn<{ name: "tenant_id"; tableName: "leads"; dataType: "string"; columnType: "PgUUID"; data: string; driverParam: string; notNull: true; hasDefault: false; isPrimaryKey: false; isAutoincrement: false; ... 4 more ...; generated: undefined; }, {}, {}>' is not assignable to type 'string'.
src/features/approval/__tests__/approval-flow.test.ts(87,73): error TS2339: Property 'error' does not exist on type '{ success: boolean; data: { id: string; }; }'.
src/features/approval/__tests__/approval-flow.test.ts(97,75): error TS2339: Property 'error' does not exist on type '{ success: boolean; data: { id: string; status: string; }; }'.
src/features/approval/__tests__/approval-flow.test.ts(105,41): error TS2339: Property 'approvalInstances' does not exist on type '{ readonly tenants: RelationalQueryBuilder<ExtractTablesWithRelations<typeof import("C:/Users/bigey/Documents/Antigravity/L2C/src/shared/api/schema")>, { tsName: "tenants"; dbName: "tenants"; columns: { ...; }; relations: { ...; }; primaryKey: AnyColumn[]; }>; ... 60 more ...; readonly auditLogs: RelationalQueryBuil...'.
src/features/approval/__tests__/approval-flow.test.ts(123,13): error TS2322: Type '(t: { id: string; }, { eq }: { eq: (a: unknown, b: unknown) => unknown; }) => unknown' is not assignable to type 'SQL<unknown> | ((fields: { id: PgColumn<{ name: "id"; tableName: "measure_tasks"; dataType: "string"; columnType: "PgUUID"; data: string; driverParam: string; notNull: true; hasDefault: true; isPrimaryKey: true; ... 5 more ...; generated: undefined; }, {}, {}>; ... 19 more ...; completedAt: PgColumn<...>; }, operato...'.
  Type '(t: { id: string; }, { eq }: { eq: (a: unknown, b: unknown) => unknown; }) => unknown' is not assignable to type '(fields: { id: PgColumn<{ name: "id"; tableName: "measure_tasks"; dataType: "string"; columnType: "PgUUID"; data: string; driverParam: string; notNull: true; hasDefault: true; isPrimaryKey: true; isAutoincrement: false; ... 4 more ...; generated: undefined; }, {}, {}>; ... 19 more ...; completedAt: PgColumn<...>; },...'.
    Types of parameters 't' and 'fields' are incompatible.
      Type '{ id: PgColumn<{ name: "id"; tableName: "measure_tasks"; dataType: "string"; columnType: "PgUUID"; data: string; driverParam: string; notNull: true; hasDefault: true; isPrimaryKey: true; isAutoincrement: false; ... 4 more ...; generated: undefined; }, {}, {}>; ... 19 more ...; completedAt: PgColumn<...>; }' is not assignable to type '{ id: string; }'.
        Types of property 'id' are incompatible.
          Type 'PgColumn<{ name: "id"; tableName: "measure_tasks"; dataType: "string"; columnType: "PgUUID"; data: string; driverParam: string; notNull: true; hasDefault: true; isPrimaryKey: true; isAutoincrement: false; ... 4 more ...; generated: undefined; }, {}, {}>' is not assignable to type 'string'.
src/features/approval/__tests__/approval-flow.test.ts(125,16): error TS18048: 'updatedTask' is possibly 'undefined'.
src/features/approval/__tests__/approval-flow.test.ts(128,25): error TS2304: Cannot find name 'approvalInstancesTable'.
src/features/approval/__tests__/approval-flow.test.ts(128,55): error TS2304: Cannot find name 'approvalInstancesTable'.
src/features/approval/__tests__/approval-flow.test.ts(128,86): error TS2554: Expected 1 arguments, but got 2.
src/features/approval/actions/processing.ts(72,31): error TS2339: Property 'entityType' does not exist on type 'never'.
src/features/approval/actions/processing.ts(75,56): error TS2339: Property 'entityId' does not exist on type 'never'.
src/features/approval/actions/processing.ts(80,43): error TS2339: Property 'sortOrder' does not exist on type 'never'.
src/features/approval/actions/processing.ts(83,56): error TS2339: Property 'flowId' does not exist on type 'never'.
src/features/approval/actions/processing.ts(113,35): error TS2339: Property 'entityType' does not exist on type 'never'.
src/features/approval/actions/processing.ts(116,60): error TS2339: Property 'entityId' does not exist on type 'never'.
src/features/approval/actions/utils.ts(2,10): error TS2305: Module '"@/shared/api/schema"' has no exported member 'notifications'.
src/features/dashboard/actions.ts(187,21): error TS2769: No overload matches this call.
  Overload 1 of 3, '(left: PgColumn<{ name: "status"; tableName: "install_tasks"; dataType: "string"; columnType: "PgEnumColumn"; data: "COMPLETED" | "CANCELLED" | "DISPATCHING" | "PENDING_VISIT" | "PENDING_CONFIRM" | "PENDING_DISPATCH"; ... 9 more ...; generated: undefined; }, {}, {}>, right: "COMPLETED" | ... 5 more ... | SQLWrapper): SQL<...>', gave the following error.
    Argument of type '"PENDING"' is not assignable to parameter of type '"COMPLETED" | "CANCELLED" | "DISPATCHING" | "PENDING_VISIT" | "PENDING_CONFIRM" | "PENDING_DISPATCH" | SQLWrapper'.
  Overload 2 of 3, '(left: Aliased<string>, right: string | SQLWrapper): SQL<unknown>', gave the following error.
    Argument of type 'PgColumn<{ name: "status"; tableName: "install_tasks"; dataType: "string"; columnType: "PgEnumColumn"; data: "COMPLETED" | "CANCELLED" | "DISPATCHING" | "PENDING_VISIT" | "PENDING_CONFIRM" | "PENDING_DISPATCH"; ... 9 more ...; generated: undefined; }, {}, {}>' is not assignable to parameter of type 'Aliased<string>'.
      Type 'PgColumn<{ name: "status"; tableName: "install_tasks"; dataType: "string"; columnType: "PgEnumColumn"; data: "COMPLETED" | "CANCELLED" | "DISPATCHING" | "PENDING_VISIT" | "PENDING_CONFIRM" | "PENDING_DISPATCH"; ... 9 more ...; generated: undefined; }, {}, {}>' is missing the following properties from type 'Aliased<string>': sql, fieldAlias
  Overload 3 of 3, '(left: never, right: unknown): SQL<unknown>', gave the following error.
    Argument of type 'PgColumn<{ name: "status"; tableName: "install_tasks"; dataType: "string"; columnType: "PgEnumColumn"; data: "COMPLETED" | "CANCELLED" | "DISPATCHING" | "PENDING_VISIT" | "PENDING_CONFIRM" | "PENDING_DISPATCH"; ... 9 more ...; generated: undefined; }, {}, {}>' is not assignable to parameter of type 'never'.
src/features/finance/__tests__/ar-actions.test.ts(2,1): error TS2582: Cannot find name 'describe'. Do you need to install type definitions for a test runner? Try `npm i --save-dev @types/jest` or `npm i --save-dev @types/mocha`.
src/features/finance/__tests__/ar-actions.test.ts(3,5): error TS2582: Cannot find name 'it'. Do you need to install type definitions for a test runner? Try `npm i --save-dev @types/jest` or `npm i --save-dev @types/mocha`.
src/features/finance/__tests__/ar-actions.test.ts(4,9): error TS2304: Cannot find name 'expect'.
src/features/finance/__tests__/finance-additional.test.ts(2,1): error TS2582: Cannot find name 'describe'. Do you need to install type definitions for a test runner? Try `npm i --save-dev @types/jest` or `npm i --save-dev @types/mocha`.
src/features/finance/__tests__/finance-additional.test.ts(3,5): error TS2582: Cannot find name 'it'. Do you need to install type definitions for a test runner? Try `npm i --save-dev @types/jest` or `npm i --save-dev @types/mocha`.
src/features/finance/__tests__/finance-additional.test.ts(4,9): error TS2304: Cannot find name 'expect'.
src/features/finance/__tests__/reconciliation.test.ts(1,1): error TS2582: Cannot find name 'describe'. Do you need to install type definitions for a test runner? Try `npm i --save-dev @types/jest` or `npm i --save-dev @types/mocha`.
src/features/finance/__tests__/reconciliation.test.ts(1,39): error TS2582: Cannot find name 'it'. Do you need to install type definitions for a test runner? Try `npm i --save-dev @types/jest` or `npm i --save-dev @types/mocha`.
src/features/finance/__tests__/reconciliation.test.ts(1,56): error TS2304: Cannot find name 'expect'.
src/features/finance/actions/analysis-actions.ts(6,5): error TS2305: Module '"@/shared/api/schema"' has no exported member 'inventoryUsageLogs'.
src/features/finance/actions/analysis-actions.ts(23,56): error TS2339: Property 'PROFIT_VIEW' does not exist on type '{ readonly VIEW: "finance.view"; readonly LABOR_VIEW: "finance.labor_view"; }'.
src/features/finance/actions/ap.ts(433,67): error TS2769: No overload matches this call.
  Overload 1 of 2, '(value: { tenantId: string | SQL<unknown> | Placeholder<string, any>; totalAmount: string | SQL<unknown> | Placeholder<string, any>; status: string | SQL<unknown> | Placeholder<...>; ... 15 more ...; invoiceAmount?: string | ... 3 more ... | undefined; }): PgInsertBase<...>', gave the following error.
    Type 'string | null' is not assignable to type 'string | SQL<unknown> | Placeholder<string, any>'.
      Type 'null' is not assignable to type 'string | SQL<unknown> | Placeholder<string, any>'.
  Overload 2 of 2, '(values: { tenantId: string | SQL<unknown> | Placeholder<string, any>; totalAmount: string | SQL<unknown> | Placeholder<string, any>; status: string | SQL<unknown> | Placeholder<...>; ... 15 more ...; invoiceAmount?: string | ... 3 more ... | undefined; }[]): PgInsertBase<...>', gave the following error.
    Object literal may only specify known properties, and 'tenantId' does not exist in type '{ tenantId: string | SQL<unknown> | Placeholder<string, any>; totalAmount: string | SQL<unknown> | Placeholder<string, any>; status: string | SQL<unknown> | Placeholder<...>; ... 15 more ...; invoiceAmount?: string | ... 3 more ... | undefined; }[]'.
src/features/finance/ap/__tests__/ap-actions.test.ts(1,1): error TS2582: Cannot find name 'describe'. Do you need to install type definitions for a test runner? Try `npm i --save-dev @types/jest` or `npm i --save-dev @types/mocha`.
src/features/finance/ap/__tests__/ap-actions.test.ts(1,34): error TS2582: Cannot find name 'it'. Do you need to install type definitions for a test runner? Try `npm i --save-dev @types/jest` or `npm i --save-dev @types/mocha`.
src/features/finance/ap/__tests__/ap-actions.test.ts(1,51): error TS2304: Cannot find name 'expect'.
src/features/finance/components/AccountDialog.tsx(49,9): error TS2322: Type 'Resolver<{ accountNo: string; accountName: string; accountType: "CASH" | "WECHAT" | "ALIPAY" | "BANK"; holderName: string; accountNumber?: string | undefined; bankName?: string | undefined; branchName?: string | undefined; isDefault?: boolean | undefined; remark?: string | undefined; }, any, { ...; }>' is not assignable to type 'Resolver<{ accountNo: string; accountName: string; accountType: "CASH" | "WECHAT" | "ALIPAY" | "BANK"; holderName: string; isDefault: boolean; accountNumber?: string | undefined; bankName?: string | undefined; branchName?: string | undefined; remark?: string | undefined; }, any, { ...; }>'.
  Types of parameters 'options' and 'options' are incompatible.
    Type 'ResolverOptions<{ accountNo: string; accountName: string; accountType: "CASH" | "WECHAT" | "ALIPAY" | "BANK"; holderName: string; isDefault: boolean; accountNumber?: string | undefined; bankName?: string | undefined; branchName?: string | undefined; remark?: string | undefined; }>' is not assignable to type 'ResolverOptions<{ accountNo: string; accountName: string; accountType: "CASH" | "WECHAT" | "ALIPAY" | "BANK"; holderName: string; accountNumber?: string | undefined; bankName?: string | undefined; branchName?: string | undefined; isDefault?: boolean | undefined; remark?: string | undefined; }>'.
      Type 'boolean | undefined' is not assignable to type 'boolean'.
        Type 'undefined' is not assignable to type 'boolean'.
src/features/finance/components/AccountDialog.tsx(107,55): error TS2345: Argument of type '(values: FormValues) => void' is not assignable to parameter of type 'SubmitHandler<TFieldValues>'.
  Types of parameters 'values' and 'data' are incompatible.
    Type 'TFieldValues' is not assignable to type '{ accountNo: string; accountName: string; accountType: "CASH" | "WECHAT" | "ALIPAY" | "BANK"; holderName: string; isDefault: boolean; accountNumber?: string | undefined; bankName?: string | undefined; branchName?: string | undefined; remark?: string | undefined; }'.
      Type 'FieldValues' is missing the following properties from type '{ accountNo: string; accountName: string; accountType: "CASH" | "WECHAT" | "ALIPAY" | "BANK"; holderName: string; isDefault: boolean; accountNumber?: string | undefined; bankName?: string | undefined; branchName?: string | undefined; remark?: string | undefined; }': accountNo, accountName, accountType, holderName, isDefault
src/features/finance/components/AccountDialog.tsx(110,33): error TS2322: Type 'Control<{ accountNo: string; accountName: string; accountType: "CASH" | "WECHAT" | "ALIPAY" | "BANK"; holderName: string; isDefault: boolean; accountNumber?: string | undefined; bankName?: string | undefined; branchName?: string | undefined; remark?: string | undefined; }, any, TFieldValues>' is not assignable to type 'Control<{ accountNo: string; accountName: string; accountType: "CASH" | "WECHAT" | "ALIPAY" | "BANK"; holderName: string; isDefault: boolean; accountNumber?: string | undefined; bankName?: string | undefined; branchName?: string | undefined; remark?: string | undefined; }, any, { ...; }>'.
  The types of '_options.resolver' are incompatible between these types.
    Type 'Resolver<{ accountNo: string; accountName: string; accountType: "CASH" | "WECHAT" | "ALIPAY" | "BANK"; holderName: string; isDefault: boolean; accountNumber?: string | undefined; bankName?: string | undefined; branchName?: string | undefined; remark?: string | undefined; }, any, TFieldValues> | undefined' is not assignable to type 'Resolver<{ accountNo: string; accountName: string; accountType: "CASH" | "WECHAT" | "ALIPAY" | "BANK"; holderName: string; isDefault: boolean; accountNumber?: string | undefined; bankName?: string | undefined; branchName?: string | undefined; remark?: string | undefined; }, any, { ...; }> | undefined'.
      Type 'Resolver<{ accountNo: string; accountName: string; accountType: "CASH" | "WECHAT" | "ALIPAY" | "BANK"; holderName: string; isDefault: boolean; accountNumber?: string | undefined; bankName?: string | undefined; branchName?: string | undefined; remark?: string | undefined; }, any, TFieldValues>' is not assignable to type 'Resolver<{ accountNo: string; accountName: string; accountType: "CASH" | "WECHAT" | "ALIPAY" | "BANK"; holderName: string; isDefault: boolean; accountNumber?: string | undefined; bankName?: string | undefined; branchName?: string | undefined; remark?: string | undefined; }, any, { ...; }>'.
        Type 'ResolverResult<{ accountNo: string; accountName: string; accountType: "CASH" | "WECHAT" | "ALIPAY" | "BANK"; holderName: string; isDefault: boolean; accountNumber?: string | undefined; bankName?: string | undefined; branchName?: string | undefined; remark?: string | undefined; }, TFieldValues> | Promise<...>' is not assignable to type 'ResolverResult<{ accountNo: string; accountName: string; accountType: "CASH" | "WECHAT" | "ALIPAY" | "BANK"; holderName: string; isDefault: boolean; accountNumber?: string | undefined; bankName?: string | undefined; branchName?: string | undefined; remark?: string | undefined; }, { ...; }> | Promise<...>'.
          Type 'ResolverSuccess<TFieldValues>' is not assignable to type 'ResolverResult<{ accountNo: string; accountName: string; accountType: "CASH" | "WECHAT" | "ALIPAY" | "BANK"; holderName: string; isDefault: boolean; accountNumber?: string | undefined; bankName?: string | undefined; branchName?: string | undefined; remark?: string | undefined; }, { ...; }> | Promise<...>'.
            Type 'ResolverSuccess<TFieldValues>' is not assignable to type 'ResolverSuccess<{ accountNo: string; accountName: string; accountType: "CASH" | "WECHAT" | "ALIPAY" | "BANK"; holderName: string; isDefault: boolean; accountNumber?: string | undefined; bankName?: string | undefined; branchName?: string | undefined; remark?: string | undefined; }>'.
              Type 'TFieldValues' is not assignable to type '{ accountNo: string; accountName: string; accountType: "CASH" | "WECHAT" | "ALIPAY" | "BANK"; holderName: string; isDefault: boolean; accountNumber?: string | undefined; bankName?: string | undefined; branchName?: string | undefined; remark?: string | undefined; }'.
                Type 'FieldValues' is missing the following properties from type '{ accountNo: string; accountName: string; accountType: "CASH" | "WECHAT" | "ALIPAY" | "BANK"; holderName: string; isDefault: boolean; accountNumber?: string | undefined; bankName?: string | undefined; branchName?: string | undefined; remark?: string | undefined; }': accountNo, accountName, accountType, holderName, isDefault
src/features/finance/components/AccountDialog.tsx(123,33): error TS2322: Type 'Control<{ accountNo: string; accountName: string; accountType: "CASH" | "WECHAT" | "ALIPAY" | "BANK"; holderName: string; isDefault: boolean; accountNumber?: string | undefined; bankName?: string | undefined; branchName?: string | undefined; remark?: string | undefined; }, any, TFieldValues>' is not assignable to type 'Control<{ accountNo: string; accountName: string; accountType: "CASH" | "WECHAT" | "ALIPAY" | "BANK"; holderName: string; isDefault: boolean; accountNumber?: string | undefined; bankName?: string | undefined; branchName?: string | undefined; remark?: string | undefined; }, any, { ...; }>'.
  The types of '_options.resolver' are incompatible between these types.
    Type 'Resolver<{ accountNo: string; accountName: string; accountType: "CASH" | "WECHAT" | "ALIPAY" | "BANK"; holderName: string; isDefault: boolean; accountNumber?: string | undefined; bankName?: string | undefined; branchName?: string | undefined; remark?: string | undefined; }, any, TFieldValues> | undefined' is not assignable to type 'Resolver<{ accountNo: string; accountName: string; accountType: "CASH" | "WECHAT" | "ALIPAY" | "BANK"; holderName: string; isDefault: boolean; accountNumber?: string | undefined; bankName?: string | undefined; branchName?: string | undefined; remark?: string | undefined; }, any, { ...; }> | undefined'.
      Type 'Resolver<{ accountNo: string; accountName: string; accountType: "CASH" | "WECHAT" | "ALIPAY" | "BANK"; holderName: string; isDefault: boolean; accountNumber?: string | undefined; bankName?: string | undefined; branchName?: string | undefined; remark?: string | undefined; }, any, TFieldValues>' is not assignable to type 'Resolver<{ accountNo: string; accountName: string; accountType: "CASH" | "WECHAT" | "ALIPAY" | "BANK"; holderName: string; isDefault: boolean; accountNumber?: string | undefined; bankName?: string | undefined; branchName?: string | undefined; remark?: string | undefined; }, any, { ...; }>'.
        Type 'ResolverResult<{ accountNo: string; accountName: string; accountType: "CASH" | "WECHAT" | "ALIPAY" | "BANK"; holderName: string; isDefault: boolean; accountNumber?: string | undefined; bankName?: string | undefined; branchName?: string | undefined; remark?: string | undefined; }, TFieldValues> | Promise<...>' is not assignable to type 'ResolverResult<{ accountNo: string; accountName: string; accountType: "CASH" | "WECHAT" | "ALIPAY" | "BANK"; holderName: string; isDefault: boolean; accountNumber?: string | undefined; bankName?: string | undefined; branchName?: string | undefined; remark?: string | undefined; }, { ...; }> | Promise<...>'.
          Type 'ResolverSuccess<TFieldValues>' is not assignable to type 'ResolverResult<{ accountNo: string; accountName: string; accountType: "CASH" | "WECHAT" | "ALIPAY" | "BANK"; holderName: string; isDefault: boolean; accountNumber?: string | undefined; bankName?: string | undefined; branchName?: string | undefined; remark?: string | undefined; }, { ...; }> | Promise<...>'.
            Type 'ResolverSuccess<TFieldValues>' is not assignable to type 'ResolverSuccess<{ accountNo: string; accountName: string; accountType: "CASH" | "WECHAT" | "ALIPAY" | "BANK"; holderName: string; isDefault: boolean; accountNumber?: string | undefined; bankName?: string | undefined; branchName?: string | undefined; remark?: string | undefined; }>'.
              Type 'TFieldValues' is not assignable to type '{ accountNo: string; accountName: string; accountType: "CASH" | "WECHAT" | "ALIPAY" | "BANK"; holderName: string; isDefault: boolean; accountNumber?: string | undefined; bankName?: string | undefined; branchName?: string | undefined; remark?: string | undefined; }'.
                Type 'FieldValues' is missing the following properties from type '{ accountNo: string; accountName: string; accountType: "CASH" | "WECHAT" | "ALIPAY" | "BANK"; holderName: string; isDefault: boolean; accountNumber?: string | undefined; bankName?: string | undefined; branchName?: string | undefined; remark?: string | undefined; }': accountNo, accountName, accountType, holderName, isDefault
src/features/finance/components/AccountDialog.tsx(149,33): error TS2322: Type 'Control<{ accountNo: string; accountName: string; accountType: "CASH" | "WECHAT" | "ALIPAY" | "BANK"; holderName: string; isDefault: boolean; accountNumber?: string | undefined; bankName?: string | undefined; branchName?: string | undefined; remark?: string | undefined; }, any, TFieldValues>' is not assignable to type 'Control<{ accountNo: string; accountName: string; accountType: "CASH" | "WECHAT" | "ALIPAY" | "BANK"; holderName: string; isDefault: boolean; accountNumber?: string | undefined; bankName?: string | undefined; branchName?: string | undefined; remark?: string | undefined; }, any, { ...; }>'.
  The types of '_options.resolver' are incompatible between these types.
    Type 'Resolver<{ accountNo: string; accountName: string; accountType: "CASH" | "WECHAT" | "ALIPAY" | "BANK"; holderName: string; isDefault: boolean; accountNumber?: string | undefined; bankName?: string | undefined; branchName?: string | undefined; remark?: string | undefined; }, any, TFieldValues> | undefined' is not assignable to type 'Resolver<{ accountNo: string; accountName: string; accountType: "CASH" | "WECHAT" | "ALIPAY" | "BANK"; holderName: string; isDefault: boolean; accountNumber?: string | undefined; bankName?: string | undefined; branchName?: string | undefined; remark?: string | undefined; }, any, { ...; }> | undefined'.
      Type 'Resolver<{ accountNo: string; accountName: string; accountType: "CASH" | "WECHAT" | "ALIPAY" | "BANK"; holderName: string; isDefault: boolean; accountNumber?: string | undefined; bankName?: string | undefined; branchName?: string | undefined; remark?: string | undefined; }, any, TFieldValues>' is not assignable to type 'Resolver<{ accountNo: string; accountName: string; accountType: "CASH" | "WECHAT" | "ALIPAY" | "BANK"; holderName: string; isDefault: boolean; accountNumber?: string | undefined; bankName?: string | undefined; branchName?: string | undefined; remark?: string | undefined; }, any, { ...; }>'.
        Type 'ResolverResult<{ accountNo: string; accountName: string; accountType: "CASH" | "WECHAT" | "ALIPAY" | "BANK"; holderName: string; isDefault: boolean; accountNumber?: string | undefined; bankName?: string | undefined; branchName?: string | undefined; remark?: string | undefined; }, TFieldValues> | Promise<...>' is not assignable to type 'ResolverResult<{ accountNo: string; accountName: string; accountType: "CASH" | "WECHAT" | "ALIPAY" | "BANK"; holderName: string; isDefault: boolean; accountNumber?: string | undefined; bankName?: string | undefined; branchName?: string | undefined; remark?: string | undefined; }, { ...; }> | Promise<...>'.
          Type 'ResolverSuccess<TFieldValues>' is not assignable to type 'ResolverResult<{ accountNo: string; accountName: string; accountType: "CASH" | "WECHAT" | "ALIPAY" | "BANK"; holderName: string; isDefault: boolean; accountNumber?: string | undefined; bankName?: string | undefined; branchName?: string | undefined; remark?: string | undefined; }, { ...; }> | Promise<...>'.
            Type 'ResolverSuccess<TFieldValues>' is not assignable to type 'ResolverSuccess<{ accountNo: string; accountName: string; accountType: "CASH" | "WECHAT" | "ALIPAY" | "BANK"; holderName: string; isDefault: boolean; accountNumber?: string | undefined; bankName?: string | undefined; branchName?: string | undefined; remark?: string | undefined; }>'.
              Type 'TFieldValues' is not assignable to type '{ accountNo: string; accountName: string; accountType: "CASH" | "WECHAT" | "ALIPAY" | "BANK"; holderName: string; isDefault: boolean; accountNumber?: string | undefined; bankName?: string | undefined; branchName?: string | undefined; remark?: string | undefined; }'.
                Type 'FieldValues' is missing the following properties from type '{ accountNo: string; accountName: string; accountType: "CASH" | "WECHAT" | "ALIPAY" | "BANK"; holderName: string; isDefault: boolean; accountNumber?: string | undefined; bankName?: string | undefined; branchName?: string | undefined; remark?: string | undefined; }': accountNo, accountName, accountType, holderName, isDefault
src/features/finance/components/AccountDialog.tsx(162,33): error TS2322: Type 'Control<{ accountNo: string; accountName: string; accountType: "CASH" | "WECHAT" | "ALIPAY" | "BANK"; holderName: string; isDefault: boolean; accountNumber?: string | undefined; bankName?: string | undefined; branchName?: string | undefined; remark?: string | undefined; }, any, TFieldValues>' is not assignable to type 'Control<{ accountNo: string; accountName: string; accountType: "CASH" | "WECHAT" | "ALIPAY" | "BANK"; holderName: string; isDefault: boolean; accountNumber?: string | undefined; bankName?: string | undefined; branchName?: string | undefined; remark?: string | undefined; }, any, { ...; }>'.
  The types of '_options.resolver' are incompatible between these types.
    Type 'Resolver<{ accountNo: string; accountName: string; accountType: "CASH" | "WECHAT" | "ALIPAY" | "BANK"; holderName: string; isDefault: boolean; accountNumber?: string | undefined; bankName?: string | undefined; branchName?: string | undefined; remark?: string | undefined; }, any, TFieldValues> | undefined' is not assignable to type 'Resolver<{ accountNo: string; accountName: string; accountType: "CASH" | "WECHAT" | "ALIPAY" | "BANK"; holderName: string; isDefault: boolean; accountNumber?: string | undefined; bankName?: string | undefined; branchName?: string | undefined; remark?: string | undefined; }, any, { ...; }> | undefined'.
      Type 'Resolver<{ accountNo: string; accountName: string; accountType: "CASH" | "WECHAT" | "ALIPAY" | "BANK"; holderName: string; isDefault: boolean; accountNumber?: string | undefined; bankName?: string | undefined; branchName?: string | undefined; remark?: string | undefined; }, any, TFieldValues>' is not assignable to type 'Resolver<{ accountNo: string; accountName: string; accountType: "CASH" | "WECHAT" | "ALIPAY" | "BANK"; holderName: string; isDefault: boolean; accountNumber?: string | undefined; bankName?: string | undefined; branchName?: string | undefined; remark?: string | undefined; }, any, { ...; }>'.
        Type 'ResolverResult<{ accountNo: string; accountName: string; accountType: "CASH" | "WECHAT" | "ALIPAY" | "BANK"; holderName: string; isDefault: boolean; accountNumber?: string | undefined; bankName?: string | undefined; branchName?: string | undefined; remark?: string | undefined; }, TFieldValues> | Promise<...>' is not assignable to type 'ResolverResult<{ accountNo: string; accountName: string; accountType: "CASH" | "WECHAT" | "ALIPAY" | "BANK"; holderName: string; isDefault: boolean; accountNumber?: string | undefined; bankName?: string | undefined; branchName?: string | undefined; remark?: string | undefined; }, { ...; }> | Promise<...>'.
          Type 'ResolverSuccess<TFieldValues>' is not assignable to type 'ResolverResult<{ accountNo: string; accountName: string; accountType: "CASH" | "WECHAT" | "ALIPAY" | "BANK"; holderName: string; isDefault: boolean; accountNumber?: string | undefined; bankName?: string | undefined; branchName?: string | undefined; remark?: string | undefined; }, { ...; }> | Promise<...>'.
            Type 'ResolverSuccess<TFieldValues>' is not assignable to type 'ResolverSuccess<{ accountNo: string; accountName: string; accountType: "CASH" | "WECHAT" | "ALIPAY" | "BANK"; holderName: string; isDefault: boolean; accountNumber?: string | undefined; bankName?: string | undefined; branchName?: string | undefined; remark?: string | undefined; }>'.
              Type 'TFieldValues' is not assignable to type '{ accountNo: string; accountName: string; accountType: "CASH" | "WECHAT" | "ALIPAY" | "BANK"; holderName: string; isDefault: boolean; accountNumber?: string | undefined; bankName?: string | undefined; branchName?: string | undefined; remark?: string | undefined; }'.
                Type 'FieldValues' is missing the following properties from type '{ accountNo: string; accountName: string; accountType: "CASH" | "WECHAT" | "ALIPAY" | "BANK"; holderName: string; isDefault: boolean; accountNumber?: string | undefined; bankName?: string | undefined; branchName?: string | undefined; remark?: string | undefined; }': accountNo, accountName, accountType, holderName, isDefault
src/features/finance/components/AccountDialog.tsx(177,29): error TS2322: Type 'Control<{ accountNo: string; accountName: string; accountType: "CASH" | "WECHAT" | "ALIPAY" | "BANK"; holderName: string; isDefault: boolean; accountNumber?: string | undefined; bankName?: string | undefined; branchName?: string | undefined; remark?: string | undefined; }, any, TFieldValues>' is not assignable to type 'Control<{ accountNo: string; accountName: string; accountType: "CASH" | "WECHAT" | "ALIPAY" | "BANK"; holderName: string; isDefault: boolean; accountNumber?: string | undefined; bankName?: string | undefined; branchName?: string | undefined; remark?: string | undefined; }, any, { ...; }>'.
  The types of '_options.resolver' are incompatible between these types.
    Type 'Resolver<{ accountNo: string; accountName: string; accountType: "CASH" | "WECHAT" | "ALIPAY" | "BANK"; holderName: string; isDefault: boolean; accountNumber?: string | undefined; bankName?: string | undefined; branchName?: string | undefined; remark?: string | undefined; }, any, TFieldValues> | undefined' is not assignable to type 'Resolver<{ accountNo: string; accountName: string; accountType: "CASH" | "WECHAT" | "ALIPAY" | "BANK"; holderName: string; isDefault: boolean; accountNumber?: string | undefined; bankName?: string | undefined; branchName?: string | undefined; remark?: string | undefined; }, any, { ...; }> | undefined'.
      Type 'Resolver<{ accountNo: string; accountName: string; accountType: "CASH" | "WECHAT" | "ALIPAY" | "BANK"; holderName: string; isDefault: boolean; accountNumber?: string | undefined; bankName?: string | undefined; branchName?: string | undefined; remark?: string | undefined; }, any, TFieldValues>' is not assignable to type 'Resolver<{ accountNo: string; accountName: string; accountType: "CASH" | "WECHAT" | "ALIPAY" | "BANK"; holderName: string; isDefault: boolean; accountNumber?: string | undefined; bankName?: string | undefined; branchName?: string | undefined; remark?: string | undefined; }, any, { ...; }>'.
        Type 'ResolverResult<{ accountNo: string; accountName: string; accountType: "CASH" | "WECHAT" | "ALIPAY" | "BANK"; holderName: string; isDefault: boolean; accountNumber?: string | undefined; bankName?: string | undefined; branchName?: string | undefined; remark?: string | undefined; }, TFieldValues> | Promise<...>' is not assignable to type 'ResolverResult<{ accountNo: string; accountName: string; accountType: "CASH" | "WECHAT" | "ALIPAY" | "BANK"; holderName: string; isDefault: boolean; accountNumber?: string | undefined; bankName?: string | undefined; branchName?: string | undefined; remark?: string | undefined; }, { ...; }> | Promise<...>'.
          Type 'ResolverSuccess<TFieldValues>' is not assignable to type 'ResolverResult<{ accountNo: string; accountName: string; accountType: "CASH" | "WECHAT" | "ALIPAY" | "BANK"; holderName: string; isDefault: boolean; accountNumber?: string | undefined; bankName?: string | undefined; branchName?: string | undefined; remark?: string | undefined; }, { ...; }> | Promise<...>'.
            Type 'ResolverSuccess<TFieldValues>' is not assignable to type 'ResolverSuccess<{ accountNo: string; accountName: string; accountType: "CASH" | "WECHAT" | "ALIPAY" | "BANK"; holderName: string; isDefault: boolean; accountNumber?: string | undefined; bankName?: string | undefined; branchName?: string | undefined; remark?: string | undefined; }>'.
              Type 'TFieldValues' is not assignable to type '{ accountNo: string; accountName: string; accountType: "CASH" | "WECHAT" | "ALIPAY" | "BANK"; holderName: string; isDefault: boolean; accountNumber?: string | undefined; bankName?: string | undefined; branchName?: string | undefined; remark?: string | undefined; }'.
                Type 'FieldValues' is missing the following properties from type '{ accountNo: string; accountName: string; accountType: "CASH" | "WECHAT" | "ALIPAY" | "BANK"; holderName: string; isDefault: boolean; accountNumber?: string | undefined; bankName?: string | undefined; branchName?: string | undefined; remark?: string | undefined; }': accountNo, accountName, accountType, holderName, isDefault
src/features/finance/components/AccountDialog.tsx(193,37): error TS2322: Type 'Control<{ accountNo: string; accountName: string; accountType: "CASH" | "WECHAT" | "ALIPAY" | "BANK"; holderName: string; isDefault: boolean; accountNumber?: string | undefined; bankName?: string | undefined; branchName?: string | undefined; remark?: string | undefined; }, any, TFieldValues>' is not assignable to type 'Control<{ accountNo: string; accountName: string; accountType: "CASH" | "WECHAT" | "ALIPAY" | "BANK"; holderName: string; isDefault: boolean; accountNumber?: string | undefined; bankName?: string | undefined; branchName?: string | undefined; remark?: string | undefined; }, any, { ...; }>'.
  The types of '_options.resolver' are incompatible between these types.
    Type 'Resolver<{ accountNo: string; accountName: string; accountType: "CASH" | "WECHAT" | "ALIPAY" | "BANK"; holderName: string; isDefault: boolean; accountNumber?: string | undefined; bankName?: string | undefined; branchName?: string | undefined; remark?: string | undefined; }, any, TFieldValues> | undefined' is not assignable to type 'Resolver<{ accountNo: string; accountName: string; accountType: "CASH" | "WECHAT" | "ALIPAY" | "BANK"; holderName: string; isDefault: boolean; accountNumber?: string | undefined; bankName?: string | undefined; branchName?: string | undefined; remark?: string | undefined; }, any, { ...; }> | undefined'.
      Type 'Resolver<{ accountNo: string; accountName: string; accountType: "CASH" | "WECHAT" | "ALIPAY" | "BANK"; holderName: string; isDefault: boolean; accountNumber?: string | undefined; bankName?: string | undefined; branchName?: string | undefined; remark?: string | undefined; }, any, TFieldValues>' is not assignable to type 'Resolver<{ accountNo: string; accountName: string; accountType: "CASH" | "WECHAT" | "ALIPAY" | "BANK"; holderName: string; isDefault: boolean; accountNumber?: string | undefined; bankName?: string | undefined; branchName?: string | undefined; remark?: string | undefined; }, any, { ...; }>'.
        Type 'ResolverResult<{ accountNo: string; accountName: string; accountType: "CASH" | "WECHAT" | "ALIPAY" | "BANK"; holderName: string; isDefault: boolean; accountNumber?: string | undefined; bankName?: string | undefined; branchName?: string | undefined; remark?: string | undefined; }, TFieldValues> | Promise<...>' is not assignable to type 'ResolverResult<{ accountNo: string; accountName: string; accountType: "CASH" | "WECHAT" | "ALIPAY" | "BANK"; holderName: string; isDefault: boolean; accountNumber?: string | undefined; bankName?: string | undefined; branchName?: string | undefined; remark?: string | undefined; }, { ...; }> | Promise<...>'.
          Type 'ResolverSuccess<TFieldValues>' is not assignable to type 'ResolverResult<{ accountNo: string; accountName: string; accountType: "CASH" | "WECHAT" | "ALIPAY" | "BANK"; holderName: string; isDefault: boolean; accountNumber?: string | undefined; bankName?: string | undefined; branchName?: string | undefined; remark?: string | undefined; }, { ...; }> | Promise<...>'.
            Type 'ResolverSuccess<TFieldValues>' is not assignable to type 'ResolverSuccess<{ accountNo: string; accountName: string; accountType: "CASH" | "WECHAT" | "ALIPAY" | "BANK"; holderName: string; isDefault: boolean; accountNumber?: string | undefined; bankName?: string | undefined; branchName?: string | undefined; remark?: string | undefined; }>'.
              Type 'TFieldValues' is not assignable to type '{ accountNo: string; accountName: string; accountType: "CASH" | "WECHAT" | "ALIPAY" | "BANK"; holderName: string; isDefault: boolean; accountNumber?: string | undefined; bankName?: string | undefined; branchName?: string | undefined; remark?: string | undefined; }'.
                Type 'FieldValues' is missing the following properties from type '{ accountNo: string; accountName: string; accountType: "CASH" | "WECHAT" | "ALIPAY" | "BANK"; holderName: string; isDefault: boolean; accountNumber?: string | undefined; bankName?: string | undefined; branchName?: string | undefined; remark?: string | undefined; }': accountNo, accountName, accountType, holderName, isDefault
src/features/finance/components/AccountDialog.tsx(206,37): error TS2322: Type 'Control<{ accountNo: string; accountName: string; accountType: "CASH" | "WECHAT" | "ALIPAY" | "BANK"; holderName: string; isDefault: boolean; accountNumber?: string | undefined; bankName?: string | undefined; branchName?: string | undefined; remark?: string | undefined; }, any, TFieldValues>' is not assignable to type 'Control<{ accountNo: string; accountName: string; accountType: "CASH" | "WECHAT" | "ALIPAY" | "BANK"; holderName: string; isDefault: boolean; accountNumber?: string | undefined; bankName?: string | undefined; branchName?: string | undefined; remark?: string | undefined; }, any, { ...; }>'.
  The types of '_options.resolver' are incompatible between these types.
    Type 'Resolver<{ accountNo: string; accountName: string; accountType: "CASH" | "WECHAT" | "ALIPAY" | "BANK"; holderName: string; isDefault: boolean; accountNumber?: string | undefined; bankName?: string | undefined; branchName?: string | undefined; remark?: string | undefined; }, any, TFieldValues> | undefined' is not assignable to type 'Resolver<{ accountNo: string; accountName: string; accountType: "CASH" | "WECHAT" | "ALIPAY" | "BANK"; holderName: string; isDefault: boolean; accountNumber?: string | undefined; bankName?: string | undefined; branchName?: string | undefined; remark?: string | undefined; }, any, { ...; }> | undefined'.
      Type 'Resolver<{ accountNo: string; accountName: string; accountType: "CASH" | "WECHAT" | "ALIPAY" | "BANK"; holderName: string; isDefault: boolean; accountNumber?: string | undefined; bankName?: string | undefined; branchName?: string | undefined; remark?: string | undefined; }, any, TFieldValues>' is not assignable to type 'Resolver<{ accountNo: string; accountName: string; accountType: "CASH" | "WECHAT" | "ALIPAY" | "BANK"; holderName: string; isDefault: boolean; accountNumber?: string | undefined; bankName?: string | undefined; branchName?: string | undefined; remark?: string | undefined; }, any, { ...; }>'.
        Type 'ResolverResult<{ accountNo: string; accountName: string; accountType: "CASH" | "WECHAT" | "ALIPAY" | "BANK"; holderName: string; isDefault: boolean; accountNumber?: string | undefined; bankName?: string | undefined; branchName?: string | undefined; remark?: string | undefined; }, TFieldValues> | Promise<...>' is not assignable to type 'ResolverResult<{ accountNo: string; accountName: string; accountType: "CASH" | "WECHAT" | "ALIPAY" | "BANK"; holderName: string; isDefault: boolean; accountNumber?: string | undefined; bankName?: string | undefined; branchName?: string | undefined; remark?: string | undefined; }, { ...; }> | Promise<...>'.
          Type 'ResolverSuccess<TFieldValues>' is not assignable to type 'ResolverResult<{ accountNo: string; accountName: string; accountType: "CASH" | "WECHAT" | "ALIPAY" | "BANK"; holderName: string; isDefault: boolean; accountNumber?: string | undefined; bankName?: string | undefined; branchName?: string | undefined; remark?: string | undefined; }, { ...; }> | Promise<...>'.
            Type 'ResolverSuccess<TFieldValues>' is not assignable to type 'ResolverSuccess<{ accountNo: string; accountName: string; accountType: "CASH" | "WECHAT" | "ALIPAY" | "BANK"; holderName: string; isDefault: boolean; accountNumber?: string | undefined; bankName?: string | undefined; branchName?: string | undefined; remark?: string | undefined; }>'.
              Type 'TFieldValues' is not assignable to type '{ accountNo: string; accountName: string; accountType: "CASH" | "WECHAT" | "ALIPAY" | "BANK"; holderName: string; isDefault: boolean; accountNumber?: string | undefined; bankName?: string | undefined; branchName?: string | undefined; remark?: string | undefined; }'.
                Type 'FieldValues' is missing the following properties from type '{ accountNo: string; accountName: string; accountType: "CASH" | "WECHAT" | "ALIPAY" | "BANK"; holderName: string; isDefault: boolean; accountNumber?: string | undefined; bankName?: string | undefined; branchName?: string | undefined; remark?: string | undefined; }': accountNo, accountName, accountType, holderName, isDefault
src/features/finance/components/AccountDialog.tsx(222,29): error TS2322: Type 'Control<{ accountNo: string; accountName: string; accountType: "CASH" | "WECHAT" | "ALIPAY" | "BANK"; holderName: string; isDefault: boolean; accountNumber?: string | undefined; bankName?: string | undefined; branchName?: string | undefined; remark?: string | undefined; }, any, TFieldValues>' is not assignable to type 'Control<{ accountNo: string; accountName: string; accountType: "CASH" | "WECHAT" | "ALIPAY" | "BANK"; holderName: string; isDefault: boolean; accountNumber?: string | undefined; bankName?: string | undefined; branchName?: string | undefined; remark?: string | undefined; }, any, { ...; }>'.
  The types of '_options.resolver' are incompatible between these types.
    Type 'Resolver<{ accountNo: string; accountName: string; accountType: "CASH" | "WECHAT" | "ALIPAY" | "BANK"; holderName: string; isDefault: boolean; accountNumber?: string | undefined; bankName?: string | undefined; branchName?: string | undefined; remark?: string | undefined; }, any, TFieldValues> | undefined' is not assignable to type 'Resolver<{ accountNo: string; accountName: string; accountType: "CASH" | "WECHAT" | "ALIPAY" | "BANK"; holderName: string; isDefault: boolean; accountNumber?: string | undefined; bankName?: string | undefined; branchName?: string | undefined; remark?: string | undefined; }, any, { ...; }> | undefined'.
      Type 'Resolver<{ accountNo: string; accountName: string; accountType: "CASH" | "WECHAT" | "ALIPAY" | "BANK"; holderName: string; isDefault: boolean; accountNumber?: string | undefined; bankName?: string | undefined; branchName?: string | undefined; remark?: string | undefined; }, any, TFieldValues>' is not assignable to type 'Resolver<{ accountNo: string; accountName: string; accountType: "CASH" | "WECHAT" | "ALIPAY" | "BANK"; holderName: string; isDefault: boolean; accountNumber?: string | undefined; bankName?: string | undefined; branchName?: string | undefined; remark?: string | undefined; }, any, { ...; }>'.
        Type 'ResolverResult<{ accountNo: string; accountName: string; accountType: "CASH" | "WECHAT" | "ALIPAY" | "BANK"; holderName: string; isDefault: boolean; accountNumber?: string | undefined; bankName?: string | undefined; branchName?: string | undefined; remark?: string | undefined; }, TFieldValues> | Promise<...>' is not assignable to type 'ResolverResult<{ accountNo: string; accountName: string; accountType: "CASH" | "WECHAT" | "ALIPAY" | "BANK"; holderName: string; isDefault: boolean; accountNumber?: string | undefined; bankName?: string | undefined; branchName?: string | undefined; remark?: string | undefined; }, { ...; }> | Promise<...>'.
          Type 'ResolverSuccess<TFieldValues>' is not assignable to type 'ResolverResult<{ accountNo: string; accountName: string; accountType: "CASH" | "WECHAT" | "ALIPAY" | "BANK"; holderName: string; isDefault: boolean; accountNumber?: string | undefined; bankName?: string | undefined; branchName?: string | undefined; remark?: string | undefined; }, { ...; }> | Promise<...>'.
            Type 'ResolverSuccess<TFieldValues>' is not assignable to type 'ResolverSuccess<{ accountNo: string; accountName: string; accountType: "CASH" | "WECHAT" | "ALIPAY" | "BANK"; holderName: string; isDefault: boolean; accountNumber?: string | undefined; bankName?: string | undefined; branchName?: string | undefined; remark?: string | undefined; }>'.
              Type 'TFieldValues' is not assignable to type '{ accountNo: string; accountName: string; accountType: "CASH" | "WECHAT" | "ALIPAY" | "BANK"; holderName: string; isDefault: boolean; accountNumber?: string | undefined; bankName?: string | undefined; branchName?: string | undefined; remark?: string | undefined; }'.
                Type 'FieldValues' is missing the following properties from type '{ accountNo: string; accountName: string; accountType: "CASH" | "WECHAT" | "ALIPAY" | "BANK"; holderName: string; isDefault: boolean; accountNumber?: string | undefined; bankName?: string | undefined; branchName?: string | undefined; remark?: string | undefined; }': accountNo, accountName, accountType, holderName, isDefault
src/features/finance/components/AccountList.tsx(95,45): error TS2322: Type '{ status: string; label: string; variant: string; }' is not assignable to type 'IntrinsicAttributes & { status: string; className?: string | undefined; }'.
  Property 'label' does not exist on type 'IntrinsicAttributes & { status: string; className?: string | undefined; }'.
src/features/finance/components/APStatementTable.tsx(134,17): error TS2322: Type '{ open: boolean; onOpenChange: Dispatch<SetStateAction<boolean>>; initialStatement: any; type: "SUPPLIER" | "LABOR"; }' is not assignable to type 'IntrinsicAttributes & PaymentBillDialogProps'.
  Property 'type' does not exist on type 'IntrinsicAttributes & PaymentBillDialogProps'.
src/features/finance/components/FinanceSettingsForm.tsx(41,9): error TS2322: Type 'Resolver<{ allow_difference: boolean; allow_rounding: boolean; max_difference_amount?: number | undefined; difference_handling?: "AUTO_ADJUST" | "MANUAL_RECORD" | "FORBIDDEN" | undefined; rounding_mode?: "ROUND_DOWN" | ... 1 more ... | undefined; rounding_unit?: "YUAN" | ... 2 more ... | undefined; }, any, { ...; }>' is not assignable to type 'Resolver<{ allow_difference: boolean; max_difference_amount: number; difference_handling: "AUTO_ADJUST" | "MANUAL_RECORD" | "FORBIDDEN"; allow_rounding: boolean; rounding_mode: "ROUND_DOWN" | "ROUND_HALF_UP"; rounding_unit: "YUAN" | ... 1 more ... | "FEN"; }, any, { ...; }>'.
  Types of parameters 'options' and 'options' are incompatible.
    Type 'ResolverOptions<{ allow_difference: boolean; max_difference_amount: number; difference_handling: "AUTO_ADJUST" | "MANUAL_RECORD" | "FORBIDDEN"; allow_rounding: boolean; rounding_mode: "ROUND_DOWN" | "ROUND_HALF_UP"; rounding_unit: "YUAN" | ... 1 more ... | "FEN"; }>' is not assignable to type 'ResolverOptions<{ allow_difference: boolean; allow_rounding: boolean; max_difference_amount?: number | undefined; difference_handling?: "AUTO_ADJUST" | "MANUAL_RECORD" | "FORBIDDEN" | undefined; rounding_mode?: "ROUND_DOWN" | ... 1 more ... | undefined; rounding_unit?: "YUAN" | ... 2 more ... | undefined; }>'.
      Type 'number | undefined' is not assignable to type 'number'.
        Type 'undefined' is not assignable to type 'number'.
src/features/finance/components/FinanceSettingsForm.tsx(65,47): error TS2345: Argument of type '(values: FormValues) => void' is not assignable to parameter of type 'SubmitHandler<TFieldValues>'.
  Types of parameters 'values' and 'data' are incompatible.
    Type 'TFieldValues' is not assignable to type '{ allow_difference: boolean; max_difference_amount: number; difference_handling: "AUTO_ADJUST" | "MANUAL_RECORD" | "FORBIDDEN"; allow_rounding: boolean; rounding_mode: "ROUND_DOWN" | "ROUND_HALF_UP"; rounding_unit: "YUAN" | ... 1 more ... | "FEN"; }'.
      Type 'FieldValues' is missing the following properties from type '{ allow_difference: boolean; max_difference_amount: number; difference_handling: "AUTO_ADJUST" | "MANUAL_RECORD" | "FORBIDDEN"; allow_rounding: boolean; rounding_mode: "ROUND_DOWN" | "ROUND_HALF_UP"; rounding_unit: "YUAN" | ... 1 more ... | "FEN"; }': allow_difference, max_difference_amount, difference_handling, allow_rounding, and 2 more.
src/features/finance/components/FinanceSettingsForm.tsx(73,29): error TS2322: Type 'Control<{ allow_difference: boolean; max_difference_amount: number; difference_handling: "AUTO_ADJUST" | "MANUAL_RECORD" | "FORBIDDEN"; allow_rounding: boolean; rounding_mode: "ROUND_DOWN" | "ROUND_HALF_UP"; rounding_unit: "YUAN" | ... 1 more ... | "FEN"; }, any, TFieldValues>' is not assignable to type 'Control<{ allow_difference: boolean; max_difference_amount: number; difference_handling: "AUTO_ADJUST" | "MANUAL_RECORD" | "FORBIDDEN"; allow_rounding: boolean; rounding_mode: "ROUND_DOWN" | "ROUND_HALF_UP"; rounding_unit: "YUAN" | ... 1 more ... | "FEN"; }, any, { ...; }>'.
  The types of '_options.resolver' are incompatible between these types.
    Type 'Resolver<{ allow_difference: boolean; max_difference_amount: number; difference_handling: "AUTO_ADJUST" | "MANUAL_RECORD" | "FORBIDDEN"; allow_rounding: boolean; rounding_mode: "ROUND_DOWN" | "ROUND_HALF_UP"; rounding_unit: "YUAN" | ... 1 more ... | "FEN"; }, any, TFieldValues> | undefined' is not assignable to type 'Resolver<{ allow_difference: boolean; max_difference_amount: number; difference_handling: "AUTO_ADJUST" | "MANUAL_RECORD" | "FORBIDDEN"; allow_rounding: boolean; rounding_mode: "ROUND_DOWN" | "ROUND_HALF_UP"; rounding_unit: "YUAN" | ... 1 more ... | "FEN"; }, any, { ...; }> | undefined'.
      Type 'Resolver<{ allow_difference: boolean; max_difference_amount: number; difference_handling: "AUTO_ADJUST" | "MANUAL_RECORD" | "FORBIDDEN"; allow_rounding: boolean; rounding_mode: "ROUND_DOWN" | "ROUND_HALF_UP"; rounding_unit: "YUAN" | ... 1 more ... | "FEN"; }, any, TFieldValues>' is not assignable to type 'Resolver<{ allow_difference: boolean; max_difference_amount: number; difference_handling: "AUTO_ADJUST" | "MANUAL_RECORD" | "FORBIDDEN"; allow_rounding: boolean; rounding_mode: "ROUND_DOWN" | "ROUND_HALF_UP"; rounding_unit: "YUAN" | ... 1 more ... | "FEN"; }, any, { ...; }>'.
        Type 'ResolverResult<{ allow_difference: boolean; max_difference_amount: number; difference_handling: "AUTO_ADJUST" | "MANUAL_RECORD" | "FORBIDDEN"; allow_rounding: boolean; rounding_mode: "ROUND_DOWN" | "ROUND_HALF_UP"; rounding_unit: "YUAN" | ... 1 more ... | "FEN"; }, TFieldValues> | Promise<...>' is not assignable to type 'ResolverResult<{ allow_difference: boolean; max_difference_amount: number; difference_handling: "AUTO_ADJUST" | "MANUAL_RECORD" | "FORBIDDEN"; allow_rounding: boolean; rounding_mode: "ROUND_DOWN" | "ROUND_HALF_UP"; rounding_unit: "YUAN" | ... 1 more ... | "FEN"; }, { ...; }> | Promise<...>'.
          Type 'ResolverSuccess<TFieldValues>' is not assignable to type 'ResolverResult<{ allow_difference: boolean; max_difference_amount: number; difference_handling: "AUTO_ADJUST" | "MANUAL_RECORD" | "FORBIDDEN"; allow_rounding: boolean; rounding_mode: "ROUND_DOWN" | "ROUND_HALF_UP"; rounding_unit: "YUAN" | ... 1 more ... | "FEN"; }, { ...; }> | Promise<...>'.
            Type 'ResolverSuccess<TFieldValues>' is not assignable to type 'ResolverSuccess<{ allow_difference: boolean; max_difference_amount: number; difference_handling: "AUTO_ADJUST" | "MANUAL_RECORD" | "FORBIDDEN"; allow_rounding: boolean; rounding_mode: "ROUND_DOWN" | "ROUND_HALF_UP"; rounding_unit: "YUAN" | ... 1 more ... | "FEN"; }>'.
              Type 'TFieldValues' is not assignable to type '{ allow_difference: boolean; max_difference_amount: number; difference_handling: "AUTO_ADJUST" | "MANUAL_RECORD" | "FORBIDDEN"; allow_rounding: boolean; rounding_mode: "ROUND_DOWN" | "ROUND_HALF_UP"; rounding_unit: "YUAN" | ... 1 more ... | "FEN"; }'.
                Type 'FieldValues' is missing the following properties from type '{ allow_difference: boolean; max_difference_amount: number; difference_handling: "AUTO_ADJUST" | "MANUAL_RECORD" | "FORBIDDEN"; allow_rounding: boolean; rounding_mode: "ROUND_DOWN" | "ROUND_HALF_UP"; rounding_unit: "YUAN" | ... 1 more ... | "FEN"; }': allow_difference, max_difference_amount, difference_handling, allow_rounding, and 2 more.
src/features/finance/components/FinanceSettingsForm.tsx(96,37): error TS2322: Type 'Control<{ allow_difference: boolean; max_difference_amount: number; difference_handling: "AUTO_ADJUST" | "MANUAL_RECORD" | "FORBIDDEN"; allow_rounding: boolean; rounding_mode: "ROUND_DOWN" | "ROUND_HALF_UP"; rounding_unit: "YUAN" | ... 1 more ... | "FEN"; }, any, TFieldValues>' is not assignable to type 'Control<{ allow_difference: boolean; max_difference_amount: number; difference_handling: "AUTO_ADJUST" | "MANUAL_RECORD" | "FORBIDDEN"; allow_rounding: boolean; rounding_mode: "ROUND_DOWN" | "ROUND_HALF_UP"; rounding_unit: "YUAN" | ... 1 more ... | "FEN"; }, any, { ...; }>'.
  The types of '_options.resolver' are incompatible between these types.
    Type 'Resolver<{ allow_difference: boolean; max_difference_amount: number; difference_handling: "AUTO_ADJUST" | "MANUAL_RECORD" | "FORBIDDEN"; allow_rounding: boolean; rounding_mode: "ROUND_DOWN" | "ROUND_HALF_UP"; rounding_unit: "YUAN" | ... 1 more ... | "FEN"; }, any, TFieldValues> | undefined' is not assignable to type 'Resolver<{ allow_difference: boolean; max_difference_amount: number; difference_handling: "AUTO_ADJUST" | "MANUAL_RECORD" | "FORBIDDEN"; allow_rounding: boolean; rounding_mode: "ROUND_DOWN" | "ROUND_HALF_UP"; rounding_unit: "YUAN" | ... 1 more ... | "FEN"; }, any, { ...; }> | undefined'.
      Type 'Resolver<{ allow_difference: boolean; max_difference_amount: number; difference_handling: "AUTO_ADJUST" | "MANUAL_RECORD" | "FORBIDDEN"; allow_rounding: boolean; rounding_mode: "ROUND_DOWN" | "ROUND_HALF_UP"; rounding_unit: "YUAN" | ... 1 more ... | "FEN"; }, any, TFieldValues>' is not assignable to type 'Resolver<{ allow_difference: boolean; max_difference_amount: number; difference_handling: "AUTO_ADJUST" | "MANUAL_RECORD" | "FORBIDDEN"; allow_rounding: boolean; rounding_mode: "ROUND_DOWN" | "ROUND_HALF_UP"; rounding_unit: "YUAN" | ... 1 more ... | "FEN"; }, any, { ...; }>'.
        Type 'ResolverResult<{ allow_difference: boolean; max_difference_amount: number; difference_handling: "AUTO_ADJUST" | "MANUAL_RECORD" | "FORBIDDEN"; allow_rounding: boolean; rounding_mode: "ROUND_DOWN" | "ROUND_HALF_UP"; rounding_unit: "YUAN" | ... 1 more ... | "FEN"; }, TFieldValues> | Promise<...>' is not assignable to type 'ResolverResult<{ allow_difference: boolean; max_difference_amount: number; difference_handling: "AUTO_ADJUST" | "MANUAL_RECORD" | "FORBIDDEN"; allow_rounding: boolean; rounding_mode: "ROUND_DOWN" | "ROUND_HALF_UP"; rounding_unit: "YUAN" | ... 1 more ... | "FEN"; }, { ...; }> | Promise<...>'.
          Type 'ResolverSuccess<TFieldValues>' is not assignable to type 'ResolverResult<{ allow_difference: boolean; max_difference_amount: number; difference_handling: "AUTO_ADJUST" | "MANUAL_RECORD" | "FORBIDDEN"; allow_rounding: boolean; rounding_mode: "ROUND_DOWN" | "ROUND_HALF_UP"; rounding_unit: "YUAN" | ... 1 more ... | "FEN"; }, { ...; }> | Promise<...>'.
            Type 'ResolverSuccess<TFieldValues>' is not assignable to type 'ResolverSuccess<{ allow_difference: boolean; max_difference_amount: number; difference_handling: "AUTO_ADJUST" | "MANUAL_RECORD" | "FORBIDDEN"; allow_rounding: boolean; rounding_mode: "ROUND_DOWN" | "ROUND_HALF_UP"; rounding_unit: "YUAN" | ... 1 more ... | "FEN"; }>'.
              Type 'TFieldValues' is not assignable to type '{ allow_difference: boolean; max_difference_amount: number; difference_handling: "AUTO_ADJUST" | "MANUAL_RECORD" | "FORBIDDEN"; allow_rounding: boolean; rounding_mode: "ROUND_DOWN" | "ROUND_HALF_UP"; rounding_unit: "YUAN" | ... 1 more ... | "FEN"; }'.
                Type 'FieldValues' is missing the following properties from type '{ allow_difference: boolean; max_difference_amount: number; difference_handling: "AUTO_ADJUST" | "MANUAL_RECORD" | "FORBIDDEN"; allow_rounding: boolean; rounding_mode: "ROUND_DOWN" | "ROUND_HALF_UP"; rounding_unit: "YUAN" | ... 1 more ... | "FEN"; }': allow_difference, max_difference_amount, difference_handling, allow_rounding, and 2 more.
src/features/finance/components/FinanceSettingsForm.tsx(109,37): error TS2322: Type 'Control<{ allow_difference: boolean; max_difference_amount: number; difference_handling: "AUTO_ADJUST" | "MANUAL_RECORD" | "FORBIDDEN"; allow_rounding: boolean; rounding_mode: "ROUND_DOWN" | "ROUND_HALF_UP"; rounding_unit: "YUAN" | ... 1 more ... | "FEN"; }, any, TFieldValues>' is not assignable to type 'Control<{ allow_difference: boolean; max_difference_amount: number; difference_handling: "AUTO_ADJUST" | "MANUAL_RECORD" | "FORBIDDEN"; allow_rounding: boolean; rounding_mode: "ROUND_DOWN" | "ROUND_HALF_UP"; rounding_unit: "YUAN" | ... 1 more ... | "FEN"; }, any, { ...; }>'.
  The types of '_options.resolver' are incompatible between these types.
    Type 'Resolver<{ allow_difference: boolean; max_difference_amount: number; difference_handling: "AUTO_ADJUST" | "MANUAL_RECORD" | "FORBIDDEN"; allow_rounding: boolean; rounding_mode: "ROUND_DOWN" | "ROUND_HALF_UP"; rounding_unit: "YUAN" | ... 1 more ... | "FEN"; }, any, TFieldValues> | undefined' is not assignable to type 'Resolver<{ allow_difference: boolean; max_difference_amount: number; difference_handling: "AUTO_ADJUST" | "MANUAL_RECORD" | "FORBIDDEN"; allow_rounding: boolean; rounding_mode: "ROUND_DOWN" | "ROUND_HALF_UP"; rounding_unit: "YUAN" | ... 1 more ... | "FEN"; }, any, { ...; }> | undefined'.
      Type 'Resolver<{ allow_difference: boolean; max_difference_amount: number; difference_handling: "AUTO_ADJUST" | "MANUAL_RECORD" | "FORBIDDEN"; allow_rounding: boolean; rounding_mode: "ROUND_DOWN" | "ROUND_HALF_UP"; rounding_unit: "YUAN" | ... 1 more ... | "FEN"; }, any, TFieldValues>' is not assignable to type 'Resolver<{ allow_difference: boolean; max_difference_amount: number; difference_handling: "AUTO_ADJUST" | "MANUAL_RECORD" | "FORBIDDEN"; allow_rounding: boolean; rounding_mode: "ROUND_DOWN" | "ROUND_HALF_UP"; rounding_unit: "YUAN" | ... 1 more ... | "FEN"; }, any, { ...; }>'.
        Type 'ResolverResult<{ allow_difference: boolean; max_difference_amount: number; difference_handling: "AUTO_ADJUST" | "MANUAL_RECORD" | "FORBIDDEN"; allow_rounding: boolean; rounding_mode: "ROUND_DOWN" | "ROUND_HALF_UP"; rounding_unit: "YUAN" | ... 1 more ... | "FEN"; }, TFieldValues> | Promise<...>' is not assignable to type 'ResolverResult<{ allow_difference: boolean; max_difference_amount: number; difference_handling: "AUTO_ADJUST" | "MANUAL_RECORD" | "FORBIDDEN"; allow_rounding: boolean; rounding_mode: "ROUND_DOWN" | "ROUND_HALF_UP"; rounding_unit: "YUAN" | ... 1 more ... | "FEN"; }, { ...; }> | Promise<...>'.
          Type 'ResolverSuccess<TFieldValues>' is not assignable to type 'ResolverResult<{ allow_difference: boolean; max_difference_amount: number; difference_handling: "AUTO_ADJUST" | "MANUAL_RECORD" | "FORBIDDEN"; allow_rounding: boolean; rounding_mode: "ROUND_DOWN" | "ROUND_HALF_UP"; rounding_unit: "YUAN" | ... 1 more ... | "FEN"; }, { ...; }> | Promise<...>'.
            Type 'ResolverSuccess<TFieldValues>' is not assignable to type 'ResolverSuccess<{ allow_difference: boolean; max_difference_amount: number; difference_handling: "AUTO_ADJUST" | "MANUAL_RECORD" | "FORBIDDEN"; allow_rounding: boolean; rounding_mode: "ROUND_DOWN" | "ROUND_HALF_UP"; rounding_unit: "YUAN" | ... 1 more ... | "FEN"; }>'.
              Type 'TFieldValues' is not assignable to type '{ allow_difference: boolean; max_difference_amount: number; difference_handling: "AUTO_ADJUST" | "MANUAL_RECORD" | "FORBIDDEN"; allow_rounding: boolean; rounding_mode: "ROUND_DOWN" | "ROUND_HALF_UP"; rounding_unit: "YUAN" | ... 1 more ... | "FEN"; }'.
                Type 'FieldValues' is missing the following properties from type '{ allow_difference: boolean; max_difference_amount: number; difference_handling: "AUTO_ADJUST" | "MANUAL_RECORD" | "FORBIDDEN"; allow_rounding: boolean; rounding_mode: "ROUND_DOWN" | "ROUND_HALF_UP"; rounding_unit: "YUAN" | ... 1 more ... | "FEN"; }': allow_difference, max_difference_amount, difference_handling, allow_rounding, and 2 more.
src/features/finance/components/FinanceSettingsForm.tsx(142,29): error TS2322: Type 'Control<{ allow_difference: boolean; max_difference_amount: number; difference_handling: "AUTO_ADJUST" | "MANUAL_RECORD" | "FORBIDDEN"; allow_rounding: boolean; rounding_mode: "ROUND_DOWN" | "ROUND_HALF_UP"; rounding_unit: "YUAN" | ... 1 more ... | "FEN"; }, any, TFieldValues>' is not assignable to type 'Control<{ allow_difference: boolean; max_difference_amount: number; difference_handling: "AUTO_ADJUST" | "MANUAL_RECORD" | "FORBIDDEN"; allow_rounding: boolean; rounding_mode: "ROUND_DOWN" | "ROUND_HALF_UP"; rounding_unit: "YUAN" | ... 1 more ... | "FEN"; }, any, { ...; }>'.
  The types of '_options.resolver' are incompatible between these types.
    Type 'Resolver<{ allow_difference: boolean; max_difference_amount: number; difference_handling: "AUTO_ADJUST" | "MANUAL_RECORD" | "FORBIDDEN"; allow_rounding: boolean; rounding_mode: "ROUND_DOWN" | "ROUND_HALF_UP"; rounding_unit: "YUAN" | ... 1 more ... | "FEN"; }, any, TFieldValues> | undefined' is not assignable to type 'Resolver<{ allow_difference: boolean; max_difference_amount: number; difference_handling: "AUTO_ADJUST" | "MANUAL_RECORD" | "FORBIDDEN"; allow_rounding: boolean; rounding_mode: "ROUND_DOWN" | "ROUND_HALF_UP"; rounding_unit: "YUAN" | ... 1 more ... | "FEN"; }, any, { ...; }> | undefined'.
      Type 'Resolver<{ allow_difference: boolean; max_difference_amount: number; difference_handling: "AUTO_ADJUST" | "MANUAL_RECORD" | "FORBIDDEN"; allow_rounding: boolean; rounding_mode: "ROUND_DOWN" | "ROUND_HALF_UP"; rounding_unit: "YUAN" | ... 1 more ... | "FEN"; }, any, TFieldValues>' is not assignable to type 'Resolver<{ allow_difference: boolean; max_difference_amount: number; difference_handling: "AUTO_ADJUST" | "MANUAL_RECORD" | "FORBIDDEN"; allow_rounding: boolean; rounding_mode: "ROUND_DOWN" | "ROUND_HALF_UP"; rounding_unit: "YUAN" | ... 1 more ... | "FEN"; }, any, { ...; }>'.
        Type 'ResolverResult<{ allow_difference: boolean; max_difference_amount: number; difference_handling: "AUTO_ADJUST" | "MANUAL_RECORD" | "FORBIDDEN"; allow_rounding: boolean; rounding_mode: "ROUND_DOWN" | "ROUND_HALF_UP"; rounding_unit: "YUAN" | ... 1 more ... | "FEN"; }, TFieldValues> | Promise<...>' is not assignable to type 'ResolverResult<{ allow_difference: boolean; max_difference_amount: number; difference_handling: "AUTO_ADJUST" | "MANUAL_RECORD" | "FORBIDDEN"; allow_rounding: boolean; rounding_mode: "ROUND_DOWN" | "ROUND_HALF_UP"; rounding_unit: "YUAN" | ... 1 more ... | "FEN"; }, { ...; }> | Promise<...>'.
          Type 'ResolverSuccess<TFieldValues>' is not assignable to type 'ResolverResult<{ allow_difference: boolean; max_difference_amount: number; difference_handling: "AUTO_ADJUST" | "MANUAL_RECORD" | "FORBIDDEN"; allow_rounding: boolean; rounding_mode: "ROUND_DOWN" | "ROUND_HALF_UP"; rounding_unit: "YUAN" | ... 1 more ... | "FEN"; }, { ...; }> | Promise<...>'.
            Type 'ResolverSuccess<TFieldValues>' is not assignable to type 'ResolverSuccess<{ allow_difference: boolean; max_difference_amount: number; difference_handling: "AUTO_ADJUST" | "MANUAL_RECORD" | "FORBIDDEN"; allow_rounding: boolean; rounding_mode: "ROUND_DOWN" | "ROUND_HALF_UP"; rounding_unit: "YUAN" | ... 1 more ... | "FEN"; }>'.
              Type 'TFieldValues' is not assignable to type '{ allow_difference: boolean; max_difference_amount: number; difference_handling: "AUTO_ADJUST" | "MANUAL_RECORD" | "FORBIDDEN"; allow_rounding: boolean; rounding_mode: "ROUND_DOWN" | "ROUND_HALF_UP"; rounding_unit: "YUAN" | ... 1 more ... | "FEN"; }'.
                Type 'FieldValues' is missing the following properties from type '{ allow_difference: boolean; max_difference_amount: number; difference_handling: "AUTO_ADJUST" | "MANUAL_RECORD" | "FORBIDDEN"; allow_rounding: boolean; rounding_mode: "ROUND_DOWN" | "ROUND_HALF_UP"; rounding_unit: "YUAN" | ... 1 more ... | "FEN"; }': allow_difference, max_difference_amount, difference_handling, allow_rounding, and 2 more.
src/features/finance/components/FinanceSettingsForm.tsx(165,37): error TS2322: Type 'Control<{ allow_difference: boolean; max_difference_amount: number; difference_handling: "AUTO_ADJUST" | "MANUAL_RECORD" | "FORBIDDEN"; allow_rounding: boolean; rounding_mode: "ROUND_DOWN" | "ROUND_HALF_UP"; rounding_unit: "YUAN" | ... 1 more ... | "FEN"; }, any, TFieldValues>' is not assignable to type 'Control<{ allow_difference: boolean; max_difference_amount: number; difference_handling: "AUTO_ADJUST" | "MANUAL_RECORD" | "FORBIDDEN"; allow_rounding: boolean; rounding_mode: "ROUND_DOWN" | "ROUND_HALF_UP"; rounding_unit: "YUAN" | ... 1 more ... | "FEN"; }, any, { ...; }>'.
  The types of '_options.resolver' are incompatible between these types.
    Type 'Resolver<{ allow_difference: boolean; max_difference_amount: number; difference_handling: "AUTO_ADJUST" | "MANUAL_RECORD" | "FORBIDDEN"; allow_rounding: boolean; rounding_mode: "ROUND_DOWN" | "ROUND_HALF_UP"; rounding_unit: "YUAN" | ... 1 more ... | "FEN"; }, any, TFieldValues> | undefined' is not assignable to type 'Resolver<{ allow_difference: boolean; max_difference_amount: number; difference_handling: "AUTO_ADJUST" | "MANUAL_RECORD" | "FORBIDDEN"; allow_rounding: boolean; rounding_mode: "ROUND_DOWN" | "ROUND_HALF_UP"; rounding_unit: "YUAN" | ... 1 more ... | "FEN"; }, any, { ...; }> | undefined'.
      Type 'Resolver<{ allow_difference: boolean; max_difference_amount: number; difference_handling: "AUTO_ADJUST" | "MANUAL_RECORD" | "FORBIDDEN"; allow_rounding: boolean; rounding_mode: "ROUND_DOWN" | "ROUND_HALF_UP"; rounding_unit: "YUAN" | ... 1 more ... | "FEN"; }, any, TFieldValues>' is not assignable to type 'Resolver<{ allow_difference: boolean; max_difference_amount: number; difference_handling: "AUTO_ADJUST" | "MANUAL_RECORD" | "FORBIDDEN"; allow_rounding: boolean; rounding_mode: "ROUND_DOWN" | "ROUND_HALF_UP"; rounding_unit: "YUAN" | ... 1 more ... | "FEN"; }, any, { ...; }>'.
        Type 'ResolverResult<{ allow_difference: boolean; max_difference_amount: number; difference_handling: "AUTO_ADJUST" | "MANUAL_RECORD" | "FORBIDDEN"; allow_rounding: boolean; rounding_mode: "ROUND_DOWN" | "ROUND_HALF_UP"; rounding_unit: "YUAN" | ... 1 more ... | "FEN"; }, TFieldValues> | Promise<...>' is not assignable to type 'ResolverResult<{ allow_difference: boolean; max_difference_amount: number; difference_handling: "AUTO_ADJUST" | "MANUAL_RECORD" | "FORBIDDEN"; allow_rounding: boolean; rounding_mode: "ROUND_DOWN" | "ROUND_HALF_UP"; rounding_unit: "YUAN" | ... 1 more ... | "FEN"; }, { ...; }> | Promise<...>'.
          Type 'ResolverSuccess<TFieldValues>' is not assignable to type 'ResolverResult<{ allow_difference: boolean; max_difference_amount: number; difference_handling: "AUTO_ADJUST" | "MANUAL_RECORD" | "FORBIDDEN"; allow_rounding: boolean; rounding_mode: "ROUND_DOWN" | "ROUND_HALF_UP"; rounding_unit: "YUAN" | ... 1 more ... | "FEN"; }, { ...; }> | Promise<...>'.
            Type 'ResolverSuccess<TFieldValues>' is not assignable to type 'ResolverSuccess<{ allow_difference: boolean; max_difference_amount: number; difference_handling: "AUTO_ADJUST" | "MANUAL_RECORD" | "FORBIDDEN"; allow_rounding: boolean; rounding_mode: "ROUND_DOWN" | "ROUND_HALF_UP"; rounding_unit: "YUAN" | ... 1 more ... | "FEN"; }>'.
              Type 'TFieldValues' is not assignable to type '{ allow_difference: boolean; max_difference_amount: number; difference_handling: "AUTO_ADJUST" | "MANUAL_RECORD" | "FORBIDDEN"; allow_rounding: boolean; rounding_mode: "ROUND_DOWN" | "ROUND_HALF_UP"; rounding_unit: "YUAN" | ... 1 more ... | "FEN"; }'.
                Type 'FieldValues' is missing the following properties from type '{ allow_difference: boolean; max_difference_amount: number; difference_handling: "AUTO_ADJUST" | "MANUAL_RECORD" | "FORBIDDEN"; allow_rounding: boolean; rounding_mode: "ROUND_DOWN" | "ROUND_HALF_UP"; rounding_unit: "YUAN" | ... 1 more ... | "FEN"; }': allow_difference, max_difference_amount, difference_handling, allow_rounding, and 2 more.
src/features/finance/components/FinanceSettingsForm.tsx(187,37): error TS2322: Type 'Control<{ allow_difference: boolean; max_difference_amount: number; difference_handling: "AUTO_ADJUST" | "MANUAL_RECORD" | "FORBIDDEN"; allow_rounding: boolean; rounding_mode: "ROUND_DOWN" | "ROUND_HALF_UP"; rounding_unit: "YUAN" | ... 1 more ... | "FEN"; }, any, TFieldValues>' is not assignable to type 'Control<{ allow_difference: boolean; max_difference_amount: number; difference_handling: "AUTO_ADJUST" | "MANUAL_RECORD" | "FORBIDDEN"; allow_rounding: boolean; rounding_mode: "ROUND_DOWN" | "ROUND_HALF_UP"; rounding_unit: "YUAN" | ... 1 more ... | "FEN"; }, any, { ...; }>'.
  The types of '_options.resolver' are incompatible between these types.
    Type 'Resolver<{ allow_difference: boolean; max_difference_amount: number; difference_handling: "AUTO_ADJUST" | "MANUAL_RECORD" | "FORBIDDEN"; allow_rounding: boolean; rounding_mode: "ROUND_DOWN" | "ROUND_HALF_UP"; rounding_unit: "YUAN" | ... 1 more ... | "FEN"; }, any, TFieldValues> | undefined' is not assignable to type 'Resolver<{ allow_difference: boolean; max_difference_amount: number; difference_handling: "AUTO_ADJUST" | "MANUAL_RECORD" | "FORBIDDEN"; allow_rounding: boolean; rounding_mode: "ROUND_DOWN" | "ROUND_HALF_UP"; rounding_unit: "YUAN" | ... 1 more ... | "FEN"; }, any, { ...; }> | undefined'.
      Type 'Resolver<{ allow_difference: boolean; max_difference_amount: number; difference_handling: "AUTO_ADJUST" | "MANUAL_RECORD" | "FORBIDDEN"; allow_rounding: boolean; rounding_mode: "ROUND_DOWN" | "ROUND_HALF_UP"; rounding_unit: "YUAN" | ... 1 more ... | "FEN"; }, any, TFieldValues>' is not assignable to type 'Resolver<{ allow_difference: boolean; max_difference_amount: number; difference_handling: "AUTO_ADJUST" | "MANUAL_RECORD" | "FORBIDDEN"; allow_rounding: boolean; rounding_mode: "ROUND_DOWN" | "ROUND_HALF_UP"; rounding_unit: "YUAN" | ... 1 more ... | "FEN"; }, any, { ...; }>'.
        Type 'ResolverResult<{ allow_difference: boolean; max_difference_amount: number; difference_handling: "AUTO_ADJUST" | "MANUAL_RECORD" | "FORBIDDEN"; allow_rounding: boolean; rounding_mode: "ROUND_DOWN" | "ROUND_HALF_UP"; rounding_unit: "YUAN" | ... 1 more ... | "FEN"; }, TFieldValues> | Promise<...>' is not assignable to type 'ResolverResult<{ allow_difference: boolean; max_difference_amount: number; difference_handling: "AUTO_ADJUST" | "MANUAL_RECORD" | "FORBIDDEN"; allow_rounding: boolean; rounding_mode: "ROUND_DOWN" | "ROUND_HALF_UP"; rounding_unit: "YUAN" | ... 1 more ... | "FEN"; }, { ...; }> | Promise<...>'.
          Type 'ResolverSuccess<TFieldValues>' is not assignable to type 'ResolverResult<{ allow_difference: boolean; max_difference_amount: number; difference_handling: "AUTO_ADJUST" | "MANUAL_RECORD" | "FORBIDDEN"; allow_rounding: boolean; rounding_mode: "ROUND_DOWN" | "ROUND_HALF_UP"; rounding_unit: "YUAN" | ... 1 more ... | "FEN"; }, { ...; }> | Promise<...>'.
            Type 'ResolverSuccess<TFieldValues>' is not assignable to type 'ResolverSuccess<{ allow_difference: boolean; max_difference_amount: number; difference_handling: "AUTO_ADJUST" | "MANUAL_RECORD" | "FORBIDDEN"; allow_rounding: boolean; rounding_mode: "ROUND_DOWN" | "ROUND_HALF_UP"; rounding_unit: "YUAN" | ... 1 more ... | "FEN"; }>'.
              Type 'TFieldValues' is not assignable to type '{ allow_difference: boolean; max_difference_amount: number; difference_handling: "AUTO_ADJUST" | "MANUAL_RECORD" | "FORBIDDEN"; allow_rounding: boolean; rounding_mode: "ROUND_DOWN" | "ROUND_HALF_UP"; rounding_unit: "YUAN" | ... 1 more ... | "FEN"; }'.
                Type 'FieldValues' is missing the following properties from type '{ allow_difference: boolean; max_difference_amount: number; difference_handling: "AUTO_ADJUST" | "MANUAL_RECORD" | "FORBIDDEN"; allow_rounding: boolean; rounding_mode: "ROUND_DOWN" | "ROUND_HALF_UP"; rounding_unit: "YUAN" | ... 1 more ... | "FEN"; }': allow_difference, max_difference_amount, difference_handling, allow_rounding, and 2 more.
src/features/leads/components/add-followup-dialog.tsx(71,9): error TS2322: Type 'Resolver<{ leadId: string; content: string; type?: "OTHER" | "QUOTE_SENT" | "PHONE_CALL" | "WECHAT_CHAT" | "STORE_VISIT" | "HOME_VISIT" | "SYSTEM" | undefined; nextFollowupAt?: Date | undefined; quoteId?: string | undefined; purchaseIntention?: "HIGH" | ... 2 more ... | undefined; customerLevel?: string | undefined;...' is not assignable to type 'Resolver<{ leadId: string; type: "OTHER" | "QUOTE_SENT" | "PHONE_CALL" | "WECHAT_CHAT" | "STORE_VISIT" | "HOME_VISIT" | "SYSTEM"; content: string; nextFollowupAt?: Date | undefined; quoteId?: string | undefined; purchaseIntention?: "HIGH" | ... 2 more ... | undefined; customerLevel?: string | undefined; }, any, { .....'.
  Types of parameters 'options' and 'options' are incompatible.
    Type 'ResolverOptions<{ leadId: string; type: "OTHER" | "QUOTE_SENT" | "PHONE_CALL" | "WECHAT_CHAT" | "STORE_VISIT" | "HOME_VISIT" | "SYSTEM"; content: string; nextFollowupAt?: Date | undefined; quoteId?: string | undefined; purchaseIntention?: "HIGH" | ... 2 more ... | undefined; customerLevel?: string | undefined; }>' is not assignable to type 'ResolverOptions<{ leadId: string; content: string; type?: "OTHER" | "QUOTE_SENT" | "PHONE_CALL" | "WECHAT_CHAT" | "STORE_VISIT" | "HOME_VISIT" | "SYSTEM" | undefined; nextFollowupAt?: Date | undefined; quoteId?: string | undefined; purchaseIntention?: "HIGH" | ... 2 more ... | undefined; customerLevel?: string | und...'.
      Type '"OTHER" | "QUOTE_SENT" | "PHONE_CALL" | "WECHAT_CHAT" | "STORE_VISIT" | "HOME_VISIT" | "SYSTEM" | undefined' is not assignable to type '"OTHER" | "QUOTE_SENT" | "PHONE_CALL" | "WECHAT_CHAT" | "STORE_VISIT" | "HOME_VISIT" | "SYSTEM"'.
        Type 'undefined' is not assignable to type '"OTHER" | "QUOTE_SENT" | "PHONE_CALL" | "WECHAT_CHAT" | "STORE_VISIT" | "HOME_VISIT" | "SYSTEM"'.
src/features/leads/components/add-followup-dialog.tsx(107,55): error TS2345: Argument of type '(values: FormValues) => void' is not assignable to parameter of type 'SubmitHandler<TFieldValues>'.
  Types of parameters 'values' and 'data' are incompatible.
    Type 'TFieldValues' is not assignable to type '{ leadId: string; type: "OTHER" | "QUOTE_SENT" | "PHONE_CALL" | "WECHAT_CHAT" | "STORE_VISIT" | "HOME_VISIT" | "SYSTEM"; content: string; nextFollowupAt?: Date | undefined; quoteId?: string | undefined; purchaseIntention?: "HIGH" | ... 2 more ... | undefined; customerLevel?: string | undefined; }'.
      Type 'FieldValues' is missing the following properties from type '{ leadId: string; type: "OTHER" | "QUOTE_SENT" | "PHONE_CALL" | "WECHAT_CHAT" | "STORE_VISIT" | "HOME_VISIT" | "SYSTEM"; content: string; nextFollowupAt?: Date | undefined; quoteId?: string | undefined; purchaseIntention?: "HIGH" | ... 2 more ... | undefined; customerLevel?: string | undefined; }': leadId, type, content
src/features/leads/components/add-followup-dialog.tsx(109,29): error TS2322: Type 'Control<{ leadId: string; type: "OTHER" | "QUOTE_SENT" | "PHONE_CALL" | "WECHAT_CHAT" | "STORE_VISIT" | "HOME_VISIT" | "SYSTEM"; content: string; nextFollowupAt?: Date | undefined; quoteId?: string | undefined; purchaseIntention?: "HIGH" | ... 2 more ... | undefined; customerLevel?: string | undefined; }, any, TFiel...' is not assignable to type 'Control<{ leadId: string; type: "OTHER" | "QUOTE_SENT" | "PHONE_CALL" | "WECHAT_CHAT" | "STORE_VISIT" | "HOME_VISIT" | "SYSTEM"; content: string; nextFollowupAt?: Date | undefined; quoteId?: string | undefined; purchaseIntention?: "HIGH" | ... 2 more ... | undefined; customerLevel?: string | undefined; }, any, { ......'.
  The types of '_options.resolver' are incompatible between these types.
    Type 'Resolver<{ leadId: string; type: "OTHER" | "QUOTE_SENT" | "PHONE_CALL" | "WECHAT_CHAT" | "STORE_VISIT" | "HOME_VISIT" | "SYSTEM"; content: string; nextFollowupAt?: Date | undefined; quoteId?: string | undefined; purchaseIntention?: "HIGH" | ... 2 more ... | undefined; customerLevel?: string | undefined; }, any, TFie...' is not assignable to type 'Resolver<{ leadId: string; type: "OTHER" | "QUOTE_SENT" | "PHONE_CALL" | "WECHAT_CHAT" | "STORE_VISIT" | "HOME_VISIT" | "SYSTEM"; content: string; nextFollowupAt?: Date | undefined; quoteId?: string | undefined; purchaseIntention?: "HIGH" | ... 2 more ... | undefined; customerLevel?: string | undefined; }, any, { .....'.
      Type 'Resolver<{ leadId: string; type: "OTHER" | "QUOTE_SENT" | "PHONE_CALL" | "WECHAT_CHAT" | "STORE_VISIT" | "HOME_VISIT" | "SYSTEM"; content: string; nextFollowupAt?: Date | undefined; quoteId?: string | undefined; purchaseIntention?: "HIGH" | ... 2 more ... | undefined; customerLevel?: string | undefined; }, any, TFie...' is not assignable to type 'Resolver<{ leadId: string; type: "OTHER" | "QUOTE_SENT" | "PHONE_CALL" | "WECHAT_CHAT" | "STORE_VISIT" | "HOME_VISIT" | "SYSTEM"; content: string; nextFollowupAt?: Date | undefined; quoteId?: string | undefined; purchaseIntention?: "HIGH" | ... 2 more ... | undefined; customerLevel?: string | undefined; }, any, { .....'.
        Type 'ResolverResult<{ leadId: string; type: "OTHER" | "QUOTE_SENT" | "PHONE_CALL" | "WECHAT_CHAT" | "STORE_VISIT" | "HOME_VISIT" | "SYSTEM"; content: string; nextFollowupAt?: Date | undefined; quoteId?: string | undefined; purchaseIntention?: "HIGH" | ... 2 more ... | undefined; customerLevel?: string | undefined; }, TFi...' is not assignable to type 'ResolverResult<{ leadId: string; type: "OTHER" | "QUOTE_SENT" | "PHONE_CALL" | "WECHAT_CHAT" | "STORE_VISIT" | "HOME_VISIT" | "SYSTEM"; content: string; nextFollowupAt?: Date | undefined; quoteId?: string | undefined; purchaseIntention?: "HIGH" | ... 2 more ... | undefined; customerLevel?: string | undefined; }, { ....'.
          Type 'ResolverSuccess<TFieldValues>' is not assignable to type 'ResolverResult<{ leadId: string; type: "OTHER" | "QUOTE_SENT" | "PHONE_CALL" | "WECHAT_CHAT" | "STORE_VISIT" | "HOME_VISIT" | "SYSTEM"; content: string; nextFollowupAt?: Date | undefined; quoteId?: string | undefined; purchaseIntention?: "HIGH" | ... 2 more ... | undefined; customerLevel?: string | undefined; }, { ....'.
            Type 'ResolverSuccess<TFieldValues>' is not assignable to type 'ResolverSuccess<{ leadId: string; type: "OTHER" | "QUOTE_SENT" | "PHONE_CALL" | "WECHAT_CHAT" | "STORE_VISIT" | "HOME_VISIT" | "SYSTEM"; content: string; nextFollowupAt?: Date | undefined; quoteId?: string | undefined; purchaseIntention?: "HIGH" | ... 2 more ... | undefined; customerLevel?: string | undefined; }>'.
              Type 'TFieldValues' is not assignable to type '{ leadId: string; type: "OTHER" | "QUOTE_SENT" | "PHONE_CALL" | "WECHAT_CHAT" | "STORE_VISIT" | "HOME_VISIT" | "SYSTEM"; content: string; nextFollowupAt?: Date | undefined; quoteId?: string | undefined; purchaseIntention?: "HIGH" | ... 2 more ... | undefined; customerLevel?: string | undefined; }'.
                Type 'FieldValues' is missing the following properties from type '{ leadId: string; type: "OTHER" | "QUOTE_SENT" | "PHONE_CALL" | "WECHAT_CHAT" | "STORE_VISIT" | "HOME_VISIT" | "SYSTEM"; content: string; nextFollowupAt?: Date | undefined; quoteId?: string | undefined; purchaseIntention?: "HIGH" | ... 2 more ... | undefined; customerLevel?: string | undefined; }': leadId, type, content
src/features/leads/components/add-followup-dialog.tsx(134,29): error TS2322: Type 'Control<{ leadId: string; type: "OTHER" | "QUOTE_SENT" | "PHONE_CALL" | "WECHAT_CHAT" | "STORE_VISIT" | "HOME_VISIT" | "SYSTEM"; content: string; nextFollowupAt?: Date | undefined; quoteId?: string | undefined; purchaseIntention?: "HIGH" | ... 2 more ... | undefined; customerLevel?: string | undefined; }, any, TFiel...' is not assignable to type 'Control<{ leadId: string; type: "OTHER" | "QUOTE_SENT" | "PHONE_CALL" | "WECHAT_CHAT" | "STORE_VISIT" | "HOME_VISIT" | "SYSTEM"; content: string; nextFollowupAt?: Date | undefined; quoteId?: string | undefined; purchaseIntention?: "HIGH" | ... 2 more ... | undefined; customerLevel?: string | undefined; }, any, { ......'.
  The types of '_options.resolver' are incompatible between these types.
    Type 'Resolver<{ leadId: string; type: "OTHER" | "QUOTE_SENT" | "PHONE_CALL" | "WECHAT_CHAT" | "STORE_VISIT" | "HOME_VISIT" | "SYSTEM"; content: string; nextFollowupAt?: Date | undefined; quoteId?: string | undefined; purchaseIntention?: "HIGH" | ... 2 more ... | undefined; customerLevel?: string | undefined; }, any, TFie...' is not assignable to type 'Resolver<{ leadId: string; type: "OTHER" | "QUOTE_SENT" | "PHONE_CALL" | "WECHAT_CHAT" | "STORE_VISIT" | "HOME_VISIT" | "SYSTEM"; content: string; nextFollowupAt?: Date | undefined; quoteId?: string | undefined; purchaseIntention?: "HIGH" | ... 2 more ... | undefined; customerLevel?: string | undefined; }, any, { .....'.
      Type 'Resolver<{ leadId: string; type: "OTHER" | "QUOTE_SENT" | "PHONE_CALL" | "WECHAT_CHAT" | "STORE_VISIT" | "HOME_VISIT" | "SYSTEM"; content: string; nextFollowupAt?: Date | undefined; quoteId?: string | undefined; purchaseIntention?: "HIGH" | ... 2 more ... | undefined; customerLevel?: string | undefined; }, any, TFie...' is not assignable to type 'Resolver<{ leadId: string; type: "OTHER" | "QUOTE_SENT" | "PHONE_CALL" | "WECHAT_CHAT" | "STORE_VISIT" | "HOME_VISIT" | "SYSTEM"; content: string; nextFollowupAt?: Date | undefined; quoteId?: string | undefined; purchaseIntention?: "HIGH" | ... 2 more ... | undefined; customerLevel?: string | undefined; }, any, { .....'.
        Type 'ResolverResult<{ leadId: string; type: "OTHER" | "QUOTE_SENT" | "PHONE_CALL" | "WECHAT_CHAT" | "STORE_VISIT" | "HOME_VISIT" | "SYSTEM"; content: string; nextFollowupAt?: Date | undefined; quoteId?: string | undefined; purchaseIntention?: "HIGH" | ... 2 more ... | undefined; customerLevel?: string | undefined; }, TFi...' is not assignable to type 'ResolverResult<{ leadId: string; type: "OTHER" | "QUOTE_SENT" | "PHONE_CALL" | "WECHAT_CHAT" | "STORE_VISIT" | "HOME_VISIT" | "SYSTEM"; content: string; nextFollowupAt?: Date | undefined; quoteId?: string | undefined; purchaseIntention?: "HIGH" | ... 2 more ... | undefined; customerLevel?: string | undefined; }, { ....'.
          Type 'ResolverSuccess<TFieldValues>' is not assignable to type 'ResolverResult<{ leadId: string; type: "OTHER" | "QUOTE_SENT" | "PHONE_CALL" | "WECHAT_CHAT" | "STORE_VISIT" | "HOME_VISIT" | "SYSTEM"; content: string; nextFollowupAt?: Date | undefined; quoteId?: string | undefined; purchaseIntention?: "HIGH" | ... 2 more ... | undefined; customerLevel?: string | undefined; }, { ....'.
            Type 'ResolverSuccess<TFieldValues>' is not assignable to type 'ResolverSuccess<{ leadId: string; type: "OTHER" | "QUOTE_SENT" | "PHONE_CALL" | "WECHAT_CHAT" | "STORE_VISIT" | "HOME_VISIT" | "SYSTEM"; content: string; nextFollowupAt?: Date | undefined; quoteId?: string | undefined; purchaseIntention?: "HIGH" | ... 2 more ... | undefined; customerLevel?: string | undefined; }>'.
              Type 'TFieldValues' is not assignable to type '{ leadId: string; type: "OTHER" | "QUOTE_SENT" | "PHONE_CALL" | "WECHAT_CHAT" | "STORE_VISIT" | "HOME_VISIT" | "SYSTEM"; content: string; nextFollowupAt?: Date | undefined; quoteId?: string | undefined; purchaseIntention?: "HIGH" | ... 2 more ... | undefined; customerLevel?: string | undefined; }'.
                Type 'FieldValues' is missing the following properties from type '{ leadId: string; type: "OTHER" | "QUOTE_SENT" | "PHONE_CALL" | "WECHAT_CHAT" | "STORE_VISIT" | "HOME_VISIT" | "SYSTEM"; content: string; nextFollowupAt?: Date | undefined; quoteId?: string | undefined; purchaseIntention?: "HIGH" | ... 2 more ... | undefined; customerLevel?: string | undefined; }': leadId, type, content
src/features/leads/components/add-followup-dialog.tsx(147,29): error TS2322: Type 'Control<{ leadId: string; type: "OTHER" | "QUOTE_SENT" | "PHONE_CALL" | "WECHAT_CHAT" | "STORE_VISIT" | "HOME_VISIT" | "SYSTEM"; content: string; nextFollowupAt?: Date | undefined; quoteId?: string | undefined; purchaseIntention?: "HIGH" | ... 2 more ... | undefined; customerLevel?: string | undefined; }, any, TFiel...' is not assignable to type 'Control<{ leadId: string; type: "OTHER" | "QUOTE_SENT" | "PHONE_CALL" | "WECHAT_CHAT" | "STORE_VISIT" | "HOME_VISIT" | "SYSTEM"; content: string; nextFollowupAt?: Date | undefined; quoteId?: string | undefined; purchaseIntention?: "HIGH" | ... 2 more ... | undefined; customerLevel?: string | undefined; }, any, { ......'.
  The types of '_options.resolver' are incompatible between these types.
    Type 'Resolver<{ leadId: string; type: "OTHER" | "QUOTE_SENT" | "PHONE_CALL" | "WECHAT_CHAT" | "STORE_VISIT" | "HOME_VISIT" | "SYSTEM"; content: string; nextFollowupAt?: Date | undefined; quoteId?: string | undefined; purchaseIntention?: "HIGH" | ... 2 more ... | undefined; customerLevel?: string | undefined; }, any, TFie...' is not assignable to type 'Resolver<{ leadId: string; type: "OTHER" | "QUOTE_SENT" | "PHONE_CALL" | "WECHAT_CHAT" | "STORE_VISIT" | "HOME_VISIT" | "SYSTEM"; content: string; nextFollowupAt?: Date | undefined; quoteId?: string | undefined; purchaseIntention?: "HIGH" | ... 2 more ... | undefined; customerLevel?: string | undefined; }, any, { .....'.
      Type 'Resolver<{ leadId: string; type: "OTHER" | "QUOTE_SENT" | "PHONE_CALL" | "WECHAT_CHAT" | "STORE_VISIT" | "HOME_VISIT" | "SYSTEM"; content: string; nextFollowupAt?: Date | undefined; quoteId?: string | undefined; purchaseIntention?: "HIGH" | ... 2 more ... | undefined; customerLevel?: string | undefined; }, any, TFie...' is not assignable to type 'Resolver<{ leadId: string; type: "OTHER" | "QUOTE_SENT" | "PHONE_CALL" | "WECHAT_CHAT" | "STORE_VISIT" | "HOME_VISIT" | "SYSTEM"; content: string; nextFollowupAt?: Date | undefined; quoteId?: string | undefined; purchaseIntention?: "HIGH" | ... 2 more ... | undefined; customerLevel?: string | undefined; }, any, { .....'.
        Type 'ResolverResult<{ leadId: string; type: "OTHER" | "QUOTE_SENT" | "PHONE_CALL" | "WECHAT_CHAT" | "STORE_VISIT" | "HOME_VISIT" | "SYSTEM"; content: string; nextFollowupAt?: Date | undefined; quoteId?: string | undefined; purchaseIntention?: "HIGH" | ... 2 more ... | undefined; customerLevel?: string | undefined; }, TFi...' is not assignable to type 'ResolverResult<{ leadId: string; type: "OTHER" | "QUOTE_SENT" | "PHONE_CALL" | "WECHAT_CHAT" | "STORE_VISIT" | "HOME_VISIT" | "SYSTEM"; content: string; nextFollowupAt?: Date | undefined; quoteId?: string | undefined; purchaseIntention?: "HIGH" | ... 2 more ... | undefined; customerLevel?: string | undefined; }, { ....'.
          Type 'ResolverSuccess<TFieldValues>' is not assignable to type 'ResolverResult<{ leadId: string; type: "OTHER" | "QUOTE_SENT" | "PHONE_CALL" | "WECHAT_CHAT" | "STORE_VISIT" | "HOME_VISIT" | "SYSTEM"; content: string; nextFollowupAt?: Date | undefined; quoteId?: string | undefined; purchaseIntention?: "HIGH" | ... 2 more ... | undefined; customerLevel?: string | undefined; }, { ....'.
            Type 'ResolverSuccess<TFieldValues>' is not assignable to type 'ResolverSuccess<{ leadId: string; type: "OTHER" | "QUOTE_SENT" | "PHONE_CALL" | "WECHAT_CHAT" | "STORE_VISIT" | "HOME_VISIT" | "SYSTEM"; content: string; nextFollowupAt?: Date | undefined; quoteId?: string | undefined; purchaseIntention?: "HIGH" | ... 2 more ... | undefined; customerLevel?: string | undefined; }>'.
              Type 'TFieldValues' is not assignable to type '{ leadId: string; type: "OTHER" | "QUOTE_SENT" | "PHONE_CALL" | "WECHAT_CHAT" | "STORE_VISIT" | "HOME_VISIT" | "SYSTEM"; content: string; nextFollowupAt?: Date | undefined; quoteId?: string | undefined; purchaseIntention?: "HIGH" | ... 2 more ... | undefined; customerLevel?: string | undefined; }'.
                Type 'FieldValues' is missing the following properties from type '{ leadId: string; type: "OTHER" | "QUOTE_SENT" | "PHONE_CALL" | "WECHAT_CHAT" | "STORE_VISIT" | "HOME_VISIT" | "SYSTEM"; content: string; nextFollowupAt?: Date | undefined; quoteId?: string | undefined; purchaseIntention?: "HIGH" | ... 2 more ... | undefined; customerLevel?: string | undefined; }': leadId, type, content
src/features/leads/components/lead-activity-log.tsx(44,57): error TS2345: Argument of type 'Date | null' is not assignable to parameter of type 'string | Date'.
  Type 'null' is not assignable to type 'string | Date'.
src/features/monitoring/actions.ts(82,17): error TS2353: Object literal may only specify known properties, and 'sourceCategory' does not exist in type '{ tenant?: true | { columns?: { id?: boolean | undefined; name?: boolean | undefined; code?: boolean | undefined; logoUrl?: boolean | undefined; settings?: boolean | undefined; isActive?: boolean | undefined; createdAt?: boolean | undefined; updatedAt?: boolean | undefined; } | undefined; with?: { ...; } | undefined...'.
src/features/monitoring/actions.ts(109,38): error TS2551: Property 'assignedSales' does not exist on type '{ id: string; createdAt: Date | null; updatedAt: Date | null; tenantId: string; address: string | null; createdBy: string | null; tags: string[] | null; distributionRuleId: string | null; ... 28 more ...; wonAt: Date | null; }'. Did you mean 'assignedSalesId'?
src/features/monitoring/actions.ts(110,39): error TS2339: Property 'sourceCategory' does not exist on type '{ id: string; createdAt: Date | null; updatedAt: Date | null; tenantId: string; address: string | null; createdBy: string | null; tags: string[] | null; distributionRuleId: string | null; ... 28 more ...; wonAt: Date | null; }'.
src/features/monitoring/actions.ts(111,38): error TS2551: Property 'sourceChannel' does not exist on type '{ id: string; createdAt: Date | null; updatedAt: Date | null; tenantId: string; address: string | null; createdBy: string | null; tags: string[] | null; distributionRuleId: string | null; ... 28 more ...; wonAt: Date | null; }'. Did you mean 'sourceChannelId'?
src/features/monitoring/actions.ts(131,33): error TS2339: Property 'salesId' does not exist on type 'PgTableWithColumns<{ name: "measure_tasks"; schema: undefined; columns: { id: PgColumn<{ name: "id"; tableName: "measure_tasks"; dataType: "string"; columnType: "PgUUID"; data: string; driverParam: string; notNull: true; ... 7 more ...; generated: undefined; }, {}, {}>; ... 19 more ...; completedAt: PgColumn<...>; }...'.
src/features/monitoring/actions.ts(290,42): error TS2339: Property 'paidAmount' does not exist on type 'PgTableWithColumns<{ name: "ar_statements"; schema: undefined; columns: { id: PgColumn<{ name: "id"; tableName: "ar_statements"; dataType: "string"; columnType: "PgUUID"; data: string; driverParam: string; notNull: true; ... 7 more ...; generated: undefined; }, {}, {}>; ... 21 more ...; createdAt: PgColumn<...>; }; ...'.
src/features/monitoring/actions.ts(304,39): error TS2362: The left-hand side of an arithmetic operation must be of type 'any', 'number', 'bigint' or an enum type.
src/features/monitoring/notification-actions.ts(8,10): error TS2305: Module '"@/shared/api/schema"' has no exported member 'notifications'.
src/features/monitoring/notification-actions.ts(16,10): error TS2305: Module '"@/shared/api/types"' has no exported member 'NotificationType'.
src/features/monitoring/notification-actions.ts(50,42): error TS2339: Property 'NOTIFICATION' does not exist on type '{ readonly ORDER: { readonly VIEW: "order.view"; readonly CREATE: "order.create"; readonly EDIT: "order.edit"; readonly DELETE: "order.delete"; }; readonly CUSTOMER: { readonly VIEW: "customer.view"; readonly CREATE: "customer.create"; readonly EDIT: "customer.edit"; readonly DELETE: "customer.delete"; }; ... 11 mor...'.
src/features/monitoring/notification-actions.ts(84,35): error TS2339: Property 'notifications' does not exist on type '{ readonly tenants: RelationalQueryBuilder<ExtractTablesWithRelations<typeof import("C:/Users/bigey/Documents/Antigravity/L2C/src/shared/api/schema")>, { tsName: "tenants"; dbName: "tenants"; columns: { ...; }; relations: { ...; }; primaryKey: AnyColumn[]; }>; ... 60 more ...; readonly auditLogs: RelationalQueryBuil...'.
src/features/monitoring/preference-actions.ts(4,10): error TS2305: Module '"@/shared/api/schema"' has no exported member 'notificationPreferences'.
src/features/monitoring/preference-actions.ts(9,10): error TS2305: Module '"@/shared/api/types"' has no exported member 'NotificationType'.
src/features/monitoring/preference-actions.ts(21,34): error TS2339: Property 'notificationPreferences' does not exist on type '{ readonly tenants: RelationalQueryBuilder<ExtractTablesWithRelations<typeof import("C:/Users/bigey/Documents/Antigravity/L2C/src/shared/api/schema")>, { tsName: "tenants"; dbName: "tenants"; columns: { ...; }; relations: { ...; }; primaryKey: AnyColumn[]; }>; ... 60 more ...; readonly auditLogs: RelationalQueryBuil...'.
src/features/monitoring/preference-actions.ts(34,37): error TS2339: Property 'notificationPreferences' does not exist on type '{ readonly tenants: RelationalQueryBuilder<ExtractTablesWithRelations<typeof import("C:/Users/bigey/Documents/Antigravity/L2C/src/shared/api/schema")>, { tsName: "tenants"; dbName: "tenants"; columns: { ...; }; relations: { ...; }; primaryKey: AnyColumn[]; }>; ... 60 more ...; readonly auditLogs: RelationalQueryBuil...'.
src/features/notifications/actions.ts(4,10): error TS2305: Module '"@/shared/api/schema"' has no exported member 'notifications'.
src/features/notifications/actions.ts(51,33): error TS2339: Property 'notifications' does not exist on type '{ readonly tenants: RelationalQueryBuilder<ExtractTablesWithRelations<typeof import("C:/Users/bigey/Documents/Antigravity/L2C/src/shared/api/schema")>, { tsName: "tenants"; dbName: "tenants"; columns: { ...; }; relations: { ...; }; primaryKey: AnyColumn[]; }>; ... 60 more ...; readonly auditLogs: RelationalQueryBuil...'.
src/features/notifications/service.ts(2,10): error TS2305: Module '"@/shared/api/schema"' has no exported member 'notifications'.
src/features/notifications/service.ts(2,25): error TS2305: Module '"@/shared/api/schema"' has no exported member 'notificationPreferences'.
src/features/notifications/service.ts(2,50): error TS2305: Module '"@/shared/api/schema"' has no exported member 'notificationTypeEnum'.
src/features/notifications/service.ts(25,41): error TS2339: Property 'notificationPreferences' does not exist on type '{ readonly tenants: RelationalQueryBuilder<ExtractTablesWithRelations<typeof import("C:/Users/bigey/Documents/Antigravity/L2C/src/shared/api/schema")>, { tsName: "tenants"; dbName: "tenants"; columns: { ...; }; relations: { ...; }; primaryKey: AnyColumn[]; }>; ... 60 more ...; readonly auditLogs: RelationalQueryBuil...'.
src/features/notifications/types.ts(1,10): error TS2305: Module '"@/shared/api/schema"' has no exported member 'notificationChannelEnum'.
src/features/notifications/types.ts(1,35): error TS2305: Module '"@/shared/api/schema"' has no exported member 'notifications'.
src/features/orders/__tests__/order-actions.test.ts(2,1): error TS2582: Cannot find name 'describe'. Do you need to install type definitions for a test runner? Try `npm i --save-dev @types/jest` or `npm i --save-dev @types/mocha`.
src/features/orders/__tests__/order-actions.test.ts(3,5): error TS2582: Cannot find name 'it'. Do you need to install type definitions for a test runner? Try `npm i --save-dev @types/jest` or `npm i --save-dev @types/mocha`.
src/features/orders/__tests__/order-actions.test.ts(4,9): error TS2304: Cannot find name 'expect'.
src/features/orders/__tests__/order-finance-flow.test.ts(80,32): error TS2305: Module '"../actions"' has no exported member 'confirmOrderProduction'.
src/features/orders/__tests__/order-finance-flow.test.ts(116,23): error TS2339: Property 'success' does not exist on type '{ id: string; createdAt: Date | null; updatedAt: Date | null; tenantId: string; remark: string | null; createdBy: string | null; totalAmount: string | null; deletedAt: Date | null; ... 22 more ...; closedAt: Date | null; }'.
src/features/orders/__tests__/production-trigger.test.ts(2,1): error TS2582: Cannot find name 'describe'. Do you need to install type definitions for a test runner? Try `npm i --save-dev @types/jest` or `npm i --save-dev @types/mocha`.
src/features/orders/__tests__/production-trigger.test.ts(3,5): error TS2582: Cannot find name 'it'. Do you need to install type definitions for a test runner? Try `npm i --save-dev @types/jest` or `npm i --save-dev @types/mocha`.
src/features/orders/__tests__/production-trigger.test.ts(4,9): error TS2304: Cannot find name 'expect'.
src/features/orders/__tests__/status-sync.test.ts(3,10): error TS2305: Module '"../actions"' has no exported member 'refreshOrderStatus'.
src/features/orders/__tests__/status-sync.test.ts(36,48): error TS2353: Object literal may only specify known properties, and 'user' does not exist in type 'Procedure | Constructable'.
src/features/orders/__tests__/status-sync.test.ts(48,10): error TS2352: Conversion of type '<TSelection extends Omit<DBQueryConfig<"many", true, ExtractTablesWithRelations<typeof import("C:/Users/bigey/Documents/Antigravity/L2C/src/shared/api/schema")>, { tsName: "orders"; dbName: "orders"; columns: { ...; }; relations: { ...; }; primaryKey: AnyColumn[]; }>, "limit">>(config?: KnownKeysOnly<...> | undefine...' to type '<T extends Procedure | Constructable = Procedure>(originalImplementation?: T | undefined) => Mock<T>' may be a mistake because neither type sufficiently overlaps with the other. If this was intentional, convert the expression to 'unknown' first.
  Type 'PgRelationalQuery<{ id: string; createdAt: Date | null; updatedAt: Date | null; tenantId: string; remark: string | null; createdBy: string | null; totalAmount: string | null; deletedAt: Date | null; ... 22 more ...; closedAt: Date | null; } | ... 7 more ... | undefined>' is not comparable to type 'Mock<any>'.
    Type 'PgRelationalQuery<{ id: string; createdAt: Date | null; updatedAt: Date | null; tenantId: string; remark: string | null; createdBy: string | null; totalAmount: string | null; deletedAt: Date | null; ... 22 more ...; closedAt: Date | null; } | ... 7 more ... | undefined>' is not comparable to type 'MockInstance<any> & { (...args: unknown[]): any; new (...args: unknown[]): any; } & { [x: string]: any; }'.
      Type 'PgRelationalQuery<{ id: string; createdAt: Date | null; updatedAt: Date | null; tenantId: string; remark: string | null; createdBy: string | null; totalAmount: string | null; deletedAt: Date | null; ... 22 more ...; closedAt: Date | null; } | ... 7 more ... | undefined>' is missing the following properties from type 'MockInstance<any>': getMockName, mockName, mock, mockClear, and 14 more.
src/features/orders/__tests__/status-sync.test.ts(48,53): error TS2339: Property 'mockResolvedValue' does not exist on type '<T extends Procedure | Constructable = Procedure>(originalImplementation?: T | undefined) => Mock<T>'.
src/features/orders/__tests__/status-sync.test.ts(72,10): error TS2352: Conversion of type '<TSelection extends Omit<DBQueryConfig<"many", true, ExtractTablesWithRelations<typeof import("C:/Users/bigey/Documents/Antigravity/L2C/src/shared/api/schema")>, { tsName: "orders"; dbName: "orders"; columns: { ...; }; relations: { ...; }; primaryKey: AnyColumn[]; }>, "limit">>(config?: KnownKeysOnly<...> | undefine...' to type '<T extends Procedure | Constructable = Procedure>(originalImplementation?: T | undefined) => Mock<T>' may be a mistake because neither type sufficiently overlaps with the other. If this was intentional, convert the expression to 'unknown' first.
  Type 'PgRelationalQuery<{ id: string; createdAt: Date | null; updatedAt: Date | null; tenantId: string; remark: string | null; createdBy: string | null; totalAmount: string | null; deletedAt: Date | null; ... 22 more ...; closedAt: Date | null; } | ... 7 more ... | undefined>' is not comparable to type 'Mock<any>'.
    Type 'PgRelationalQuery<{ id: string; createdAt: Date | null; updatedAt: Date | null; tenantId: string; remark: string | null; createdBy: string | null; totalAmount: string | null; deletedAt: Date | null; ... 22 more ...; closedAt: Date | null; } | ... 7 more ... | undefined>' is not comparable to type 'MockInstance<any> & { (...args: unknown[]): any; new (...args: unknown[]): any; } & { [x: string]: any; }'.
      Type 'PgRelationalQuery<{ id: string; createdAt: Date | null; updatedAt: Date | null; tenantId: string; remark: string | null; createdBy: string | null; totalAmount: string | null; deletedAt: Date | null; ... 22 more ...; closedAt: Date | null; } | ... 7 more ... | undefined>' is missing the following properties from type 'MockInstance<any>': getMockName, mockName, mock, mockClear, and 14 more.
src/features/orders/__tests__/status-sync.test.ts(72,53): error TS2339: Property 'mockResolvedValue' does not exist on type '<T extends Procedure | Constructable = Procedure>(originalImplementation?: T | undefined) => Mock<T>'.
src/features/orders/__tests__/status-sync.test.ts(92,10): error TS2352: Conversion of type '<TSelection extends Omit<DBQueryConfig<"many", true, ExtractTablesWithRelations<typeof import("C:/Users/bigey/Documents/Antigravity/L2C/src/shared/api/schema")>, { tsName: "orders"; dbName: "orders"; columns: { ...; }; relations: { ...; }; primaryKey: AnyColumn[]; }>, "limit">>(config?: KnownKeysOnly<...> | undefine...' to type '<T extends Procedure | Constructable = Procedure>(originalImplementation?: T | undefined) => Mock<T>' may be a mistake because neither type sufficiently overlaps with the other. If this was intentional, convert the expression to 'unknown' first.
  Type 'PgRelationalQuery<{ id: string; createdAt: Date | null; updatedAt: Date | null; tenantId: string; remark: string | null; createdBy: string | null; totalAmount: string | null; deletedAt: Date | null; ... 22 more ...; closedAt: Date | null; } | ... 7 more ... | undefined>' is not comparable to type 'Mock<any>'.
    Type 'PgRelationalQuery<{ id: string; createdAt: Date | null; updatedAt: Date | null; tenantId: string; remark: string | null; createdBy: string | null; totalAmount: string | null; deletedAt: Date | null; ... 22 more ...; closedAt: Date | null; } | ... 7 more ... | undefined>' is not comparable to type 'MockInstance<any> & { (...args: unknown[]): any; new (...args: unknown[]): any; } & { [x: string]: any; }'.
      Type 'PgRelationalQuery<{ id: string; createdAt: Date | null; updatedAt: Date | null; tenantId: string; remark: string | null; createdBy: string | null; totalAmount: string | null; deletedAt: Date | null; ... 22 more ...; closedAt: Date | null; } | ... 7 more ... | undefined>' is missing the following properties from type 'MockInstance<any>': getMockName, mockName, mock, mockClear, and 14 more.
src/features/orders/__tests__/status-sync.test.ts(92,53): error TS2339: Property 'mockResolvedValueOnce' does not exist on type '<T extends Procedure | Constructable = Procedure>(originalImplementation?: T | undefined) => Mock<T>'.
src/features/orders/__tests__/status-sync.test.ts(109,10): error TS2352: Conversion of type '<TSelection extends Omit<DBQueryConfig<"many", true, ExtractTablesWithRelations<typeof import("C:/Users/bigey/Documents/Antigravity/L2C/src/shared/api/schema")>, { tsName: "orders"; dbName: "orders"; columns: { ...; }; relations: { ...; }; primaryKey: AnyColumn[]; }>, "limit">>(config?: KnownKeysOnly<...> | undefine...' to type '<T extends Procedure | Constructable = Procedure>(originalImplementation?: T | undefined) => Mock<T>' may be a mistake because neither type sufficiently overlaps with the other. If this was intentional, convert the expression to 'unknown' first.
  Type 'PgRelationalQuery<{ id: string; createdAt: Date | null; updatedAt: Date | null; tenantId: string; remark: string | null; createdBy: string | null; totalAmount: string | null; deletedAt: Date | null; ... 22 more ...; closedAt: Date | null; } | ... 7 more ... | undefined>' is not comparable to type 'Mock<any>'.
    Type 'PgRelationalQuery<{ id: string; createdAt: Date | null; updatedAt: Date | null; tenantId: string; remark: string | null; createdBy: string | null; totalAmount: string | null; deletedAt: Date | null; ... 22 more ...; closedAt: Date | null; } | ... 7 more ... | undefined>' is not comparable to type 'MockInstance<any> & { (...args: unknown[]): any; new (...args: unknown[]): any; } & { [x: string]: any; }'.
      Type 'PgRelationalQuery<{ id: string; createdAt: Date | null; updatedAt: Date | null; tenantId: string; remark: string | null; createdBy: string | null; totalAmount: string | null; deletedAt: Date | null; ... 22 more ...; closedAt: Date | null; } | ... 7 more ... | undefined>' is missing the following properties from type 'MockInstance<any>': getMockName, mockName, mock, mockClear, and 14 more.
src/features/orders/__tests__/status-sync.test.ts(109,53): error TS2339: Property 'mockResolvedValueOnce' does not exist on type '<T extends Procedure | Constructable = Procedure>(originalImplementation?: T | undefined) => Mock<T>'.
src/features/orders/__tests__/status-sync.test.ts(118,10): error TS2352: Conversion of type '<TSelection extends Omit<DBQueryConfig<"many", true, ExtractTablesWithRelations<typeof import("C:/Users/bigey/Documents/Antigravity/L2C/src/shared/api/schema")>, { tsName: "orders"; dbName: "orders"; columns: { ...; }; relations: { ...; }; primaryKey: AnyColumn[]; }>, "limit">>(config?: KnownKeysOnly<...> | undefine...' to type '<T extends Procedure | Constructable = Procedure>(originalImplementation?: T | undefined) => Mock<T>' may be a mistake because neither type sufficiently overlaps with the other. If this was intentional, convert the expression to 'unknown' first.
  Type 'PgRelationalQuery<{ id: string; createdAt: Date | null; updatedAt: Date | null; tenantId: string; remark: string | null; createdBy: string | null; totalAmount: string | null; deletedAt: Date | null; ... 22 more ...; closedAt: Date | null; } | ... 7 more ... | undefined>' is not comparable to type 'Mock<any>'.
    Type 'PgRelationalQuery<{ id: string; createdAt: Date | null; updatedAt: Date | null; tenantId: string; remark: string | null; createdBy: string | null; totalAmount: string | null; deletedAt: Date | null; ... 22 more ...; closedAt: Date | null; } | ... 7 more ... | undefined>' is not comparable to type 'MockInstance<any> & { (...args: unknown[]): any; new (...args: unknown[]): any; } & { [x: string]: any; }'.
      Type 'PgRelationalQuery<{ id: string; createdAt: Date | null; updatedAt: Date | null; tenantId: string; remark: string | null; createdBy: string | null; totalAmount: string | null; deletedAt: Date | null; ... 22 more ...; closedAt: Date | null; } | ... 7 more ... | undefined>' is missing the following properties from type 'MockInstance<any>': getMockName, mockName, mock, mockClear, and 14 more.
src/features/orders/__tests__/status-sync.test.ts(118,53): error TS2339: Property 'mockResolvedValue' does not exist on type '<T extends Procedure | Constructable = Procedure>(originalImplementation?: T | undefined) => Mock<T>'.
src/features/orders/__tests__/status-sync.test.ts(134,10): error TS2352: Conversion of type '<TSelection extends Omit<DBQueryConfig<"many", true, ExtractTablesWithRelations<typeof import("C:/Users/bigey/Documents/Antigravity/L2C/src/shared/api/schema")>, { tsName: "orders"; dbName: "orders"; columns: { ...; }; relations: { ...; }; primaryKey: AnyColumn[]; }>, "limit">>(config?: KnownKeysOnly<...> | undefine...' to type '<T extends Procedure | Constructable = Procedure>(originalImplementation?: T | undefined) => Mock<T>' may be a mistake because neither type sufficiently overlaps with the other. If this was intentional, convert the expression to 'unknown' first.
  Type 'PgRelationalQuery<{ id: string; createdAt: Date | null; updatedAt: Date | null; tenantId: string; remark: string | null; createdBy: string | null; totalAmount: string | null; deletedAt: Date | null; ... 22 more ...; closedAt: Date | null; } | ... 7 more ... | undefined>' is not comparable to type 'Mock<any>'.
    Type 'PgRelationalQuery<{ id: string; createdAt: Date | null; updatedAt: Date | null; tenantId: string; remark: string | null; createdBy: string | null; totalAmount: string | null; deletedAt: Date | null; ... 22 more ...; closedAt: Date | null; } | ... 7 more ... | undefined>' is not comparable to type 'MockInstance<any> & { (...args: unknown[]): any; new (...args: unknown[]): any; } & { [x: string]: any; }'.
      Type 'PgRelationalQuery<{ id: string; createdAt: Date | null; updatedAt: Date | null; tenantId: string; remark: string | null; createdBy: string | null; totalAmount: string | null; deletedAt: Date | null; ... 22 more ...; closedAt: Date | null; } | ... 7 more ... | undefined>' is missing the following properties from type 'MockInstance<any>': getMockName, mockName, mock, mockClear, and 14 more.
src/features/orders/__tests__/status-sync.test.ts(134,53): error TS2339: Property 'mockResolvedValue' does not exist on type '<T extends Procedure | Constructable = Procedure>(originalImplementation?: T | undefined) => Mock<T>'.
src/features/orders/__tests__/status-sync.test.ts(149,10): error TS2352: Conversion of type '<TSelection extends Omit<DBQueryConfig<"many", true, ExtractTablesWithRelations<typeof import("C:/Users/bigey/Documents/Antigravity/L2C/src/shared/api/schema")>, { tsName: "orders"; dbName: "orders"; columns: { ...; }; relations: { ...; }; primaryKey: AnyColumn[]; }>, "limit">>(config?: KnownKeysOnly<...> | undefine...' to type '<T extends Procedure | Constructable = Procedure>(originalImplementation?: T | undefined) => Mock<T>' may be a mistake because neither type sufficiently overlaps with the other. If this was intentional, convert the expression to 'unknown' first.
  Type 'PgRelationalQuery<{ id: string; createdAt: Date | null; updatedAt: Date | null; tenantId: string; remark: string | null; createdBy: string | null; totalAmount: string | null; deletedAt: Date | null; ... 22 more ...; closedAt: Date | null; } | ... 7 more ... | undefined>' is not comparable to type 'Mock<any>'.
    Type 'PgRelationalQuery<{ id: string; createdAt: Date | null; updatedAt: Date | null; tenantId: string; remark: string | null; createdBy: string | null; totalAmount: string | null; deletedAt: Date | null; ... 22 more ...; closedAt: Date | null; } | ... 7 more ... | undefined>' is not comparable to type 'MockInstance<any> & { (...args: unknown[]): any; new (...args: unknown[]): any; } & { [x: string]: any; }'.
      Type 'PgRelationalQuery<{ id: string; createdAt: Date | null; updatedAt: Date | null; tenantId: string; remark: string | null; createdBy: string | null; totalAmount: string | null; deletedAt: Date | null; ... 22 more ...; closedAt: Date | null; } | ... 7 more ... | undefined>' is missing the following properties from type 'MockInstance<any>': getMockName, mockName, mock, mockClear, and 14 more.
src/features/orders/__tests__/status-sync.test.ts(149,53): error TS2339: Property 'mockResolvedValue' does not exist on type '<T extends Procedure | Constructable = Procedure>(originalImplementation?: T | undefined) => Mock<T>'.
src/features/orders/logic/__tests__/order-state-machine.test.ts(9,15): error TS2322: Type '"PENDING_PO"' is not assignable to type '"DRAFT" | "PENDING_MEASURE" | "MEASURED" | "QUOTED" | "SIGNED" | "PAID" | "PENDING_PRODUCTION" | "IN_PRODUCTION" | "PENDING_DELIVERY" | "PENDING_INSTALL" | "COMPLETED" | "CANCELLED"'.
src/features/orders/logic/__tests__/order-state-machine.test.ts(11,41): error TS2322: Type '"DISPATCHING"' is not assignable to type '"DRAFT" | "PENDING_MEASURE" | "MEASURED" | "QUOTED" | "SIGNED" | "PAID" | "PENDING_PRODUCTION" | "IN_PRODUCTION" | "PENDING_DELIVERY" | "PENDING_INSTALL" | "COMPLETED" | "CANCELLED"'.
src/features/orders/logic/__tests__/order-state-machine.test.ts(12,15): error TS2322: Type '"DISPATCHING"' is not assignable to type '"DRAFT" | "PENDING_MEASURE" | "MEASURED" | "QUOTED" | "SIGNED" | "PAID" | "PENDING_PRODUCTION" | "IN_PRODUCTION" | "PENDING_DELIVERY" | "PENDING_INSTALL" | "COMPLETED" | "CANCELLED"'.
src/features/orders/logic/__tests__/order-state-machine.test.ts(12,36): error TS2322: Type '"SHIPPED"' is not assignable to type '"DRAFT" | "PENDING_MEASURE" | "MEASURED" | "QUOTED" | "SIGNED" | "PAID" | "PENDING_PRODUCTION" | "IN_PRODUCTION" | "PENDING_DELIVERY" | "PENDING_INSTALL" | "COMPLETED" | "CANCELLED"'.
src/features/orders/logic/__tests__/order-state-machine.test.ts(13,15): error TS2322: Type '"SHIPPED"' is not assignable to type '"DRAFT" | "PENDING_MEASURE" | "MEASURED" | "QUOTED" | "SIGNED" | "PAID" | "PENDING_PRODUCTION" | "IN_PRODUCTION" | "PENDING_DELIVERY" | "PENDING_INSTALL" | "COMPLETED" | "CANCELLED"'.
src/features/orders/logic/__tests__/order-state-machine.test.ts(15,34): error TS2322: Type '"CLOSED"' is not assignable to type '"DRAFT" | "PENDING_MEASURE" | "MEASURED" | "QUOTED" | "SIGNED" | "PAID" | "PENDING_PRODUCTION" | "IN_PRODUCTION" | "PENDING_DELIVERY" | "PENDING_INSTALL" | "COMPLETED" | "CANCELLED"'.
src/features/orders/logic/__tests__/order-state-machine.test.ts(27,63): error TS2345: Argument of type '"PENDING_PO"' is not assignable to parameter of type '"DRAFT" | "PENDING_MEASURE" | "MEASURED" | "QUOTED" | "SIGNED" | "PAID" | "PENDING_PRODUCTION" | "IN_PRODUCTION" | "PENDING_DELIVERY" | "PENDING_INSTALL" | "COMPLETED" | "CANCELLED"'.
src/features/orders/logic/__tests__/order-state-machine.test.ts(31,63): error TS2345: Argument of type '"SHIPPED"' is not assignable to parameter of type '"DRAFT" | "PENDING_MEASURE" | "MEASURED" | "QUOTED" | "SIGNED" | "PAID" | "PENDING_PRODUCTION" | "IN_PRODUCTION" | "PENDING_DELIVERY" | "PENDING_INSTALL" | "COMPLETED" | "CANCELLED"'.
src/features/orders/logic/__tests__/order-state-machine.test.ts(35,63): error TS2345: Argument of type '"CLOSED"' is not assignable to parameter of type '"DRAFT" | "PENDING_MEASURE" | "MEASURED" | "QUOTED" | "SIGNED" | "PAID" | "PENDING_PRODUCTION" | "IN_PRODUCTION" | "PENDING_DELIVERY" | "PENDING_INSTALL" | "COMPLETED" | "CANCELLED"'.
src/features/orders/logic/__tests__/order-state-machine.test.ts(41,48): error TS2345: Argument of type '"PENDING_PO"' is not assignable to parameter of type '"DRAFT" | "PENDING_MEASURE" | "MEASURED" | "QUOTED" | "SIGNED" | "PAID" | "PENDING_PRODUCTION" | "IN_PRODUCTION" | "PENDING_DELIVERY" | "PENDING_INSTALL" | "COMPLETED" | "CANCELLED"'.
src/features/orders/logic/__tests__/order-state-machine.test.ts(42,57): error TS2345: Argument of type '"PENDING_PO"' is not assignable to parameter of type '"DRAFT" | "PENDING_MEASURE" | "MEASURED" | "QUOTED" | "SIGNED" | "PAID" | "PENDING_PRODUCTION" | "IN_PRODUCTION" | "PENDING_DELIVERY" | "PENDING_INSTALL" | "COMPLETED" | "CANCELLED"'.
src/features/orders/logic/__tests__/order-state-machine.test.ts(56,48): error TS2345: Argument of type '"CLOSED"' is not assignable to parameter of type '"DRAFT" | "PENDING_MEASURE" | "MEASURED" | "QUOTED" | "SIGNED" | "PAID" | "PENDING_PRODUCTION" | "IN_PRODUCTION" | "PENDING_DELIVERY" | "PENDING_INSTALL" | "COMPLETED" | "CANCELLED"'.
src/features/orders/logic/__tests__/order-state-machine.test.ts(57,63): error TS2345: Argument of type '"CLOSED"' is not assignable to parameter of type '"DRAFT" | "PENDING_MEASURE" | "MEASURED" | "QUOTED" | "SIGNED" | "PAID" | "PENDING_PRODUCTION" | "IN_PRODUCTION" | "PENDING_DELIVERY" | "PENDING_INSTALL" | "COMPLETED" | "CANCELLED"'.
src/features/orders/logic/order-state-machine.ts(12,30): error TS2322: Type '"DISPATCHING"' is not assignable to type '"DRAFT" | "PENDING_MEASURE" | "MEASURED" | "QUOTED" | "SIGNED" | "PAID" | "PENDING_PRODUCTION" | "IN_PRODUCTION" | "PENDING_DELIVERY" | "PENDING_INSTALL" | "COMPLETED" | "CANCELLED"'.
src/features/orders/logic/order-state-machine.ts(16,23): error TS2322: Type '"CLOSED"' is not assignable to type '"DRAFT" | "PENDING_MEASURE" | "MEASURED" | "QUOTED" | "SIGNED" | "PAID" | "PENDING_PRODUCTION" | "IN_PRODUCTION" | "PENDING_DELIVERY" | "PENDING_INSTALL" | "COMPLETED" | "CANCELLED"'.
src/features/orders/logic/order-state-machine.ts(56,61): error TS2322: Type '"CLOSED"' is not assignable to type '"DRAFT" | "PENDING_MEASURE" | "MEASURED" | "QUOTED" | "SIGNED" | "PAID" | "PENDING_PRODUCTION" | "IN_PRODUCTION" | "PENDING_DELIVERY" | "PENDING_INSTALL" | "COMPLETED" | "CANCELLED"'.
src/features/products/__tests__/actions.test.ts(2,1): error TS2582: Cannot find name 'describe'. Do you need to install type definitions for a test runner? Try `npm i --save-dev @types/jest` or `npm i --save-dev @types/mocha`.
src/features/products/__tests__/actions.test.ts(3,5): error TS2582: Cannot find name 'it'. Do you need to install type definitions for a test runner? Try `npm i --save-dev @types/jest` or `npm i --save-dev @types/mocha`.
src/features/products/__tests__/actions.test.ts(4,9): error TS2304: Cannot find name 'expect'.
src/features/products/components/attribute-template-manager.tsx(58,9): error TS2719: Type 'import("C:/Users/bigey/Documents/Antigravity/L2C/node_modules/.pnpm/react-hook-form@7.69.0_react@19.2.3/node_modules/react-hook-form/dist/types/resolvers").Resolver<{ category: "CURTAIN" | "WALLPAPER" | "WALLCLOTH" | "MATTRESS" | "OTHER" | "CURTAIN_FABRIC" | "CURTAIN_SHEER" | "CURTAIN_TRACK" | "MOTOR" | "CURTAIN_ACC...' is not assignable to type 'import("C:/Users/bigey/Documents/Antigravity/L2C/node_modules/.pnpm/react-hook-form@7.69.0_react@19.2.3/node_modules/react-hook-form/dist/types/resolvers").Resolver<{ category: "CURTAIN" | "WALLPAPER" | "WALLCLOTH" | "MATTRESS" | "OTHER" | "CURTAIN_FABRIC" | "CURTAIN_SHEER" | "CURTAIN_TRACK" | "MOTOR" | "CURTAIN_ACC...'. Two different types with this name exist, but they are unrelated.
  Types of parameters 'options' and 'options' are incompatible.
    Type 'import("C:/Users/bigey/Documents/Antigravity/L2C/node_modules/.pnpm/react-hook-form@7.69.0_react@19.2.3/node_modules/react-hook-form/dist/types/resolvers").ResolverOptions<{ category: "CURTAIN" | "WALLPAPER" | "WALLCLOTH" | "MATTRESS" | "OTHER" | "CURTAIN_FABRIC" | "CURTAIN_SHEER" | "CURTAIN_TRACK" | "MOTOR" | "CURT...' is not assignable to type 'import("C:/Users/bigey/Documents/Antigravity/L2C/node_modules/.pnpm/react-hook-form@7.69.0_react@19.2.3/node_modules/react-hook-form/dist/types/resolvers").ResolverOptions<{ category: "CURTAIN" | "WALLPAPER" | "WALLCLOTH" | "MATTRESS" | "OTHER" | "CURTAIN_FABRIC" | "CURTAIN_SHEER" | "CURTAIN_TRACK" | "MOTOR" | "CURT...'. Two different types with this name exist, but they are unrelated.
      Type '{ key: string; label: string; type: "STRING" | "NUMBER" | "BOOLEAN" | "SELECT"; required?: boolean | undefined; options?: string[] | undefined; unit?: string | undefined; placeholder?: string | undefined; }[]' is not assignable to type '{ key: string; label: string; type: "STRING" | "NUMBER" | "BOOLEAN" | "SELECT"; required: boolean; options?: string[] | undefined; unit?: string | undefined; placeholder?: string | undefined; }[]'.
        Type '{ key: string; label: string; type: "STRING" | "NUMBER" | "BOOLEAN" | "SELECT"; required?: boolean | undefined; options?: string[] | undefined; unit?: string | undefined; placeholder?: string | undefined; }' is not assignable to type '{ key: string; label: string; type: "STRING" | "NUMBER" | "BOOLEAN" | "SELECT"; required: boolean; options?: string[] | undefined; unit?: string | undefined; placeholder?: string | undefined; }'.
          Types of property 'required' are incompatible.
            Type 'boolean | undefined' is not assignable to type 'boolean'.
              Type 'undefined' is not assignable to type 'boolean'.
src/features/products/components/attribute-template-manager.tsx(140,55): error TS2345: Argument of type '(values: TemplateFormValues) => Promise<void>' is not assignable to parameter of type 'SubmitHandler<TFieldValues>'.
  Types of parameters 'values' and 'data' are incompatible.
    Type 'TFieldValues' is not assignable to type '{ category: "CURTAIN" | "WALLPAPER" | "WALLCLOTH" | "MATTRESS" | "OTHER" | "CURTAIN_FABRIC" | "CURTAIN_SHEER" | "CURTAIN_TRACK" | "MOTOR" | "CURTAIN_ACCESSORY"; templateSchema: { ...; }[]; }'.
      Type 'FieldValues' is missing the following properties from type '{ category: "CURTAIN" | "WALLPAPER" | "WALLCLOTH" | "MATTRESS" | "OTHER" | "CURTAIN_FABRIC" | "CURTAIN_SHEER" | "CURTAIN_TRACK" | "MOTOR" | "CURTAIN_ACCESSORY"; templateSchema: { ...; }[]; }': category, templateSchema
src/features/products/components/attribute-template-manager.tsx(146,45): error TS2322: Type 'Control<{ category: "CURTAIN" | "WALLPAPER" | "WALLCLOTH" | "MATTRESS" | "OTHER" | "CURTAIN_FABRIC" | "CURTAIN_SHEER" | "CURTAIN_TRACK" | "MOTOR" | "CURTAIN_ACCESSORY"; templateSchema: { ...; }[]; }, any, TFieldValues>' is not assignable to type 'Control<{ category: "CURTAIN" | "WALLPAPER" | "WALLCLOTH" | "MATTRESS" | "OTHER" | "CURTAIN_FABRIC" | "CURTAIN_SHEER" | "CURTAIN_TRACK" | "MOTOR" | "CURTAIN_ACCESSORY"; templateSchema: { ...; }[]; }, any, { ...; }>'.
  The types of '_options.resolver' are incompatible between these types.
    Type 'Resolver<{ category: "CURTAIN" | "WALLPAPER" | "WALLCLOTH" | "MATTRESS" | "OTHER" | "CURTAIN_FABRIC" | "CURTAIN_SHEER" | "CURTAIN_TRACK" | "MOTOR" | "CURTAIN_ACCESSORY"; templateSchema: { ...; }[]; }, any, TFieldValues> | undefined' is not assignable to type 'Resolver<{ category: "CURTAIN" | "WALLPAPER" | "WALLCLOTH" | "MATTRESS" | "OTHER" | "CURTAIN_FABRIC" | "CURTAIN_SHEER" | "CURTAIN_TRACK" | "MOTOR" | "CURTAIN_ACCESSORY"; templateSchema: { ...; }[]; }, any, { ...; }> | undefined'.
      Type 'Resolver<{ category: "CURTAIN" | "WALLPAPER" | "WALLCLOTH" | "MATTRESS" | "OTHER" | "CURTAIN_FABRIC" | "CURTAIN_SHEER" | "CURTAIN_TRACK" | "MOTOR" | "CURTAIN_ACCESSORY"; templateSchema: { ...; }[]; }, any, TFieldValues>' is not assignable to type 'Resolver<{ category: "CURTAIN" | "WALLPAPER" | "WALLCLOTH" | "MATTRESS" | "OTHER" | "CURTAIN_FABRIC" | "CURTAIN_SHEER" | "CURTAIN_TRACK" | "MOTOR" | "CURTAIN_ACCESSORY"; templateSchema: { ...; }[]; }, any, { ...; }>'.
        Type 'ResolverResult<{ category: "CURTAIN" | "WALLPAPER" | "WALLCLOTH" | "MATTRESS" | "OTHER" | "CURTAIN_FABRIC" | "CURTAIN_SHEER" | "CURTAIN_TRACK" | "MOTOR" | "CURTAIN_ACCESSORY"; templateSchema: { ...; }[]; }, TFieldValues> | Promise<...>' is not assignable to type 'ResolverResult<{ category: "CURTAIN" | "WALLPAPER" | "WALLCLOTH" | "MATTRESS" | "OTHER" | "CURTAIN_FABRIC" | "CURTAIN_SHEER" | "CURTAIN_TRACK" | "MOTOR" | "CURTAIN_ACCESSORY"; templateSchema: { ...; }[]; }, { ...; }> | Promise<...>'.
          Type 'ResolverSuccess<TFieldValues>' is not assignable to type 'ResolverResult<{ category: "CURTAIN" | "WALLPAPER" | "WALLCLOTH" | "MATTRESS" | "OTHER" | "CURTAIN_FABRIC" | "CURTAIN_SHEER" | "CURTAIN_TRACK" | "MOTOR" | "CURTAIN_ACCESSORY"; templateSchema: { ...; }[]; }, { ...; }> | Promise<...>'.
            Type 'ResolverSuccess<TFieldValues>' is not assignable to type 'ResolverSuccess<{ category: "CURTAIN" | "WALLPAPER" | "WALLCLOTH" | "MATTRESS" | "OTHER" | "CURTAIN_FABRIC" | "CURTAIN_SHEER" | "CURTAIN_TRACK" | "MOTOR" | "CURTAIN_ACCESSORY"; templateSchema: { ...; }[]; }>'.
              Type 'TFieldValues' is not assignable to type '{ category: "CURTAIN" | "WALLPAPER" | "WALLCLOTH" | "MATTRESS" | "OTHER" | "CURTAIN_FABRIC" | "CURTAIN_SHEER" | "CURTAIN_TRACK" | "MOTOR" | "CURTAIN_ACCESSORY"; templateSchema: { ...; }[]; }'.
                Type 'FieldValues' is missing the following properties from type '{ category: "CURTAIN" | "WALLPAPER" | "WALLCLOTH" | "MATTRESS" | "OTHER" | "CURTAIN_FABRIC" | "CURTAIN_SHEER" | "CURTAIN_TRACK" | "MOTOR" | "CURTAIN_ACCESSORY"; templateSchema: { ...; }[]; }': category, templateSchema
src/features/products/components/attribute-template-manager.tsx(157,45): error TS2322: Type 'Control<{ category: "CURTAIN" | "WALLPAPER" | "WALLCLOTH" | "MATTRESS" | "OTHER" | "CURTAIN_FABRIC" | "CURTAIN_SHEER" | "CURTAIN_TRACK" | "MOTOR" | "CURTAIN_ACCESSORY"; templateSchema: { ...; }[]; }, any, TFieldValues>' is not assignable to type 'Control<{ category: "CURTAIN" | "WALLPAPER" | "WALLCLOTH" | "MATTRESS" | "OTHER" | "CURTAIN_FABRIC" | "CURTAIN_SHEER" | "CURTAIN_TRACK" | "MOTOR" | "CURTAIN_ACCESSORY"; templateSchema: { ...; }[]; }, any, { ...; }>'.
  The types of '_options.resolver' are incompatible between these types.
    Type 'Resolver<{ category: "CURTAIN" | "WALLPAPER" | "WALLCLOTH" | "MATTRESS" | "OTHER" | "CURTAIN_FABRIC" | "CURTAIN_SHEER" | "CURTAIN_TRACK" | "MOTOR" | "CURTAIN_ACCESSORY"; templateSchema: { ...; }[]; }, any, TFieldValues> | undefined' is not assignable to type 'Resolver<{ category: "CURTAIN" | "WALLPAPER" | "WALLCLOTH" | "MATTRESS" | "OTHER" | "CURTAIN_FABRIC" | "CURTAIN_SHEER" | "CURTAIN_TRACK" | "MOTOR" | "CURTAIN_ACCESSORY"; templateSchema: { ...; }[]; }, any, { ...; }> | undefined'.
      Type 'Resolver<{ category: "CURTAIN" | "WALLPAPER" | "WALLCLOTH" | "MATTRESS" | "OTHER" | "CURTAIN_FABRIC" | "CURTAIN_SHEER" | "CURTAIN_TRACK" | "MOTOR" | "CURTAIN_ACCESSORY"; templateSchema: { ...; }[]; }, any, TFieldValues>' is not assignable to type 'Resolver<{ category: "CURTAIN" | "WALLPAPER" | "WALLCLOTH" | "MATTRESS" | "OTHER" | "CURTAIN_FABRIC" | "CURTAIN_SHEER" | "CURTAIN_TRACK" | "MOTOR" | "CURTAIN_ACCESSORY"; templateSchema: { ...; }[]; }, any, { ...; }>'.
        Type 'ResolverResult<{ category: "CURTAIN" | "WALLPAPER" | "WALLCLOTH" | "MATTRESS" | "OTHER" | "CURTAIN_FABRIC" | "CURTAIN_SHEER" | "CURTAIN_TRACK" | "MOTOR" | "CURTAIN_ACCESSORY"; templateSchema: { ...; }[]; }, TFieldValues> | Promise<...>' is not assignable to type 'ResolverResult<{ category: "CURTAIN" | "WALLPAPER" | "WALLCLOTH" | "MATTRESS" | "OTHER" | "CURTAIN_FABRIC" | "CURTAIN_SHEER" | "CURTAIN_TRACK" | "MOTOR" | "CURTAIN_ACCESSORY"; templateSchema: { ...; }[]; }, { ...; }> | Promise<...>'.
          Type 'ResolverSuccess<TFieldValues>' is not assignable to type 'ResolverResult<{ category: "CURTAIN" | "WALLPAPER" | "WALLCLOTH" | "MATTRESS" | "OTHER" | "CURTAIN_FABRIC" | "CURTAIN_SHEER" | "CURTAIN_TRACK" | "MOTOR" | "CURTAIN_ACCESSORY"; templateSchema: { ...; }[]; }, { ...; }> | Promise<...>'.
            Type 'ResolverSuccess<TFieldValues>' is not assignable to type 'ResolverSuccess<{ category: "CURTAIN" | "WALLPAPER" | "WALLCLOTH" | "MATTRESS" | "OTHER" | "CURTAIN_FABRIC" | "CURTAIN_SHEER" | "CURTAIN_TRACK" | "MOTOR" | "CURTAIN_ACCESSORY"; templateSchema: { ...; }[]; }>'.
              Type 'TFieldValues' is not assignable to type '{ category: "CURTAIN" | "WALLPAPER" | "WALLCLOTH" | "MATTRESS" | "OTHER" | "CURTAIN_FABRIC" | "CURTAIN_SHEER" | "CURTAIN_TRACK" | "MOTOR" | "CURTAIN_ACCESSORY"; templateSchema: { ...; }[]; }'.
                Type 'FieldValues' is missing the following properties from type '{ category: "CURTAIN" | "WALLPAPER" | "WALLCLOTH" | "MATTRESS" | "OTHER" | "CURTAIN_FABRIC" | "CURTAIN_SHEER" | "CURTAIN_TRACK" | "MOTOR" | "CURTAIN_ACCESSORY"; templateSchema: { ...; }[]; }': category, templateSchema
src/features/products/components/attribute-template-manager.tsx(168,45): error TS2322: Type 'Control<{ category: "CURTAIN" | "WALLPAPER" | "WALLCLOTH" | "MATTRESS" | "OTHER" | "CURTAIN_FABRIC" | "CURTAIN_SHEER" | "CURTAIN_TRACK" | "MOTOR" | "CURTAIN_ACCESSORY"; templateSchema: { ...; }[]; }, any, TFieldValues>' is not assignable to type 'Control<{ category: "CURTAIN" | "WALLPAPER" | "WALLCLOTH" | "MATTRESS" | "OTHER" | "CURTAIN_FABRIC" | "CURTAIN_SHEER" | "CURTAIN_TRACK" | "MOTOR" | "CURTAIN_ACCESSORY"; templateSchema: { ...; }[]; }, any, { ...; }>'.
  The types of '_options.resolver' are incompatible between these types.
    Type 'Resolver<{ category: "CURTAIN" | "WALLPAPER" | "WALLCLOTH" | "MATTRESS" | "OTHER" | "CURTAIN_FABRIC" | "CURTAIN_SHEER" | "CURTAIN_TRACK" | "MOTOR" | "CURTAIN_ACCESSORY"; templateSchema: { ...; }[]; }, any, TFieldValues> | undefined' is not assignable to type 'Resolver<{ category: "CURTAIN" | "WALLPAPER" | "WALLCLOTH" | "MATTRESS" | "OTHER" | "CURTAIN_FABRIC" | "CURTAIN_SHEER" | "CURTAIN_TRACK" | "MOTOR" | "CURTAIN_ACCESSORY"; templateSchema: { ...; }[]; }, any, { ...; }> | undefined'.
      Type 'Resolver<{ category: "CURTAIN" | "WALLPAPER" | "WALLCLOTH" | "MATTRESS" | "OTHER" | "CURTAIN_FABRIC" | "CURTAIN_SHEER" | "CURTAIN_TRACK" | "MOTOR" | "CURTAIN_ACCESSORY"; templateSchema: { ...; }[]; }, any, TFieldValues>' is not assignable to type 'Resolver<{ category: "CURTAIN" | "WALLPAPER" | "WALLCLOTH" | "MATTRESS" | "OTHER" | "CURTAIN_FABRIC" | "CURTAIN_SHEER" | "CURTAIN_TRACK" | "MOTOR" | "CURTAIN_ACCESSORY"; templateSchema: { ...; }[]; }, any, { ...; }>'.
        Type 'ResolverResult<{ category: "CURTAIN" | "WALLPAPER" | "WALLCLOTH" | "MATTRESS" | "OTHER" | "CURTAIN_FABRIC" | "CURTAIN_SHEER" | "CURTAIN_TRACK" | "MOTOR" | "CURTAIN_ACCESSORY"; templateSchema: { ...; }[]; }, TFieldValues> | Promise<...>' is not assignable to type 'ResolverResult<{ category: "CURTAIN" | "WALLPAPER" | "WALLCLOTH" | "MATTRESS" | "OTHER" | "CURTAIN_FABRIC" | "CURTAIN_SHEER" | "CURTAIN_TRACK" | "MOTOR" | "CURTAIN_ACCESSORY"; templateSchema: { ...; }[]; }, { ...; }> | Promise<...>'.
          Type 'ResolverSuccess<TFieldValues>' is not assignable to type 'ResolverResult<{ category: "CURTAIN" | "WALLPAPER" | "WALLCLOTH" | "MATTRESS" | "OTHER" | "CURTAIN_FABRIC" | "CURTAIN_SHEER" | "CURTAIN_TRACK" | "MOTOR" | "CURTAIN_ACCESSORY"; templateSchema: { ...; }[]; }, { ...; }> | Promise<...>'.
            Type 'ResolverSuccess<TFieldValues>' is not assignable to type 'ResolverSuccess<{ category: "CURTAIN" | "WALLPAPER" | "WALLCLOTH" | "MATTRESS" | "OTHER" | "CURTAIN_FABRIC" | "CURTAIN_SHEER" | "CURTAIN_TRACK" | "MOTOR" | "CURTAIN_ACCESSORY"; templateSchema: { ...; }[]; }>'.
              Type 'TFieldValues' is not assignable to type '{ category: "CURTAIN" | "WALLPAPER" | "WALLCLOTH" | "MATTRESS" | "OTHER" | "CURTAIN_FABRIC" | "CURTAIN_SHEER" | "CURTAIN_TRACK" | "MOTOR" | "CURTAIN_ACCESSORY"; templateSchema: { ...; }[]; }'.
                Type 'FieldValues' is missing the following properties from type '{ category: "CURTAIN" | "WALLPAPER" | "WALLCLOTH" | "MATTRESS" | "OTHER" | "CURTAIN_FABRIC" | "CURTAIN_SHEER" | "CURTAIN_TRACK" | "MOTOR" | "CURTAIN_ACCESSORY"; templateSchema: { ...; }[]; }': category, templateSchema
src/features/products/components/attribute-template-manager.tsx(189,45): error TS2322: Type 'Control<{ category: "CURTAIN" | "WALLPAPER" | "WALLCLOTH" | "MATTRESS" | "OTHER" | "CURTAIN_FABRIC" | "CURTAIN_SHEER" | "CURTAIN_TRACK" | "MOTOR" | "CURTAIN_ACCESSORY"; templateSchema: { ...; }[]; }, any, TFieldValues>' is not assignable to type 'Control<{ category: "CURTAIN" | "WALLPAPER" | "WALLCLOTH" | "MATTRESS" | "OTHER" | "CURTAIN_FABRIC" | "CURTAIN_SHEER" | "CURTAIN_TRACK" | "MOTOR" | "CURTAIN_ACCESSORY"; templateSchema: { ...; }[]; }, any, { ...; }>'.
  The types of '_options.resolver' are incompatible between these types.
    Type 'Resolver<{ category: "CURTAIN" | "WALLPAPER" | "WALLCLOTH" | "MATTRESS" | "OTHER" | "CURTAIN_FABRIC" | "CURTAIN_SHEER" | "CURTAIN_TRACK" | "MOTOR" | "CURTAIN_ACCESSORY"; templateSchema: { ...; }[]; }, any, TFieldValues> | undefined' is not assignable to type 'Resolver<{ category: "CURTAIN" | "WALLPAPER" | "WALLCLOTH" | "MATTRESS" | "OTHER" | "CURTAIN_FABRIC" | "CURTAIN_SHEER" | "CURTAIN_TRACK" | "MOTOR" | "CURTAIN_ACCESSORY"; templateSchema: { ...; }[]; }, any, { ...; }> | undefined'.
      Type 'Resolver<{ category: "CURTAIN" | "WALLPAPER" | "WALLCLOTH" | "MATTRESS" | "OTHER" | "CURTAIN_FABRIC" | "CURTAIN_SHEER" | "CURTAIN_TRACK" | "MOTOR" | "CURTAIN_ACCESSORY"; templateSchema: { ...; }[]; }, any, TFieldValues>' is not assignable to type 'Resolver<{ category: "CURTAIN" | "WALLPAPER" | "WALLCLOTH" | "MATTRESS" | "OTHER" | "CURTAIN_FABRIC" | "CURTAIN_SHEER" | "CURTAIN_TRACK" | "MOTOR" | "CURTAIN_ACCESSORY"; templateSchema: { ...; }[]; }, any, { ...; }>'.
        Type 'ResolverResult<{ category: "CURTAIN" | "WALLPAPER" | "WALLCLOTH" | "MATTRESS" | "OTHER" | "CURTAIN_FABRIC" | "CURTAIN_SHEER" | "CURTAIN_TRACK" | "MOTOR" | "CURTAIN_ACCESSORY"; templateSchema: { ...; }[]; }, TFieldValues> | Promise<...>' is not assignable to type 'ResolverResult<{ category: "CURTAIN" | "WALLPAPER" | "WALLCLOTH" | "MATTRESS" | "OTHER" | "CURTAIN_FABRIC" | "CURTAIN_SHEER" | "CURTAIN_TRACK" | "MOTOR" | "CURTAIN_ACCESSORY"; templateSchema: { ...; }[]; }, { ...; }> | Promise<...>'.
          Type 'ResolverSuccess<TFieldValues>' is not assignable to type 'ResolverResult<{ category: "CURTAIN" | "WALLPAPER" | "WALLCLOTH" | "MATTRESS" | "OTHER" | "CURTAIN_FABRIC" | "CURTAIN_SHEER" | "CURTAIN_TRACK" | "MOTOR" | "CURTAIN_ACCESSORY"; templateSchema: { ...; }[]; }, { ...; }> | Promise<...>'.
            Type 'ResolverSuccess<TFieldValues>' is not assignable to type 'ResolverSuccess<{ category: "CURTAIN" | "WALLPAPER" | "WALLCLOTH" | "MATTRESS" | "OTHER" | "CURTAIN_FABRIC" | "CURTAIN_SHEER" | "CURTAIN_TRACK" | "MOTOR" | "CURTAIN_ACCESSORY"; templateSchema: { ...; }[]; }>'.
              Type 'TFieldValues' is not assignable to type '{ category: "CURTAIN" | "WALLPAPER" | "WALLCLOTH" | "MATTRESS" | "OTHER" | "CURTAIN_FABRIC" | "CURTAIN_SHEER" | "CURTAIN_TRACK" | "MOTOR" | "CURTAIN_ACCESSORY"; templateSchema: { ...; }[]; }'.
                Type 'FieldValues' is missing the following properties from type '{ category: "CURTAIN" | "WALLPAPER" | "WALLCLOTH" | "MATTRESS" | "OTHER" | "CURTAIN_FABRIC" | "CURTAIN_SHEER" | "CURTAIN_TRACK" | "MOTOR" | "CURTAIN_ACCESSORY"; templateSchema: { ...; }[]; }': category, templateSchema
src/features/products/components/attribute-template-manager.tsx(202,53): error TS2322: Type 'Control<{ category: "CURTAIN" | "WALLPAPER" | "WALLCLOTH" | "MATTRESS" | "OTHER" | "CURTAIN_FABRIC" | "CURTAIN_SHEER" | "CURTAIN_TRACK" | "MOTOR" | "CURTAIN_ACCESSORY"; templateSchema: { ...; }[]; }, any, TFieldValues>' is not assignable to type 'Control<{ category: "CURTAIN" | "WALLPAPER" | "WALLCLOTH" | "MATTRESS" | "OTHER" | "CURTAIN_FABRIC" | "CURTAIN_SHEER" | "CURTAIN_TRACK" | "MOTOR" | "CURTAIN_ACCESSORY"; templateSchema: { ...; }[]; }, any, { ...; }>'.
  The types of '_options.resolver' are incompatible between these types.
    Type 'Resolver<{ category: "CURTAIN" | "WALLPAPER" | "WALLCLOTH" | "MATTRESS" | "OTHER" | "CURTAIN_FABRIC" | "CURTAIN_SHEER" | "CURTAIN_TRACK" | "MOTOR" | "CURTAIN_ACCESSORY"; templateSchema: { ...; }[]; }, any, TFieldValues> | undefined' is not assignable to type 'Resolver<{ category: "CURTAIN" | "WALLPAPER" | "WALLCLOTH" | "MATTRESS" | "OTHER" | "CURTAIN_FABRIC" | "CURTAIN_SHEER" | "CURTAIN_TRACK" | "MOTOR" | "CURTAIN_ACCESSORY"; templateSchema: { ...; }[]; }, any, { ...; }> | undefined'.
      Type 'Resolver<{ category: "CURTAIN" | "WALLPAPER" | "WALLCLOTH" | "MATTRESS" | "OTHER" | "CURTAIN_FABRIC" | "CURTAIN_SHEER" | "CURTAIN_TRACK" | "MOTOR" | "CURTAIN_ACCESSORY"; templateSchema: { ...; }[]; }, any, TFieldValues>' is not assignable to type 'Resolver<{ category: "CURTAIN" | "WALLPAPER" | "WALLCLOTH" | "MATTRESS" | "OTHER" | "CURTAIN_FABRIC" | "CURTAIN_SHEER" | "CURTAIN_TRACK" | "MOTOR" | "CURTAIN_ACCESSORY"; templateSchema: { ...; }[]; }, any, { ...; }>'.
        Type 'ResolverResult<{ category: "CURTAIN" | "WALLPAPER" | "WALLCLOTH" | "MATTRESS" | "OTHER" | "CURTAIN_FABRIC" | "CURTAIN_SHEER" | "CURTAIN_TRACK" | "MOTOR" | "CURTAIN_ACCESSORY"; templateSchema: { ...; }[]; }, TFieldValues> | Promise<...>' is not assignable to type 'ResolverResult<{ category: "CURTAIN" | "WALLPAPER" | "WALLCLOTH" | "MATTRESS" | "OTHER" | "CURTAIN_FABRIC" | "CURTAIN_SHEER" | "CURTAIN_TRACK" | "MOTOR" | "CURTAIN_ACCESSORY"; templateSchema: { ...; }[]; }, { ...; }> | Promise<...>'.
          Type 'ResolverSuccess<TFieldValues>' is not assignable to type 'ResolverResult<{ category: "CURTAIN" | "WALLPAPER" | "WALLCLOTH" | "MATTRESS" | "OTHER" | "CURTAIN_FABRIC" | "CURTAIN_SHEER" | "CURTAIN_TRACK" | "MOTOR" | "CURTAIN_ACCESSORY"; templateSchema: { ...; }[]; }, { ...; }> | Promise<...>'.
            Type 'ResolverSuccess<TFieldValues>' is not assignable to type 'ResolverSuccess<{ category: "CURTAIN" | "WALLPAPER" | "WALLCLOTH" | "MATTRESS" | "OTHER" | "CURTAIN_FABRIC" | "CURTAIN_SHEER" | "CURTAIN_TRACK" | "MOTOR" | "CURTAIN_ACCESSORY"; templateSchema: { ...; }[]; }>'.
              Type 'TFieldValues' is not assignable to type '{ category: "CURTAIN" | "WALLPAPER" | "WALLCLOTH" | "MATTRESS" | "OTHER" | "CURTAIN_FABRIC" | "CURTAIN_SHEER" | "CURTAIN_TRACK" | "MOTOR" | "CURTAIN_ACCESSORY"; templateSchema: { ...; }[]; }'.
                Type 'FieldValues' is missing the following properties from type '{ category: "CURTAIN" | "WALLPAPER" | "WALLCLOTH" | "MATTRESS" | "OTHER" | "CURTAIN_FABRIC" | "CURTAIN_SHEER" | "CURTAIN_TRACK" | "MOTOR" | "CURTAIN_ACCESSORY"; templateSchema: { ...; }[]; }': category, templateSchema
src/features/products/components/attribute-template-manager.tsx(222,49): error TS2322: Type 'Control<{ category: "CURTAIN" | "WALLPAPER" | "WALLCLOTH" | "MATTRESS" | "OTHER" | "CURTAIN_FABRIC" | "CURTAIN_SHEER" | "CURTAIN_TRACK" | "MOTOR" | "CURTAIN_ACCESSORY"; templateSchema: { ...; }[]; }, any, TFieldValues>' is not assignable to type 'Control<{ category: "CURTAIN" | "WALLPAPER" | "WALLCLOTH" | "MATTRESS" | "OTHER" | "CURTAIN_FABRIC" | "CURTAIN_SHEER" | "CURTAIN_TRACK" | "MOTOR" | "CURTAIN_ACCESSORY"; templateSchema: { ...; }[]; }, any, { ...; }>'.
  The types of '_options.resolver' are incompatible between these types.
    Type 'Resolver<{ category: "CURTAIN" | "WALLPAPER" | "WALLCLOTH" | "MATTRESS" | "OTHER" | "CURTAIN_FABRIC" | "CURTAIN_SHEER" | "CURTAIN_TRACK" | "MOTOR" | "CURTAIN_ACCESSORY"; templateSchema: { ...; }[]; }, any, TFieldValues> | undefined' is not assignable to type 'Resolver<{ category: "CURTAIN" | "WALLPAPER" | "WALLCLOTH" | "MATTRESS" | "OTHER" | "CURTAIN_FABRIC" | "CURTAIN_SHEER" | "CURTAIN_TRACK" | "MOTOR" | "CURTAIN_ACCESSORY"; templateSchema: { ...; }[]; }, any, { ...; }> | undefined'.
      Type 'Resolver<{ category: "CURTAIN" | "WALLPAPER" | "WALLCLOTH" | "MATTRESS" | "OTHER" | "CURTAIN_FABRIC" | "CURTAIN_SHEER" | "CURTAIN_TRACK" | "MOTOR" | "CURTAIN_ACCESSORY"; templateSchema: { ...; }[]; }, any, TFieldValues>' is not assignable to type 'Resolver<{ category: "CURTAIN" | "WALLPAPER" | "WALLCLOTH" | "MATTRESS" | "OTHER" | "CURTAIN_FABRIC" | "CURTAIN_SHEER" | "CURTAIN_TRACK" | "MOTOR" | "CURTAIN_ACCESSORY"; templateSchema: { ...; }[]; }, any, { ...; }>'.
        Type 'ResolverResult<{ category: "CURTAIN" | "WALLPAPER" | "WALLCLOTH" | "MATTRESS" | "OTHER" | "CURTAIN_FABRIC" | "CURTAIN_SHEER" | "CURTAIN_TRACK" | "MOTOR" | "CURTAIN_ACCESSORY"; templateSchema: { ...; }[]; }, TFieldValues> | Promise<...>' is not assignable to type 'ResolverResult<{ category: "CURTAIN" | "WALLPAPER" | "WALLCLOTH" | "MATTRESS" | "OTHER" | "CURTAIN_FABRIC" | "CURTAIN_SHEER" | "CURTAIN_TRACK" | "MOTOR" | "CURTAIN_ACCESSORY"; templateSchema: { ...; }[]; }, { ...; }> | Promise<...>'.
          Type 'ResolverSuccess<TFieldValues>' is not assignable to type 'ResolverResult<{ category: "CURTAIN" | "WALLPAPER" | "WALLCLOTH" | "MATTRESS" | "OTHER" | "CURTAIN_FABRIC" | "CURTAIN_SHEER" | "CURTAIN_TRACK" | "MOTOR" | "CURTAIN_ACCESSORY"; templateSchema: { ...; }[]; }, { ...; }> | Promise<...>'.
            Type 'ResolverSuccess<TFieldValues>' is not assignable to type 'ResolverSuccess<{ category: "CURTAIN" | "WALLPAPER" | "WALLCLOTH" | "MATTRESS" | "OTHER" | "CURTAIN_FABRIC" | "CURTAIN_SHEER" | "CURTAIN_TRACK" | "MOTOR" | "CURTAIN_ACCESSORY"; templateSchema: { ...; }[]; }>'.
              Type 'TFieldValues' is not assignable to type '{ category: "CURTAIN" | "WALLPAPER" | "WALLCLOTH" | "MATTRESS" | "OTHER" | "CURTAIN_FABRIC" | "CURTAIN_SHEER" | "CURTAIN_TRACK" | "MOTOR" | "CURTAIN_ACCESSORY"; templateSchema: { ...; }[]; }'.
                Type 'FieldValues' is missing the following properties from type '{ category: "CURTAIN" | "WALLPAPER" | "WALLCLOTH" | "MATTRESS" | "OTHER" | "CURTAIN_FABRIC" | "CURTAIN_SHEER" | "CURTAIN_TRACK" | "MOTOR" | "CURTAIN_ACCESSORY"; templateSchema: { ...; }[]; }': category, templateSchema
src/features/products/components/product-form-dialog.tsx(44,21): error TS2322: Type 'Product | undefined' is not assignable to type '(Partial<ProductFormValues> & { specs?: Record<string, any> | undefined; }) | undefined'.
  Type 'Product' is not assignable to type 'Partial<ProductFormValues> & { specs?: Record<string, any> | undefined; }'.
    Type 'Product' is not assignable to type 'Partial<ProductFormValues>'.
      Types of property 'defaultSupplierId' are incompatible.
        Type 'string | null | undefined' is not assignable to type 'string | undefined'.
          Type 'null' is not assignable to type 'string | undefined'.
src/features/products/components/product-import-dialog.tsx(4,10): error TS2305: Module '"@/shared/components/excel-import"' has no exported member 'ExcelImportDialog'.
src/features/products/components/product-import-dialog.tsx(5,10): error TS2305: Module '"../import-config"' has no exported member 'productImportConfig'.
src/features/products/components/product-import-dialog.tsx(5,36): error TS2305: Module '"../import-config"' has no exported member 'ProductImportItem'.
src/features/products/components/product-supplier-manager.tsx(108,9): error TS2322: Type 'Resolver<{ supplierId: string; purchasePrice: unknown; leadTimeDays: unknown; isDefault?: boolean | undefined; }, any, { supplierId: string; purchasePrice: number; leadTimeDays: number; isDefault: boolean; }>' is not assignable to type 'Resolver<{ supplierId: string; purchasePrice: number; leadTimeDays: number; isDefault: boolean; }, any, { supplierId: string; purchasePrice: number; leadTimeDays: number; isDefault: boolean; }>'.
  Types of parameters 'options' and 'options' are incompatible.
    Type 'ResolverOptions<{ supplierId: string; purchasePrice: number; leadTimeDays: number; isDefault: boolean; }>' is not assignable to type 'ResolverOptions<{ supplierId: string; purchasePrice: unknown; leadTimeDays: unknown; isDefault?: boolean | undefined; }>'.
      Type 'unknown' is not assignable to type 'number'.
src/features/products/components/product-supplier-manager.tsx(165,63): error TS2345: Argument of type '(values: AddSupplierFormValues) => Promise<void>' is not assignable to parameter of type 'SubmitHandler<TFieldValues>'.
  Types of parameters 'values' and 'data' are incompatible.
    Type 'TFieldValues' is not assignable to type '{ supplierId: string; purchasePrice: number; leadTimeDays: number; isDefault: boolean; }'.
      Type 'FieldValues' is missing the following properties from type '{ supplierId: string; purchasePrice: number; leadTimeDays: number; isDefault: boolean; }': supplierId, purchasePrice, leadTimeDays, isDefault
src/features/products/components/product-supplier-manager.tsx(167,37): error TS2322: Type 'Control<{ supplierId: string; purchasePrice: number; leadTimeDays: number; isDefault: boolean; }, any, TFieldValues>' is not assignable to type 'Control<{ supplierId: string; purchasePrice: number; leadTimeDays: number; isDefault: boolean; }, any, { supplierId: string; purchasePrice: number; leadTimeDays: number; isDefault: boolean; }>'.
  The types of '_options.resolver' are incompatible between these types.
    Type 'Resolver<{ supplierId: string; purchasePrice: number; leadTimeDays: number; isDefault: boolean; }, any, TFieldValues> | undefined' is not assignable to type 'Resolver<{ supplierId: string; purchasePrice: number; leadTimeDays: number; isDefault: boolean; }, any, { supplierId: string; purchasePrice: number; leadTimeDays: number; isDefault: boolean; }> | undefined'.
      Type 'Resolver<{ supplierId: string; purchasePrice: number; leadTimeDays: number; isDefault: boolean; }, any, TFieldValues>' is not assignable to type 'Resolver<{ supplierId: string; purchasePrice: number; leadTimeDays: number; isDefault: boolean; }, any, { supplierId: string; purchasePrice: number; leadTimeDays: number; isDefault: boolean; }>'.
        Type 'ResolverResult<{ supplierId: string; purchasePrice: number; leadTimeDays: number; isDefault: boolean; }, TFieldValues> | Promise<ResolverResult<{ supplierId: string; purchasePrice: number; leadTimeDays: number; isDefault: boolean; }, TFieldValues>>' is not assignable to type 'ResolverResult<{ supplierId: string; purchasePrice: number; leadTimeDays: number; isDefault: boolean; }, { supplierId: string; purchasePrice: number; leadTimeDays: number; isDefault: boolean; }> | Promise<...>'.
          Type 'ResolverSuccess<TFieldValues>' is not assignable to type 'ResolverResult<{ supplierId: string; purchasePrice: number; leadTimeDays: number; isDefault: boolean; }, { supplierId: string; purchasePrice: number; leadTimeDays: number; isDefault: boolean; }> | Promise<...>'.
            Type 'ResolverSuccess<TFieldValues>' is not assignable to type 'ResolverSuccess<{ supplierId: string; purchasePrice: number; leadTimeDays: number; isDefault: boolean; }>'.
              Type 'TFieldValues' is not assignable to type '{ supplierId: string; purchasePrice: number; leadTimeDays: number; isDefault: boolean; }'.
                Type 'FieldValues' is missing the following properties from type '{ supplierId: string; purchasePrice: number; leadTimeDays: number; isDefault: boolean; }': supplierId, purchasePrice, leadTimeDays, isDefault
src/features/products/components/product-supplier-manager.tsx(192,41): error TS2322: Type 'Control<{ supplierId: string; purchasePrice: number; leadTimeDays: number; isDefault: boolean; }, any, TFieldValues>' is not assignable to type 'Control<{ supplierId: string; purchasePrice: number; leadTimeDays: number; isDefault: boolean; }, any, { supplierId: string; purchasePrice: number; leadTimeDays: number; isDefault: boolean; }>'.
  The types of '_options.resolver' are incompatible between these types.
    Type 'Resolver<{ supplierId: string; purchasePrice: number; leadTimeDays: number; isDefault: boolean; }, any, TFieldValues> | undefined' is not assignable to type 'Resolver<{ supplierId: string; purchasePrice: number; leadTimeDays: number; isDefault: boolean; }, any, { supplierId: string; purchasePrice: number; leadTimeDays: number; isDefault: boolean; }> | undefined'.
      Type 'Resolver<{ supplierId: string; purchasePrice: number; leadTimeDays: number; isDefault: boolean; }, any, TFieldValues>' is not assignable to type 'Resolver<{ supplierId: string; purchasePrice: number; leadTimeDays: number; isDefault: boolean; }, any, { supplierId: string; purchasePrice: number; leadTimeDays: number; isDefault: boolean; }>'.
        Type 'ResolverResult<{ supplierId: string; purchasePrice: number; leadTimeDays: number; isDefault: boolean; }, TFieldValues> | Promise<ResolverResult<{ supplierId: string; purchasePrice: number; leadTimeDays: number; isDefault: boolean; }, TFieldValues>>' is not assignable to type 'ResolverResult<{ supplierId: string; purchasePrice: number; leadTimeDays: number; isDefault: boolean; }, { supplierId: string; purchasePrice: number; leadTimeDays: number; isDefault: boolean; }> | Promise<...>'.
          Type 'ResolverSuccess<TFieldValues>' is not assignable to type 'ResolverResult<{ supplierId: string; purchasePrice: number; leadTimeDays: number; isDefault: boolean; }, { supplierId: string; purchasePrice: number; leadTimeDays: number; isDefault: boolean; }> | Promise<...>'.
            Type 'ResolverSuccess<TFieldValues>' is not assignable to type 'ResolverSuccess<{ supplierId: string; purchasePrice: number; leadTimeDays: number; isDefault: boolean; }>'.
              Type 'TFieldValues' is not assignable to type '{ supplierId: string; purchasePrice: number; leadTimeDays: number; isDefault: boolean; }'.
                Type 'FieldValues' is missing the following properties from type '{ supplierId: string; purchasePrice: number; leadTimeDays: number; isDefault: boolean; }': supplierId, purchasePrice, leadTimeDays, isDefault
src/features/products/components/product-supplier-manager.tsx(205,41): error TS2322: Type 'Control<{ supplierId: string; purchasePrice: number; leadTimeDays: number; isDefault: boolean; }, any, TFieldValues>' is not assignable to type 'Control<{ supplierId: string; purchasePrice: number; leadTimeDays: number; isDefault: boolean; }, any, { supplierId: string; purchasePrice: number; leadTimeDays: number; isDefault: boolean; }>'.
  The types of '_options.resolver' are incompatible between these types.
    Type 'Resolver<{ supplierId: string; purchasePrice: number; leadTimeDays: number; isDefault: boolean; }, any, TFieldValues> | undefined' is not assignable to type 'Resolver<{ supplierId: string; purchasePrice: number; leadTimeDays: number; isDefault: boolean; }, any, { supplierId: string; purchasePrice: number; leadTimeDays: number; isDefault: boolean; }> | undefined'.
      Type 'Resolver<{ supplierId: string; purchasePrice: number; leadTimeDays: number; isDefault: boolean; }, any, TFieldValues>' is not assignable to type 'Resolver<{ supplierId: string; purchasePrice: number; leadTimeDays: number; isDefault: boolean; }, any, { supplierId: string; purchasePrice: number; leadTimeDays: number; isDefault: boolean; }>'.
        Type 'ResolverResult<{ supplierId: string; purchasePrice: number; leadTimeDays: number; isDefault: boolean; }, TFieldValues> | Promise<ResolverResult<{ supplierId: string; purchasePrice: number; leadTimeDays: number; isDefault: boolean; }, TFieldValues>>' is not assignable to type 'ResolverResult<{ supplierId: string; purchasePrice: number; leadTimeDays: number; isDefault: boolean; }, { supplierId: string; purchasePrice: number; leadTimeDays: number; isDefault: boolean; }> | Promise<...>'.
          Type 'ResolverSuccess<TFieldValues>' is not assignable to type 'ResolverResult<{ supplierId: string; purchasePrice: number; leadTimeDays: number; isDefault: boolean; }, { supplierId: string; purchasePrice: number; leadTimeDays: number; isDefault: boolean; }> | Promise<...>'.
            Type 'ResolverSuccess<TFieldValues>' is not assignable to type 'ResolverSuccess<{ supplierId: string; purchasePrice: number; leadTimeDays: number; isDefault: boolean; }>'.
              Type 'TFieldValues' is not assignable to type '{ supplierId: string; purchasePrice: number; leadTimeDays: number; isDefault: boolean; }'.
                Type 'FieldValues' is missing the following properties from type '{ supplierId: string; purchasePrice: number; leadTimeDays: number; isDefault: boolean; }': supplierId, purchasePrice, leadTimeDays, isDefault
src/features/products/components/product-supplier-manager.tsx(219,37): error TS2322: Type 'Control<{ supplierId: string; purchasePrice: number; leadTimeDays: number; isDefault: boolean; }, any, TFieldValues>' is not assignable to type 'Control<{ supplierId: string; purchasePrice: number; leadTimeDays: number; isDefault: boolean; }, any, { supplierId: string; purchasePrice: number; leadTimeDays: number; isDefault: boolean; }>'.
  The types of '_options.resolver' are incompatible between these types.
    Type 'Resolver<{ supplierId: string; purchasePrice: number; leadTimeDays: number; isDefault: boolean; }, any, TFieldValues> | undefined' is not assignable to type 'Resolver<{ supplierId: string; purchasePrice: number; leadTimeDays: number; isDefault: boolean; }, any, { supplierId: string; purchasePrice: number; leadTimeDays: number; isDefault: boolean; }> | undefined'.
      Type 'Resolver<{ supplierId: string; purchasePrice: number; leadTimeDays: number; isDefault: boolean; }, any, TFieldValues>' is not assignable to type 'Resolver<{ supplierId: string; purchasePrice: number; leadTimeDays: number; isDefault: boolean; }, any, { supplierId: string; purchasePrice: number; leadTimeDays: number; isDefault: boolean; }>'.
        Type 'ResolverResult<{ supplierId: string; purchasePrice: number; leadTimeDays: number; isDefault: boolean; }, TFieldValues> | Promise<ResolverResult<{ supplierId: string; purchasePrice: number; leadTimeDays: number; isDefault: boolean; }, TFieldValues>>' is not assignable to type 'ResolverResult<{ supplierId: string; purchasePrice: number; leadTimeDays: number; isDefault: boolean; }, { supplierId: string; purchasePrice: number; leadTimeDays: number; isDefault: boolean; }> | Promise<...>'.
          Type 'ResolverSuccess<TFieldValues>' is not assignable to type 'ResolverResult<{ supplierId: string; purchasePrice: number; leadTimeDays: number; isDefault: boolean; }, { supplierId: string; purchasePrice: number; leadTimeDays: number; isDefault: boolean; }> | Promise<...>'.
            Type 'ResolverSuccess<TFieldValues>' is not assignable to type 'ResolverSuccess<{ supplierId: string; purchasePrice: number; leadTimeDays: number; isDefault: boolean; }>'.
              Type 'TFieldValues' is not assignable to type '{ supplierId: string; purchasePrice: number; leadTimeDays: number; isDefault: boolean; }'.
                Type 'FieldValues' is missing the following properties from type '{ supplierId: string; purchasePrice: number; leadTimeDays: number; isDefault: boolean; }': supplierId, purchasePrice, leadTimeDays, isDefault
src/features/products/index.ts(3,15): error TS2724: '"@/shared/api/schema"' has no exported member named 'ProductCategory'. Did you mean 'productCategoryEnum'?
src/features/quotes/__tests__/actions.test.ts(5,26): error TS2307: Cannot find module '../actions' or its corresponding type declarations.
src/features/quotes/__tests__/aggregation.test.ts(28,37): error TS18046: 'db' is of type 'unknown'.
src/features/quotes/__tests__/aggregation.test.ts(45,42): error TS2307: Cannot find module '../actions' or its corresponding type declarations.
src/features/quotes/__tests__/aggregation.test.ts(51,36): error TS18046: 'db' is of type 'unknown'.
src/features/quotes/__tests__/aggregation.test.ts(57,32): error TS18046: 'db' is of type 'unknown'.
src/features/quotes/__tests__/aggregation.test.ts(95,42): error TS2345: Argument of type '{ id: string; }' is not assignable to parameter of type 'string'.
src/features/quotes/__tests__/aggregation.test.ts(96,23): error TS18046: 'b.data' is of type 'unknown'.
src/features/quotes/__tests__/aggregation.test.ts(97,23): error TS18046: 'b.data' is of type 'unknown'.
src/features/quotes/__tests__/aggregation.test.ts(114,38): error TS2345: Argument of type '{ id: string; }' is not assignable to parameter of type 'string'.
src/features/quotes/__tests__/aggregation.test.ts(115,23): error TS18046: 'b.data' is of type 'unknown'.
src/features/quotes/__tests__/aggregation.test.ts(116,23): error TS18046: 'b.data' is of type 'unknown'.
src/features/quotes/__tests__/bundle-flow.test.ts(18,42): error TS2307: Cannot find module '../actions' or its corresponding type declarations.
src/features/quotes/__tests__/bundle-flow.test.ts(19,43): error TS2307: Cannot find module '../actions' or its corresponding type declarations.
src/features/quotes/__tests__/bundle-flow.test.ts(20,36): error TS2307: Cannot find module '../actions' or its corresponding type declarations.
src/features/quotes/__tests__/bundle-flow.test.ts(58,42): error TS2307: Cannot find module '../actions' or its corresponding type declarations.
src/features/quotes/__tests__/bundle-flow.test.ts(65,24): error TS2322: Type '(c: typeof import("@/shared/api/schema").customers, { eq }: { eq: typeof import("drizzle-orm").eq; }) => SQL<unknown>' is not assignable to type 'SQL<unknown> | ((fields: { id: PgColumn<{ name: "id"; tableName: "customers"; dataType: "string"; columnType: "PgUUID"; data: string; driverParam: string; notNull: true; hasDefault: true; isPrimaryKey: true; ... 5 more ...; generated: undefined; }, {}, {}>; ... 30 more ...; deletedAt: PgColumn<...>; }, operators: { ...'.
  Type '(c: typeof import("@/shared/api/schema").customers, { eq }: { eq: typeof import("drizzle-orm").eq; }) => SQL<unknown>' is not assignable to type '(fields: { id: PgColumn<{ name: "id"; tableName: "customers"; dataType: "string"; columnType: "PgUUID"; data: string; driverParam: string; notNull: true; hasDefault: true; isPrimaryKey: true; isAutoincrement: false; ... 4 more ...; generated: undefined; }, {}, {}>; ... 30 more ...; deletedAt: PgColumn<...>; }, opera...'.
    Types of parameters 'c' and 'fields' are incompatible.
      Type '{ id: PgColumn<{ name: "id"; tableName: "customers"; dataType: "string"; columnType: "PgUUID"; data: string; driverParam: string; notNull: true; hasDefault: true; isPrimaryKey: true; isAutoincrement: false; ... 4 more ...; generated: undefined; }, {}, {}>; ... 30 more ...; deletedAt: PgColumn<...>; }' is not assignable to type 'PgTableWithColumns<{ name: "customers"; schema: undefined; columns: { id: PgColumn<{ name: "id"; tableName: "customers"; dataType: "string"; columnType: "PgUUID"; data: string; driverParam: string; notNull: true; hasDefault: true; ... 6 more ...; generated: undefined; }, {}, {}>; ... 30 more ...; deletedAt: PgColumn...'.
        Type '{ id: PgColumn<{ name: "id"; tableName: "customers"; dataType: "string"; columnType: "PgUUID"; data: string; driverParam: string; notNull: true; hasDefault: true; isPrimaryKey: true; isAutoincrement: false; ... 4 more ...; generated: undefined; }, {}, {}>; ... 30 more ...; deletedAt: PgColumn<...>; }' is missing the following properties from type 'PgTable<{ name: "customers"; schema: undefined; columns: { id: PgColumn<{ name: "id"; tableName: "customers"; dataType: "string"; columnType: "PgUUID"; data: string; driverParam: string; notNull: true; hasDefault: true; ... 6 more ...; generated: undefined; }, {}, {}>; ... 30 more ...; deletedAt: PgColumn<...>; }; d...': _, $inferSelect, $inferInsert, getSQL
src/features/quotes/__tests__/bundle-flow.test.ts(72,17): error TS2322: Type 'string | undefined' is not assignable to type 'string'.
  Type 'undefined' is not assignable to type 'string'.
src/features/quotes/__tests__/bundle-flow.test.ts(77,24): error TS2322: Type '(l: typeof import("@/shared/api/schema").leads, { eq }: { eq: typeof import("drizzle-orm").eq; }) => SQL<unknown>' is not assignable to type 'SQL<unknown> | ((fields: { id: PgColumn<{ name: "id"; tableName: "leads"; dataType: "string"; columnType: "PgUUID"; data: string; driverParam: string; notNull: true; hasDefault: true; isPrimaryKey: true; isAutoincrement: false; ... 4 more ...; generated: undefined; }, {}, {}>; ... 35 more ...; updatedAt: PgColumn<.....'.
  Type '(l: typeof import("@/shared/api/schema").leads, { eq }: { eq: typeof import("drizzle-orm").eq; }) => SQL<unknown>' is not assignable to type '(fields: { id: PgColumn<{ name: "id"; tableName: "leads"; dataType: "string"; columnType: "PgUUID"; data: string; driverParam: string; notNull: true; hasDefault: true; isPrimaryKey: true; isAutoincrement: false; ... 4 more ...; generated: undefined; }, {}, {}>; ... 35 more ...; updatedAt: PgColumn<...>; }, operators...'.
    Types of parameters 'l' and 'fields' are incompatible.
      Type '{ id: PgColumn<{ name: "id"; tableName: "leads"; dataType: "string"; columnType: "PgUUID"; data: string; driverParam: string; notNull: true; hasDefault: true; isPrimaryKey: true; isAutoincrement: false; ... 4 more ...; generated: undefined; }, {}, {}>; ... 35 more ...; updatedAt: PgColumn<...>; }' is not assignable to type 'PgTableWithColumns<{ name: "leads"; schema: undefined; columns: { id: PgColumn<{ name: "id"; tableName: "leads"; dataType: "string"; columnType: "PgUUID"; data: string; driverParam: string; notNull: true; hasDefault: true; ... 6 more ...; generated: undefined; }, {}, {}>; ... 35 more ...; updatedAt: PgColumn<...>; }...'.
        Type '{ id: PgColumn<{ name: "id"; tableName: "leads"; dataType: "string"; columnType: "PgUUID"; data: string; driverParam: string; notNull: true; hasDefault: true; isPrimaryKey: true; isAutoincrement: false; ... 4 more ...; generated: undefined; }, {}, {}>; ... 35 more ...; updatedAt: PgColumn<...>; }' is missing the following properties from type 'PgTable<{ name: "leads"; schema: undefined; columns: { id: PgColumn<{ name: "id"; tableName: "leads"; dataType: "string"; columnType: "PgUUID"; data: string; driverParam: string; notNull: true; hasDefault: true; ... 6 more ...; generated: undefined; }, {}, {}>; ... 35 more ...; updatedAt: PgColumn<...>; }; dialect: ...': _, $inferSelect, $inferInsert, getSQL
src/features/quotes/__tests__/quick-quote.test.ts(126,34): error TS2307: Cannot find module '../actions' or its corresponding type declarations.
src/features/quotes/__tests__/quote-to-measure.test.ts(35,40): error TS2307: Cannot find module '../../actions/measure-actions' or its corresponding type declarations.
src/features/quotes/action-schemas.ts(2,10): error TS2724: '"./constants"' has no exported member named 'productCategorySchema'. Did you mean 'ProductCategory'?
src/features/quotes/actions/measure-integration.ts(26,27): error TS2339: Property 'users' does not exist on type 'typeof import("C:/Users/bigey/Documents/Antigravity/L2C/src/shared/api/schema/service")'.
src/features/quotes/actions/measure-integration.ts(31,9): error TS2769: No overload matches this call.
  Overload 2 of 2, '(values: { tenantId: string | SQL<unknown> | Placeholder<string, any>; customerId: string | SQL<unknown> | Placeholder<string, any>; leadId: string | SQL<unknown> | Placeholder<...>; ... 17 more ...; feeApprovalId?: string | ... 3 more ... | undefined; }[]): PgInsertBase<...>', gave the following error.
    Object literal may only specify known properties, and 'measureNo' does not exist in type '{ tenantId: string | SQL<unknown> | Placeholder<string, any>; customerId: string | SQL<unknown> | Placeholder<string, any>; leadId: string | SQL<unknown> | Placeholder<...>; ... 17 more ...; feeApprovalId?: string | ... 3 more ... | undefined; }[]'.
src/features/quotes/actions/mutations.ts(517,53): error TS2552: Cannot find name 'rejectQuoteDiscountSchema'. Did you mean 'rejectQuoteDiscount'?
src/features/quotes/actions/mutations.ts(521,40): error TS18046: 'data' is of type 'unknown'.
src/features/quotes/actions/mutations.ts(521,49): error TS18046: 'data' is of type 'unknown'.
src/features/quotes/actions/mutations.ts(523,31): error TS18046: 'data' is of type 'unknown'.
src/features/quotes/calc-strategies/__tests__/curtain-strategy.test.ts(4,1): error TS2582: Cannot find name 'describe'. Do you need to install type definitions for a test runner? Try `npm i --save-dev @types/jest` or `npm i --save-dev @types/mocha`.
src/features/quotes/calc-strategies/__tests__/curtain-strategy.test.ts(7,5): error TS2304: Cannot find name 'beforeEach'.
src/features/quotes/calc-strategies/__tests__/curtain-strategy.test.ts(23,5): error TS2582: Cannot find name 'test'. Do you need to install type definitions for a test runner? Try `npm i --save-dev @types/jest` or `npm i --save-dev @types/mocha`.
src/features/quotes/calc-strategies/__tests__/curtain-strategy.test.ts(34,9): error TS2304: Cannot find name 'expect'.
src/features/quotes/calc-strategies/__tests__/curtain-strategy.test.ts(35,9): error TS2304: Cannot find name 'expect'.
src/features/quotes/calc-strategies/__tests__/curtain-strategy.test.ts(36,9): error TS2304: Cannot find name 'expect'.
src/features/quotes/calc-strategies/__tests__/curtain-strategy.test.ts(42,5): error TS2582: Cannot find name 'test'. Do you need to install type definitions for a test runner? Try `npm i --save-dev @types/jest` or `npm i --save-dev @types/mocha`.
src/features/quotes/calc-strategies/__tests__/curtain-strategy.test.ts(52,9): error TS2304: Cannot find name 'expect'.
src/features/quotes/calc-strategies/__tests__/curtain-strategy.test.ts(53,9): error TS2304: Cannot find name 'expect'.
src/features/quotes/calc-strategies/__tests__/curtain-strategy.test.ts(62,5): error TS2582: Cannot find name 'test'. Do you need to install type definitions for a test runner? Try `npm i --save-dev @types/jest` or `npm i --save-dev @types/mocha`.
src/features/quotes/calc-strategies/__tests__/curtain-strategy.test.ts(73,9): error TS2304: Cannot find name 'expect'.
src/features/quotes/calc-strategies/__tests__/curtain-strategy.test.ts(74,9): error TS2304: Cannot find name 'expect'.
src/features/quotes/calc-strategies/__tests__/curtain-strategy.test.ts(80,5): error TS2582: Cannot find name 'test'. Do you need to install type definitions for a test runner? Try `npm i --save-dev @types/jest` or `npm i --save-dev @types/mocha`.
src/features/quotes/calc-strategies/__tests__/curtain-strategy.test.ts(91,9): error TS2304: Cannot find name 'expect'.
src/features/quotes/calc-strategies/__tests__/curtain-strategy.test.ts(92,9): error TS2304: Cannot find name 'expect'.
src/features/quotes/calc-strategies/__tests__/wallpaper-strategy.test.ts(78,20): error TS18048: 'result.details' is possibly 'undefined'.
src/features/quotes/calc-strategies/__tests__/wallpaper-strategy.test.ts(100,20): error TS18048: 'result.details' is possibly 'undefined'.
src/features/quotes/calc-strategies/__tests__/wallpaper-strategy.test.ts(156,20): error TS18048: 'result.details' is possibly 'undefined'.
src/features/quotes/calc-strategies/__tests__/wallpaper-strategy.test.ts(157,20): error TS18048: 'result.details' is possibly 'undefined'.
src/features/quotes/components/create-wizard/types.ts(2,15): error TS2305: Module '"../../logic/attachment-calc"' has no exported member 'AttachmentItem'.
src/features/quotes/components/measure-data-import-dialog.tsx(22,27): error TS2307: Cannot find module 'next-safe-action/hooks' or its corresponding type declarations.
src/features/quotes/components/quote-detail.tsx(130,63): error TS2345: Argument of type '{ id: any; rejectReason: string; }' is not assignable to parameter of type '{ id: string; tenantId: string; rejectReason: string; rejectedBy?: string | undefined; }'.
  Property 'tenantId' is missing in type '{ id: any; rejectReason: string; }' but required in type '{ id: string; tenantId: string; rejectReason: string; rejectedBy?: string | undefined; }'.
src/features/quotes/components/quote-space-accordion.tsx(13,34): error TS2322: Type '{ children: Element; type: "single"; collapsible: true; }' is not assignable to type 'IntrinsicAttributes & Omit<DetailedHTMLProps<HTMLAttributes<HTMLDivElement>, HTMLDivElement>, "ref"> & { ...; } & RefAttributes<...>'.
  Property 'collapsible' does not exist on type 'IntrinsicAttributes & Omit<DetailedHTMLProps<HTMLAttributes<HTMLDivElement>, HTMLDivElement>, "ref"> & { ...; } & RefAttributes<...>'.
src/features/quotes/components/quote-to-order-button.tsx(33,28): error TS2339: Property 'success' does not exist on type '{ id: string; createdAt: Date | null; updatedAt: Date | null; tenantId: string; remark: string | null; createdBy: string | null; totalAmount: string | null; deletedAt: Date | null; ... 22 more ...; closedAt: Date | null; }'.
src/features/quotes/components/quote-to-order-button.tsx(33,46): error TS2339: Property 'data' does not exist on type '{ id: string; createdAt: Date | null; updatedAt: Date | null; tenantId: string; remark: string | null; createdBy: string | null; totalAmount: string | null; deletedAt: Date | null; ... 22 more ...; closedAt: Date | null; }'.
src/features/quotes/components/quote-to-order-button.tsx(34,48): error TS2339: Property 'data' does not exist on type '{ id: string; createdAt: Date | null; updatedAt: Date | null; tenantId: string; remark: string | null; createdBy: string | null; totalAmount: string | null; deletedAt: Date | null; ... 22 more ...; closedAt: Date | null; }'.
src/features/quotes/components/quote-to-order-button.tsx(35,51): error TS2339: Property 'data' does not exist on type '{ id: string; createdAt: Date | null; updatedAt: Date | null; tenantId: string; remark: string | null; createdBy: string | null; totalAmount: string | null; deletedAt: Date | null; ... 22 more ...; closedAt: Date | null; }'.
src/features/quotes/index.ts(4,15): error TS2307: Cannot find module './actions' or its corresponding type declarations.
src/features/quotes/logic/__tests__/curtain-calc-engine.test.ts(154,17): error TS2322: Type '"LEFT_SINGLE"' is not assignable to type '"SINGLE" | "DOUBLE"'.
src/features/quotes/logic/__tests__/curtain-calc-engine.test.ts(184,17): error TS2322: Type '"LEFT_SINGLE"' is not assignable to type '"SINGLE" | "DOUBLE"'.
src/features/quotes/logic/__tests__/quote-version-compare.test.ts(4,1): error TS2582: Cannot find name 'describe'. Do you need to install type definitions for a test runner? Try `npm i --save-dev @types/jest` or `npm i --save-dev @types/mocha`.
src/features/quotes/logic/__tests__/quote-version-compare.test.ts(19,5): error TS2582: Cannot find name 'it'. Do you need to install type definitions for a test runner? Try `npm i --save-dev @types/jest` or `npm i --save-dev @types/mocha`.
src/features/quotes/logic/__tests__/quote-version-compare.test.ts(20,35): error TS2345: Argument of type 'import("C:/Users/bigey/Documents/Antigravity/L2C/src/features/quotes/types").ExtendedItem' is not assignable to parameter of type 'import("C:/Users/bigey/Documents/Antigravity/L2C/src/features/quotes/logic/compare-utils").ExtendedItem'.
  Types of property 'attachments' are incompatible.
    Type 'AttachmentItem[] | undefined' is not assignable to type '{ id: string; url: string; }[] | undefined'.
      Type 'AttachmentItem[]' is not assignable to type '{ id: string; url: string; }[]'.
        Property 'url' is missing in type 'AttachmentItem' but required in type '{ id: string; url: string; }'.
src/features/quotes/logic/__tests__/quote-version-compare.test.ts(21,9): error TS2304: Cannot find name 'expect'.
src/features/quotes/logic/__tests__/quote-version-compare.test.ts(22,9): error TS2304: Cannot find name 'expect'.
src/features/quotes/logic/__tests__/quote-version-compare.test.ts(25,5): error TS2582: Cannot find name 'it'. Do you need to install type definitions for a test runner? Try `npm i --save-dev @types/jest` or `npm i --save-dev @types/mocha`.
src/features/quotes/logic/__tests__/quote-version-compare.test.ts(31,35): error TS2345: Argument of type 'import("C:/Users/bigey/Documents/Antigravity/L2C/src/features/quotes/types").ExtendedItem' is not assignable to parameter of type 'import("C:/Users/bigey/Documents/Antigravity/L2C/src/features/quotes/logic/compare-utils").ExtendedItem'.
  Types of property 'attachments' are incompatible.
    Type 'AttachmentItem[] | undefined' is not assignable to type '{ id: string; url: string; }[] | undefined'.
      Type 'AttachmentItem[]' is not assignable to type '{ id: string; url: string; }[]'.
        Property 'url' is missing in type 'AttachmentItem' but required in type '{ id: string; url: string; }'.
src/features/quotes/logic/__tests__/quote-version-compare.test.ts(33,9): error TS2304: Cannot find name 'expect'.
src/features/quotes/logic/__tests__/quote-version-compare.test.ts(34,9): error TS2304: Cannot find name 'expect'.
src/features/quotes/logic/__tests__/quote-version-compare.test.ts(35,9): error TS2304: Cannot find name 'expect'.
src/features/quotes/logic/__tests__/quote-version-compare.test.ts(36,9): error TS2304: Cannot find name 'expect'.
src/features/quotes/logic/__tests__/quote-version-compare.test.ts(37,9): error TS2304: Cannot find name 'expect'.
src/features/quotes/logic/__tests__/quote-version-compare.test.ts(40,5): error TS2582: Cannot find name 'it'. Do you need to install type definitions for a test runner? Try `npm i --save-dev @types/jest` or `npm i --save-dev @types/mocha`.
src/features/quotes/logic/__tests__/quote-version-compare.test.ts(48,35): error TS2345: Argument of type 'import("C:/Users/bigey/Documents/Antigravity/L2C/src/features/quotes/types").ExtendedItem' is not assignable to parameter of type 'import("C:/Users/bigey/Documents/Antigravity/L2C/src/features/quotes/logic/compare-utils").ExtendedItem'.
  Types of property 'attachments' are incompatible.
    Type 'AttachmentItem[] | undefined' is not assignable to type '{ id: string; url: string; }[] | undefined'.
      Type 'AttachmentItem[]' is not assignable to type '{ id: string; url: string; }[]'.
        Property 'url' is missing in type 'AttachmentItem' but required in type '{ id: string; url: string; }'.
src/features/quotes/logic/__tests__/quote-version-compare.test.ts(50,9): error TS2304: Cannot find name 'expect'.
src/features/quotes/logic/__tests__/quote-version-compare.test.ts(51,9): error TS2304: Cannot find name 'expect'.
src/features/quotes/logic/__tests__/quote-version-compare.test.ts(52,9): error TS2304: Cannot find name 'expect'.
src/features/quotes/logic/__tests__/quote-version-compare.test.ts(53,9): error TS2304: Cannot find name 'expect'.
src/features/quotes/logic/__tests__/quote-version-compare.test.ts(56,5): error TS2582: Cannot find name 'it'. Do you need to install type definitions for a test runner? Try `npm i --save-dev @types/jest` or `npm i --save-dev @types/mocha`.
src/features/quotes/logic/__tests__/quote-version-compare.test.ts(61,35): error TS2345: Argument of type 'import("C:/Users/bigey/Documents/Antigravity/L2C/src/features/quotes/types").ExtendedItem' is not assignable to parameter of type 'import("C:/Users/bigey/Documents/Antigravity/L2C/src/features/quotes/logic/compare-utils").ExtendedItem'.
  Types of property 'attachments' are incompatible.
    Type 'AttachmentItem[] | undefined' is not assignable to type '{ id: string; url: string; }[] | undefined'.
      Type 'AttachmentItem[]' is not assignable to type '{ id: string; url: string; }[]'.
        Property 'url' is missing in type 'AttachmentItem' but required in type '{ id: string; url: string; }'.
src/features/quotes/logic/__tests__/quote-version-compare.test.ts(65,9): error TS2304: Cannot find name 'expect'.
src/features/quotes/logic/__tests__/quote-version-compare.test.ts(66,9): error TS2304: Cannot find name 'expect'.
src/features/quotes/logic/__tests__/quote-version-compare.test.ts(69,5): error TS2582: Cannot find name 'it'. Do you need to install type definitions for a test runner? Try `npm i --save-dev @types/jest` or `npm i --save-dev @types/mocha`.
src/features/quotes/logic/__tests__/quote-version-compare.test.ts(73,35): error TS2345: Argument of type 'import("C:/Users/bigey/Documents/Antigravity/L2C/src/features/quotes/types").ExtendedItem' is not assignable to parameter of type 'import("C:/Users/bigey/Documents/Antigravity/L2C/src/features/quotes/logic/compare-utils").ExtendedItem'.
  Types of property 'attachments' are incompatible.
    Type 'AttachmentItem[] | undefined' is not assignable to type '{ id: string; url: string; }[] | undefined'.
      Type 'AttachmentItem[]' is not assignable to type '{ id: string; url: string; }[]'.
        Property 'url' is missing in type 'AttachmentItem' but required in type '{ id: string; url: string; }'.
src/features/quotes/logic/__tests__/quote-version-compare.test.ts(74,9): error TS2304: Cannot find name 'expect'.
src/features/quotes/logic/__tests__/quote-version-compare.test.ts(75,9): error TS2304: Cannot find name 'expect'.
src/features/quotes/services/discount-control.service.ts(11,49): error TS2339: Property 'getTenantConfig' does not exist on type 'typeof QuoteConfigService'.
src/features/quotes/services/discount-control.service.ts(30,49): error TS2339: Property 'getTenantConfig' does not exist on type 'typeof QuoteConfigService'.
src/features/quotes/services/measure-matcher.service.ts(2,10): error TS2305: Module '"@/shared/api/types"' has no exported member 'QuoteItem'.
src/features/service/installation/__tests__/finance-integration.test.ts(3,10): error TS2724: '"@/shared/api/schema"' has no exported member named 'apStatements'. Did you mean 'arStatements'?
src/features/service/installation/__tests__/finance-integration.test.ts(85,61): error TS2554: Expected 1 arguments, but got 2.
src/features/service/installation/__tests__/finance-integration.test.ts(93,23): error TS2339: Property 'success' does not exist on type 'ActionState<{ success: boolean; message: string; error?: undefined; } | { success: boolean; error: string; }>'.
src/features/service/installation/__tests__/finance-integration.test.ts(99,31): error TS2493: Tuple type '[]' of length '0' has no element at index '0'.
src/features/service/installation/__tests__/installation-flow.test.ts(5,10): error TS2305: Module '"@/features/orders/actions"' has no exported member 'shipOrder'.
src/features/service/installation/__tests__/installation-flow.test.ts(6,31): error TS2305: Module '"@/features/service/installation/actions"' has no exported member 'submitInstallCompletion'.
src/features/service/installation/__tests__/installation-flow.test.ts(62,57): error TS2769: No overload matches this call.
  Overload 1 of 2, '(value: { name: string | SQL<unknown> | Placeholder<string, any>; tenantId: string | SQL<unknown> | Placeholder<string, any>; category: "CURTAIN" | "WALLPAPER" | ... 9 more ... | Placeholder<...>; ... 22 more ...; specs?: unknown; }): PgInsertBase<...>', gave the following error.
    Object literal may only specify known properties, and 'basePrice' does not exist in type '{ name: string | SQL<unknown> | Placeholder<string, any>; tenantId: string | SQL<unknown> | Placeholder<string, any>; category: "CURTAIN" | "WALLPAPER" | ... 9 more ... | Placeholder<...>; ... 22 more ...; specs?: unknown; }'.
  Overload 2 of 2, '(values: { name: string | SQL<unknown> | Placeholder<string, any>; tenantId: string | SQL<unknown> | Placeholder<string, any>; category: "CURTAIN" | "WALLPAPER" | ... 9 more ... | Placeholder<...>; ... 22 more ...; specs?: unknown; }[]): PgInsertBase<...>', gave the following error.
    Object literal may only specify known properties, and 'tenantId' does not exist in type '{ name: string | SQL<unknown> | Placeholder<string, any>; tenantId: string | SQL<unknown> | Placeholder<string, any>; category: "CURTAIN" | "WALLPAPER" | ... 9 more ... | Placeholder<...>; ... 22 more ...; specs?: unknown; }[]'.
src/features/service/installation/__tests__/installation-flow.test.ts(71,41): error TS2769: No overload matches this call.
  Overload 1 of 2, '(value: { tenantId: string | SQL<unknown> | Placeholder<string, any>; category: string | SQL<unknown> | Placeholder<string, any>; unitPrice: string | SQL<unknown> | Placeholder<...>; ... 20 more ...; calculationParams?: unknown; }): PgInsertBase<...>', gave the following error.
    Argument of type '{ quoteId: string; productId: string; productName: string; quantity: string; unitPrice: string; subtotal: string; roomId: null; }' is not assignable to parameter of type '{ tenantId: string | SQL<unknown> | Placeholder<string, any>; category: string | SQL<unknown> | Placeholder<string, any>; unitPrice: string | SQL<unknown> | Placeholder<...>; ... 20 more ...; calculationParams?: unknown; }'.
      Type '{ quoteId: string; productId: string; productName: string; quantity: string; unitPrice: string; subtotal: string; roomId: null; }' is missing the following properties from type '{ tenantId: string | SQL<unknown> | Placeholder<string, any>; category: string | SQL<unknown> | Placeholder<string, any>; unitPrice: string | SQL<unknown> | Placeholder<...>; ... 20 more ...; calculationParams?: unknown; }': tenantId, category
  Overload 2 of 2, '(values: { tenantId: string | SQL<unknown> | Placeholder<string, any>; category: string | SQL<unknown> | Placeholder<string, any>; unitPrice: string | SQL<unknown> | Placeholder<...>; ... 20 more ...; calculationParams?: unknown; }[]): PgInsertBase<...>', gave the following error.
    Object literal may only specify known properties, and 'quoteId' does not exist in type '{ tenantId: string | SQL<unknown> | Placeholder<string, any>; category: string | SQL<unknown> | Placeholder<string, any>; unitPrice: string | SQL<unknown> | Placeholder<...>; ... 20 more ...; calculationParams?: unknown; }[]'.
src/features/service/installation/__tests__/installation-flow.test.ts(81,53): error TS2769: No overload matches this call.
  Overload 1 of 2, '(value: { tenantId: string | SQL<unknown> | Placeholder<string, any>; customerId: string | SQL<unknown> | Placeholder<string, any>; settlementType: "CASH" | "PREPAID" | "CREDIT" | SQL<...> | Placeholder<...>; ... 27 more ...; closedAt?: Date | ... 3 more ... | undefined; }): PgInsertBase<...>', gave the following error.
    Argument of type '{ tenantId: string; orderNo: string; quoteId: string; customerId: string; salesId: string; customerName: string; customerPhone: string; deliveryAddress: string; status: "IN_PRODUCTION"; totalAmount: string; paidAmount: string; }' is not assignable to parameter of type '{ tenantId: string | SQL<unknown> | Placeholder<string, any>; customerId: string | SQL<unknown> | Placeholder<string, any>; settlementType: "CASH" | "PREPAID" | "CREDIT" | SQL<...> | Placeholder<...>; ... 27 more ...; closedAt?: Date | ... 3 more ... | undefined; }'.
      Type '{ tenantId: string; orderNo: string; quoteId: string; customerId: string; salesId: string; customerName: string; customerPhone: string; deliveryAddress: string; status: "IN_PRODUCTION"; totalAmount: string; paidAmount: string; }' is missing the following properties from type '{ tenantId: string | SQL<unknown> | Placeholder<string, any>; customerId: string | SQL<unknown> | Placeholder<string, any>; settlementType: "CASH" | "PREPAID" | "CREDIT" | SQL<...> | Placeholder<...>; ... 27 more ...; closedAt?: Date | ... 3 more ... | undefined; }': settlementType, quoteVersionId
  Overload 2 of 2, '(values: { tenantId: string | SQL<unknown> | Placeholder<string, any>; customerId: string | SQL<unknown> | Placeholder<string, any>; settlementType: "CASH" | "PREPAID" | "CREDIT" | SQL<...> | Placeholder<...>; ... 27 more ...; closedAt?: Date | ... 3 more ... | undefined; }[]): PgInsertBase<...>', gave the following error.
    Object literal may only specify known properties, and 'tenantId' does not exist in type '{ tenantId: string | SQL<unknown> | Placeholder<string, any>; customerId: string | SQL<unknown> | Placeholder<string, any>; settlementType: "CASH" | "PREPAID" | "CREDIT" | SQL<...> | Placeholder<...>; ... 27 more ...; closedAt?: Date | ... 3 more ... | undefined; }[]'.
src/features/service/installation/__tests__/installation-flow.test.ts(122,13): error TS2322: Type 'string' is not assignable to type 'Date'.
src/features/service/installation/__tests__/installation-flow.test.ts(125,31): error TS2339: Property 'success' does not exist on type 'ActionState<{ success: boolean; error: string; message?: undefined; } | { success: boolean; message: string; error?: undefined; }>'.
src/features/service/installation/__tests__/installation-flow.test.ts(137,57): error TS2345: Argument of type '{ taskId: string; rating: number; ratingComment: string; }' is not assignable to parameter of type '{ taskId: string; actualLaborFee: number; adjustmentReason?: string | undefined; rating?: number | undefined; ratingComment?: string | undefined; }'.
  Property 'actualLaborFee' is missing in type '{ taskId: string; rating: number; ratingComment: string; }' but required in type '{ taskId: string; actualLaborFee: number; adjustmentReason?: string | undefined; rating?: number | undefined; ratingComment?: string | undefined; }'.
src/features/service/installation/__tests__/installation-flow.test.ts(142,30): error TS2339: Property 'success' does not exist on type 'ActionState<{ success: boolean; message: string; error?: undefined; } | { success: boolean; error: string; }>'.
src/features/service/installation/__tests__/installation-flow.test.ts(143,36): error TS2339: Property 'orderStatusUpdated' does not exist on type '{ success: boolean; message: string; error?: undefined; } | { success: boolean; error: string; }'.
  Property 'orderStatusUpdated' does not exist on type '{ success: boolean; message: string; error?: undefined; }'.
src/features/service/measurement/components/create-measure-task-dialog.tsx(12,28): error TS2307: Cannot find module '@/shared/ui/date-picker' or its corresponding type declarations.
src/features/service/measurement/components/measure-task-table.tsx(150,19): error TS2322: Type '"default" | "secondary" | "outline" | "destructive"' is not assignable to type '"success" | "default" | "error" | "primary" | "secondary" | "outline" | "warning" | "info" | undefined'.
  Type '"destructive"' is not assignable to type '"success" | "default" | "error" | "primary" | "secondary" | "outline" | "warning" | "info" | undefined'.
src/features/service/measurement/components/submit-data-dialog.tsx(46,62): error TS2722: Cannot invoke an object which is possibly 'undefined'.
src/features/service/measurement/domain/schema.ts(12,19): error TS2554: Expected 2-3 arguments, but got 1.
src/features/service/measurement/lib/sync-manager.ts(74,71): error TS2339: Property 'error' does not exist on type '{ success: boolean; data: {}; }'.
src/features/settings/actions.ts(105,41): error TS2769: No overload matches this call.
  Overload 1 of 2, '(value: { name: string | SQL<unknown> | Placeholder<string, any>; tenantId: string | SQL<unknown> | Placeholder<string, any>; id?: string | SQL<unknown> | Placeholder<string, any> | undefined; ... 9 more ...; urlParamsConfig?: unknown; }): PgInsertBase<...>', gave the following error.
    Object literal may only specify known properties, and 'code' does not exist in type '{ name: string | SQL<unknown> | Placeholder<string, any>; tenantId: string | SQL<unknown> | Placeholder<string, any>; id?: string | SQL<unknown> | Placeholder<string, any> | undefined; ... 9 more ...; urlParamsConfig?: unknown; }'.
  Overload 2 of 2, '(values: { name: string | SQL<unknown> | Placeholder<string, any>; tenantId: string | SQL<unknown> | Placeholder<string, any>; id?: string | SQL<unknown> | Placeholder<string, any> | undefined; ... 9 more ...; urlParamsConfig?: unknown; }[]): PgInsertBase<...>', gave the following error.
    Object literal may only specify known properties, and 'tenantId' does not exist in type '{ name: string | SQL<unknown> | Placeholder<string, any>; tenantId: string | SQL<unknown> | Placeholder<string, any>; id?: string | SQL<unknown> | Placeholder<string, any> | undefined; ... 9 more ...; urlParamsConfig?: unknown; }[]'.
src/features/settings/actions.ts(132,17): error TS2353: Object literal may only specify known properties, and 'code' does not exist in type '{ name?: string | SQL<unknown> | PgColumn<ColumnBaseConfig<ColumnDataType, string>, {}, {}> | undefined; tenantId?: string | SQL<unknown> | PgColumn<...> | undefined; ... 10 more ...; urlParamsConfig?: unknown; }'.
src/features/supply-chain/__tests__/po-lifecycle.test.ts(13,23): error TS2503: Cannot find namespace 'vi'.
src/features/supply-chain/__tests__/po-lifecycle.test.ts(16,24): error TS2503: Cannot find namespace 'vi'.
src/features/supply-chain/__tests__/po-lifecycle.test.ts(20,23): error TS2503: Cannot find namespace 'vi'.
src/features/supply-chain/__tests__/po-lifecycle.test.ts(140,23): error TS2339: Property 'data' does not exist on type '{ success: boolean; data: { status: string | null; id: string; createdAt: Date | null; updatedAt: Date | null; tenantId: string; remark: string | null; createdBy: string | null; ... 18 more ...; paymentStatus: string | null; }; error?: undefined; } | { ...; }'.
  Property 'data' does not exist on type '{ success: boolean; error: string; }'.
src/features/supply-chain/__tests__/po-lifecycle.test.ts(141,23): error TS2339: Property 'data' does not exist on type '{ success: boolean; data: { status: string | null; id: string; createdAt: Date | null; updatedAt: Date | null; tenantId: string; remark: string | null; createdBy: string | null; ... 18 more ...; paymentStatus: string | null; }; error?: undefined; } | { ...; }'.
  Property 'data' does not exist on type '{ success: boolean; error: string; }'.
src/features/supply-chain/__tests__/po-lifecycle.test.ts(174,35): error TS2352: Conversion of type '{ query: { purchaseOrders: { findFirst: Mock<Procedure>; findMany: Mock<Procedure>; }; suppliers: { findFirst: Mock<Procedure>; }; }; insert: Mock<...>; update: Mock<...>; }' to type 'TransactionContext' may be a mistake because neither type sufficiently overlaps with the other. If this was intentional, convert the expression to 'unknown' first.
  Types of property 'query' are incompatible.
    Property 'arStatements' is missing in type '{ purchaseOrders: { findFirst: Mock<Procedure>; findMany: Mock<Procedure>; }; suppliers: { findFirst: Mock<Procedure>; }; }' but required in type '{ arStatements: { findMany: vi.Mock; }; purchaseOrders: { findFirst: vi.Mock; }; }'.
src/features/supply-chain/__tests__/po-lifecycle.test.ts(214,35): error TS2352: Conversion of type '{ query: { purchaseOrders: { findFirst: Mock<Procedure>; findMany: Mock<Procedure>; }; suppliers: { findFirst: Mock<Procedure>; }; }; insert: Mock<...>; update: Mock<...>; }' to type 'TransactionContext' may be a mistake because neither type sufficiently overlaps with the other. If this was intentional, convert the expression to 'unknown' first.
  Types of property 'query' are incompatible.
    Property 'arStatements' is missing in type '{ purchaseOrders: { findFirst: Mock<Procedure>; findMany: Mock<Procedure>; }; suppliers: { findFirst: Mock<Procedure>; }; }' but required in type '{ arStatements: { findMany: vi.Mock; }; purchaseOrders: { findFirst: vi.Mock; }; }'.
src/features/supply-chain/__tests__/processing-actions.test.ts(5,10): error TS2305: Module '"@/shared/api/schema"' has no exported member 'processingOrders'.
src/features/supply-chain/__tests__/processing-actions.test.ts(5,28): error TS2305: Module '"@/shared/api/schema"' has no exported member 'systemLogs'.
src/features/supply-chain/__tests__/processing-actions.test.ts(13,5): error TS2724: '"../actions/processing-actions"' has no exported member named 'getProcessingOrder'. Did you mean 'getProcessingOrderById'?
src/features/supply-chain/__tests__/processing-actions.test.ts(14,5): error TS2724: '"../actions/processing-actions"' has no exported member named 'deleteProcessingOrder'. Did you mean 'createProcessingOrder'?
src/features/supply-chain/__tests__/processing-actions.test.ts(115,67): error TS2554: Expected 1 arguments, but got 2.
src/features/supply-chain/__tests__/processing-actions.test.ts(118,27): error TS2339: Property 'message' does not exist on type '{ success: boolean; }'.
src/features/supply-chain/__tests__/processing-actions.test.ts(132,56): error TS2345: Argument of type 'undefined' is not assignable to parameter of type 'string'.
src/features/supply-chain/actions/mutations.ts(35,51): error TS2769: No overload matches this call.
  Overload 1 of 2, '(value: { name: string | SQL<unknown> | Placeholder<string, any>; tenantId: string | SQL<unknown> | Placeholder<string, any>; supplierNo: string | SQL<unknown> | Placeholder<...>; ... 9 more ...; createdBy?: string | ... 3 more ... | undefined; }): PgInsertBase<...>', gave the following error.
    Argument of type '{ tenantId: string; name: string; contactPerson: string | null; phone: string | null; paymentPeriod: "CASH" | "MONTHLY"; createdBy: string; }' is not assignable to parameter of type '{ name: string | SQL<unknown> | Placeholder<string, any>; tenantId: string | SQL<unknown> | Placeholder<string, any>; supplierNo: string | SQL<unknown> | Placeholder<...>; ... 9 more ...; createdBy?: string | ... 3 more ... | undefined; }'.
      Property 'supplierNo' is missing in type '{ tenantId: string; name: string; contactPerson: string | null; phone: string | null; paymentPeriod: "CASH" | "MONTHLY"; createdBy: string; }' but required in type '{ name: string | SQL<unknown> | Placeholder<string, any>; tenantId: string | SQL<unknown> | Placeholder<string, any>; supplierNo: string | SQL<unknown> | Placeholder<...>; ... 9 more ...; createdBy?: string | ... 3 more ... | undefined; }'.
  Overload 2 of 2, '(values: { name: string | SQL<unknown> | Placeholder<string, any>; tenantId: string | SQL<unknown> | Placeholder<string, any>; supplierNo: string | SQL<unknown> | Placeholder<...>; ... 9 more ...; createdBy?: string | ... 3 more ... | undefined; }[]): PgInsertBase<...>', gave the following error.
    Object literal may only specify known properties, and 'tenantId' does not exist in type '{ name: string | SQL<unknown> | Placeholder<string, any>; tenantId: string | SQL<unknown> | Placeholder<string, any>; supplierNo: string | SQL<unknown> | Placeholder<...>; ... 9 more ...; createdBy?: string | ... 3 more ... | undefined; }[]'.
src/features/supply-chain/actions/po-actions.ts(67,56): error TS2769: No overload matches this call.
  Overload 1 of 2, '(value: { tenantId: string | SQL<unknown> | Placeholder<string, any>; productName: string | SQL<unknown> | Placeholder<string, any>; quantity: string | SQL<...> | Placeholder<...>; ... 12 more ...; quoteItemId?: string | ... 3 more ... | undefined; }): PgInsertBase<...>', gave the following error.
    Argument of type '{ tenantId: string; poId: string; productName: any; quantity: string; unitPrice: string; }[]' is not assignable to parameter of type '{ tenantId: string | SQL<unknown> | Placeholder<string, any>; productName: string | SQL<unknown> | Placeholder<string, any>; quantity: string | SQL<unknown> | Placeholder<...>; ... 12 more ...; quoteItemId?: string | ... 3 more ... | undefined; }'.
      Type '{ tenantId: string; poId: string; productName: any; quantity: string; unitPrice: string; }[]' is missing the following properties from type '{ tenantId: string | SQL<unknown> | Placeholder<string, any>; productName: string | SQL<unknown> | Placeholder<string, any>; quantity: string | SQL<unknown> | Placeholder<...>; ... 12 more ...; quoteItemId?: string | ... 3 more ... | undefined; }': tenantId, productName, quantity, poId, orderItemId
  Overload 2 of 2, '(values: { tenantId: string | SQL<unknown> | Placeholder<string, any>; productName: string | SQL<unknown> | Placeholder<string, any>; quantity: string | SQL<...> | Placeholder<...>; ... 12 more ...; quoteItemId?: string | ... 3 more ... | undefined; }[]): PgInsertBase<...>', gave the following error.
    Argument of type '{ tenantId: string; poId: string; productName: any; quantity: string; unitPrice: string; }[]' is not assignable to parameter of type '{ tenantId: string | SQL<unknown> | Placeholder<string, any>; productName: string | SQL<unknown> | Placeholder<string, any>; quantity: string | SQL<unknown> | Placeholder<...>; ... 12 more ...; quoteItemId?: string | ... 3 more ... | undefined; }[]'.
      Property 'orderItemId' is missing in type '{ tenantId: string; poId: string; productName: any; quantity: string; unitPrice: string; }' but required in type '{ tenantId: string | SQL<unknown> | Placeholder<string, any>; productName: string | SQL<unknown> | Placeholder<string, any>; quantity: string | SQL<unknown> | Placeholder<...>; ... 12 more ...; quoteItemId?: string | ... 3 more ... | undefined; }'.
src/features/supply-chain/components/add-logistics-dialog.tsx(29,51): error TS2339: Property 'defaultValues' does not exist on type 'UseFormReturn<{ company: string; trackingNo: string; shippedAt: Date; remark: string; }, any, { company: string; trackingNo: string; shippedAt: Date; remark: string; }>'.
src/features/supply-chain/components/supplier-dialog.tsx(42,26): error TS2339: Property 'serverError' does not exist on type 'ActionState<{ id: string; }>'.
src/features/supply-chain/components/supplier-dialog.tsx(42,59): error TS2339: Property 'serverError' does not exist on type 'ActionState<{ id: string; }>'.
src/features/supply-chain/components/supplier-dialog.tsx(46,26): error TS2339: Property 'serverError' does not exist on type 'ActionState<{ id: string; }>'.
src/features/supply-chain/components/supplier-dialog.tsx(46,59): error TS2339: Property 'serverError' does not exist on type 'ActionState<{ id: string; }>'.
src/features/supply-chain/components/suppliers-table.tsx(68,22): error TS2339: Property 'serverError' does not exist on type 'ActionState<{ success: boolean; }>'.
src/features/supply-chain/components/suppliers-table.tsx(69,33): error TS2339: Property 'serverError' does not exist on type 'ActionState<{ success: boolean; }>'.
src/lib/zod-i18n.ts(2,54): error TS2694: Namespace '"C:/Users/bigey/Documents/Antigravity/L2C/node_modules/.pnpm/zod@4.3.4/node_modules/zod/v4/classic/external"' has no exported member 'ZodErrorMapContext'.
src/lib/zod-i18n.ts(3,15): error TS2345: Argument of type '(issue: z.ZodIssue, ctx: z.ZodErrorMapContext) => { message: any; }' is not assignable to parameter of type '$ZodErrorMap<$ZodIssue>'.
  Target signature provides too few arguments. Expected 2 or more, but got 1.
src/services/after-sales.service.ts(4,57): error TS2305: Module '"@/shared/api/schema/supply-chain"' has no exported member 'products'.
src/services/after-sales.service.ts(86,45): error TS2769: No overload matches this call.
  Overload 1 of 2, '(value: { tenantId: string | SQL<unknown> | Placeholder<string, any>; productName: string | SQL<unknown> | Placeholder<string, any>; quantity: string | SQL<...> | Placeholder<...>; ... 12 more ...; quoteItemId?: string | ... 3 more ... | undefined; }): PgInsertBase<...>', gave the following error.
    Argument of type '{ tenantId: string; poId: string; productId: string; productSku: string; category: "CURTAIN" | "WALLPAPER" | "WALLCLOTH" | "MATTRESS" | "OTHER" | "CURTAIN_FABRIC" | "CURTAIN_SHEER" | "CURTAIN_TRACK" | "MOTOR" | "CURTAIN_ACCESSORY"; ... 4 more ...; remark: string; }' is not assignable to parameter of type '{ tenantId: string | SQL<unknown> | Placeholder<string, any>; productName: string | SQL<unknown> | Placeholder<string, any>; quantity: string | SQL<unknown> | Placeholder<...>; ... 12 more ...; quoteItemId?: string | ... 3 more ... | undefined; }'.
      Property 'orderItemId' is missing in type '{ tenantId: string; poId: string; productId: string; productSku: string; category: "CURTAIN" | "WALLPAPER" | "WALLCLOTH" | "MATTRESS" | "OTHER" | "CURTAIN_FABRIC" | "CURTAIN_SHEER" | "CURTAIN_TRACK" | "MOTOR" | "CURTAIN_ACCESSORY"; ... 4 more ...; remark: string; }' but required in type '{ tenantId: string | SQL<unknown> | Placeholder<string, any>; productName: string | SQL<unknown> | Placeholder<string, any>; quantity: string | SQL<unknown> | Placeholder<...>; ... 12 more ...; quoteItemId?: string | ... 3 more ... | undefined; }'.
  Overload 2 of 2, '(values: { tenantId: string | SQL<unknown> | Placeholder<string, any>; productName: string | SQL<unknown> | Placeholder<string, any>; quantity: string | SQL<...> | Placeholder<...>; ... 12 more ...; quoteItemId?: string | ... 3 more ... | undefined; }[]): PgInsertBase<...>', gave the following error.
    Object literal may only specify known properties, and 'tenantId' does not exist in type '{ tenantId: string | SQL<unknown> | Placeholder<string, any>; productName: string | SQL<unknown> | Placeholder<string, any>; quantity: string | SQL<unknown> | Placeholder<...>; ... 12 more ...; quoteItemId?: string | ... 3 more ... | undefined; }[]'.
src/services/finance.service.ts(280,62): error TS2339: Property 'floorPrice' does not exist on type '{}'.
src/services/finance.service.ts(280,84): error TS2339: Property 'purchasePrice' does not exist on type '{}'.
src/services/loyalty.service.ts(2,21): error TS2305: Module '"@/shared/api/schema"' has no exported member 'loyaltyTransactions'.
src/services/measurement.service.ts(44,21): error TS2322: Type '"DISPATCHED"' is not assignable to type '"COMPLETED" | "CANCELLED" | "PENDING" | "DISPATCHING" | "PENDING_VISIT" | "PENDING_CONFIRM" | SQL<unknown> | PgColumn<ColumnBaseConfig<ColumnDataType, string>, {}, {}> | null | undefined'.
src/services/order.service.ts(62,56): error TS2769: No overload matches this call.
  Overload 1 of 2, '(value: { tenantId: string | SQL<unknown> | Placeholder<string, any>; customerId: string | SQL<unknown> | Placeholder<string, any>; settlementType: "CASH" | "PREPAID" | "CREDIT" | SQL<...> | Placeholder<...>; ... 27 more ...; closedAt?: Date | ... 3 more ... | undefined; }): PgInsertBase<...>', gave the following error.
    Type '"PENDING_PO"' is not assignable to type '"DRAFT" | "PENDING_MEASURE" | "MEASURED" | "QUOTED" | "SIGNED" | "PAID" | "PENDING_PRODUCTION" | "IN_PRODUCTION" | "PENDING_DELIVERY" | "PENDING_INSTALL" | "COMPLETED" | "CANCELLED" | SQL<...> | Placeholder<...> | null | undefined'.
  Overload 2 of 2, '(values: { tenantId: string | SQL<unknown> | Placeholder<string, any>; customerId: string | SQL<unknown> | Placeholder<string, any>; settlementType: "CASH" | "PREPAID" | "CREDIT" | SQL<...> | Placeholder<...>; ... 27 more ...; closedAt?: Date | ... 3 more ... | undefined; }[]): PgInsertBase<...>', gave the following error.
    Object literal may only specify known properties, and 'tenantId' does not exist in type '{ tenantId: string | SQL<unknown> | Placeholder<string, any>; customerId: string | SQL<unknown> | Placeholder<string, any>; settlementType: "CASH" | "PREPAID" | "CREDIT" | SQL<...> | Placeholder<...>; ... 27 more ...; closedAt?: Date | ... 3 more ... | undefined; }[]'.
src/services/order.service.ts(155,21): error TS2322: Type 'string' is not assignable to type '"DRAFT" | "PENDING_MEASURE" | "MEASURED" | "QUOTED" | "SIGNED" | "PAID" | "PENDING_PRODUCTION" | "IN_PRODUCTION" | "PENDING_DELIVERY" | "PENDING_INSTALL" | "COMPLETED" | "CANCELLED" | SQL<...> | PgColumn<...> | null | undefined'.
src/services/po-split.service.ts(7,5): error TS2305: Module '"@/shared/api/schema/supply-chain"' has no exported member 'products'.
src/services/po-status-aggregator.service.ts(26,21): error TS2322: Type 'string' is not assignable to type '"DRAFT" | "PENDING_MEASURE" | "MEASURED" | "QUOTED" | "SIGNED" | "PAID" | "PENDING_PRODUCTION" | "IN_PRODUCTION" | "PENDING_DELIVERY" | "PENDING_INSTALL" | "COMPLETED" | "CANCELLED" | SQL<...> | PgColumn<...> | null | undefined'.
src/services/quote-lifecycle.service.ts(6,28): error TS2307: Cannot find module '@/shared/lib/id-generator' or its corresponding type declarations.
src/services/supply-chain.service.ts(84,57): error TS2769: No overload matches this call.
  Overload 1 of 2, '(value: { tenantId: string | SQL<unknown> | Placeholder<string, any>; productName: string | SQL<unknown> | Placeholder<string, any>; quantity: string | SQL<...> | Placeholder<...>; ... 12 more ...; quoteItemId?: string | ... 3 more ... | undefined; }): PgInsertBase<...>', gave the following error.
    Argument of type '{ tenantId: string; poId: string; productName: string; quantity: string; unitPrice: string; quoteItemId: string; }' is not assignable to parameter of type '{ tenantId: string | SQL<unknown> | Placeholder<string, any>; productName: string | SQL<unknown> | Placeholder<string, any>; quantity: string | SQL<unknown> | Placeholder<...>; ... 12 more ...; quoteItemId?: string | ... 3 more ... | undefined; }'.
      Property 'orderItemId' is missing in type '{ tenantId: string; poId: string; productName: string; quantity: string; unitPrice: string; quoteItemId: string; }' but required in type '{ tenantId: string | SQL<unknown> | Placeholder<string, any>; productName: string | SQL<unknown> | Placeholder<string, any>; quantity: string | SQL<unknown> | Placeholder<...>; ... 12 more ...; quoteItemId?: string | ... 3 more ... | undefined; }'.
  Overload 2 of 2, '(values: { tenantId: string | SQL<unknown> | Placeholder<string, any>; productName: string | SQL<unknown> | Placeholder<string, any>; quantity: string | SQL<...> | Placeholder<...>; ... 12 more ...; quoteItemId?: string | ... 3 more ... | undefined; }[]): PgInsertBase<...>', gave the following error.
    Object literal may only specify known properties, and 'tenantId' does not exist in type '{ tenantId: string | SQL<unknown> | Placeholder<string, any>; productName: string | SQL<unknown> | Placeholder<string, any>; quantity: string | SQL<unknown> | Placeholder<...>; ... 12 more ...; quoteItemId?: string | ... 3 more ... | undefined; }[]'.
src/shared/components/advanced-filter/index.ts(1,37): error TS2724: '"./advanced-filter-dialog"' has no exported member named 'AdvancedFilterDialogProps'. Did you mean 'AdvancedFilterDialog'?
src/shared/components/advanced-filter/index.ts(1,69): error TS2305: Module '"./advanced-filter-dialog"' has no exported member 'FilterFieldConfig'.
src/shared/components/advanced-filter/index.ts(1,93): error TS2305: Module '"./advanced-filter-dialog"' has no exported member 'FilterFieldType'.
