seed-e2e.ts(130,48): error TS2769: No overload matches this call.
  Overload 1 of 2, '(value: { name: string | SQL<unknown> | Placeholder<string, any>; code: "ECONOMIC" | "COMFORT" | "LUXURY" | SQL<unknown> | Placeholder<string, any>; tenantId: string | ... 1 more ... | Placeholder<...>; ... 4 more ...; description?: string | ... 3 more ... | undefined; }): PgInsertBase<...>', gave the following error.
    Type 'string' is not assignable to type '"ECONOMIC" | "COMFORT" | "LUXURY" | SQL<unknown> | Placeholder<string, any>'.
  Overload 2 of 2, '(values: { name: string | SQL<unknown> | Placeholder<string, any>; code: "ECONOMIC" | "COMFORT" | "LUXURY" | SQL<unknown> | Placeholder<string, any>; tenantId: string | ... 1 more ... | Placeholder<...>; ... 4 more ...; description?: string | ... 3 more ... | undefined; }[]): PgInsertBase<...>', gave the following error.
    Object literal may only specify known properties, and 'tenantId' does not exist in type '{ name: string | SQL<unknown> | Placeholder<string, any>; code: "ECONOMIC" | "COMFORT" | "LUXURY" | SQL<unknown> | Placeholder<string, any>; tenantId: string | ... 1 more ... | Placeholder<...>; ... 4 more ...; description?: string | ... 3 more ... | undefined; }[]'.
src/app/(dashboard)/leads/page.tsx(63,36): error TS2322: Type '{ status: "PENDING_DISPATCH" | "PENDING_FOLLOWUP" | "FOLLOWING" | "WON" | "VOID" | null; id: string; createdAt: Date | null; updatedAt: Date | null; tenantId: string; ... 28 more ...; sourceChannel: { ...; } | null; }[]' is not assignable to type 'Lead[]'.
  Type '{ status: "PENDING_DISPATCH" | "PENDING_FOLLOWUP" | "FOLLOWING" | "WON" | "VOID" | null; id: string; createdAt: Date | null; updatedAt: Date | null; tenantId: string; ... 28 more ...; sourceChannel: { ...; } | null; }' is not assignable to type 'Lead'.
    Types of property 'status' are incompatible.
      Type 'string | null' is not assignable to type 'string'.
        Type 'null' is not assignable to type 'string'.
src/app/(dashboard)/products/page.tsx(46,29): error TS2345: Argument of type '{ category: "CURTAIN_FABRIC" | "CURTAIN_SHEER" | "CURTAIN_TRACK" | "CURTAIN_ACCESSORY" | "WALLCLOTH" | "WALLPANEL" | "WINDOWPAD" | "STANDARD" | "MOTOR"; id: string; name: string; ... 14 more ...; attributes: unknown; }[]' is not assignable to parameter of type 'SetStateAction<Product[]>'.
  Type '{ category: "CURTAIN_FABRIC" | "CURTAIN_SHEER" | "CURTAIN_TRACK" | "CURTAIN_ACCESSORY" | "WALLCLOTH" | "WALLPANEL" | "WINDOWPAD" | "STANDARD" | "MOTOR"; id: string; name: string; ... 14 more ...; attributes: unknown; }[]' is not assignable to type 'Product[]'.
    Type '{ category: "CURTAIN_FABRIC" | "CURTAIN_SHEER" | "CURTAIN_TRACK" | "CURTAIN_ACCESSORY" | "WALLCLOTH" | "WALLPANEL" | "WINDOWPAD" | "STANDARD" | "MOTOR"; id: string; name: string; ... 14 more ...; attributes: unknown; }' is not assignable to type 'Product'.
      Types of property 'isStockable' are incompatible.
        Type 'boolean | null' is not assignable to type 'boolean'.
          Type 'null' is not assignable to type 'boolean'.
src/app/(dashboard)/quotes/page.tsx(60,29): error TS2322: Type '{ id: string; createdAt: Date | null; updatedAt: Date | null; tenantId: string; deletedAt: Date | null; totalAmount: string | null; createdBy: string; status: "DRAFT" | "ACTIVE" | "LOCKED" | "EXPIRED" | null; ... 17 more ...; lead: { ...; } | null; }[]' is not assignable to type 'Quote[]'.
  Type '{ id: string; createdAt: Date | null; updatedAt: Date | null; tenantId: string; deletedAt: Date | null; totalAmount: string | null; createdBy: string; status: "DRAFT" | "ACTIVE" | "LOCKED" | "EXPIRED" | null; ... 17 more ...; lead: { ...; } | null; }' is not assignable to type 'Quote'.
    Types of property 'totalAmount' are incompatible.
      Type 'string | null' is not assignable to type 'string'.
        Type 'null' is not assignable to type 'string'.
src/app/(dashboard)/workbench/alerts/page.tsx(25,27): error TS2345: Argument of type 'ActionState<{ type: string; module: string; level: string; message: string; href: string; }[]>' is not assignable to parameter of type 'SetStateAction<any[]>'.
src/app/(dashboard)/workbench/notifications/page.tsx(20,30): error TS2345: Argument of type 'ActionState<{ link: string | null; id: string; createdAt: Date | null; tenantId: string; type: "INFO" | "SUCCESS" | "WARNING" | "ERROR" | null; content: string; userId: string; title: string; ... 4 more ...; wechatStatus: string | null; }[]>' is not assignable to parameter of type 'SetStateAction<any[]>'.
src/app/(dashboard)/workbench/page.tsx(34,26): error TS2345: Argument of type 'ActionState<TodoItem[]>' is not assignable to parameter of type 'SetStateAction<TodoItem[]>'.
src/app/(dashboard)/workbench/page.tsx(35,27): error TS2345: Argument of type 'ActionState<{ type: string; module: string; level: string; message: string; href: string; }[]>' is not assignable to parameter of type 'SetStateAction<any[]>'.
src/features/after-sales/components/ticket-list-table.tsx(39,79): error TS2322: Type 'string' is not assignable to type 'never'.
src/features/analytics/actions.ts(62,41): error TS2551: Property 'roles' does not exist on type '{ id: string; tenantId: string; name: string; phone: string; role?: string | undefined; }'. Did you mean 'role'?
src/features/analytics/actions.ts(83,41): error TS2551: Property 'roles' does not exist on type '{ id: string; tenantId: string; name: string; phone: string; role?: string | undefined; }'. Did you mean 'role'?
src/features/analytics/actions.ts(144,54): error TS2551: Property 'roles' does not exist on type '{ id: string; tenantId: string; name: string; phone: string; role?: string | undefined; }'. Did you mean 'role'?
src/features/finance/ap/actions.ts(63,76): error TS2345: Argument of type '(data: { type: "SUPPLIER" | "LABOR"; targetId: string; periodStart: Date; periodEnd: Date; dryRun?: boolean | undefined; }, { session }: { session: Session; }) => Promise<{ success: true; data: { ...; }; } | { ...; } | { ...; }>' is not assignable to parameter of type 'ActionHandler<{ type: "SUPPLIER" | "LABOR"; targetId: string; periodStart: Date; periodEnd: Date; dryRun?: boolean | undefined; }, { id: string; statementNo: string; }>'.
  Type 'Promise<{ success: true; data: { id: string; statementNo: string; }; } | { success: true; data: { preview: { items: { sourceType: string; sourceId: string; sourceNo: string; amount: number; remark: string; }[]; totalAmount: number; }; }; error?: undefined; } | { ...; }>' is not assignable to type 'Promise<{ success: boolean; message?: string | undefined; data?: { id: string; statementNo: string; } | undefined; error?: string | undefined; }>'.
    Type '{ success: true; data: { id: string; statementNo: string; }; } | { success: true; data: { preview: { items: { sourceType: string; sourceId: string; sourceNo: string; amount: number; remark: string; }[]; totalAmount: number; }; }; error?: undefined; } | { ...; }' is not assignable to type '{ success: boolean; message?: string | undefined; data?: { id: string; statementNo: string; } | undefined; error?: string | undefined; }'.
      Type '{ success: true; data: { preview: { items: { sourceType: string; sourceId: string; sourceNo: string; amount: number; remark: string; }[]; totalAmount: number; }; }; error?: undefined; }' is not assignable to type '{ success: boolean; message?: string | undefined; data?: { id: string; statementNo: string; } | undefined; error?: string | undefined; }'.
        Types of property 'data' are incompatible.
          Type '{ preview: { items: { sourceType: string; sourceId: string; sourceNo: string; amount: number; remark: string; }[]; totalAmount: number; }; }' is missing the following properties from type '{ id: string; statementNo: string; }': id, statementNo
src/features/finance/ap/actions.ts(64,50): error TS2339: Property 'AP_CREATE' does not exist on type '{ readonly VIEW: "finance.view"; readonly AR_VIEW: "finance.ar.view"; readonly AP_VIEW: "finance.ap.view"; readonly LABOR_VIEW: "finance.labor.view"; readonly CONFIRM: "finance.confirm"; ... 4 more ...; readonly REFUND: "finance.refund"; }'.
src/features/finance/ap/actions.ts(200,47): error TS2769: No overload matches this call.
  Overload 1 of 2, '(value: { sourceType: "OTHER" | SQL<unknown> | "PURCHASE_ORDER" | "INSTALL_TASK" | "MEASURE_TASK" | Placeholder<string, any>; statementId: string | SQL<unknown> | Placeholder<string, any>; ... 6 more ...; deductionReason?: string | ... 3 more ... | undefined; }): PgInsertBase<...>', gave the following error.
    Type 'string' is not assignable to type '"OTHER" | SQL<unknown> | "PURCHASE_ORDER" | "INSTALL_TASK" | "MEASURE_TASK" | Placeholder<string, any>'.
  Overload 2 of 2, '(values: { sourceType: "OTHER" | SQL<unknown> | "PURCHASE_ORDER" | "INSTALL_TASK" | "MEASURE_TASK" | Placeholder<string, any>; statementId: string | SQL<unknown> | Placeholder<string, any>; ... 6 more ...; deductionReason?: string | ... 3 more ... | undefined; }[]): PgInsertBase<...>', gave the following error.
    Object literal may only specify known properties, and 'statementId' does not exist in type '{ sourceType: "OTHER" | SQL<unknown> | "PURCHASE_ORDER" | "INSTALL_TASK" | "MEASURE_TASK" | Placeholder<string, any>; statementId: string | SQL<unknown> | Placeholder<string, any>; ... 6 more ...; deductionReason?: string | ... 3 more ... | undefined; }[]'.
src/features/finance/ap/actions.ts(274,50): error TS2339: Property 'AP_EDIT' does not exist on type '{ readonly VIEW: "finance.view"; readonly AR_VIEW: "finance.ar.view"; readonly AP_VIEW: "finance.ap.view"; readonly LABOR_VIEW: "finance.labor.view"; readonly CONFIRM: "finance.confirm"; ... 4 more ...; readonly REFUND: "finance.refund"; }'.
src/features/leads/components/lead-filters.tsx(26,37): error TS2345: Argument of type 'Dispatch<SetStateAction<{ id: string; name: string; }[]>>' is not assignable to parameter of type '(value: ActionState<{ id: string; name: string; code: string; isActive: boolean | null; createdAt: Date | null; tenantId: string; }[]>) => void | PromiseLike<void>'.
  Types of parameters 'value' and 'value' are incompatible.
    Type 'ActionState<{ id: string; name: string; code: string; isActive: boolean | null; createdAt: Date | null; tenantId: string; }[]>' is not assignable to type 'SetStateAction<{ id: string; name: string; }[]>'.
src/features/leads/components/lead-form.tsx(123,26): error TS2554: Expected 0 arguments, but got 1.
src/features/leads/components/lead-form.tsx(125,26): error TS2554: Expected 0 arguments, but got 1.
src/features/monitoring/components/notification-bell.tsx(29,30): error TS2345: Argument of type 'ActionState<{ link: string | null; id: string; createdAt: Date | null; tenantId: string; type: "INFO" | "SUCCESS" | "WARNING" | "ERROR" | null; content: string; userId: string; title: string; ... 4 more ...; wechatStatus: string | null; }[]>' is not assignable to parameter of type 'SetStateAction<any[]>'.
src/features/monitoring/components/notification-bell.tsx(30,28): error TS2345: Argument of type 'ActionState<number>' is not assignable to parameter of type 'SetStateAction<number>'.
src/features/monitoring/notification-actions.ts(49,42): error TS2339: Property 'NOTIFICATION' does not exist on type '{ readonly GLOBAL: { readonly VIEW: "*"; }; readonly LEAD: { readonly VIEW: "lead.view"; readonly CREATE: "lead.create"; readonly EDIT: "lead.edit"; readonly DELETE: "lead.delete"; readonly ASSIGN: "lead.assign"; readonly TRANSFER: "lead.transfer"; readonly IMPORT: "lead.import"; readonly EXPORT: "lead.export"; }; ....'.
src/features/orders/__tests__/status-sync.test.ts(3,10): error TS2305: Module '"../actions"' has no exported member 'refreshOrderStatus'.
src/features/products/actions.ts(32,29): error TS2769: No overload matches this call.
  Overload 1 of 3, '(left: PgColumn<{ name: "category"; tableName: "products"; dataType: "string"; columnType: "PgEnumColumn"; data: "CURTAIN_FABRIC" | "CURTAIN_SHEER" | "CURTAIN_TRACK" | "CURTAIN_ACCESSORY" | "WALLCLOTH" | "WALLPANEL" | "WINDOWPAD" | "STANDARD" | "MOTOR"; ... 9 more ...; generated: undefined; }, {}, {}>, right: "CURTAIN_FABRIC" | ... 8 more ... | SQLWrapper): SQL<...>', gave the following error.
    Argument of type 'string' is not assignable to parameter of type '"CURTAIN_FABRIC" | "CURTAIN_SHEER" | "CURTAIN_TRACK" | "CURTAIN_ACCESSORY" | "WALLCLOTH" | "WALLPANEL" | "WINDOWPAD" | "STANDARD" | "MOTOR" | SQLWrapper'.
  Overload 2 of 3, '(left: Aliased<string>, right: string | SQLWrapper): SQL<unknown>', gave the following error.
    Argument of type 'PgColumn<{ name: "category"; tableName: "products"; dataType: "string"; columnType: "PgEnumColumn"; data: "CURTAIN_FABRIC" | "CURTAIN_SHEER" | "CURTAIN_TRACK" | "CURTAIN_ACCESSORY" | "WALLCLOTH" | "WALLPANEL" | "WINDOWPAD" | "STANDARD" | "MOTOR"; ... 9 more ...; generated: undefined; }, {}, {}>' is not assignable to parameter of type 'Aliased<string>'.
      Type 'PgColumn<{ name: "category"; tableName: "products"; dataType: "string"; columnType: "PgEnumColumn"; data: "CURTAIN_FABRIC" | "CURTAIN_SHEER" | "CURTAIN_TRACK" | "CURTAIN_ACCESSORY" | "WALLCLOTH" | "WALLPANEL" | "WINDOWPAD" | "STANDARD" | "MOTOR"; ... 9 more ...; generated: undefined; }, {}, {}>' is missing the following properties from type 'Aliased<string>': sql, fieldAlias
  Overload 3 of 3, '(left: never, right: unknown): SQL<unknown>', gave the following error.
    Argument of type 'PgColumn<{ name: "category"; tableName: "products"; dataType: "string"; columnType: "PgEnumColumn"; data: "CURTAIN_FABRIC" | "CURTAIN_SHEER" | "CURTAIN_TRACK" | "CURTAIN_ACCESSORY" | "WALLCLOTH" | "WALLPANEL" | "WINDOWPAD" | "STANDARD" | "MOTOR"; ... 9 more ...; generated: undefined; }, {}, {}>' is not assignable to parameter of type 'never'.
src/features/products/actions.ts(80,18): error TS2769: No overload matches this call.
  Overload 1 of 2, '(value: { name: string | SQL<unknown> | Placeholder<string, any>; tenantId: string | SQL<unknown> | Placeholder<string, any>; category: "CURTAIN_FABRIC" | ... 9 more ... | Placeholder<...>; ... 14 more ...; attributes?: unknown; }): PgInsertBase<...>', gave the following error.
    Argument of type '{ tenantId: string; sku: string; name: string; category: "CURTAIN_FABRIC" | "CURTAIN_SHEER" | "CURTAIN_TRACK" | "CURTAIN_ACCESSORY" | "WALLCLOTH" | "WALLPANEL" | "WINDOWPAD" | "STANDARD" | "MOTOR"; ... 8 more ...; safetyStock?: number | undefined; }' is not assignable to parameter of type '{ name: string | SQL<unknown> | Placeholder<string, any>; tenantId: string | SQL<unknown> | Placeholder<string, any>; category: "CURTAIN_FABRIC" | "CURTAIN_SHEER" | ... 8 more ... | Placeholder<...>; ... 14 more ...; attributes?: unknown; }'.
      Types of property 'basePrice' are incompatible.
        Type 'number' is not assignable to type 'string | SQL<unknown> | Placeholder<string, any>'.
  Overload 2 of 2, '(values: { name: string | SQL<unknown> | Placeholder<string, any>; tenantId: string | SQL<unknown> | Placeholder<string, any>; category: "CURTAIN_FABRIC" | ... 9 more ... | Placeholder<...>; ... 14 more ...; attributes?: unknown; }[]): PgInsertBase<...>', gave the following error.
    Object literal may only specify known properties, and 'tenantId' does not exist in type '{ name: string | SQL<unknown> | Placeholder<string, any>; tenantId: string | SQL<unknown> | Placeholder<string, any>; category: "CURTAIN_FABRIC" | "CURTAIN_SHEER" | ... 8 more ... | Placeholder<...>; ... 14 more ...; attributes?: unknown; }[]'.
src/features/products/actions.ts(144,22): error TS2345: Argument of type '{ name?: string | undefined; basePrice?: number | undefined; costPrice?: number | undefined; defaultSupplierId?: string | undefined; stockQuantity?: number | undefined; images?: string[] | undefined; attributes?: Record<...> | undefined; }' is not assignable to parameter of type '{ name?: string | SQL<unknown> | PgColumn<ColumnBaseConfig<ColumnDataType, string>, {}, {}> | undefined; tenantId?: string | SQL<unknown> | PgColumn<...> | undefined; ... 15 more ...; attributes?: unknown; }'.
  Types of property 'basePrice' are incompatible.
    Type 'number | undefined' is not assignable to type 'string | SQL<unknown> | PgColumn<ColumnBaseConfig<ColumnDataType, string>, {}, {}> | undefined'.
      Type 'number' is not assignable to type 'string | SQL<unknown> | PgColumn<ColumnBaseConfig<ColumnDataType, string>, {}, {}> | undefined'.
src/features/products/components/product-selector.tsx(83,33): error TS2345: Argument of type '{ id: string; name: string; isActive: boolean | null; createdAt: Date | null; updatedAt: Date | null; tenantId: string; deletedAt: Date | null; category: "CURTAIN_FABRIC" | ... 7 more ... | "MOTOR"; ... 9 more ...; attributes: unknown; }[]' is not assignable to parameter of type 'SetStateAction<Product[]>'.
  Type '{ id: string; name: string; isActive: boolean | null; createdAt: Date | null; updatedAt: Date | null; tenantId: string; deletedAt: Date | null; category: "CURTAIN_FABRIC" | ... 7 more ... | "MOTOR"; ... 9 more ...; attributes: unknown; }[]' is not assignable to type 'Product[]'.
    Type '{ id: string; name: string; isActive: boolean | null; createdAt: Date | null; updatedAt: Date | null; tenantId: string; deletedAt: Date | null; category: "CURTAIN_FABRIC" | ... 7 more ... | "MOTOR"; ... 9 more ...; attributes: unknown; }' is not assignable to type 'Product'.
      Types of property 'attributes' are incompatible.
        Type 'unknown' is not assignable to type 'Record<string, unknown>'.
src/features/quotes/components/quick-quote-dialog.tsx(114,47): error TS2339: Property 'id' does not exist on type 'ActionState<{ id: string; quoteId: string; quoteNo: string; }>'.
src/features/quotes/components/quote-to-order-button.tsx(33,46): error TS2339: Property 'id' does not exist on type 'ActionState<{ id: string; orderNo: string; }>'.
src/features/quotes/components/quote-to-order-button.tsx(34,48): error TS2339: Property 'orderNo' does not exist on type 'ActionState<{ id: string; orderNo: string; }>'.
src/features/quotes/components/quote-to-order-button.tsx(35,51): error TS2339: Property 'id' does not exist on type 'ActionState<{ id: string; orderNo: string; }>'.
src/features/search/components/global-search-command.tsx(47,28): error TS2345: Argument of type 'ActionState<SearchResult[]>' is not assignable to parameter of type 'SetStateAction<SearchResult[]>'.
src/features/service-delivery/actions/install-tasks.ts(102,36): error TS2339: Property 'roomName' does not exist on type '{ id: string; category: "CURTAIN_FABRIC" | "CURTAIN_SHEER" | "CURTAIN_TRACK" | "CURTAIN_ACCESSORY" | "WALLCLOTH" | "WALLPANEL" | "WINDOWPAD" | "STANDARD" | "MOTOR" | null; unitPrice: string; ... 17 more ...; subtotal: string; }'.
src/features/service-delivery/actions/measure-tasks.ts(39,19): error TS2554: Expected 2-3 arguments, but got 1.
src/features/service/installation/__tests__/install-tasks.test.ts(176,33): error TS2339: Property 'itemsCount' does not exist on type '{ orderId: string; category: "CURTAIN_FABRIC" | "CURTAIN_SHEER" | "CURTAIN_TRACK" | "CURTAIN_ACCESSORY" | "WALLCLOTH" | "WALLPANEL" | "WINDOWPAD" | "STANDARD" | "MOTOR" | null; ... 22 more ...; ratingComment: string | null; }'.
src/features/service/measurement/__tests__/sync-manager.test.ts(56,25): error TS2322: Type '{ id: string; leadId: string; customer: { name: string; defaultAddress: string; }; createdAt: Date; }[]' is not assignable to type '{ id: string; isActive: boolean | null; createdAt: Date | null; updatedAt: Date | null; tenantId: string; createdBy: string; status: "DISPATCHING" | "COMPLETED" | "CANCELLED" | "PENDING" | "PENDING_VISIT" | "PENDING_CONFIRM" | null; ... 22 more ...; worker: { ...; } | null; }[]'.
  Type '{ id: string; leadId: string; customer: { name: string; defaultAddress: string; }; createdAt: Date; }' is missing the following properties from type '{ id: string; isActive: boolean | null; createdAt: Date | null; updatedAt: Date | null; tenantId: string; createdBy: string; status: "DISPATCHING" | "COMPLETED" | "CANCELLED" | "PENDING" | "PENDING_VISIT" | "PENDING_CONFIRM" | null; ... 22 more ...; worker: { ...; } | null; }': isActive, updatedAt, tenantId, createdBy, and 22 more.
src/features/service/measurement/__tests__/sync-manager.test.ts(65,68): error TS2345: Argument of type '(mode: TransactionMode, stores: string | Table<any, any, any>, callback: string | Table<any, any, any>) => Promise<void>' is not assignable to parameter of type '(mode: TransactionMode, table: string | Table<any, any, any>, table2: string | Table<any, any, any>, table3: string | Table<any, any, any>, table5: string | Table<...>, scope: (trans: Transaction & { ...; }) => unknown) => PromiseExtended<...>'.
  Property 'timeout' is missing in type 'Promise<void>' but required in type 'PromiseExtended<unknown>'.
src/features/service/measurement/__tests__/sync-manager.test.ts(66,23): error TS2349: This expression is not callable.
  No constituent of type 'string | Table<any, any, any>' is callable.
src/features/service/measurement/__tests__/sync-manager.test.ts(92,25): error TS2322: Type '{ id: string; leadId: string; customer: { name: string; defaultAddress: string; }; createdAt: Date; }[]' is not assignable to type '{ id: string; isActive: boolean | null; createdAt: Date | null; updatedAt: Date | null; tenantId: string; createdBy: string; status: "DISPATCHING" | "COMPLETED" | "CANCELLED" | "PENDING" | "PENDING_VISIT" | "PENDING_CONFIRM" | null; ... 22 more ...; worker: { ...; } | null; }[]'.
  Type '{ id: string; leadId: string; customer: { name: string; defaultAddress: string; }; createdAt: Date; }' is missing the following properties from type '{ id: string; isActive: boolean | null; createdAt: Date | null; updatedAt: Date | null; tenantId: string; createdBy: string; status: "DISPATCHING" | "COMPLETED" | "CANCELLED" | "PENDING" | "PENDING_VISIT" | "PENDING_CONFIRM" | null; ... 22 more ...; worker: { ...; } | null; }': isActive, updatedAt, tenantId, createdBy, and 22 more.
src/features/service/measurement/__tests__/sync-manager.test.ts(104,68): error TS2345: Argument of type '(mode: TransactionMode, stores: string | Table<any, any, any>, callback: string | Table<any, any, any>) => Promise<void>' is not assignable to parameter of type '(mode: TransactionMode, table: string | Table<any, any, any>, table2: string | Table<any, any, any>, table3: string | Table<any, any, any>, table5: string | Table<...>, scope: (trans: Transaction & { ...; }) => unknown) => PromiseExtended<...>'.
  Property 'timeout' is missing in type 'Promise<void>' but required in type 'PromiseExtended<unknown>'.
src/features/service/measurement/__tests__/sync-manager.test.ts(105,23): error TS2349: This expression is not callable.
  No constituent of type 'string | Table<any, any, any>' is callable.
src/features/service/measurement/__tests__/sync-manager.test.ts(115,58): error TS2345: Argument of type '{ success: false; error: string; }' is not assignable to parameter of type 'ActionState<{ data: { id: string; isActive: boolean | null; createdAt: Date | null; updatedAt: Date | null; tenantId: string; createdBy: string; status: "DISPATCHING" | "COMPLETED" | ... 4 more ... | null; ... 22 more ...; worker: { ...; } | null; }[]; total: number; totalPages: number; }>'.
  Property 'timestamp' is missing in type '{ success: false; error: string; }' but required in type 'ActionState<{ data: { id: string; isActive: boolean | null; createdAt: Date | null; updatedAt: Date | null; tenantId: string; createdBy: string; status: "DISPATCHING" | "COMPLETED" | ... 4 more ... | null; ... 22 more ...; worker: { ...; } | null; }[]; total: number; totalPages: number; }>'.
src/features/service/measurement/__tests__/sync-manager.test.ts(125,58): error TS2345: Argument of type '{ success: false; error: string; }' is not assignable to parameter of type 'ActionState<{ data: { id: string; isActive: boolean | null; createdAt: Date | null; updatedAt: Date | null; tenantId: string; createdBy: string; status: "DISPATCHING" | "COMPLETED" | ... 4 more ... | null; ... 22 more ...; worker: { ...; } | null; }[]; total: number; totalPages: number; }>'.
  Property 'timestamp' is missing in type '{ success: false; error: string; }' but required in type 'ActionState<{ data: { id: string; isActive: boolean | null; createdAt: Date | null; updatedAt: Date | null; tenantId: string; createdBy: string; status: "DISPATCHING" | "COMPLETED" | ... 4 more ... | null; ... 22 more ...; worker: { ...; } | null; }[]; total: number; totalPages: number; }>'.
src/features/service/measurement/__tests__/sync-manager.test.ts(166,74): error TS2345: Argument of type '{ id: string; taskId: string; data: { rooms: { name: string; windows: { name: string; type: string; width: number; height: number; }[]; }[]; sitePhotos: string[]; checkIn: { lat: number; lng: number; address: string; }; }; }[]' is not assignable to parameter of type 'OfflineMeasurement[]'.
  Type '{ id: string; taskId: string; data: { rooms: { name: string; windows: { name: string; type: string; width: number; height: number; }[]; }[]; sitePhotos: string[]; checkIn: { lat: number; lng: number; address: string; }; }; }' is missing the following properties from type 'OfflineMeasurement': leadId, customerName, address, status, and 2 more.
src/features/service/measurement/__tests__/sync-manager.test.ts(167,60): error TS2345: Argument of type '{ success: true; }' is not assignable to parameter of type 'ActionState<{ success: boolean; }>'.
  Property 'timestamp' is missing in type '{ success: true; }' but required in type 'ActionState<{ success: boolean; }>'.
src/features/service/measurement/__tests__/sync-manager.test.ts(171,75): error TS2345: Argument of type 'undefined' is not assignable to parameter of type 'number'.
src/features/service/measurement/__tests__/sync-manager.test.ts(216,74): error TS2345: Argument of type '{ id: string; taskId: string; data: { rooms: never[]; sitePhotos: string[]; checkIn: { lat: number; lng: number; }; }; }[]' is not assignable to parameter of type 'OfflineMeasurement[]'.
  Type '{ id: string; taskId: string; data: { rooms: never[]; sitePhotos: string[]; checkIn: { lat: number; lng: number; }; }; }' is missing the following properties from type 'OfflineMeasurement': leadId, customerName, address, status, and 2 more.
src/features/service/measurement/__tests__/sync-manager.test.ts(217,60): error TS2345: Argument of type '{ success: true; }' is not assignable to parameter of type 'ActionState<{ success: boolean; }>'.
  Property 'timestamp' is missing in type '{ success: true; }' but required in type 'ActionState<{ success: boolean; }>'.
src/features/service/measurement/__tests__/sync-manager.test.ts(221,75): error TS2345: Argument of type 'undefined' is not assignable to parameter of type 'number'.
src/features/service/measurement/__tests__/sync-manager.test.ts(251,74): error TS2345: Argument of type '{ id: string; taskId: string; data: { rooms: never[]; sitePhotos: string[]; checkIn: { lat: number; lng: number; }; }; }[]' is not assignable to parameter of type 'OfflineMeasurement[]'.
  Type '{ id: string; taskId: string; data: { rooms: never[]; sitePhotos: string[]; checkIn: { lat: number; lng: number; }; }; }' is missing the following properties from type 'OfflineMeasurement': leadId, customerName, address, status, and 2 more.
src/features/service/measurement/__tests__/sync-manager.test.ts(253,40): error TS2345: Argument of type '{ success: true; }' is not assignable to parameter of type 'ActionState<{ success: boolean; }>'.
  Property 'timestamp' is missing in type '{ success: true; }' but required in type 'ActionState<{ success: boolean; }>'.
src/features/service/measurement/__tests__/sync-manager.test.ts(254,40): error TS2345: Argument of type '{ success: false; error: string; }' is not assignable to parameter of type 'ActionState<{ success: boolean; }>'.
  Property 'timestamp' is missing in type '{ success: false; error: string; }' but required in type 'ActionState<{ success: boolean; }>'.
src/features/service/measurement/__tests__/sync-manager.test.ts(256,75): error TS2345: Argument of type 'undefined' is not assignable to parameter of type 'number'.
src/features/service/measurement/__tests__/sync-manager.test.ts(285,74): error TS2345: Argument of type '{ id: string; taskId: string; data: { rooms: never[]; sitePhotos: string[]; }; }[]' is not assignable to parameter of type 'OfflineMeasurement[]'.
  Type '{ id: string; taskId: string; data: { rooms: never[]; sitePhotos: string[]; }; }' is missing the following properties from type 'OfflineMeasurement': leadId, customerName, address, status, and 2 more.
src/features/service/measurement/__tests__/sync-manager.test.ts(286,60): error TS2345: Argument of type '{ success: true; }' is not assignable to parameter of type 'ActionState<{ success: boolean; }>'.
  Property 'timestamp' is missing in type '{ success: true; }' but required in type 'ActionState<{ success: boolean; }>'.
src/features/service/measurement/__tests__/sync-manager.test.ts(290,75): error TS2345: Argument of type 'undefined' is not assignable to parameter of type 'number'.
src/features/service/measurement/__tests__/sync-manager.test.ts(316,74): error TS2345: Argument of type '{ id: string; taskId: string; data: { rooms: never[]; sitePhotos: string[]; checkIn: { lat: number; lng: number; }; }; }[]' is not assignable to parameter of type 'OfflineMeasurement[]'.
  Type '{ id: string; taskId: string; data: { rooms: never[]; sitePhotos: string[]; checkIn: { lat: number; lng: number; }; }; }' is missing the following properties from type 'OfflineMeasurement': leadId, customerName, address, status, and 2 more.
