e2e/flows/lead-bulk-operations.spec.ts(30,33): error TS2551: Property 'getAllByRole' does not exist on type 'Page'. Did you mean 'getByRole'?
e2e/flows/lead-bulk-operations.spec.ts(69,33): error TS2551: Property 'getAllByRole' does not exist on type 'Page'. Did you mean 'getByRole'?
e2e/flows/lead-bulk-operations.spec.ts(106,33): error TS2551: Property 'getAllByRole' does not exist on type 'Page'. Did you mean 'getByRole'?
e2e/flows/lead-bulk-operations.spec.ts(146,33): error TS2551: Property 'getAllByRole' does not exist on type 'Page'. Did you mean 'getByRole'?
e2e/flows/lead-bulk-operations.spec.ts(183,33): error TS2551: Property 'getAllByRole' does not exist on type 'Page'. Did you mean 'getByRole'?
e2e/flows/lead-bulk-operations.spec.ts(222,33): error TS2551: Property 'getAllByRole' does not exist on type 'Page'. Did you mean 'getByRole'?
e2e/flows/lead-bulk-operations.spec.ts(261,33): error TS2551: Property 'getAllByRole' does not exist on type 'Page'. Did you mean 'getByRole'?
e2e/flows/lead-pool-management.spec.ts(137,46): error TS2339: Property 'toBeInTheDocument' does not exist on type 'MakeMatchers<void, Locator, {}>'.
e2e/flows/lead-pool-management.spec.ts(166,33): error TS2551: Property 'getAllByRole' does not exist on type 'Page'. Did you mean 'getByRole'?
seed-full.ts(896,72): error TS2769: No overload matches this call.
  Overload 1 of 2, '(value: { tenantId: string | SQL<unknown> | Placeholder<string, any>; createdBy: string | SQL<unknown> | Placeholder<string, any>; customerId: string | SQL<...> | Placeholder<...>; ... 10 more ...; reconciliationId?: string | ... 3 more ... | undefined; }): PgInsertBase<...>', gave the following error.
    Object literal may only specify known properties, and 'receivedAmount' does not exist in type '{ tenantId: string | SQL<unknown> | Placeholder<string, any>; createdBy: string | SQL<unknown> | Placeholder<string, any>; customerId: string | SQL<unknown> | Placeholder<...>; ... 10 more ...; reconciliationId?: string | ... 3 more ... | undefined; }'.
  Overload 2 of 2, '(values: { tenantId: string | SQL<unknown> | Placeholder<string, any>; createdBy: string | SQL<unknown> | Placeholder<string, any>; customerId: string | SQL<...> | Placeholder<...>; ... 10 more ...; reconciliationId?: string | ... 3 more ... | undefined; }[]): PgInsertBase<...>', gave the following error.
    Object literal may only specify known properties, and 'tenantId' does not exist in type '{ tenantId: string | SQL<unknown> | Placeholder<string, any>; createdBy: string | SQL<unknown> | Placeholder<string, any>; customerId: string | SQL<unknown> | Placeholder<...>; ... 10 more ...; reconciliationId?: string | ... 3 more ... | undefined; }[]'.
seed-full.ts(911,72): error TS2769: No overload matches this call.
  Overload 1 of 2, '(value: { tenantId: string | SQL<unknown> | Placeholder<string, any>; orderId: string | SQL<unknown> | Placeholder<string, any>; stageName: string | SQL<unknown> | Placeholder<...>; ... 9 more ...; paidAt?: Date | ... 3 more ... | undefined; }): PgInsertBase<...>', gave the following error.
    Object literal may only specify known properties, and 'name' does not exist in type '{ tenantId: string | SQL<unknown> | Placeholder<string, any>; orderId: string | SQL<unknown> | Placeholder<string, any>; stageName: string | SQL<unknown> | Placeholder<...>; ... 9 more ...; paidAt?: Date | ... 3 more ... | undefined; }'.
  Overload 2 of 2, '(values: { tenantId: string | SQL<unknown> | Placeholder<string, any>; orderId: string | SQL<unknown> | Placeholder<string, any>; stageName: string | SQL<unknown> | Placeholder<...>; ... 9 more ...; paidAt?: Date | ... 3 more ... | undefined; }[]): PgInsertBase<...>', gave the following error.
    Object literal may only specify known properties, and 'tenantId' does not exist in type '{ tenantId: string | SQL<unknown> | Placeholder<string, any>; orderId: string | SQL<unknown> | Placeholder<string, any>; stageName: string | SQL<unknown> | Placeholder<...>; ... 9 more ...; paidAt?: Date | ... 3 more ... | undefined; }[]'.
seed-full.ts(922,54): error TS2769: No overload matches this call.
  Overload 1 of 2, '(value: { tenantId: string | SQL<unknown> | Placeholder<string, any>; orderId: string | SQL<unknown> | Placeholder<string, any>; stageName: string | SQL<unknown> | Placeholder<...>; ... 9 more ...; paidAt?: Date | ... 3 more ... | undefined; }): PgInsertBase<...>', gave the following error.
    Object literal may only specify known properties, and 'name' does not exist in type '{ tenantId: string | SQL<unknown> | Placeholder<string, any>; orderId: string | SQL<unknown> | Placeholder<string, any>; stageName: string | SQL<unknown> | Placeholder<...>; ... 9 more ...; paidAt?: Date | ... 3 more ... | undefined; }'.
  Overload 2 of 2, '(values: { tenantId: string | SQL<unknown> | Placeholder<string, any>; orderId: string | SQL<unknown> | Placeholder<string, any>; stageName: string | SQL<unknown> | Placeholder<...>; ... 9 more ...; paidAt?: Date | ... 3 more ... | undefined; }[]): PgInsertBase<...>', gave the following error.
    Object literal may only specify known properties, and 'tenantId' does not exist in type '{ tenantId: string | SQL<unknown> | Placeholder<string, any>; orderId: string | SQL<unknown> | Placeholder<string, any>; stageName: string | SQL<unknown> | Placeholder<...>; ... 9 more ...; paidAt?: Date | ... 3 more ... | undefined; }[]'.
seed-full.ts(935,40): error TS2339: Property 'paymentRecords' does not exist on type 'typeof import("C:/Users/bigey/Documents/Antigravity/L2C/src/shared/api/schema")'.
seed-full.ts(947,40): error TS2339: Property 'paymentRecords' does not exist on type 'typeof import("C:/Users/bigey/Documents/Antigravity/L2C/src/shared/api/schema")'.
src/app/(dashboard)/finance/ar/[id]/page.tsx(15,53): error TS2339: Property 'payments' does not exist on type '{ orderId: string | null; id: string; createdAt: Date | null; updatedAt: Date | null; tenantId: string; remark: string | null; totalAmount: string | null; createdBy: string; ... 9 more ...; schedules: { ...; }[]; }'.
src/app/(dashboard)/finance/ar/[id]/page.tsx(37,9): error TS2339: Property 'receivedAmount' does not exist on type '{ orderId: string | null; id: string; createdAt: Date | null; updatedAt: Date | null; tenantId: string; remark: string | null; totalAmount: string | null; createdBy: string; ... 9 more ...; schedules: { ...; }[]; }'.
src/app/(dashboard)/finance/ar/[id]/page.tsx(38,9): error TS2339: Property 'pendingAmount' does not exist on type '{ orderId: string | null; id: string; createdAt: Date | null; updatedAt: Date | null; tenantId: string; remark: string | null; totalAmount: string | null; createdBy: string; ... 9 more ...; schedules: { ...; }[]; }'.
src/app/(dashboard)/finance/ar/[id]/page.tsx(41,9): error TS2339: Property 'payments' does not exist on type '{ orderId: string | null; id: string; createdAt: Date | null; updatedAt: Date | null; tenantId: string; remark: string | null; totalAmount: string | null; createdBy: string; ... 9 more ...; schedules: { ...; }[]; }'.
src/app/(dashboard)/finance/ar/[id]/page.tsx(65,37): error TS2339: Property 'name' does not exist on type '{ orderId: string; id: string; createdAt: Date | null; updatedAt: Date | null; tenantId: string; remark: string | null; status: "PENDING" | "PAID" | "OVERDUE" | null; statementId: string | null; ... 4 more ...; paidAt: Date | null; }'.
src/app/(dashboard)/finance/ar/[id]/page.tsx(152,57): error TS2339: Property 'name' does not exist on type '{ orderId: string; id: string; createdAt: Date | null; updatedAt: Date | null; tenantId: string; remark: string | null; status: "PENDING" | "PAID" | "OVERDUE" | null; statementId: string | null; ... 4 more ...; paidAt: Date | null; }'.
src/app/(dashboard)/finance/ar/[id]/page.tsx(153,57): error TS2339: Property 'expectedDate' does not exist on type '{ orderId: string; id: string; createdAt: Date | null; updatedAt: Date | null; tenantId: string; remark: string | null; status: "PENDING" | "PAID" | "OVERDUE" | null; statementId: string | null; ... 4 more ...; paidAt: Date | null; }'.
src/app/(dashboard)/finance/ar/[id]/page.tsx(153,92): error TS2339: Property 'expectedDate' does not exist on type '{ orderId: string; id: string; createdAt: Date | null; updatedAt: Date | null; tenantId: string; remark: string | null; status: "PENDING" | "PAID" | "OVERDUE" | null; statementId: string | null; ... 4 more ...; paidAt: Date | null; }'.
src/app/(dashboard)/finance/ar/[id]/page.tsx(160,57): error TS2339: Property 'actualDate' does not exist on type '{ orderId: string; id: string; createdAt: Date | null; updatedAt: Date | null; tenantId: string; remark: string | null; status: "PENDING" | "PAID" | "OVERDUE" | null; statementId: string | null; ... 4 more ...; paidAt: Date | null; }'.
src/app/(dashboard)/finance/ar/[id]/page.tsx(160,90): error TS2339: Property 'actualDate' does not exist on type '{ orderId: string; id: string; createdAt: Date | null; updatedAt: Date | null; tenantId: string; remark: string | null; status: "PENDING" | "PAID" | "OVERDUE" | null; statementId: string | null; ... 4 more ...; paidAt: Date | null; }'.
src/app/(dashboard)/finance/ar/page.tsx(62,26): error TS2322: Type '{ orderId: string | null; id: string; createdAt: Date | null; updatedAt: Date | null; tenantId: string; remark: string | null; totalAmount: string | null; createdBy: string; ... 7 more ...; order: { ...; } | null; }[]' is not assignable to type 'ArStatement[]'.
  Type '{ orderId: string | null; id: string; createdAt: Date | null; updatedAt: Date | null; tenantId: string; remark: string | null; totalAmount: string | null; createdBy: string; ... 7 more ...; order: { ...; } | null; }' is not assignable to type 'ArStatement'.
    Types of property 'orderId' are incompatible.
      Type 'string | null' is not assignable to type 'string'.
        Type 'null' is not assignable to type 'string'.
src/app/(dashboard)/orders/components/order-profit-analysis-card.tsx(7,39): error TS2307: Cannot find module '../actions/analysis-actions' or its corresponding type declarations.
src/app/(dashboard)/orders/components/order-profit-analysis-card.tsx(59,17): error TS2322: Type '{ title: string; subtitle: string; action: Element; }' is not assignable to type 'IntrinsicAttributes & CardHeaderProps & RefAttributes<HTMLDivElement>'.
  Property 'subtitle' does not exist on type 'IntrinsicAttributes & CardHeaderProps & RefAttributes<HTMLDivElement>'.
src/app/(dashboard)/quotes/compare-demo/page.tsx(4,10): error TS2459: Module '"@/features/quotes/components/quote-bundle-editor"' declares 'ExtendedItem' locally, but it is not exported.
src/app/(dashboard)/service/installation/page.tsx(153,43): error TS2322: Type '{ id: string; taskNo: string; orderId: string; order: { orderNo: string; } | undefined; customer: { name: string; phone: string; } | null; worker: { name: string; } | null; scheduledDate: string | null; scheduledAt: string | null; status: string; }[]' is not assignable to type 'InstallTaskData[]'.
  Type '{ id: string; taskNo: string; orderId: string; order: { orderNo: string; } | undefined; customer: { name: string; phone: string; } | null; worker: { name: string; } | null; scheduledDate: string | null; scheduledAt: string | null; status: string; }' is not assignable to type 'InstallTaskData'.
    Types of property 'customer' are incompatible.
      Type '{ name: string; phone: string; } | null' is not assignable to type '{ name: string; phone?: string | undefined; } | undefined'.
        Type 'null' is not assignable to type '{ name: string; phone?: string | undefined; } | undefined'.
src/app/(dashboard)/service/installation/page.tsx(159,43): error TS2322: Type '{ id: string; taskNo: string; orderId: string; order: { orderNo: string; } | undefined; customer: { name: string; phone: string; } | null; worker: { name: string; } | null; scheduledDate: string | null; scheduledAt: string | null; status: string; }[]' is not assignable to type 'InstallTask[]'.
  Type '{ id: string; taskNo: string; orderId: string; order: { orderNo: string; } | undefined; customer: { name: string; phone: string; } | null; worker: { name: string; } | null; scheduledDate: string | null; scheduledAt: string | null; status: string; }' is not assignable to type 'InstallTask'.
    Types of property 'order' are incompatible.
      Type '{ orderNo: string; } | undefined' is not assignable to type '{ orderNo: string; } | null'.
        Type 'undefined' is not assignable to type '{ orderNo: string; } | null'.
src/features/admin/worker-management/actions.ts(120,25): error TS2345: Argument of type 'SQL<unknown> | undefined' is not assignable to parameter of type 'SQL<unknown>'.
  Type 'undefined' is not assignable to type 'SQL<unknown>'.
src/features/after-sales/__tests__/actions.test.ts(149,43): error TS2345: Argument of type '{ user: { id: string; name: string; tenantId: string; role: string; }; expires: string; }' is not assignable to parameter of type 'NextMiddleware'.
  Type '{ user: { id: string; name: string; tenantId: string; role: string; }; expires: string; }' provides no match for the signature '(request: NextRequest, event: NextFetchEvent): NextMiddlewareResult | Promise<NextMiddlewareResult>'.
src/features/after-sales/__tests__/actions.test.ts(199,18): error TS2304: Cannot find name 'Customer'.
src/features/after-sales/__tests__/actions.test.ts(211,75): error TS2345: Argument of type 'null' is not assignable to parameter of type '{ type: "INDIVIDUAL" | "DESIGNER" | "PARTNER" | "COMPANY"; id: string; name: string; createdAt: Date | null; updatedAt: Date | null; tenantId: string; phone: string; deletedAt: Date | null; ... 23 more ...; createdBy: string; } | undefined'.
src/features/after-sales/__tests__/actions.test.ts(227,82): error TS2345: Argument of type 'MockTicket[]' is not assignable to parameter of type '{ orderId: string | null; type: "REPAIR" | "CLEAN" | "REPLACE" | "COMPLAINT" | "CONSULT"; id: string; description: string; createdAt: Date | null; updatedAt: Date | null; ... 11 more ...; satisfaction: number | null; }[]'.
  Type 'MockTicket' is not assignable to type '{ orderId: string | null; type: "REPAIR" | "CLEAN" | "REPLACE" | "COMPLAINT" | "CONSULT"; id: string; description: string; createdAt: Date | null; updatedAt: Date | null; ... 11 more ...; satisfaction: number | null; }'.
    Types of property 'orderId' are incompatible.
      Type 'string | null | undefined' is not assignable to type 'string | null'.
        Type 'undefined' is not assignable to type 'string | null'.
src/features/after-sales/__tests__/actions.test.ts(245,83): error TS2345: Argument of type 'MockTicket' is not assignable to parameter of type '{ orderId: string | null; type: "REPAIR" | "CLEAN" | "REPLACE" | "COMPLAINT" | "CONSULT"; id: string; description: string; createdAt: Date | null; updatedAt: Date | null; ... 11 more ...; satisfaction: number | null; }'.
  Types of property 'orderId' are incompatible.
    Type 'string | null | undefined' is not assignable to type 'string | null'.
      Type 'undefined' is not assignable to type 'string | null'.
src/features/after-sales/__tests__/actions.test.ts(275,83): error TS2345: Argument of type 'MockTicket' is not assignable to parameter of type '{ orderId: string | null; type: "REPAIR" | "CLEAN" | "REPLACE" | "COMPLAINT" | "CONSULT"; id: string; description: string; createdAt: Date | null; updatedAt: Date | null; ... 11 more ...; satisfaction: number | null; }'.
  Types of property 'orderId' are incompatible.
    Type 'string | null | undefined' is not assignable to type 'string | null'.
      Type 'undefined' is not assignable to type 'string | null'.
src/features/after-sales/__tests__/actions.test.ts(307,83): error TS2345: Argument of type 'MockTicket' is not assignable to parameter of type '{ orderId: string | null; type: "REPAIR" | "CLEAN" | "REPLACE" | "COMPLAINT" | "CONSULT"; id: string; description: string; createdAt: Date | null; updatedAt: Date | null; ... 11 more ...; satisfaction: number | null; }'.
  Types of property 'orderId' are incompatible.
    Type 'string | null | undefined' is not assignable to type 'string | null'.
      Type 'undefined' is not assignable to type 'string | null'.
src/features/after-sales/__tests__/actions.test.ts(342,82): error TS2345: Argument of type 'MockLiabilityNotice' is not assignable to parameter of type '{ id: string; createdAt: Date | null; updatedAt: Date | null; tenantId: string; createdBy: string; status: "DRAFT" | "CONFIRMED" | "DISPUTED" | "PENDING_CONFIRM" | "ARBITRATED" | null; ... 8 more ...; evidencePhotos: unknown; }'.
  Types of property 'liablePartyType' are incompatible.
    Type 'string' is not assignable to type '"SUPPLIER" | "COMPANY" | "INSTALLER" | "MEASURER" | "CUSTOMER"'.
src/features/after-sales/__tests__/actions.test.ts(372,82): error TS2345: Argument of type 'MockLiabilityNotice' is not assignable to parameter of type '{ id: string; createdAt: Date | null; updatedAt: Date | null; tenantId: string; createdBy: string; status: "DRAFT" | "CONFIRMED" | "DISPUTED" | "PENDING_CONFIRM" | "ARBITRATED" | null; ... 8 more ...; evidencePhotos: unknown; }'.
  Types of property 'liablePartyType' are incompatible.
    Type 'string' is not assignable to type '"SUPPLIER" | "COMPANY" | "INSTALLER" | "MEASURER" | "CUSTOMER"'.
src/features/after-sales/__tests__/actions.test.ts(402,83): error TS2345: Argument of type 'MockTicket' is not assignable to parameter of type '{ orderId: string | null; type: "REPAIR" | "CLEAN" | "REPLACE" | "COMPLAINT" | "CONSULT"; id: string; description: string; createdAt: Date | null; updatedAt: Date | null; ... 11 more ...; satisfaction: number | null; }'.
  Types of property 'orderId' are incompatible.
    Type 'string | null | undefined' is not assignable to type 'string | null'.
      Type 'undefined' is not assignable to type 'string | null'.
src/features/analytics/actions.ts(99,73): error TS2339: Property 'pendingAmount' does not exist on type 'PgTableWithColumns<{ name: "ar_statements"; schema: undefined; columns: { id: PgColumn<{ name: "id"; tableName: "ar_statements"; dataType: "string"; columnType: "PgUUID"; data: string; driverParam: string; notNull: true; ... 7 more ...; generated: undefined; }, {}, {}>; ... 12 more ...; updatedAt: PgColumn<...>; }; ...'.
src/features/approval/__tests__/approval-flow.test.ts(41,13): error TS2322: Type '(...args: [unknown, { name: string; module: string; triggerAction: string; steps: { order: number; name: string; approverType: "ROLE" | "USER" | "CREATOR_MANAGER"; approverValue: string; required: boolean; }[]; ... 4 more ...; description?: string | undefined; }] | [...]) => Promise<...>' is not assignable to type '(data: unknown) => Promise<{ success: boolean; data: { id: string; }; }>'.
  Types of parameters 'args' and 'data' are incompatible.
    Type '[data: unknown]' is not assignable to type '[unknown, { name: string; module: string; triggerAction: string; steps: { order: number; name: string; approverType: "ROLE" | "USER" | "CREATOR_MANAGER"; approverValue: string; required: boolean; }[]; ... 4 more ...; description?: string | undefined; }] | [...]'.
      Type '[data: unknown]' is not assignable to type '[{ name: string; module: string; triggerAction: string; steps: { order: number; name: string; approverType: "ROLE" | "USER" | "CREATOR_MANAGER"; approverValue: string; required: boolean; }[]; ... 4 more ...; description?: string | undefined; }]'.
        Type 'unknown' is not assignable to type '{ name: string; module: string; triggerAction: string; steps: { order: number; name: string; approverType: "ROLE" | "USER" | "CREATOR_MANAGER"; approverValue: string; required: boolean; }[]; timeoutHours: number; timeoutAction: "REMIND" | ... 1 more ... | "AUTO_REJECT"; isActive: boolean; id?: string | undefined; de...'.
src/features/approval/__tests__/approval-flow.test.ts(44,13): error TS2322: Type '(...args: [unknown, { leadId: string; categories: string[]; requiredSkills: string[]; scheduledAt?: Date | undefined; remark?: string | undefined; workerId?: string | undefined; }] | [{ leadId: string; categories: string[]; requiredSkills: string[]; scheduledAt?: Date | undefined; remark?: string | undefined; worker...' is not assignable to type '(data: unknown) => Promise<{ success: boolean; data: { id: string; status: string; }; }>'.
  Types of parameters 'args' and 'data' are incompatible.
    Type '[data: unknown]' is not assignable to type '[unknown, { leadId: string; categories: string[]; requiredSkills: string[]; scheduledAt?: Date | undefined; remark?: string | undefined; workerId?: string | undefined; }] | [{ leadId: string; ... 4 more ...; workerId?: string | undefined; }]'.
      Type '[data: unknown]' is not assignable to type '[{ leadId: string; categories: string[]; requiredSkills: string[]; scheduledAt?: Date | undefined; remark?: string | undefined; workerId?: string | undefined; }]'.
        Type 'unknown' is not assignable to type '{ leadId: string; categories: string[]; requiredSkills: string[]; scheduledAt?: Date | undefined; remark?: string | undefined; workerId?: string | undefined; }'.
src/features/approval/__tests__/approval-flow.test.ts(47,13): error TS2322: Type '(...args: [unknown, { instanceId: string; action: "APPROVE" | "REJECT"; comment?: string | undefined; }] | [{ instanceId: string; action: "APPROVE" | "REJECT"; comment?: string | undefined; }]) => Promise<...>' is not assignable to type '(data: unknown) => Promise<{ success: boolean; data: { status: string; }; }>'.
  Types of parameters 'args' and 'data' are incompatible.
    Type '[data: unknown]' is not assignable to type '[unknown, { instanceId: string; action: "APPROVE" | "REJECT"; comment?: string | undefined; }] | [{ instanceId: string; action: "APPROVE" | "REJECT"; comment?: string | undefined; }]'.
      Type '[data: unknown]' is not assignable to type '[{ instanceId: string; action: "APPROVE" | "REJECT"; comment?: string | undefined; }]'.
        Type 'unknown' is not assignable to type '{ instanceId: string; action: "APPROVE" | "REJECT"; comment?: string | undefined; }'.
src/features/approval/__tests__/approval-flow.test.ts(51,17): error TS2322: Type '(l: { tenantId: string; }, { eq }: { eq: (a: unknown, b: unknown) => unknown; }) => unknown' is not assignable to type 'SQL<unknown> | ((fields: { id: PgColumn<{ name: "id"; tableName: "leads"; dataType: "string"; columnType: "PgUUID"; data: string; driverParam: string; notNull: true; hasDefault: true; isPrimaryKey: true; isAutoincrement: false; ... 4 more ...; generated: undefined; }, {}, {}>; ... 28 more ...; deletedAt: PgColumn<.....'.
  Type '(l: { tenantId: string; }, { eq }: { eq: (a: unknown, b: unknown) => unknown; }) => unknown' is not assignable to type '(fields: { id: PgColumn<{ name: "id"; tableName: "leads"; dataType: "string"; columnType: "PgUUID"; data: string; driverParam: string; notNull: true; hasDefault: true; isPrimaryKey: true; isAutoincrement: false; ... 4 more ...; generated: undefined; }, {}, {}>; ... 28 more ...; deletedAt: PgColumn<...>; }, operators...'.
    Types of parameters 'l' and 'fields' are incompatible.
      Type '{ id: PgColumn<{ name: "id"; tableName: "leads"; dataType: "string"; columnType: "PgUUID"; data: string; driverParam: string; notNull: true; hasDefault: true; isPrimaryKey: true; isAutoincrement: false; ... 4 more ...; generated: undefined; }, {}, {}>; ... 28 more ...; deletedAt: PgColumn<...>; }' is not assignable to type '{ tenantId: string; }'.
        Types of property 'tenantId' are incompatible.
          Type 'PgColumn<{ name: "tenant_id"; tableName: "leads"; dataType: "string"; columnType: "PgUUID"; data: string; driverParam: string; notNull: true; hasDefault: false; isPrimaryKey: false; isAutoincrement: false; ... 4 more ...; generated: undefined; }, {}, {}>' is not assignable to type 'string'.
src/features/approval/__tests__/approval-flow.test.ts(87,73): error TS2339: Property 'error' does not exist on type '{ success: boolean; data: { id: string; }; }'.
src/features/approval/__tests__/approval-flow.test.ts(97,75): error TS2339: Property 'error' does not exist on type '{ success: boolean; data: { id: string; status: string; }; }'.
src/features/approval/__tests__/approval-flow.test.ts(106,13): error TS2322: Type '(t: { entityId: string; }, { eq }: { eq: (a: unknown, b: unknown) => unknown; }) => unknown' is not assignable to type 'SQL<unknown> | ((fields: { id: PgColumn<{ name: "id"; tableName: "approval_instances"; dataType: "string"; columnType: "PgUUID"; data: string; driverParam: string; notNull: true; hasDefault: true; isPrimaryKey: true; ... 5 more ...; generated: undefined; }, {}, {}>; ... 10 more ...; remindedAt: PgColumn<...>; }, ope...'.
  Type '(t: { entityId: string; }, { eq }: { eq: (a: unknown, b: unknown) => unknown; }) => unknown' is not assignable to type '(fields: { id: PgColumn<{ name: "id"; tableName: "approval_instances"; dataType: "string"; columnType: "PgUUID"; data: string; driverParam: string; notNull: true; hasDefault: true; isPrimaryKey: true; isAutoincrement: false; ... 4 more ...; generated: undefined; }, {}, {}>; ... 10 more ...; remindedAt: PgColumn<...>...'.
    Types of parameters 't' and 'fields' are incompatible.
      Type '{ id: PgColumn<{ name: "id"; tableName: "approval_instances"; dataType: "string"; columnType: "PgUUID"; data: string; driverParam: string; notNull: true; hasDefault: true; isPrimaryKey: true; isAutoincrement: false; ... 4 more ...; generated: undefined; }, {}, {}>; ... 10 more ...; remindedAt: PgColumn<...>; }' is not assignable to type '{ entityId: string; }'.
        Types of property 'entityId' are incompatible.
          Type 'PgColumn<{ name: "entity_id"; tableName: "approval_instances"; dataType: "string"; columnType: "PgUUID"; data: string; driverParam: string; notNull: true; hasDefault: false; isPrimaryKey: false; isAutoincrement: false; ... 4 more ...; generated: undefined; }, {}, {}>' is not assignable to type 'string'.
src/features/approval/__tests__/approval-flow.test.ts(109,16): error TS18048: 'instance' is possibly 'undefined'.
src/features/approval/__tests__/approval-flow.test.ts(110,16): error TS18048: 'instance' is possibly 'undefined'.
src/features/approval/__tests__/approval-flow.test.ts(114,25): error TS18048: 'instance' is possibly 'undefined'.
src/features/approval/__tests__/approval-flow.test.ts(123,13): error TS2322: Type '(t: { id: string; }, { eq }: { eq: (a: unknown, b: unknown) => unknown; }) => unknown' is not assignable to type 'SQL<unknown> | ((fields: { id: PgColumn<{ name: "id"; tableName: "measure_tasks"; dataType: "string"; columnType: "PgUUID"; data: string; driverParam: string; notNull: true; hasDefault: true; isPrimaryKey: true; ... 5 more ...; generated: undefined; }, {}, {}>; ... 31 more ...; completedAt: PgColumn<...>; }, operato...'.
  Type '(t: { id: string; }, { eq }: { eq: (a: unknown, b: unknown) => unknown; }) => unknown' is not assignable to type '(fields: { id: PgColumn<{ name: "id"; tableName: "measure_tasks"; dataType: "string"; columnType: "PgUUID"; data: string; driverParam: string; notNull: true; hasDefault: true; isPrimaryKey: true; isAutoincrement: false; ... 4 more ...; generated: undefined; }, {}, {}>; ... 31 more ...; completedAt: PgColumn<...>; },...'.
    Types of parameters 't' and 'fields' are incompatible.
      Type '{ id: PgColumn<{ name: "id"; tableName: "measure_tasks"; dataType: "string"; columnType: "PgUUID"; data: string; driverParam: string; notNull: true; hasDefault: true; isPrimaryKey: true; isAutoincrement: false; ... 4 more ...; generated: undefined; }, {}, {}>; ... 31 more ...; completedAt: PgColumn<...>; }' is not assignable to type '{ id: string; }'.
        Types of property 'id' are incompatible.
          Type 'PgColumn<{ name: "id"; tableName: "measure_tasks"; dataType: "string"; columnType: "PgUUID"; data: string; driverParam: string; notNull: true; hasDefault: true; isPrimaryKey: true; isAutoincrement: false; ... 4 more ...; generated: undefined; }, {}, {}>' is not assignable to type 'string'.
src/features/approval/__tests__/approval-flow.test.ts(125,16): error TS18048: 'updatedTask' is possibly 'undefined'.
src/features/approval/__tests__/approval-flow.test.ts(128,25): error TS2304: Cannot find name 'approvalInstancesTable'.
src/features/approval/__tests__/approval-flow.test.ts(128,55): error TS2304: Cannot find name 'approvalInstancesTable'.
src/features/approval/__tests__/approval-flow.test.ts(128,86): error TS2554: Expected 1 arguments, but got 2.
src/features/customers/__tests__/actions.test.ts(77,43): error TS2345: Argument of type '{ user: { id: string; name: string; tenantId: string; role: string; }; }' is not assignable to parameter of type 'NextMiddleware'.
  Type '{ user: { id: string; name: string; tenantId: string; role: string; }; }' provides no match for the signature '(request: NextRequest, event: NextFetchEvent): NextMiddlewareResult | Promise<NextMiddlewareResult>'.
src/features/customers/__tests__/actions.test.ts(82,75): error TS2345: Argument of type 'null' is not assignable to parameter of type '{ type: "INDIVIDUAL" | "DESIGNER" | "PARTNER" | "COMPANY"; id: string; name: string; createdAt: Date | null; updatedAt: Date | null; tenantId: string; phone: string; deletedAt: Date | null; ... 23 more ...; createdBy: string; } | undefined'.
src/features/customers/__tests__/actions.test.ts(85,49): error TS2345: Argument of type '[ActionState<unknown>, TestCustomerData]' is not assignable to parameter of type '[unknown, { name: string; type: "INDIVIDUAL" | "DESIGNER" | "PARTNER" | "COMPANY"; phone: string; level: "A" | "B" | "C" | "D"; phoneSecondary?: string | undefined; wechat?: string | undefined; gender?: string | undefined; address?: string | undefined; notes?: string | undefined; tags?: string[] | undefined; }] | [....'.
  Type '[ActionState<unknown>, TestCustomerData]' is not assignable to type '[unknown, { name: string; type: "INDIVIDUAL" | "DESIGNER" | "PARTNER" | "COMPANY"; phone: string; level: "A" | "B" | "C" | "D"; phoneSecondary?: string | undefined; wechat?: string | undefined; gender?: string | undefined; address?: string | undefined; notes?: string | undefined; tags?: string[] | undefined; }]'.
    Type at position 1 in source is not compatible with type at position 1 in target.
      Property 'type' is missing in type 'TestCustomerData' but required in type '{ name: string; type: "INDIVIDUAL" | "DESIGNER" | "PARTNER" | "COMPANY"; phone: string; level: "A" | "B" | "C" | "D"; phoneSecondary?: string | undefined; wechat?: string | undefined; gender?: string | undefined; address?: string | undefined; notes?: string | undefined; tags?: string[] | undefined; }'.
src/features/customers/__tests__/actions.test.ts(92,75): error TS2345: Argument of type 'Partial<{ type: "INDIVIDUAL" | "DESIGNER" | "PARTNER" | "COMPANY"; id: string; name: string; createdAt: Date | null; updatedAt: Date | null; tenantId: string; phone: string; deletedAt: Date | null; ... 23 more ...; createdBy: string; }>' is not assignable to parameter of type '{ type: "INDIVIDUAL" | "DESIGNER" | "PARTNER" | "COMPANY"; id: string; name: string; createdAt: Date | null; updatedAt: Date | null; tenantId: string; phone: string; deletedAt: Date | null; ... 23 more ...; createdBy: string; }'.
  Types of property 'type' are incompatible.
    Type '"INDIVIDUAL" | "DESIGNER" | "PARTNER" | "COMPANY" | undefined' is not assignable to type '"INDIVIDUAL" | "DESIGNER" | "PARTNER" | "COMPANY"'.
      Type 'undefined' is not assignable to type '"INDIVIDUAL" | "DESIGNER" | "PARTNER" | "COMPANY"'.
src/features/customers/__tests__/actions.test.ts(98,49): error TS2345: Argument of type '[ActionState<unknown>, TestCustomerData]' is not assignable to parameter of type '[unknown, { name: string; type: "INDIVIDUAL" | "DESIGNER" | "PARTNER" | "COMPANY"; phone: string; level: "A" | "B" | "C" | "D"; phoneSecondary?: string | undefined; wechat?: string | undefined; gender?: string | undefined; address?: string | undefined; notes?: string | undefined; tags?: string[] | undefined; }] | [....'.
  Type '[ActionState<unknown>, TestCustomerData]' is not assignable to type '[unknown, { name: string; type: "INDIVIDUAL" | "DESIGNER" | "PARTNER" | "COMPANY"; phone: string; level: "A" | "B" | "C" | "D"; phoneSecondary?: string | undefined; wechat?: string | undefined; gender?: string | undefined; address?: string | undefined; notes?: string | undefined; tags?: string[] | undefined; }]'.
    Type at position 1 in source is not compatible with type at position 1 in target.
      Property 'type' is missing in type 'TestCustomerData' but required in type '{ name: string; type: "INDIVIDUAL" | "DESIGNER" | "PARTNER" | "COMPANY"; phone: string; level: "A" | "B" | "C" | "D"; phoneSecondary?: string | undefined; wechat?: string | undefined; gender?: string | undefined; address?: string | undefined; notes?: string | undefined; tags?: string[] | undefined; }'.
src/features/customers/__tests__/actions.test.ts(107,49): error TS2345: Argument of type '[ActionState<unknown>, TestCustomerData]' is not assignable to parameter of type '[unknown, { name: string; type: "INDIVIDUAL" | "DESIGNER" | "PARTNER" | "COMPANY"; phone: string; level: "A" | "B" | "C" | "D"; phoneSecondary?: string | undefined; wechat?: string | undefined; gender?: string | undefined; address?: string | undefined; notes?: string | undefined; tags?: string[] | undefined; }] | [....'.
  Type '[ActionState<unknown>, TestCustomerData]' is not assignable to type '[unknown, { name: string; type: "INDIVIDUAL" | "DESIGNER" | "PARTNER" | "COMPANY"; phone: string; level: "A" | "B" | "C" | "D"; phoneSecondary?: string | undefined; wechat?: string | undefined; gender?: string | undefined; address?: string | undefined; notes?: string | undefined; tags?: string[] | undefined; }]'.
    Type at position 1 in source is not compatible with type at position 1 in target.
      Property 'type' is missing in type 'TestCustomerData' but required in type '{ name: string; type: "INDIVIDUAL" | "DESIGNER" | "PARTNER" | "COMPANY"; phone: string; level: "A" | "B" | "C" | "D"; phoneSecondary?: string | undefined; wechat?: string | undefined; gender?: string | undefined; address?: string | undefined; notes?: string | undefined; tags?: string[] | undefined; }'.
src/features/customers/__tests__/actions.test.ts(120,74): error TS2345: Argument of type 'Partial<{ type: "INDIVIDUAL" | "DESIGNER" | "PARTNER" | "COMPANY"; id: string; name: string; createdAt: Date | null; updatedAt: Date | null; tenantId: string; phone: string; deletedAt: Date | null; ... 23 more ...; createdBy: string; }>[]' is not assignable to parameter of type '{ type: "INDIVIDUAL" | "DESIGNER" | "PARTNER" | "COMPANY"; id: string; name: string; createdAt: Date | null; updatedAt: Date | null; tenantId: string; phone: string; deletedAt: Date | null; ... 23 more ...; createdBy: string; }[]'.
  Type 'Partial<{ type: "INDIVIDUAL" | "DESIGNER" | "PARTNER" | "COMPANY"; id: string; name: string; createdAt: Date | null; updatedAt: Date | null; tenantId: string; phone: string; deletedAt: Date | null; ... 23 more ...; createdBy: string; }>' is not assignable to type '{ type: "INDIVIDUAL" | "DESIGNER" | "PARTNER" | "COMPANY"; id: string; name: string; createdAt: Date | null; updatedAt: Date | null; tenantId: string; phone: string; deletedAt: Date | null; ... 23 more ...; createdBy: string; }'.
    Types of property 'type' are incompatible.
      Type '"INDIVIDUAL" | "DESIGNER" | "PARTNER" | "COMPANY" | undefined' is not assignable to type '"INDIVIDUAL" | "DESIGNER" | "PARTNER" | "COMPANY"'.
        Type 'undefined' is not assignable to type '"INDIVIDUAL" | "DESIGNER" | "PARTNER" | "COMPANY"'.
src/features/finance/__tests__/ar-actions.test.ts(148,17): error TS2345: Argument of type '[{ statementId: string; amount: number; method: string; remark: string; }]' is not assignable to parameter of type '[unknown, { statementId: string; amount: number; paymentMethod: "CASH" | "WECHAT" | "ALIPAY" | "BANK_TRANSFER" | "OTHER"; transactionId?: string | undefined; remark?: string | undefined; scheduleId?: string | undefined; proofUrl?: string | undefined; }] | [...]'.
  Type '[{ statementId: string; amount: number; method: string; remark: string; }]' is not assignable to type '[{ statementId: string; amount: number; paymentMethod: "CASH" | "WECHAT" | "ALIPAY" | "BANK_TRANSFER" | "OTHER"; transactionId?: string | undefined; remark?: string | undefined; scheduleId?: string | undefined; proofUrl?: string | undefined; }]'.
    Object literal may only specify known properties, and 'method' does not exist in type '{ statementId: string; amount: number; paymentMethod: "CASH" | "WECHAT" | "ALIPAY" | "BANK_TRANSFER" | "OTHER"; transactionId?: string | undefined; remark?: string | undefined; scheduleId?: string | undefined; proofUrl?: string | undefined; }'.
src/features/finance/__tests__/ar-actions.test.ts(183,17): error TS2345: Argument of type '[{ statementId: string; amount: number; method: string; }]' is not assignable to parameter of type '[unknown, { statementId: string; amount: number; paymentMethod: "CASH" | "WECHAT" | "ALIPAY" | "BANK_TRANSFER" | "OTHER"; transactionId?: string | undefined; remark?: string | undefined; scheduleId?: string | undefined; proofUrl?: string | undefined; }] | [...]'.
  Type '[{ statementId: string; amount: number; method: string; }]' is not assignable to type '[{ statementId: string; amount: number; paymentMethod: "CASH" | "WECHAT" | "ALIPAY" | "BANK_TRANSFER" | "OTHER"; transactionId?: string | undefined; remark?: string | undefined; scheduleId?: string | undefined; proofUrl?: string | undefined; }]'.
    Object literal may only specify known properties, and 'method' does not exist in type '{ statementId: string; amount: number; paymentMethod: "CASH" | "WECHAT" | "ALIPAY" | "BANK_TRANSFER" | "OTHER"; transactionId?: string | undefined; remark?: string | undefined; scheduleId?: string | undefined; proofUrl?: string | undefined; }'.
src/features/finance/__tests__/ar-actions.test.ts(208,17): error TS2345: Argument of type '[{ statementId: string; amount: number; method: string; }]' is not assignable to parameter of type '[unknown, { statementId: string; amount: number; paymentMethod: "CASH" | "WECHAT" | "ALIPAY" | "BANK_TRANSFER" | "OTHER"; transactionId?: string | undefined; remark?: string | undefined; scheduleId?: string | undefined; proofUrl?: string | undefined; }] | [...]'.
  Type '[{ statementId: string; amount: number; method: string; }]' is not assignable to type '[{ statementId: string; amount: number; paymentMethod: "CASH" | "WECHAT" | "ALIPAY" | "BANK_TRANSFER" | "OTHER"; transactionId?: string | undefined; remark?: string | undefined; scheduleId?: string | undefined; proofUrl?: string | undefined; }]'.
    Object literal may only specify known properties, and 'method' does not exist in type '{ statementId: string; amount: number; paymentMethod: "CASH" | "WECHAT" | "ALIPAY" | "BANK_TRANSFER" | "OTHER"; transactionId?: string | undefined; remark?: string | undefined; scheduleId?: string | undefined; proofUrl?: string | undefined; }'.
src/features/finance/__tests__/ar-actions.test.ts(232,17): error TS2345: Argument of type '[{ statementId: string; amount: number; reason: string; method: string; }]' is not assignable to parameter of type '[unknown, { statementId: string; amount: number; reason: string; paymentMethod: "CASH" | "WECHAT" | "ALIPAY" | "BANK_TRANSFER" | "OTHER"; transactionId?: string | undefined; proofUrl?: string | undefined; }] | [...]'.
  Type '[{ statementId: string; amount: number; reason: string; method: string; }]' is not assignable to type '[{ statementId: string; amount: number; reason: string; paymentMethod: "CASH" | "WECHAT" | "ALIPAY" | "BANK_TRANSFER" | "OTHER"; transactionId?: string | undefined; proofUrl?: string | undefined; }]'.
    Object literal may only specify known properties, and 'method' does not exist in type '{ statementId: string; amount: number; reason: string; paymentMethod: "CASH" | "WECHAT" | "ALIPAY" | "BANK_TRANSFER" | "OTHER"; transactionId?: string | undefined; proofUrl?: string | undefined; }'.
src/features/finance/__tests__/ar-actions.test.ts(261,17): error TS2345: Argument of type '[{ statementId: string; amount: number; reason: string; method: string; }]' is not assignable to parameter of type '[unknown, { statementId: string; amount: number; reason: string; paymentMethod: "CASH" | "WECHAT" | "ALIPAY" | "BANK_TRANSFER" | "OTHER"; transactionId?: string | undefined; proofUrl?: string | undefined; }] | [...]'.
  Type '[{ statementId: string; amount: number; reason: string; method: string; }]' is not assignable to type '[{ statementId: string; amount: number; reason: string; paymentMethod: "CASH" | "WECHAT" | "ALIPAY" | "BANK_TRANSFER" | "OTHER"; transactionId?: string | undefined; proofUrl?: string | undefined; }]'.
    Object literal may only specify known properties, and 'method' does not exist in type '{ statementId: string; amount: number; reason: string; paymentMethod: "CASH" | "WECHAT" | "ALIPAY" | "BANK_TRANSFER" | "OTHER"; transactionId?: string | undefined; proofUrl?: string | undefined; }'.
src/features/finance/actions.ts(203,53): error TS2769: No overload matches this call.
  Overload 1 of 2, '(value: { type: "OTHER" | "DEPOSIT" | "PREPAYMENT" | "FINAL_PAYMENT" | SQL<unknown> | Placeholder<string, any>; tenantId: string | SQL<unknown> | Placeholder<string, any>; ... 19 more ...; recordedBy?: string | ... 3 more ... | undefined; }): PgInsertBase<...>', gave the following error.
    Object literal may only specify known properties, and 'transactionId' does not exist in type '{ type: "OTHER" | "DEPOSIT" | "PREPAYMENT" | "FINAL_PAYMENT" | SQL<unknown> | Placeholder<string, any>; tenantId: string | SQL<unknown> | Placeholder<string, any>; ... 19 more ...; recordedBy?: string | ... 3 more ... | undefined; }'.
  Overload 2 of 2, '(values: { type: "OTHER" | "DEPOSIT" | "PREPAYMENT" | "FINAL_PAYMENT" | SQL<unknown> | Placeholder<string, any>; tenantId: string | SQL<unknown> | Placeholder<string, any>; ... 19 more ...; recordedBy?: string | ... 3 more ... | undefined; }[]): PgInsertBase<...>', gave the following error.
    Object literal may only specify known properties, and 'tenantId' does not exist in type '{ type: "OTHER" | "DEPOSIT" | "PREPAYMENT" | "FINAL_PAYMENT" | SQL<unknown> | Placeholder<string, any>; tenantId: string | SQL<unknown> | Placeholder<string, any>; ... 19 more ...; recordedBy?: string | ... 3 more ... | undefined; }[]'.
src/features/finance/actions.ts(272,36): error TS2304: Cannot find name 'currentReceived'.
src/features/finance/actions.ts(326,35): error TS2769: No overload matches this call.
  Overload 1 of 2, '(value: { type: "OTHER" | "DEPOSIT" | "PREPAYMENT" | "FINAL_PAYMENT" | SQL<unknown> | Placeholder<string, any>; tenantId: string | SQL<unknown> | Placeholder<string, any>; ... 19 more ...; recordedBy?: string | ... 3 more ... | undefined; }): PgInsertBase<...>', gave the following error.
    Object literal may only specify known properties, and 'transactionId' does not exist in type '{ type: "OTHER" | "DEPOSIT" | "PREPAYMENT" | "FINAL_PAYMENT" | SQL<unknown> | Placeholder<string, any>; tenantId: string | SQL<unknown> | Placeholder<string, any>; ... 19 more ...; recordedBy?: string | ... 3 more ... | undefined; }'.
  Overload 2 of 2, '(values: { type: "OTHER" | "DEPOSIT" | "PREPAYMENT" | "FINAL_PAYMENT" | SQL<unknown> | Placeholder<string, any>; tenantId: string | SQL<unknown> | Placeholder<string, any>; ... 19 more ...; recordedBy?: string | ... 3 more ... | undefined; }[]): PgInsertBase<...>', gave the following error.
    Object literal may only specify known properties, and 'tenantId' does not exist in type '{ type: "OTHER" | "DEPOSIT" | "PREPAYMENT" | "FINAL_PAYMENT" | SQL<unknown> | Placeholder<string, any>; tenantId: string | SQL<unknown> | Placeholder<string, any>; ... 19 more ...; recordedBy?: string | ... 3 more ... | undefined; }[]'.
src/features/finance/actions.ts(540,48): error TS2769: No overload matches this call.
  Overload 1 of 2, '(value: { type: "OTHER" | "SUPPLIER" | "WORKER" | SQL<unknown> | Placeholder<string, any>; tenantId: string | SQL<unknown> | Placeholder<string, any>; totalAmount: string | ... 1 more ... | Placeholder<...>; ... 17 more ...; paymentProofUrl?: string | ... 3 more ... | undefined; }): PgInsertBase<...>', gave the following error.
    Type '"PENDING_INVOICE"' is not assignable to type '"COMPLETED" | "CANCELLED" | "PARTIAL" | "PENDING_RECON" | "PENDING_PAYMENT" | SQL<unknown> | Placeholder<string, any> | null | undefined'.
  Overload 2 of 2, '(values: { type: "OTHER" | "SUPPLIER" | "WORKER" | SQL<unknown> | Placeholder<string, any>; tenantId: string | SQL<unknown> | Placeholder<string, any>; totalAmount: string | ... 1 more ... | Placeholder<...>; ... 17 more ...; paymentProofUrl?: string | ... 3 more ... | undefined; }[]): PgInsertBase<...>', gave the following error.
    Object literal may only specify known properties, and 'tenantId' does not exist in type '{ type: "OTHER" | "SUPPLIER" | "WORKER" | SQL<unknown> | Placeholder<string, any>; tenantId: string | SQL<unknown> | Placeholder<string, any>; totalAmount: string | ... 1 more ... | Placeholder<...>; ... 17 more ...; paymentProofUrl?: string | ... 3 more ... | undefined; }[]'.
src/features/finance/actions.ts(682,52): error TS2769: No overload matches this call.
  Overload 1 of 2, '(value: { type: "OTHER" | "SUPPLIER" | "WORKER" | SQL<unknown> | Placeholder<string, any>; tenantId: string | SQL<unknown> | Placeholder<string, any>; totalAmount: string | ... 1 more ... | Placeholder<...>; ... 17 more ...; paymentProofUrl?: string | ... 3 more ... | undefined; }): PgInsertBase<...>', gave the following error.
    Type '"SUPPLIER" | "LABOR"' is not assignable to type '"OTHER" | "SUPPLIER" | "WORKER" | SQL<unknown> | Placeholder<string, any>'.
      Type '"LABOR"' is not assignable to type '"OTHER" | "SUPPLIER" | "WORKER" | SQL<unknown> | Placeholder<string, any>'.
  Overload 2 of 2, '(values: { type: "OTHER" | "SUPPLIER" | "WORKER" | SQL<unknown> | Placeholder<string, any>; tenantId: string | SQL<unknown> | Placeholder<string, any>; totalAmount: string | ... 1 more ... | Placeholder<...>; ... 17 more ...; paymentProofUrl?: string | ... 3 more ... | undefined; }[]): PgInsertBase<...>', gave the following error.
    Object literal may only specify known properties, and 'tenantId' does not exist in type '{ type: "OTHER" | "SUPPLIER" | "WORKER" | SQL<unknown> | Placeholder<string, any>; tenantId: string | SQL<unknown> | Placeholder<string, any>; totalAmount: string | ... 1 more ... | Placeholder<...>; ... 17 more ...; paymentProofUrl?: string | ... 3 more ... | undefined; }[]'.
src/features/finance/actions.ts(833,84): error TS2339: Property 'receivedAmount' does not exist on type '{ orderId: string | null; id: string; createdAt: Date | null; updatedAt: Date | null; tenantId: string; remark: string | null; totalAmount: string | null; createdBy: string; ... 5 more ...; reconciliationId: string | null; }'.
src/features/finance/ap/actions.ts(186,13): error TS2769: No overload matches this call.
  Overload 2 of 2, '(values: { type: "OTHER" | "SUPPLIER" | "WORKER" | SQL<unknown> | Placeholder<string, any>; tenantId: string | SQL<unknown> | Placeholder<string, any>; totalAmount: string | ... 1 more ... | Placeholder<...>; ... 17 more ...; paymentProofUrl?: string | ... 3 more ... | undefined; }[]): PgInsertBase<...>', gave the following error.
    Object literal may only specify known properties, and 'tenantId' does not exist in type '{ type: "OTHER" | "SUPPLIER" | "WORKER" | SQL<unknown> | Placeholder<string, any>; tenantId: string | SQL<unknown> | Placeholder<string, any>; totalAmount: string | ... 1 more ... | Placeholder<...>; ... 17 more ...; paymentProofUrl?: string | ... 3 more ... | undefined; }[]'.
src/features/finance/ap/actions.ts(236,38): error TS2769: No overload matches this call.
  Overload 1 of 3, '(left: PgColumn<{ name: "type"; tableName: "ap_statements"; dataType: "string"; columnType: "PgEnumColumn"; data: "OTHER" | "SUPPLIER" | "WORKER"; driverParam: string; notNull: true; hasDefault: false; ... 6 more ...; generated: undefined; }, {}, {}>, right: "OTHER" | ... 2 more ... | SQLWrapper): SQL<...>', gave the following error.
    Argument of type '"SUPPLIER" | "LABOR"' is not assignable to parameter of type '"OTHER" | "SUPPLIER" | "WORKER" | SQLWrapper'.
      Type '"LABOR"' is not assignable to type '"OTHER" | "SUPPLIER" | "WORKER" | SQLWrapper'.
  Overload 2 of 3, '(left: Aliased<"SUPPLIER" | "LABOR">, right: "SUPPLIER" | SQLWrapper | "LABOR"): SQL<unknown>', gave the following error.
    Argument of type 'PgColumn<{ name: "type"; tableName: "ap_statements"; dataType: "string"; columnType: "PgEnumColumn"; data: "OTHER" | "SUPPLIER" | "WORKER"; driverParam: string; notNull: true; hasDefault: false; ... 6 more ...; generated: undefined; }, {}, {}>' is not assignable to parameter of type 'Aliased<"SUPPLIER" | "LABOR">'.
      Type 'PgColumn<{ name: "type"; tableName: "ap_statements"; dataType: "string"; columnType: "PgEnumColumn"; data: "OTHER" | "SUPPLIER" | "WORKER"; driverParam: string; notNull: true; hasDefault: false; ... 6 more ...; generated: undefined; }, {}, {}>' is missing the following properties from type 'Aliased<"SUPPLIER" | "LABOR">': sql, fieldAlias
  Overload 3 of 3, '(left: never, right: unknown): SQL<unknown>', gave the following error.
    Argument of type 'PgColumn<{ name: "type"; tableName: "ap_statements"; dataType: "string"; columnType: "PgEnumColumn"; data: "OTHER" | "SUPPLIER" | "WORKER"; driverParam: string; notNull: true; hasDefault: false; ... 6 more ...; generated: undefined; }, {}, {}>' is not assignable to parameter of type 'never'.
src/features/finance/ap/actions.ts(317,17): error TS2578: Unused '@ts-expect-error' directive.
src/features/finance/ap/actions.ts(335,17): error TS2578: Unused '@ts-expect-error' directive.
src/features/finance/ap/actions.ts(350,17): error TS2578: Unused '@ts-expect-error' directive.
src/features/finance/components/ar-table.tsx(173,80): error TS2339: Property 'receivedAmount' does not exist on type 'ArStatement'.
src/features/finance/components/ar-table.tsx(174,88): error TS2339: Property 'pendingAmount' does not exist on type 'ArStatement'.
src/features/finance/components/payment-dialog.tsx(79,17): error TS2345: Argument of type '[{ statementId: string; amount: number; method: "CASH" | "WECHAT" | "ALIPAY" | "BANK_TRANSFER" | "OTHER"; transactionId: string | undefined; scheduleId: string | undefined; remark: string | undefined; }]' is not assignable to parameter of type '[unknown, { statementId: string; amount: number; paymentMethod: "CASH" | "WECHAT" | "ALIPAY" | "BANK_TRANSFER" | "OTHER"; transactionId?: string | undefined; remark?: string | undefined; scheduleId?: string | undefined; proofUrl?: string | undefined; }] | [...]'.
  Type '[{ statementId: string; amount: number; method: "CASH" | "WECHAT" | "ALIPAY" | "BANK_TRANSFER" | "OTHER"; transactionId: string | undefined; scheduleId: string | undefined; remark: string | undefined; }]' is not assignable to type '[{ statementId: string; amount: number; paymentMethod: "CASH" | "WECHAT" | "ALIPAY" | "BANK_TRANSFER" | "OTHER"; transactionId?: string | undefined; remark?: string | undefined; scheduleId?: string | undefined; proofUrl?: string | undefined; }]'.
    Object literal may only specify known properties, and 'method' does not exist in type '{ statementId: string; amount: number; paymentMethod: "CASH" | "WECHAT" | "ALIPAY" | "BANK_TRANSFER" | "OTHER"; transactionId?: string | undefined; remark?: string | undefined; scheduleId?: string | undefined; proofUrl?: string | undefined; }'.
src/features/finance/internal.ts(142,48): error TS2769: No overload matches this call.
  Overload 1 of 2, '(value: { tenantId: string | SQL<unknown> | Placeholder<string, any>; type: "OTHER" | "SUPPLIER" | "WORKER" | SQL<unknown> | Placeholder<string, any>; totalAmount: string | ... 1 more ... | Placeholder<...>; ... 17 more ...; paymentProofUrl?: string | ... 3 more ... | undefined; }): PgInsertBase<...>', gave the following error.
    Type '"PENDING_INVOICE"' is not assignable to type '"COMPLETED" | "CANCELLED" | "PARTIAL" | "PENDING_RECON" | "PENDING_PAYMENT" | SQL<unknown> | Placeholder<string, any> | null | undefined'.
  Overload 2 of 2, '(values: { tenantId: string | SQL<unknown> | Placeholder<string, any>; type: "OTHER" | "SUPPLIER" | "WORKER" | SQL<unknown> | Placeholder<string, any>; totalAmount: string | ... 1 more ... | Placeholder<...>; ... 17 more ...; paymentProofUrl?: string | ... 3 more ... | undefined; }[]): PgInsertBase<...>', gave the following error.
    Object literal may only specify known properties, and 'tenantId' does not exist in type '{ tenantId: string | SQL<unknown> | Placeholder<string, any>; type: "OTHER" | "SUPPLIER" | "WORKER" | SQL<unknown> | Placeholder<string, any>; totalAmount: string | ... 1 more ... | Placeholder<...>; ... 17 more ...; paymentProofUrl?: string | ... 3 more ... | undefined; }[]'.
src/features/finance/payment-actions.ts(62,57): error TS2769: No overload matches this call.
  Overload 1 of 2, '(value: { type: "OTHER" | "DEPOSIT" | "PREPAYMENT" | "FINAL_PAYMENT" | SQL<unknown> | Placeholder<string, any>; tenantId: string | SQL<unknown> | Placeholder<string, any>; ... 19 more ...; recordedBy?: string | ... 3 more ... | undefined; }): PgInsertBase<...>', gave the following error.
    Argument of type '{ tenantId: string; receiptNo: string; statementId: string; customerId: string; amount: string; paymentMethod: "CASH" | "WECHAT" | "ALIPAY" | "BANK_TRANSFER" | "OTHER"; type: "OTHER"; status: "CONFIRMED"; remark: string; recordedBy: string; confirmedBy: string; verifiedAt: Date; }' is not assignable to parameter of type '{ type: "OTHER" | "DEPOSIT" | "PREPAYMENT" | "FINAL_PAYMENT" | SQL<unknown> | Placeholder<string, any>; tenantId: string | SQL<unknown> | Placeholder<string, any>; ... 19 more ...; recordedBy?: string | ... 3 more ... | undefined; }'.
      Property 'createdBy' is missing in type '{ tenantId: string; receiptNo: string; statementId: string; customerId: string; amount: string; paymentMethod: "CASH" | "WECHAT" | "ALIPAY" | "BANK_TRANSFER" | "OTHER"; type: "OTHER"; status: "CONFIRMED"; remark: string; recordedBy: string; confirmedBy: string; verifiedAt: Date; }' but required in type '{ type: "OTHER" | "DEPOSIT" | "PREPAYMENT" | "FINAL_PAYMENT" | SQL<unknown> | Placeholder<string, any>; tenantId: string | SQL<unknown> | Placeholder<string, any>; ... 19 more ...; recordedBy?: string | ... 3 more ... | undefined; }'.
  Overload 2 of 2, '(values: { type: "OTHER" | "DEPOSIT" | "PREPAYMENT" | "FINAL_PAYMENT" | SQL<unknown> | Placeholder<string, any>; tenantId: string | SQL<unknown> | Placeholder<string, any>; ... 19 more ...; recordedBy?: string | ... 3 more ... | undefined; }[]): PgInsertBase<...>', gave the following error.
    Object literal may only specify known properties, and 'tenantId' does not exist in type '{ type: "OTHER" | "DEPOSIT" | "PREPAYMENT" | "FINAL_PAYMENT" | SQL<unknown> | Placeholder<string, any>; tenantId: string | SQL<unknown> | Placeholder<string, any>; ... 19 more ...; recordedBy?: string | ... 3 more ... | undefined; }[]'.
src/features/finance/payment-actions.ts(159,53): error TS2769: No overload matches this call.
  Overload 1 of 2, '(value: { type: "OTHER" | "DEPOSIT" | "PREPAYMENT" | "FINAL_PAYMENT" | SQL<unknown> | Placeholder<string, any>; tenantId: string | SQL<unknown> | Placeholder<string, any>; ... 19 more ...; recordedBy?: string | ... 3 more ... | undefined; }): PgInsertBase<...>', gave the following error.
    Argument of type '{ tenantId: string; receiptNo: string; statementId: string; customerId: string; amount: string; paymentMethod: "CASH" | "WECHAT" | "ALIPAY" | "BANK_TRANSFER" | "OTHER"; type: "OTHER" | "DEPOSIT" | "FINAL_PAYMENT"; ... 4 more ...; verifiedAt: Date; }' is not assignable to parameter of type '{ type: "OTHER" | "DEPOSIT" | "PREPAYMENT" | "FINAL_PAYMENT" | SQL<unknown> | Placeholder<string, any>; tenantId: string | SQL<unknown> | Placeholder<string, any>; ... 19 more ...; recordedBy?: string | ... 3 more ... | undefined; }'.
      Property 'createdBy' is missing in type '{ tenantId: string; receiptNo: string; statementId: string; customerId: string; amount: string; paymentMethod: "CASH" | "WECHAT" | "ALIPAY" | "BANK_TRANSFER" | "OTHER"; type: "OTHER" | "DEPOSIT" | "FINAL_PAYMENT"; ... 4 more ...; verifiedAt: Date; }' but required in type '{ type: "OTHER" | "DEPOSIT" | "PREPAYMENT" | "FINAL_PAYMENT" | SQL<unknown> | Placeholder<string, any>; tenantId: string | SQL<unknown> | Placeholder<string, any>; ... 19 more ...; recordedBy?: string | ... 3 more ... | undefined; }'.
  Overload 2 of 2, '(values: { type: "OTHER" | "DEPOSIT" | "PREPAYMENT" | "FINAL_PAYMENT" | SQL<unknown> | Placeholder<string, any>; tenantId: string | SQL<unknown> | Placeholder<string, any>; ... 19 more ...; recordedBy?: string | ... 3 more ... | undefined; }[]): PgInsertBase<...>', gave the following error.
    Object literal may only specify known properties, and 'tenantId' does not exist in type '{ type: "OTHER" | "DEPOSIT" | "PREPAYMENT" | "FINAL_PAYMENT" | SQL<unknown> | Placeholder<string, any>; tenantId: string | SQL<unknown> | Placeholder<string, any>; ... 19 more ...; recordedBy?: string | ... 3 more ... | undefined; }[]'.
src/features/finance/payment-actions.ts(271,35): error TS2769: No overload matches this call.
  Overload 1 of 2, '(value: { type: "OTHER" | "DEPOSIT" | "PREPAYMENT" | "FINAL_PAYMENT" | SQL<unknown> | Placeholder<string, any>; tenantId: string | SQL<unknown> | Placeholder<string, any>; ... 19 more ...; recordedBy?: string | ... 3 more ... | undefined; }): PgInsertBase<...>', gave the following error.
    Argument of type '{ tenantId: string; receiptNo: string; customerId: string; statementId: string; amount: string; paymentMethod: "CASH" | "WECHAT" | "ALIPAY" | "BANK_TRANSFER" | "OTHER"; type: "OTHER"; status: "CONFIRMED"; remark: string; recordedBy: string; confirmedBy: string; verifiedAt: Date; }' is not assignable to parameter of type '{ type: "OTHER" | "DEPOSIT" | "PREPAYMENT" | "FINAL_PAYMENT" | SQL<unknown> | Placeholder<string, any>; tenantId: string | SQL<unknown> | Placeholder<string, any>; ... 19 more ...; recordedBy?: string | ... 3 more ... | undefined; }'.
      Property 'createdBy' is missing in type '{ tenantId: string; receiptNo: string; customerId: string; statementId: string; amount: string; paymentMethod: "CASH" | "WECHAT" | "ALIPAY" | "BANK_TRANSFER" | "OTHER"; type: "OTHER"; status: "CONFIRMED"; remark: string; recordedBy: string; confirmedBy: string; verifiedAt: Date; }' but required in type '{ type: "OTHER" | "DEPOSIT" | "PREPAYMENT" | "FINAL_PAYMENT" | SQL<unknown> | Placeholder<string, any>; tenantId: string | SQL<unknown> | Placeholder<string, any>; ... 19 more ...; recordedBy?: string | ... 3 more ... | undefined; }'.
  Overload 2 of 2, '(values: { type: "OTHER" | "DEPOSIT" | "PREPAYMENT" | "FINAL_PAYMENT" | SQL<unknown> | Placeholder<string, any>; tenantId: string | SQL<unknown> | Placeholder<string, any>; ... 19 more ...; recordedBy?: string | ... 3 more ... | undefined; }[]): PgInsertBase<...>', gave the following error.
    Object literal may only specify known properties, and 'tenantId' does not exist in type '{ type: "OTHER" | "DEPOSIT" | "PREPAYMENT" | "FINAL_PAYMENT" | SQL<unknown> | Placeholder<string, any>; tenantId: string | SQL<unknown> | Placeholder<string, any>; ... 19 more ...; recordedBy?: string | ... 3 more ... | undefined; }[]'.
src/features/finance/reconciliation-actions.ts(50,84): error TS2339: Property 'receivedAmount' does not exist on type '{ orderId: string | null; id: string; createdAt: Date | null; updatedAt: Date | null; tenantId: string; remark: string | null; totalAmount: string | null; createdBy: string; ... 5 more ...; reconciliationId: string | null; }'.
src/features/leads/__tests__/actions.test.ts(105,43): error TS2345: Argument of type '{ user: { id: string; name: string; tenantId: string; role: string; }; expires: string; }' is not assignable to parameter of type 'NextMiddleware'.
  Type '{ user: { id: string; name: string; tenantId: string; role: string; }; expires: string; }' provides no match for the signature '(request: NextRequest, event: NextFetchEvent): NextMiddlewareResult | Promise<NextMiddlewareResult>'.
src/features/leads/__tests__/actions.test.ts(118,71): error TS2345: Argument of type 'null' is not assignable to parameter of type '{ id: string; createdAt: Date | null; updatedAt: Date | null; tenantId: string; deletedAt: Date | null; address: string | null; remark: string | null; tags: string[] | null; ... 21 more ...; lostReason: string | null; } | undefined'.
src/features/leads/__tests__/actions.test.ts(121,45): error TS2345: Argument of type '[{ customerName: string; customerPhone: string; sourceCategoryId: string; sourceSubId: string; }]' is not assignable to parameter of type '[unknown, { customerName: string; customerPhone: string; sourceCategoryId: string | null | undefined; sourceSubId: string | null | undefined; referrerCustomerId: string | null | undefined; ... 5 more ...; lostReason?: string | undefined; }] | [...]'.
  Type '[{ customerName: string; customerPhone: string; sourceCategoryId: string; sourceSubId: string; }]' is not assignable to type '[{ customerName: string; customerPhone: string; sourceCategoryId: string | null | undefined; sourceSubId: string | null | undefined; referrerCustomerId: string | null | undefined; ... 5 more ...; lostReason?: string | undefined; }]'.
    Property 'referrerCustomerId' is missing in type '{ customerName: string; customerPhone: string; sourceCategoryId: string; sourceSubId: string; }' but required in type '{ customerName: string; customerPhone: string; sourceCategoryId: string | null | undefined; sourceSubId: string | null | undefined; referrerCustomerId: string | null | undefined; ... 5 more ...; lostReason?: string | undefined; }'.
src/features/leads/__tests__/actions.test.ts(128,71): error TS2345: Argument of type 'Partial<{ id: string; createdAt: Date | null; updatedAt: Date | null; tenantId: string; deletedAt: Date | null; address: string | null; remark: string | null; tags: string[] | null; ... 21 more ...; lostReason: string | null; }>' is not assignable to parameter of type '{ id: string; createdAt: Date | null; updatedAt: Date | null; tenantId: string; deletedAt: Date | null; address: string | null; remark: string | null; tags: string[] | null; ... 21 more ...; lostReason: string | null; }'.
  Types of property 'id' are incompatible.
    Type 'string | undefined' is not assignable to type 'string'.
      Type 'undefined' is not assignable to type 'string'.
src/features/leads/__tests__/actions.test.ts(134,45): error TS2345: Argument of type '[{ customerName: string; customerPhone: string; sourceCategoryId: string; sourceSubId: string; }]' is not assignable to parameter of type '[unknown, { customerName: string; customerPhone: string; sourceCategoryId: string | null | undefined; sourceSubId: string | null | undefined; referrerCustomerId: string | null | undefined; ... 5 more ...; lostReason?: string | undefined; }] | [...]'.
  Type '[{ customerName: string; customerPhone: string; sourceCategoryId: string; sourceSubId: string; }]' is not assignable to type '[{ customerName: string; customerPhone: string; sourceCategoryId: string | null | undefined; sourceSubId: string | null | undefined; referrerCustomerId: string | null | undefined; ... 5 more ...; lostReason?: string | undefined; }]'.
    Property 'referrerCustomerId' is missing in type '{ customerName: string; customerPhone: string; sourceCategoryId: string; sourceSubId: string; }' but required in type '{ customerName: string; customerPhone: string; sourceCategoryId: string | null | undefined; sourceSubId: string | null | undefined; referrerCustomerId: string | null | undefined; ... 5 more ...; lostReason?: string | undefined; }'.
src/features/leads/__tests__/actions.test.ts(149,63): error TS2322: Type 'unknown' is not assignable to type 'PgSelectBuilder<SelectedFields, "db">'.
src/features/leads/__tests__/actions.test.ts(157,57): error TS2322: Type 'unknown' is not assignable to type 'PgSelectBuilder<SelectedFields, "db">'.
src/features/leads/__tests__/add-followup-dialog.test.tsx(33,9): error TS1308: 'await' expressions are only allowed within async functions and at the top levels of modules.
src/features/leads/__tests__/add-followup-dialog.test.tsx(91,54): error TS2345: Argument of type '{ success: true; message: string; }' is not assignable to parameter of type 'ActionState<unknown>'.
  Property 'timestamp' is missing in type '{ success: true; message: string; }' but required in type 'ActionState<unknown>'.
src/features/leads/__tests__/add-followup-dialog.test.tsx(129,54): error TS2345: Argument of type '{ success: true; message: string; }' is not assignable to parameter of type 'ActionState<unknown>'.
  Property 'timestamp' is missing in type '{ success: true; message: string; }' but required in type 'ActionState<unknown>'.
src/features/leads/__tests__/add-followup-dialog.test.tsx(170,54): error TS2345: Argument of type '{ success: true; message: string; }' is not assignable to parameter of type 'ActionState<unknown>'.
  Property 'timestamp' is missing in type '{ success: true; message: string; }' but required in type 'ActionState<unknown>'.
src/features/leads/__tests__/add-followup-dialog.test.tsx(196,54): error TS2345: Argument of type '{ success: false; error: string; }' is not assignable to parameter of type 'ActionState<unknown>'.
  Property 'timestamp' is missing in type '{ success: false; error: string; }' but required in type 'ActionState<unknown>'.
src/features/leads/__tests__/add-followup-dialog.test.tsx(239,67): error TS2345: Argument of type '{ success: true; message: string; }' is not assignable to parameter of type 'ActionState<unknown> | PromiseLike<ActionState<unknown>>'.
  Property 'timestamp' is missing in type '{ success: true; message: string; }' but required in type 'ActionState<unknown>'.
src/features/leads/__tests__/add-followup-dialog.test.tsx(264,54): error TS2345: Argument of type '{ success: true; message: string; }' is not assignable to parameter of type 'ActionState<unknown>'.
  Property 'timestamp' is missing in type '{ success: true; message: string; }' but required in type 'ActionState<unknown>'.
src/features/leads/__tests__/add-followup-dialog.test.tsx(295,54): error TS2345: Argument of type '{ success: true; message: string; }' is not assignable to parameter of type 'ActionState<unknown>'.
  Property 'timestamp' is missing in type '{ success: true; message: string; }' but required in type 'ActionState<unknown>'.
src/features/leads/__tests__/add-followup-dialog.test.tsx(335,9): error TS1308: 'await' expressions are only allowed within async functions and at the top levels of modules.
src/features/leads/__tests__/add-followup-dialog.test.tsx(350,9): error TS1308: 'await' expressions are only allowed within async functions and at the top levels of modules.
src/features/leads/__tests__/add-followup-dialog.test.tsx(357,54): error TS2345: Argument of type '{ success: true; message: string; }' is not assignable to parameter of type 'ActionState<unknown>'.
  Property 'timestamp' is missing in type '{ success: true; message: string; }' but required in type 'ActionState<unknown>'.
src/features/leads/__tests__/additional-actions.test.ts(157,43): error TS2345: Argument of type '{ user: { id: string; tenantId: string; role: string; }; expires: string; }' is not assignable to parameter of type 'NextMiddleware'.
  Type '{ user: { id: string; tenantId: string; role: string; }; expires: string; }' provides no match for the signature '(request: NextRequest, event: NextFetchEvent): NextMiddlewareResult | Promise<NextMiddlewareResult>'.
src/features/leads/__tests__/additional-actions.test.ts(162,71): error TS2345: Argument of type '{ id: string; role: string; isActive: true; }' is not assignable to parameter of type '{ id: string; name: string; isActive: boolean | null; createdAt: Date | null; updatedAt: Date | null; tenantId: string; email: string | null; phone: string; passwordHash: string | null; ... 7 more ...; workerRating: string | null; }'.
  Type '{ id: string; role: string; isActive: true; }' is missing the following properties from type '{ id: string; name: string; isActive: boolean | null; createdAt: Date | null; updatedAt: Date | null; tenantId: string; email: string | null; phone: string; passwordHash: string | null; ... 7 more ...; workerRating: string | null; }': name, createdAt, updatedAt, tenantId, and 10 more.
src/features/leads/__tests__/additional-actions.test.ts(176,71): error TS2345: Argument of type 'null' is not assignable to parameter of type '{ id: string; name: string; isActive: boolean | null; createdAt: Date | null; updatedAt: Date | null; tenantId: string; email: string | null; phone: string; passwordHash: string | null; ... 7 more ...; workerRating: string | null; } | undefined'.
src/features/leads/__tests__/additional-actions.test.ts(185,71): error TS2345: Argument of type '{ id: string; role: string; isActive: true; }' is not assignable to parameter of type '{ id: string; name: string; isActive: boolean | null; createdAt: Date | null; updatedAt: Date | null; tenantId: string; email: string | null; phone: string; passwordHash: string | null; ... 7 more ...; workerRating: string | null; }'.
  Type '{ id: string; role: string; isActive: true; }' is missing the following properties from type '{ id: string; name: string; isActive: boolean | null; createdAt: Date | null; updatedAt: Date | null; tenantId: string; email: string | null; phone: string; passwordHash: string | null; ... 7 more ...; workerRating: string | null; }': name, createdAt, updatedAt, tenantId, and 10 more.
src/features/leads/__tests__/additional-actions.test.ts(200,71): error TS2345: Argument of type '{ id: string; tenantId: string; }' is not assignable to parameter of type '{ id: string; createdAt: Date | null; updatedAt: Date | null; tenantId: string; deletedAt: Date | null; address: string | null; remark: string | null; tags: string[] | null; ... 21 more ...; lostReason: string | null; }'.
  Type '{ id: string; tenantId: string; }' is missing the following properties from type '{ id: string; createdAt: Date | null; updatedAt: Date | null; tenantId: string; deletedAt: Date | null; address: string | null; remark: string | null; tags: string[] | null; ... 21 more ...; lostReason: string | null; }': createdAt, updatedAt, deletedAt, address, and 24 more.
src/features/leads/__tests__/additional-actions.test.ts(213,71): error TS2345: Argument of type 'null' is not assignable to parameter of type '{ id: string; createdAt: Date | null; updatedAt: Date | null; tenantId: string; deletedAt: Date | null; address: string | null; remark: string | null; tags: string[] | null; ... 21 more ...; lostReason: string | null; } | undefined'.
src/features/leads/__tests__/additional-actions.test.ts(232,71): error TS2345: Argument of type 'Partial<{ id: string; createdAt: Date | null; updatedAt: Date | null; tenantId: string; deletedAt: Date | null; address: string | null; remark: string | null; tags: string[] | null; ... 21 more ...; lostReason: string | null; }>' is not assignable to parameter of type '{ id: string; createdAt: Date | null; updatedAt: Date | null; tenantId: string; deletedAt: Date | null; address: string | null; remark: string | null; tags: string[] | null; ... 21 more ...; lostReason: string | null; }'.
  Types of property 'id' are incompatible.
    Type 'string | undefined' is not assignable to type 'string'.
      Type 'undefined' is not assignable to type 'string'.
src/features/leads/__tests__/additional-actions.test.ts(241,71): error TS2345: Argument of type 'null' is not assignable to parameter of type '{ id: string; createdAt: Date | null; updatedAt: Date | null; tenantId: string; deletedAt: Date | null; address: string | null; remark: string | null; tags: string[] | null; ... 21 more ...; lostReason: string | null; } | undefined'.
src/features/leads/__tests__/additional-actions.test.ts(288,81): error TS2345: Argument of type 'Partial<{ type: string; id: string; createdAt: Date | null; content: string; createdBy: string; leadId: string; result: string | null; nextFollowupAt: Date | null; nextFollowupNote: string | null; }>[]' is not assignable to parameter of type '{ type: string; id: string; createdAt: Date | null; content: string; createdBy: string; leadId: string; result: string | null; nextFollowupAt: Date | null; nextFollowupNote: string | null; }[]'.
  Type 'Partial<{ type: string; id: string; createdAt: Date | null; content: string; createdBy: string; leadId: string; result: string | null; nextFollowupAt: Date | null; nextFollowupNote: string | null; }>' is not assignable to type '{ type: string; id: string; createdAt: Date | null; content: string; createdBy: string; leadId: string; result: string | null; nextFollowupAt: Date | null; nextFollowupNote: string | null; }'.
    Types of property 'type' are incompatible.
      Type 'string | undefined' is not assignable to type 'string'.
        Type 'undefined' is not assignable to type 'string'.
src/features/leads/__tests__/additional-actions.test.ts(300,71): error TS2345: Argument of type '{ id: string; tenantId: string; assignedSalesId: string; }' is not assignable to parameter of type '{ id: string; createdAt: Date | null; updatedAt: Date | null; tenantId: string; deletedAt: Date | null; address: string | null; remark: string | null; tags: string[] | null; ... 21 more ...; lostReason: string | null; }'.
  Type '{ id: string; tenantId: string; assignedSalesId: string; }' is missing the following properties from type '{ id: string; createdAt: Date | null; updatedAt: Date | null; tenantId: string; deletedAt: Date | null; address: string | null; remark: string | null; tags: string[] | null; ... 21 more ...; lostReason: string | null; }': createdAt, updatedAt, deletedAt, address, and 23 more.
src/features/leads/__tests__/additional-actions.test.ts(319,71): error TS2345: Argument of type '{ id: string; tenantId: string; status: "PENDING_DISPATCH"; assignedSalesId: null; }' is not assignable to parameter of type '{ id: string; createdAt: Date | null; updatedAt: Date | null; tenantId: string; deletedAt: Date | null; address: string | null; remark: string | null; tags: string[] | null; ... 21 more ...; lostReason: string | null; }'.
  Type '{ id: string; tenantId: string; status: "PENDING_DISPATCH"; assignedSalesId: null; }' is missing the following properties from type '{ id: string; createdAt: Date | null; updatedAt: Date | null; tenantId: string; deletedAt: Date | null; address: string | null; remark: string | null; tags: string[] | null; ... 21 more ...; lostReason: string | null; }': createdAt, updatedAt, deletedAt, address, and 22 more.
src/features/leads/__tests__/additional-actions.test.ts(334,71): error TS2345: Argument of type '{ id: string; tenantId: string; status: "FOLLOWING"; assignedSalesId: string; }' is not assignable to parameter of type '{ id: string; createdAt: Date | null; updatedAt: Date | null; tenantId: string; deletedAt: Date | null; address: string | null; remark: string | null; tags: string[] | null; ... 21 more ...; lostReason: string | null; }'.
  Type '{ id: string; tenantId: string; status: "FOLLOWING"; assignedSalesId: string; }' is missing the following properties from type '{ id: string; createdAt: Date | null; updatedAt: Date | null; tenantId: string; deletedAt: Date | null; address: string | null; remark: string | null; tags: string[] | null; ... 21 more ...; lostReason: string | null; }': createdAt, updatedAt, deletedAt, address, and 22 more.
src/features/leads/__tests__/additional-actions.test.ts(359,70): error TS2345: Argument of type 'Partial<{ id: string; createdAt: Date | null; updatedAt: Date | null; tenantId: string; deletedAt: Date | null; address: string | null; remark: string | null; tags: string[] | null; ... 21 more ...; lostReason: string | null; }>[]' is not assignable to parameter of type '{ id: string; createdAt: Date | null; updatedAt: Date | null; tenantId: string; deletedAt: Date | null; address: string | null; remark: string | null; tags: string[] | null; ... 21 more ...; lostReason: string | null; }[]'.
  Type 'Partial<{ id: string; createdAt: Date | null; updatedAt: Date | null; tenantId: string; deletedAt: Date | null; address: string | null; remark: string | null; tags: string[] | null; ... 21 more ...; lostReason: string | null; }>' is not assignable to type '{ id: string; createdAt: Date | null; updatedAt: Date | null; tenantId: string; deletedAt: Date | null; address: string | null; remark: string | null; tags: string[] | null; ... 21 more ...; lostReason: string | null; }'.
    Types of property 'id' are incompatible.
      Type 'string | undefined' is not assignable to type 'string'.
        Type 'undefined' is not assignable to type 'string'.
src/features/leads/__tests__/additional-actions.test.ts(378,70): error TS2345: Argument of type 'Partial<{ id: string; createdAt: Date | null; updatedAt: Date | null; tenantId: string; deletedAt: Date | null; address: string | null; remark: string | null; tags: string[] | null; ... 21 more ...; lostReason: string | null; }>[]' is not assignable to parameter of type '{ id: string; createdAt: Date | null; updatedAt: Date | null; tenantId: string; deletedAt: Date | null; address: string | null; remark: string | null; tags: string[] | null; ... 21 more ...; lostReason: string | null; }[]'.
  Type 'Partial<{ id: string; createdAt: Date | null; updatedAt: Date | null; tenantId: string; deletedAt: Date | null; address: string | null; remark: string | null; tags: string[] | null; ... 21 more ...; lostReason: string | null; }>' is not assignable to type '{ id: string; createdAt: Date | null; updatedAt: Date | null; tenantId: string; deletedAt: Date | null; address: string | null; remark: string | null; tags: string[] | null; ... 21 more ...; lostReason: string | null; }'.
    Types of property 'id' are incompatible.
      Type 'string | undefined' is not assignable to type 'string'.
        Type 'undefined' is not assignable to type 'string'.
src/features/leads/__tests__/additional-actions.test.ts(394,88): error TS2345: Argument of type 'Partial<{ code: string; id: string; name: string; isActive: boolean | null; createdAt: Date | null; tenantId: string; }>[]' is not assignable to parameter of type '{ code: string; id: string; name: string; isActive: boolean | null; createdAt: Date | null; tenantId: string; }[]'.
  Type 'Partial<{ code: string; id: string; name: string; isActive: boolean | null; createdAt: Date | null; tenantId: string; }>' is not assignable to type '{ code: string; id: string; name: string; isActive: boolean | null; createdAt: Date | null; tenantId: string; }'.
    Types of property 'code' are incompatible.
      Type 'string | undefined' is not assignable to type 'string'.
        Type 'undefined' is not assignable to type 'string'.
src/features/leads/__tests__/additional-actions.test.ts(410,79): error TS2345: Argument of type 'Partial<{ code: string; id: string; name: string; isActive: boolean | null; createdAt: Date | null; tenantId: string; categoryId: string; }>[]' is not assignable to parameter of type '{ code: string; id: string; name: string; isActive: boolean | null; createdAt: Date | null; tenantId: string; categoryId: string; }[]'.
  Type 'Partial<{ code: string; id: string; name: string; isActive: boolean | null; createdAt: Date | null; tenantId: string; categoryId: string; }>' is not assignable to type '{ code: string; id: string; name: string; isActive: boolean | null; createdAt: Date | null; tenantId: string; categoryId: string; }'.
    Types of property 'code' are incompatible.
      Type 'string | undefined' is not assignable to type 'string'.
        Type 'undefined' is not assignable to type 'string'.
src/features/leads/__tests__/additional-actions.test.ts(428,71): error TS2345: Argument of type 'Partial<{ id: string; createdAt: Date | null; updatedAt: Date | null; tenantId: string; deletedAt: Date | null; address: string | null; remark: string | null; tags: string[] | null; ... 21 more ...; lostReason: string | null; }>' is not assignable to parameter of type '{ id: string; createdAt: Date | null; updatedAt: Date | null; tenantId: string; deletedAt: Date | null; address: string | null; remark: string | null; tags: string[] | null; ... 21 more ...; lostReason: string | null; }'.
  Types of property 'id' are incompatible.
    Type 'string | undefined' is not assignable to type 'string'.
      Type 'undefined' is not assignable to type 'string'.
src/features/leads/__tests__/additional-actions.test.ts(446,71): error TS2345: Argument of type 'Partial<{ id: string; createdAt: Date | null; updatedAt: Date | null; tenantId: string; deletedAt: Date | null; address: string | null; remark: string | null; tags: string[] | null; ... 21 more ...; lostReason: string | null; }>' is not assignable to parameter of type '{ id: string; createdAt: Date | null; updatedAt: Date | null; tenantId: string; deletedAt: Date | null; address: string | null; remark: string | null; tags: string[] | null; ... 21 more ...; lostReason: string | null; }'.
  Types of property 'id' are incompatible.
    Type 'string | undefined' is not assignable to type 'string'.
      Type 'undefined' is not assignable to type 'string'.
src/features/leads/__tests__/additional-actions.test.ts(455,71): error TS2345: Argument of type 'null' is not assignable to parameter of type '{ id: string; createdAt: Date | null; updatedAt: Date | null; tenantId: string; deletedAt: Date | null; address: string | null; remark: string | null; tags: string[] | null; ... 21 more ...; lostReason: string | null; } | undefined'.
src/features/leads/__tests__/assign-lead-dialog.test.tsx(93,54): error TS2345: Argument of type '{ success: true; message: string; }' is not assignable to parameter of type 'ActionState<unknown>'.
  Property 'timestamp' is missing in type '{ success: true; message: string; }' but required in type 'ActionState<unknown>'.
src/features/leads/__tests__/assign-lead-dialog.test.tsx(127,54): error TS2345: Argument of type '{ success: false; error: string; }' is not assignable to parameter of type 'ActionState<unknown>'.
  Property 'timestamp' is missing in type '{ success: false; error: string; }' but required in type 'ActionState<unknown>'.
src/features/leads/__tests__/assign-lead-dialog.test.tsx(173,67): error TS2345: Argument of type '{ success: true; message: string; }' is not assignable to parameter of type 'ActionState<unknown> | PromiseLike<ActionState<unknown>>'.
  Property 'timestamp' is missing in type '{ success: true; message: string; }' but required in type 'ActionState<unknown>'.
src/features/leads/__tests__/assign-lead-dialog.test.tsx(258,67): error TS2345: Argument of type '{ success: true; message: string; }' is not assignable to parameter of type 'ActionState<unknown> | PromiseLike<ActionState<unknown>>'.
  Property 'timestamp' is missing in type '{ success: true; message: string; }' but required in type 'ActionState<unknown>'.
src/features/leads/__tests__/create-lead.test.tsx(154,49): error TS2345: Argument of type '{ success: false; error: string; }' is not assignable to parameter of type 'ActionState<unknown>'.
  Property 'timestamp' is missing in type '{ success: false; error: string; }' but required in type 'ActionState<unknown>'.
src/features/leads/__tests__/edit-lead-dialog.test.tsx(39,17): error TS2740: Type '{ id: string; leadNo: string; customerName: string; customerPhone: string; status: string; intentionLevel: string; estimatedAmount: string; tags: string[]; sourceCategoryId: string; sourceSubId: string; sourceDetail: string; remark: string; }' is missing the following properties from type '{ id: string; createdAt: Date | null; updatedAt: Date | null; tenantId: string; deletedAt: Date | null; address: string | null; remark: string | null; tags: string[] | null; ... 21 more ...; lostReason: string | null; }': createdAt, updatedAt, tenantId, deletedAt, and 14 more.
src/features/leads/__tests__/edit-lead-dialog.test.tsx(46,9): error TS1308: 'await' expressions are only allowed within async functions and at the top levels of modules.
src/features/leads/__tests__/edit-lead-dialog.test.tsx(54,17): error TS2740: Type '{ id: string; leadNo: string; customerName: string; customerPhone: string; status: string; intentionLevel: string; estimatedAmount: string; tags: string[]; sourceCategoryId: string; sourceSubId: string; sourceDetail: string; remark: string; }' is missing the following properties from type '{ id: string; createdAt: Date | null; updatedAt: Date | null; tenantId: string; deletedAt: Date | null; address: string | null; remark: string | null; tags: string[] | null; ... 21 more ...; lostReason: string | null; }': createdAt, updatedAt, tenantId, deletedAt, and 14 more.
src/features/leads/__tests__/edit-lead-dialog.test.tsx(65,17): error TS2740: Type '{ id: string; leadNo: string; customerName: string; customerPhone: string; status: string; intentionLevel: string; estimatedAmount: string; tags: string[]; sourceCategoryId: string; sourceSubId: string; sourceDetail: string; remark: string; }' is missing the following properties from type '{ id: string; createdAt: Date | null; updatedAt: Date | null; tenantId: string; deletedAt: Date | null; address: string | null; remark: string | null; tags: string[] | null; ... 21 more ...; lostReason: string | null; }': createdAt, updatedAt, tenantId, deletedAt, and 14 more.
src/features/leads/__tests__/edit-lead-dialog.test.tsx(72,9): error TS1308: 'await' expressions are only allowed within async functions and at the top levels of modules.
src/features/leads/__tests__/edit-lead-dialog.test.tsx(80,17): error TS2740: Type '{ id: string; leadNo: string; customerName: string; customerPhone: string; status: string; intentionLevel: string; estimatedAmount: string; tags: string[]; sourceCategoryId: string; sourceSubId: string; sourceDetail: string; remark: string; }' is missing the following properties from type '{ id: string; createdAt: Date | null; updatedAt: Date | null; tenantId: string; deletedAt: Date | null; address: string | null; remark: string | null; tags: string[] | null; ... 21 more ...; lostReason: string | null; }': createdAt, updatedAt, tenantId, deletedAt, and 14 more.
src/features/leads/__tests__/edit-lead-dialog.test.tsx(87,9): error TS1308: 'await' expressions are only allowed within async functions and at the top levels of modules.
src/features/leads/__tests__/edit-lead-dialog.test.tsx(94,49): error TS2345: Argument of type '{ success: true; message: string; }' is not assignable to parameter of type 'ActionState<unknown>'.
  Property 'timestamp' is missing in type '{ success: true; message: string; }' but required in type 'ActionState<unknown>'.
src/features/leads/__tests__/edit-lead-dialog.test.tsx(101,17): error TS2740: Type '{ id: string; leadNo: string; customerName: string; customerPhone: string; status: string; intentionLevel: string; estimatedAmount: string; tags: string[]; sourceCategoryId: string; sourceSubId: string; sourceDetail: string; remark: string; }' is missing the following properties from type '{ id: string; createdAt: Date | null; updatedAt: Date | null; tenantId: string; deletedAt: Date | null; address: string | null; remark: string | null; tags: string[] | null; ... 21 more ...; lostReason: string | null; }': createdAt, updatedAt, tenantId, deletedAt, and 14 more.
src/features/leads/__tests__/edit-lead-dialog.test.tsx(125,49): error TS2345: Argument of type '{ success: true; message: string; }' is not assignable to parameter of type 'ActionState<unknown>'.
  Property 'timestamp' is missing in type '{ success: true; message: string; }' but required in type 'ActionState<unknown>'.
src/features/leads/__tests__/edit-lead-dialog.test.tsx(132,17): error TS2740: Type '{ id: string; leadNo: string; customerName: string; customerPhone: string; status: string; intentionLevel: string; estimatedAmount: string; tags: string[]; sourceCategoryId: string; sourceSubId: string; sourceDetail: string; remark: string; }' is missing the following properties from type '{ id: string; createdAt: Date | null; updatedAt: Date | null; tenantId: string; deletedAt: Date | null; address: string | null; remark: string | null; tags: string[] | null; ... 21 more ...; lostReason: string | null; }': createdAt, updatedAt, tenantId, deletedAt, and 14 more.
src/features/leads/__tests__/edit-lead-dialog.test.tsx(148,49): error TS2345: Argument of type '{ success: false; error: string; }' is not assignable to parameter of type 'ActionState<unknown>'.
  Property 'timestamp' is missing in type '{ success: false; error: string; }' but required in type 'ActionState<unknown>'.
src/features/leads/__tests__/edit-lead-dialog.test.tsx(155,17): error TS2740: Type '{ id: string; leadNo: string; customerName: string; customerPhone: string; status: string; intentionLevel: string; estimatedAmount: string; tags: string[]; sourceCategoryId: string; sourceSubId: string; sourceDetail: string; remark: string; }' is missing the following properties from type '{ id: string; createdAt: Date | null; updatedAt: Date | null; tenantId: string; deletedAt: Date | null; address: string | null; remark: string | null; tags: string[] | null; ... 21 more ...; lostReason: string | null; }': createdAt, updatedAt, tenantId, deletedAt, and 14 more.
src/features/leads/__tests__/edit-lead-dialog.test.tsx(173,17): error TS2740: Type '{ id: string; leadNo: string; customerName: string; customerPhone: string; status: string; intentionLevel: string; estimatedAmount: string; tags: string[]; sourceCategoryId: string; sourceSubId: string; sourceDetail: string; remark: string; }' is missing the following properties from type '{ id: string; createdAt: Date | null; updatedAt: Date | null; tenantId: string; deletedAt: Date | null; address: string | null; remark: string | null; tags: string[] | null; ... 21 more ...; lostReason: string | null; }': createdAt, updatedAt, tenantId, deletedAt, and 14 more.
src/features/leads/__tests__/edit-lead-dialog.test.tsx(204,17): error TS2740: Type '{ id: string; leadNo: string; customerName: string; customerPhone: string; status: string; intentionLevel: null; estimatedAmount: null; tags: null; sourceCategoryId: null; sourceSubId: null; sourceDetail: null; remark: null; }' is missing the following properties from type '{ id: string; createdAt: Date | null; updatedAt: Date | null; tenantId: string; deletedAt: Date | null; address: string | null; remark: string | null; tags: string[] | null; ... 21 more ...; lostReason: string | null; }': createdAt, updatedAt, tenantId, deletedAt, and 14 more.
src/features/leads/__tests__/edit-lead-dialog.test.tsx(211,9): error TS1308: 'await' expressions are only allowed within async functions and at the top levels of modules.
src/features/leads/__tests__/edit-lead-dialog.test.tsx(231,17): error TS2740: Type '{ community: string; address: string; houseType: string; customerWechat: string; referrerCustomerId: string; visitedStoreAt: Date; quotedAt: Date; wonAt: Date; id: string; ... 10 more ...; remark: string; }' is missing the following properties from type '{ id: string; createdAt: Date | null; updatedAt: Date | null; tenantId: string; deletedAt: Date | null; address: string | null; remark: string | null; tags: string[] | null; ... 21 more ...; lostReason: string | null; }': createdAt, updatedAt, tenantId, deletedAt, and 6 more.
src/features/leads/__tests__/edit-lead-dialog.test.tsx(238,9): error TS1308: 'await' expressions are only allowed within async functions and at the top levels of modules.
src/features/leads/__tests__/edit-lead-dialog.test.tsx(250,49): error TS2345: Argument of type '{ success: true; message: string; }' is not assignable to parameter of type 'ActionState<unknown>'.
  Property 'timestamp' is missing in type '{ success: true; message: string; }' but required in type 'ActionState<unknown>'.
src/features/leads/__tests__/edit-lead-dialog.test.tsx(257,17): error TS2740: Type '{ customerName: string; remark: string; id: string; leadNo: string; customerPhone: string; status: string; intentionLevel: string; estimatedAmount: string; tags: string[]; sourceCategoryId: string; sourceSubId: string; sourceDetail: string; }' is missing the following properties from type '{ id: string; createdAt: Date | null; updatedAt: Date | null; tenantId: string; deletedAt: Date | null; address: string | null; remark: string | null; tags: string[] | null; ... 21 more ...; lostReason: string | null; }': createdAt, updatedAt, tenantId, deletedAt, and 14 more.
src/features/leads/__tests__/lead-activity-log.test.tsx(76,58): error TS2345: Argument of type '{ success: true; data: never[]; }' is not assignable to parameter of type 'ActionState<({ id: string; type: string; content: string; result: string | null; createdAt: Date | null; creatorName: string; } | { id: string; type: string; realType: string; content: string; createdAt: Date | null; creatorName: string; })[]>'.
  Property 'timestamp' is missing in type '{ success: true; data: never[]; }' but required in type 'ActionState<({ id: string; type: string; content: string; result: string | null; createdAt: Date | null; creatorName: string; } | { id: string; type: string; realType: string; content: string; createdAt: Date | null; creatorName: string; })[]>'.
src/features/leads/__tests__/lead-audit-logs.test.ts(100,71): error TS2345: Argument of type 'null' is not assignable to parameter of type '{ id: string; createdAt: Date | null; updatedAt: Date | null; tenantId: string; deletedAt: Date | null; address: string | null; remark: string | null; tags: string[] | null; ... 21 more ...; lostReason: string | null; } | undefined'.
src/features/leads/__tests__/lead-audit-logs.test.ts(102,30): error TS2345: Argument of type '[{ customerName: string; customerPhone: string; sourceCategoryId: string; sourceSubId: string; }]' is not assignable to parameter of type '[unknown, { customerName: string; customerPhone: string; sourceCategoryId: string | null | undefined; sourceSubId: string | null | undefined; referrerCustomerId: string | null | undefined; ... 5 more ...; lostReason?: string | undefined; }] | [...]'.
  Type '[{ customerName: string; customerPhone: string; sourceCategoryId: string; sourceSubId: string; }]' is not assignable to type '[{ customerName: string; customerPhone: string; sourceCategoryId: string | null | undefined; sourceSubId: string | null | undefined; referrerCustomerId: string | null | undefined; ... 5 more ...; lostReason?: string | undefined; }]'.
    Property 'referrerCustomerId' is missing in type '{ customerName: string; customerPhone: string; sourceCategoryId: string; sourceSubId: string; }' but required in type '{ customerName: string; customerPhone: string; sourceCategoryId: string | null | undefined; sourceSubId: string | null | undefined; referrerCustomerId: string | null | undefined; ... 5 more ...; lostReason?: string | undefined; }'.
src/features/leads/__tests__/lead-audit-logs.test.ts(118,71): error TS2345: Argument of type 'null' is not assignable to parameter of type '{ id: string; createdAt: Date | null; updatedAt: Date | null; tenantId: string; deletedAt: Date | null; address: string | null; remark: string | null; tags: string[] | null; ... 21 more ...; lostReason: string | null; } | undefined'.
src/features/leads/__tests__/lead-audit-logs.test.ts(120,30): error TS2345: Argument of type '[{ customerName: string; customerPhone: string; sourceCategoryId: string; sourceSubId: string; }]' is not assignable to parameter of type '[unknown, { customerName: string; customerPhone: string; sourceCategoryId: string | null | undefined; sourceSubId: string | null | undefined; referrerCustomerId: string | null | undefined; ... 5 more ...; lostReason?: string | undefined; }] | [...]'.
  Type '[{ customerName: string; customerPhone: string; sourceCategoryId: string; sourceSubId: string; }]' is not assignable to type '[{ customerName: string; customerPhone: string; sourceCategoryId: string | null | undefined; sourceSubId: string | null | undefined; referrerCustomerId: string | null | undefined; ... 5 more ...; lostReason?: string | undefined; }]'.
    Property 'referrerCustomerId' is missing in type '{ customerName: string; customerPhone: string; sourceCategoryId: string; sourceSubId: string; }' but required in type '{ customerName: string; customerPhone: string; sourceCategoryId: string | null | undefined; sourceSubId: string | null | undefined; referrerCustomerId: string | null | undefined; ... 5 more ...; lostReason?: string | undefined; }'.
src/features/leads/__tests__/lead-audit-logs.test.ts(128,49): error TS2554: Expected 0 arguments, but got 1.
src/features/leads/__tests__/lead-audit-logs.test.ts(128,53): error TS2339: Property 'values' does not exist on type 'ArrayIterator<PgTable<TableConfig>>'.
src/features/leads/__tests__/lead-audit-logs.test.ts(135,71): error TS2345: Argument of type 'null' is not assignable to parameter of type '{ id: string; createdAt: Date | null; updatedAt: Date | null; tenantId: string; deletedAt: Date | null; address: string | null; remark: string | null; tags: string[] | null; ... 21 more ...; lostReason: string | null; } | undefined'.
src/features/leads/__tests__/lead-audit-logs.test.ts(137,30): error TS2345: Argument of type '[{ customerName: string; customerPhone: string; sourceCategoryId: string; sourceSubId: string; }]' is not assignable to parameter of type '[unknown, { customerName: string; customerPhone: string; sourceCategoryId: string | null | undefined; sourceSubId: string | null | undefined; referrerCustomerId: string | null | undefined; ... 5 more ...; lostReason?: string | undefined; }] | [...]'.
  Type '[{ customerName: string; customerPhone: string; sourceCategoryId: string; sourceSubId: string; }]' is not assignable to type '[{ customerName: string; customerPhone: string; sourceCategoryId: string | null | undefined; sourceSubId: string | null | undefined; referrerCustomerId: string | null | undefined; ... 5 more ...; lostReason?: string | undefined; }]'.
    Property 'referrerCustomerId' is missing in type '{ customerName: string; customerPhone: string; sourceCategoryId: string; sourceSubId: string; }' but required in type '{ customerName: string; customerPhone: string; sourceCategoryId: string | null | undefined; sourceSubId: string | null | undefined; referrerCustomerId: string | null | undefined; ... 5 more ...; lostReason?: string | undefined; }'.
src/features/leads/__tests__/lead-audit-logs.test.ts(145,49): error TS2554: Expected 0 arguments, but got 1.
src/features/leads/__tests__/lead-audit-logs.test.ts(145,53): error TS2339: Property 'values' does not exist on type 'ArrayIterator<PgTable<TableConfig>>'.
src/features/leads/__tests__/lead-audit-logs.test.ts(152,71): error TS2345: Argument of type 'null' is not assignable to parameter of type '{ id: string; createdAt: Date | null; updatedAt: Date | null; tenantId: string; deletedAt: Date | null; address: string | null; remark: string | null; tags: string[] | null; ... 21 more ...; lostReason: string | null; } | undefined'.
src/features/leads/__tests__/lead-audit-logs.test.ts(154,30): error TS2345: Argument of type '[{ customerName: string; customerPhone: string; sourceCategoryId: string; sourceSubId: string; }]' is not assignable to parameter of type '[unknown, { customerName: string; customerPhone: string; sourceCategoryId: string | null | undefined; sourceSubId: string | null | undefined; referrerCustomerId: string | null | undefined; ... 5 more ...; lostReason?: string | undefined; }] | [...]'.
  Type '[{ customerName: string; customerPhone: string; sourceCategoryId: string; sourceSubId: string; }]' is not assignable to type '[{ customerName: string; customerPhone: string; sourceCategoryId: string | null | undefined; sourceSubId: string | null | undefined; referrerCustomerId: string | null | undefined; ... 5 more ...; lostReason?: string | undefined; }]'.
    Property 'referrerCustomerId' is missing in type '{ customerName: string; customerPhone: string; sourceCategoryId: string; sourceSubId: string; }' but required in type '{ customerName: string; customerPhone: string; sourceCategoryId: string | null | undefined; sourceSubId: string | null | undefined; referrerCustomerId: string | null | undefined; ... 5 more ...; lostReason?: string | undefined; }'.
src/features/leads/__tests__/lead-audit-logs.test.ts(162,49): error TS2554: Expected 0 arguments, but got 1.
src/features/leads/__tests__/lead-audit-logs.test.ts(162,53): error TS2339: Property 'values' does not exist on type 'ArrayIterator<PgTable<TableConfig>>'.
src/features/leads/__tests__/lead-audit-logs.test.ts(169,71): error TS2345: Argument of type 'null' is not assignable to parameter of type '{ id: string; createdAt: Date | null; updatedAt: Date | null; tenantId: string; deletedAt: Date | null; address: string | null; remark: string | null; tags: string[] | null; ... 21 more ...; lostReason: string | null; } | undefined'.
src/features/leads/__tests__/lead-audit-logs.test.ts(171,30): error TS2345: Argument of type '[{ customerName: string; customerPhone: string; sourceCategoryId: string; sourceSubId: string; }]' is not assignable to parameter of type '[unknown, { customerName: string; customerPhone: string; sourceCategoryId: string | null | undefined; sourceSubId: string | null | undefined; referrerCustomerId: string | null | undefined; ... 5 more ...; lostReason?: string | undefined; }] | [...]'.
  Type '[{ customerName: string; customerPhone: string; sourceCategoryId: string; sourceSubId: string; }]' is not assignable to type '[{ customerName: string; customerPhone: string; sourceCategoryId: string | null | undefined; sourceSubId: string | null | undefined; referrerCustomerId: string | null | undefined; ... 5 more ...; lostReason?: string | undefined; }]'.
    Property 'referrerCustomerId' is missing in type '{ customerName: string; customerPhone: string; sourceCategoryId: string; sourceSubId: string; }' but required in type '{ customerName: string; customerPhone: string; sourceCategoryId: string | null | undefined; sourceSubId: string | null | undefined; referrerCustomerId: string | null | undefined; ... 5 more ...; lostReason?: string | undefined; }'.
src/features/leads/__tests__/lead-audit-logs.test.ts(179,49): error TS2554: Expected 0 arguments, but got 1.
src/features/leads/__tests__/lead-audit-logs.test.ts(179,53): error TS2339: Property 'values' does not exist on type 'ArrayIterator<PgTable<TableConfig>>'.
src/features/leads/__tests__/lead-audit-logs.test.ts(188,71): error TS2345: Argument of type '{ id: string; status: "FOLLOWING"; }' is not assignable to parameter of type '{ id: string; createdAt: Date | null; updatedAt: Date | null; tenantId: string; deletedAt: Date | null; address: string | null; remark: string | null; tags: string[] | null; ... 21 more ...; lostReason: string | null; }'.
  Type '{ id: string; status: "FOLLOWING"; }' is missing the following properties from type '{ id: string; createdAt: Date | null; updatedAt: Date | null; tenantId: string; deletedAt: Date | null; address: string | null; remark: string | null; tags: string[] | null; ... 21 more ...; lostReason: string | null; }': createdAt, updatedAt, tenantId, deletedAt, and 24 more.
src/features/leads/__tests__/lead-audit-logs.test.ts(203,71): error TS2345: Argument of type '{ id: string; status: "FOLLOWING"; }' is not assignable to parameter of type '{ id: string; createdAt: Date | null; updatedAt: Date | null; tenantId: string; deletedAt: Date | null; address: string | null; remark: string | null; tags: string[] | null; ... 21 more ...; lostReason: string | null; }'.
  Type '{ id: string; status: "FOLLOWING"; }' is missing the following properties from type '{ id: string; createdAt: Date | null; updatedAt: Date | null; tenantId: string; deletedAt: Date | null; address: string | null; remark: string | null; tags: string[] | null; ... 21 more ...; lostReason: string | null; }': createdAt, updatedAt, tenantId, deletedAt, and 24 more.
src/features/leads/__tests__/lead-audit-logs.test.ts(211,49): error TS2554: Expected 0 arguments, but got 1.
src/features/leads/__tests__/lead-audit-logs.test.ts(211,53): error TS2339: Property 'values' does not exist on type 'ArrayIterator<PgTable<TableConfig>>'.
src/features/leads/__tests__/lead-audit-logs.test.ts(218,71): error TS2345: Argument of type '{ id: string; status: "FOLLOWING"; }' is not assignable to parameter of type '{ id: string; createdAt: Date | null; updatedAt: Date | null; tenantId: string; deletedAt: Date | null; address: string | null; remark: string | null; tags: string[] | null; ... 21 more ...; lostReason: string | null; }'.
  Type '{ id: string; status: "FOLLOWING"; }' is missing the following properties from type '{ id: string; createdAt: Date | null; updatedAt: Date | null; tenantId: string; deletedAt: Date | null; address: string | null; remark: string | null; tags: string[] | null; ... 21 more ...; lostReason: string | null; }': createdAt, updatedAt, tenantId, deletedAt, and 24 more.
src/features/leads/__tests__/lead-audit-logs.test.ts(226,49): error TS2554: Expected 0 arguments, but got 1.
src/features/leads/__tests__/lead-audit-logs.test.ts(226,53): error TS2339: Property 'values' does not exist on type 'ArrayIterator<PgTable<TableConfig>>'.
src/features/leads/__tests__/lead-audit-logs.test.ts(235,71): error TS2345: Argument of type '{ id: string; role: string; isActive: true; }' is not assignable to parameter of type '{ id: string; name: string; isActive: boolean | null; createdAt: Date | null; updatedAt: Date | null; tenantId: string; email: string | null; phone: string; passwordHash: string | null; ... 7 more ...; workerRating: string | null; }'.
  Type '{ id: string; role: string; isActive: true; }' is missing the following properties from type '{ id: string; name: string; isActive: boolean | null; createdAt: Date | null; updatedAt: Date | null; tenantId: string; email: string | null; phone: string; passwordHash: string | null; ... 7 more ...; workerRating: string | null; }': name, createdAt, updatedAt, tenantId, and 10 more.
src/features/leads/__tests__/lead-audit-logs.test.ts(247,23): error TS2339: Property 'insert' does not exist on type '(tx: PgTransaction<PostgresJsQueryResultHKT, typeof import("C:/Users/bigey/Documents/Antigravity/L2C/src/shared/api/schema"), ExtractTablesWithRelations<typeof import("C:/Users/bigey/Documents/Antigravity/L2C/src/shared/api/schema")>>) => Promise<...>'.
src/features/leads/__tests__/lead-audit-logs.test.ts(255,71): error TS2345: Argument of type '{ id: string; role: string; isActive: true; }' is not assignable to parameter of type '{ id: string; name: string; isActive: boolean | null; createdAt: Date | null; updatedAt: Date | null; tenantId: string; email: string | null; phone: string; passwordHash: string | null; ... 7 more ...; workerRating: string | null; }'.
  Type '{ id: string; role: string; isActive: true; }' is missing the following properties from type '{ id: string; name: string; isActive: boolean | null; createdAt: Date | null; updatedAt: Date | null; tenantId: string; email: string | null; phone: string; passwordHash: string | null; ... 7 more ...; workerRating: string | null; }': name, createdAt, updatedAt, tenantId, and 10 more.
src/features/leads/__tests__/lead-audit-logs.test.ts(265,35): error TS2339: Property 'insert' does not exist on type '(tx: PgTransaction<PostgresJsQueryResultHKT, typeof import("C:/Users/bigey/Documents/Antigravity/L2C/src/shared/api/schema"), ExtractTablesWithRelations<typeof import("C:/Users/bigey/Documents/Antigravity/L2C/src/shared/api/schema")>>) => Promise<...>'.
src/features/leads/__tests__/lead-audit-logs.test.ts(273,71): error TS2345: Argument of type '{ id: string; role: string; isActive: true; }' is not assignable to parameter of type '{ id: string; name: string; isActive: boolean | null; createdAt: Date | null; updatedAt: Date | null; tenantId: string; email: string | null; phone: string; passwordHash: string | null; ... 7 more ...; workerRating: string | null; }'.
  Type '{ id: string; role: string; isActive: true; }' is missing the following properties from type '{ id: string; name: string; isActive: boolean | null; createdAt: Date | null; updatedAt: Date | null; tenantId: string; email: string | null; phone: string; passwordHash: string | null; ... 7 more ...; workerRating: string | null; }': name, createdAt, updatedAt, tenantId, and 10 more.
src/features/leads/__tests__/lead-audit-logs.test.ts(283,35): error TS2339: Property 'insert' does not exist on type '(tx: PgTransaction<PostgresJsQueryResultHKT, typeof import("C:/Users/bigey/Documents/Antigravity/L2C/src/shared/api/schema"), ExtractTablesWithRelations<typeof import("C:/Users/bigey/Documents/Antigravity/L2C/src/shared/api/schema")>>) => Promise<...>'.
src/features/leads/__tests__/lead-audit-logs.test.ts(293,71): error TS2345: Argument of type '{ id: string; role: string; isActive: true; }' is not assignable to parameter of type '{ id: string; name: string; isActive: boolean | null; createdAt: Date | null; updatedAt: Date | null; tenantId: string; email: string | null; phone: string; passwordHash: string | null; ... 7 more ...; workerRating: string | null; }'.
  Type '{ id: string; role: string; isActive: true; }' is missing the following properties from type '{ id: string; name: string; isActive: boolean | null; createdAt: Date | null; updatedAt: Date | null; tenantId: string; email: string | null; phone: string; passwordHash: string | null; ... 7 more ...; workerRating: string | null; }': name, createdAt, updatedAt, tenantId, and 10 more.
src/features/leads/__tests__/lead-audit-logs.test.ts(305,23): error TS2339: Property 'insert' does not exist on type '(tx: PgTransaction<PostgresJsQueryResultHKT, typeof import("C:/Users/bigey/Documents/Antigravity/L2C/src/shared/api/schema"), ExtractTablesWithRelations<typeof import("C:/Users/bigey/Documents/Antigravity/L2C/src/shared/api/schema")>>) => Promise<...>'.
src/features/leads/__tests__/lead-audit-logs.test.ts(309,71): error TS2345: Argument of type '{ id: string; role: string; isActive: true; }' is not assignable to parameter of type '{ id: string; name: string; isActive: boolean | null; createdAt: Date | null; updatedAt: Date | null; tenantId: string; email: string | null; phone: string; passwordHash: string | null; ... 7 more ...; workerRating: string | null; }'.
  Type '{ id: string; role: string; isActive: true; }' is missing the following properties from type '{ id: string; name: string; isActive: boolean | null; createdAt: Date | null; updatedAt: Date | null; tenantId: string; email: string | null; phone: string; passwordHash: string | null; ... 7 more ...; workerRating: string | null; }': name, createdAt, updatedAt, tenantId, and 10 more.
src/features/leads/__tests__/lead-audit-logs.test.ts(319,36): error TS2339: Property 'insert' does not exist on type '(tx: PgTransaction<PostgresJsQueryResultHKT, typeof import("C:/Users/bigey/Documents/Antigravity/L2C/src/shared/api/schema"), ExtractTablesWithRelations<typeof import("C:/Users/bigey/Documents/Antigravity/L2C/src/shared/api/schema")>>) => Promise<...>'.
src/features/leads/__tests__/lead-audit-logs.test.ts(330,71): error TS2345: Argument of type '{ id: string; role: string; isActive: true; }' is not assignable to parameter of type '{ id: string; name: string; isActive: boolean | null; createdAt: Date | null; updatedAt: Date | null; tenantId: string; email: string | null; phone: string; passwordHash: string | null; ... 7 more ...; workerRating: string | null; }'.
  Type '{ id: string; role: string; isActive: true; }' is missing the following properties from type '{ id: string; name: string; isActive: boolean | null; createdAt: Date | null; updatedAt: Date | null; tenantId: string; email: string | null; phone: string; passwordHash: string | null; ... 7 more ...; workerRating: string | null; }': name, createdAt, updatedAt, tenantId, and 10 more.
src/features/leads/__tests__/lead-audit-logs.test.ts(340,36): error TS2339: Property 'insert' does not exist on type '(tx: PgTransaction<PostgresJsQueryResultHKT, typeof import("C:/Users/bigey/Documents/Antigravity/L2C/src/shared/api/schema"), ExtractTablesWithRelations<typeof import("C:/Users/bigey/Documents/Antigravity/L2C/src/shared/api/schema")>>) => Promise<...>'.
src/features/leads/__tests__/lead-audit-logs.test.ts(353,71): error TS2345: Argument of type '{ id: string; status: "PENDING_FOLLOWUP"; }' is not assignable to parameter of type '{ id: string; createdAt: Date | null; updatedAt: Date | null; tenantId: string; deletedAt: Date | null; address: string | null; remark: string | null; tags: string[] | null; ... 21 more ...; lostReason: string | null; }'.
  Type '{ id: string; status: "PENDING_FOLLOWUP"; }' is missing the following properties from type '{ id: string; createdAt: Date | null; updatedAt: Date | null; tenantId: string; deletedAt: Date | null; address: string | null; remark: string | null; tags: string[] | null; ... 21 more ...; lostReason: string | null; }': createdAt, updatedAt, tenantId, deletedAt, and 24 more.
src/features/leads/__tests__/lead-audit-logs.test.ts(368,71): error TS2345: Argument of type '{ id: string; status: "PENDING_FOLLOWUP"; }' is not assignable to parameter of type '{ id: string; createdAt: Date | null; updatedAt: Date | null; tenantId: string; deletedAt: Date | null; address: string | null; remark: string | null; tags: string[] | null; ... 21 more ...; lostReason: string | null; }'.
  Type '{ id: string; status: "PENDING_FOLLOWUP"; }' is missing the following properties from type '{ id: string; createdAt: Date | null; updatedAt: Date | null; tenantId: string; deletedAt: Date | null; address: string | null; remark: string | null; tags: string[] | null; ... 21 more ...; lostReason: string | null; }': createdAt, updatedAt, tenantId, deletedAt, and 24 more.
src/features/leads/__tests__/lead-audit-logs.test.ts(376,49): error TS2554: Expected 0 arguments, but got 1.
src/features/leads/__tests__/lead-audit-logs.test.ts(376,53): error TS2339: Property 'values' does not exist on type 'ArrayIterator<PgTable<TableConfig>>'.
src/features/leads/__tests__/lead-audit-logs.test.ts(383,71): error TS2345: Argument of type '{ id: string; status: "PENDING_FOLLOWUP"; }' is not assignable to parameter of type '{ id: string; createdAt: Date | null; updatedAt: Date | null; tenantId: string; deletedAt: Date | null; address: string | null; remark: string | null; tags: string[] | null; ... 21 more ...; lostReason: string | null; }'.
  Type '{ id: string; status: "PENDING_FOLLOWUP"; }' is missing the following properties from type '{ id: string; createdAt: Date | null; updatedAt: Date | null; tenantId: string; deletedAt: Date | null; address: string | null; remark: string | null; tags: string[] | null; ... 21 more ...; lostReason: string | null; }': createdAt, updatedAt, tenantId, deletedAt, and 24 more.
src/features/leads/__tests__/lead-audit-logs.test.ts(391,49): error TS2554: Expected 0 arguments, but got 1.
src/features/leads/__tests__/lead-audit-logs.test.ts(391,53): error TS2339: Property 'values' does not exist on type 'ArrayIterator<PgTable<TableConfig>>'.
src/features/leads/__tests__/lead-audit-logs.test.ts(400,71): error TS2345: Argument of type '{ id: string; tenantId: string; }' is not assignable to parameter of type '{ id: string; createdAt: Date | null; updatedAt: Date | null; tenantId: string; deletedAt: Date | null; address: string | null; remark: string | null; tags: string[] | null; ... 21 more ...; lostReason: string | null; }'.
  Type '{ id: string; tenantId: string; }' is missing the following properties from type '{ id: string; createdAt: Date | null; updatedAt: Date | null; tenantId: string; deletedAt: Date | null; address: string | null; remark: string | null; tags: string[] | null; ... 21 more ...; lostReason: string | null; }': createdAt, updatedAt, deletedAt, address, and 24 more.
src/features/leads/__tests__/lead-audit-logs.test.ts(411,23): error TS2339: Property 'insert' does not exist on type '(tx: PgTransaction<PostgresJsQueryResultHKT, typeof import("C:/Users/bigey/Documents/Antigravity/L2C/src/shared/api/schema"), ExtractTablesWithRelations<typeof import("C:/Users/bigey/Documents/Antigravity/L2C/src/shared/api/schema")>>) => Promise<...>'.
src/features/leads/__tests__/lead-audit-logs.test.ts(419,71): error TS2345: Argument of type '{ id: string; tenantId: string; }' is not assignable to parameter of type '{ id: string; createdAt: Date | null; updatedAt: Date | null; tenantId: string; deletedAt: Date | null; address: string | null; remark: string | null; tags: string[] | null; ... 21 more ...; lostReason: string | null; }'.
  Type '{ id: string; tenantId: string; }' is missing the following properties from type '{ id: string; createdAt: Date | null; updatedAt: Date | null; tenantId: string; deletedAt: Date | null; address: string | null; remark: string | null; tags: string[] | null; ... 21 more ...; lostReason: string | null; }': createdAt, updatedAt, deletedAt, address, and 24 more.
src/features/leads/__tests__/lead-audit-logs.test.ts(428,35): error TS2339: Property 'insert' does not exist on type '(tx: PgTransaction<PostgresJsQueryResultHKT, typeof import("C:/Users/bigey/Documents/Antigravity/L2C/src/shared/api/schema"), ExtractTablesWithRelations<typeof import("C:/Users/bigey/Documents/Antigravity/L2C/src/shared/api/schema")>>) => Promise<...>'.
src/features/leads/__tests__/lead-audit-logs.test.ts(436,71): error TS2345: Argument of type '{ id: string; tenantId: string; }' is not assignable to parameter of type '{ id: string; createdAt: Date | null; updatedAt: Date | null; tenantId: string; deletedAt: Date | null; address: string | null; remark: string | null; tags: string[] | null; ... 21 more ...; lostReason: string | null; }'.
  Type '{ id: string; tenantId: string; }' is missing the following properties from type '{ id: string; createdAt: Date | null; updatedAt: Date | null; tenantId: string; deletedAt: Date | null; address: string | null; remark: string | null; tags: string[] | null; ... 21 more ...; lostReason: string | null; }': createdAt, updatedAt, deletedAt, address, and 24 more.
src/features/leads/__tests__/lead-audit-logs.test.ts(445,35): error TS2339: Property 'insert' does not exist on type '(tx: PgTransaction<PostgresJsQueryResultHKT, typeof import("C:/Users/bigey/Documents/Antigravity/L2C/src/shared/api/schema"), ExtractTablesWithRelations<typeof import("C:/Users/bigey/Documents/Antigravity/L2C/src/shared/api/schema")>>) => Promise<...>'.
src/features/leads/__tests__/lead-audit-logs.test.ts(461,23): error TS2339: Property 'insert' does not exist on type '(tx: PgTransaction<PostgresJsQueryResultHKT, typeof import("C:/Users/bigey/Documents/Antigravity/L2C/src/shared/api/schema"), ExtractTablesWithRelations<typeof import("C:/Users/bigey/Documents/Antigravity/L2C/src/shared/api/schema")>>) => Promise<...>'.
src/features/leads/__tests__/lead-audit-logs.test.ts(473,35): error TS2339: Property 'insert' does not exist on type '(tx: PgTransaction<PostgresJsQueryResultHKT, typeof import("C:/Users/bigey/Documents/Antigravity/L2C/src/shared/api/schema"), ExtractTablesWithRelations<typeof import("C:/Users/bigey/Documents/Antigravity/L2C/src/shared/api/schema")>>) => Promise<...>'.
src/features/leads/__tests__/lead-audit-logs.test.ts(485,35): error TS2339: Property 'insert' does not exist on type '(tx: PgTransaction<PostgresJsQueryResultHKT, typeof import("C:/Users/bigey/Documents/Antigravity/L2C/src/shared/api/schema"), ExtractTablesWithRelations<typeof import("C:/Users/bigey/Documents/Antigravity/L2C/src/shared/api/schema")>>) => Promise<...>'.
src/features/leads/__tests__/lead-audit-logs.test.ts(495,71): error TS2345: Argument of type '{ id: string; tenantId: string; }' is not assignable to parameter of type '{ id: string; createdAt: Date | null; updatedAt: Date | null; tenantId: string; deletedAt: Date | null; address: string | null; remark: string | null; tags: string[] | null; ... 21 more ...; lostReason: string | null; }'.
  Type '{ id: string; tenantId: string; }' is missing the following properties from type '{ id: string; createdAt: Date | null; updatedAt: Date | null; tenantId: string; deletedAt: Date | null; address: string | null; remark: string | null; tags: string[] | null; ... 21 more ...; lostReason: string | null; }': createdAt, updatedAt, deletedAt, address, and 24 more.
src/features/leads/__tests__/lead-audit-logs.test.ts(506,23): error TS2339: Property 'insert' does not exist on type '(tx: PgTransaction<PostgresJsQueryResultHKT, typeof import("C:/Users/bigey/Documents/Antigravity/L2C/src/shared/api/schema"), ExtractTablesWithRelations<typeof import("C:/Users/bigey/Documents/Antigravity/L2C/src/shared/api/schema")>>) => Promise<...>'.
src/features/leads/__tests__/lead-audit-logs.test.ts(514,71): error TS2345: Argument of type '{ id: string; tenantId: string; }' is not assignable to parameter of type '{ id: string; createdAt: Date | null; updatedAt: Date | null; tenantId: string; deletedAt: Date | null; address: string | null; remark: string | null; tags: string[] | null; ... 21 more ...; lostReason: string | null; }'.
  Type '{ id: string; tenantId: string; }' is missing the following properties from type '{ id: string; createdAt: Date | null; updatedAt: Date | null; tenantId: string; deletedAt: Date | null; address: string | null; remark: string | null; tags: string[] | null; ... 21 more ...; lostReason: string | null; }': createdAt, updatedAt, deletedAt, address, and 24 more.
src/features/leads/__tests__/lead-audit-logs.test.ts(523,35): error TS2339: Property 'insert' does not exist on type '(tx: PgTransaction<PostgresJsQueryResultHKT, typeof import("C:/Users/bigey/Documents/Antigravity/L2C/src/shared/api/schema"), ExtractTablesWithRelations<typeof import("C:/Users/bigey/Documents/Antigravity/L2C/src/shared/api/schema")>>) => Promise<...>'.
src/features/leads/__tests__/lead-audit-logs.test.ts(531,71): error TS2345: Argument of type '{ id: string; tenantId: string; }' is not assignable to parameter of type '{ id: string; createdAt: Date | null; updatedAt: Date | null; tenantId: string; deletedAt: Date | null; address: string | null; remark: string | null; tags: string[] | null; ... 21 more ...; lostReason: string | null; }'.
  Type '{ id: string; tenantId: string; }' is missing the following properties from type '{ id: string; createdAt: Date | null; updatedAt: Date | null; tenantId: string; deletedAt: Date | null; address: string | null; remark: string | null; tags: string[] | null; ... 21 more ...; lostReason: string | null; }': createdAt, updatedAt, deletedAt, address, and 24 more.
src/features/leads/__tests__/lead-audit-logs.test.ts(540,35): error TS2339: Property 'insert' does not exist on type '(tx: PgTransaction<PostgresJsQueryResultHKT, typeof import("C:/Users/bigey/Documents/Antigravity/L2C/src/shared/api/schema"), ExtractTablesWithRelations<typeof import("C:/Users/bigey/Documents/Antigravity/L2C/src/shared/api/schema")>>) => Promise<...>'.
src/features/leads/__tests__/lead-audit-logs.test.ts(550,71): error TS2345: Argument of type '{ id: string; status: "PENDING_DISPATCH"; assignedSalesId: null; }' is not assignable to parameter of type '{ id: string; createdAt: Date | null; updatedAt: Date | null; tenantId: string; deletedAt: Date | null; address: string | null; remark: string | null; tags: string[] | null; ... 21 more ...; lostReason: string | null; }'.
  Type '{ id: string; status: "PENDING_DISPATCH"; assignedSalesId: null; }' is missing the following properties from type '{ id: string; createdAt: Date | null; updatedAt: Date | null; tenantId: string; deletedAt: Date | null; address: string | null; remark: string | null; tags: string[] | null; ... 21 more ...; lostReason: string | null; }': createdAt, updatedAt, tenantId, deletedAt, and 23 more.
src/features/leads/__tests__/lead-audit-logs.test.ts(562,23): error TS2339: Property 'insert' does not exist on type '(tx: PgTransaction<PostgresJsQueryResultHKT, typeof import("C:/Users/bigey/Documents/Antigravity/L2C/src/shared/api/schema"), ExtractTablesWithRelations<typeof import("C:/Users/bigey/Documents/Antigravity/L2C/src/shared/api/schema")>>) => Promise<...>'.
src/features/leads/__tests__/lead-audit-logs.test.ts(570,71): error TS2345: Argument of type '{ id: string; status: "PENDING_DISPATCH"; assignedSalesId: null; }' is not assignable to parameter of type '{ id: string; createdAt: Date | null; updatedAt: Date | null; tenantId: string; deletedAt: Date | null; address: string | null; remark: string | null; tags: string[] | null; ... 21 more ...; lostReason: string | null; }'.
  Type '{ id: string; status: "PENDING_DISPATCH"; assignedSalesId: null; }' is missing the following properties from type '{ id: string; createdAt: Date | null; updatedAt: Date | null; tenantId: string; deletedAt: Date | null; address: string | null; remark: string | null; tags: string[] | null; ... 21 more ...; lostReason: string | null; }': createdAt, updatedAt, tenantId, deletedAt, and 23 more.
src/features/leads/__tests__/lead-audit-logs.test.ts(580,35): error TS2339: Property 'insert' does not exist on type '(tx: PgTransaction<PostgresJsQueryResultHKT, typeof import("C:/Users/bigey/Documents/Antigravity/L2C/src/shared/api/schema"), ExtractTablesWithRelations<typeof import("C:/Users/bigey/Documents/Antigravity/L2C/src/shared/api/schema")>>) => Promise<...>'.
src/features/leads/__tests__/lead-audit-logs.test.ts(590,71): error TS2345: Argument of type '{ id: string; status: "FOLLOWING"; customerPhone: string; customerId: null; }' is not assignable to parameter of type '{ id: string; createdAt: Date | null; updatedAt: Date | null; tenantId: string; deletedAt: Date | null; address: string | null; remark: string | null; tags: string[] | null; ... 21 more ...; lostReason: string | null; }'.
  Type '{ id: string; status: "FOLLOWING"; customerPhone: string; customerId: null; }' is missing the following properties from type '{ id: string; createdAt: Date | null; updatedAt: Date | null; tenantId: string; deletedAt: Date | null; address: string | null; remark: string | null; tags: string[] | null; ... 21 more ...; lostReason: string | null; }': createdAt, updatedAt, tenantId, deletedAt, and 22 more.
src/features/leads/__tests__/lead-audit-logs.test.ts(603,23): error TS2339: Property 'insert' does not exist on type '(tx: PgTransaction<PostgresJsQueryResultHKT, typeof import("C:/Users/bigey/Documents/Antigravity/L2C/src/shared/api/schema"), ExtractTablesWithRelations<typeof import("C:/Users/bigey/Documents/Antigravity/L2C/src/shared/api/schema")>>) => Promise<...>'.
src/features/leads/__tests__/lead-audit-logs.test.ts(611,71): error TS2345: Argument of type '{ id: string; status: "FOLLOWING"; customerPhone: string; customerId: null; }' is not assignable to parameter of type '{ id: string; createdAt: Date | null; updatedAt: Date | null; tenantId: string; deletedAt: Date | null; address: string | null; remark: string | null; tags: string[] | null; ... 21 more ...; lostReason: string | null; }'.
  Type '{ id: string; status: "FOLLOWING"; customerPhone: string; customerId: null; }' is missing the following properties from type '{ id: string; createdAt: Date | null; updatedAt: Date | null; tenantId: string; deletedAt: Date | null; address: string | null; remark: string | null; tags: string[] | null; ... 21 more ...; lostReason: string | null; }': createdAt, updatedAt, tenantId, deletedAt, and 22 more.
src/features/leads/__tests__/lead-audit-logs.test.ts(621,25): error TS2740: Type '{ findFirst: Mock<Procedure>; }' is missing the following properties from type 'RelationalQueryBuilder<ExtractTablesWithRelations<typeof import("C:/Users/bigey/Documents/Antigravity/L2C/src/shared/api/schema")>, { tsName: "customers"; dbName: "customers"; columns: { ...; }; relations: { ...; }; primaryKey: AnyColumn[]; }>': fullSchema, schema, tableNamesMap, table, and 4 more.
src/features/leads/__tests__/lead-audit-logs.test.ts(637,36): error TS18046: 'tx' is of type 'unknown'.
src/features/leads/__tests__/lead-audit-logs.test.ts(648,71): error TS2345: Argument of type '{ id: string; status: "FOLLOWING"; customerPhone: string; customerId: null; }' is not assignable to parameter of type '{ id: string; createdAt: Date | null; updatedAt: Date | null; tenantId: string; deletedAt: Date | null; address: string | null; remark: string | null; tags: string[] | null; ... 21 more ...; lostReason: string | null; }'.
  Type '{ id: string; status: "FOLLOWING"; customerPhone: string; customerId: null; }' is missing the following properties from type '{ id: string; createdAt: Date | null; updatedAt: Date | null; tenantId: string; deletedAt: Date | null; address: string | null; remark: string | null; tags: string[] | null; ... 21 more ...; lostReason: string | null; }': createdAt, updatedAt, tenantId, deletedAt, and 22 more.
src/features/leads/__tests__/lead-audit-logs.test.ts(658,25): error TS2740: Type '{ findFirst: Mock<Procedure>; }' is missing the following properties from type 'RelationalQueryBuilder<ExtractTablesWithRelations<typeof import("C:/Users/bigey/Documents/Antigravity/L2C/src/shared/api/schema")>, { tsName: "customers"; dbName: "customers"; columns: { ...; }; relations: { ...; }; primaryKey: AnyColumn[]; }>': fullSchema, schema, tableNamesMap, table, and 4 more.
src/features/leads/__tests__/lead-audit-logs.test.ts(674,36): error TS18046: 'tx' is of type 'unknown'.
src/features/leads/__tests__/lead-audit-logs.test.ts(685,71): error TS2345: Argument of type '{ id: string; status: "FOLLOWING"; customerPhone: string; customerId: null; }' is not assignable to parameter of type '{ id: string; createdAt: Date | null; updatedAt: Date | null; tenantId: string; deletedAt: Date | null; address: string | null; remark: string | null; tags: string[] | null; ... 21 more ...; lostReason: string | null; }'.
  Type '{ id: string; status: "FOLLOWING"; customerPhone: string; customerId: null; }' is missing the following properties from type '{ id: string; createdAt: Date | null; updatedAt: Date | null; tenantId: string; deletedAt: Date | null; address: string | null; remark: string | null; tags: string[] | null; ... 21 more ...; lostReason: string | null; }': createdAt, updatedAt, tenantId, deletedAt, and 22 more.
src/features/leads/__tests__/lead-audit-logs.test.ts(696,35): error TS2339: Property 'insert' does not exist on type '(tx: PgTransaction<PostgresJsQueryResultHKT, typeof import("C:/Users/bigey/Documents/Antigravity/L2C/src/shared/api/schema"), ExtractTablesWithRelations<typeof import("C:/Users/bigey/Documents/Antigravity/L2C/src/shared/api/schema")>>) => Promise<...>'.
src/features/leads/__tests__/lead-audit-logs.test.ts(706,71): error TS2345: Argument of type 'null' is not assignable to parameter of type '{ id: string; createdAt: Date | null; updatedAt: Date | null; tenantId: string; deletedAt: Date | null; address: string | null; remark: string | null; tags: string[] | null; ... 21 more ...; lostReason: string | null; } | undefined'.
src/features/leads/__tests__/lead-audit-logs.test.ts(708,30): error TS2345: Argument of type '[{ customerName: string; customerPhone: string; sourceCategoryId: string; sourceSubId: string; }]' is not assignable to parameter of type '[unknown, { customerName: string; customerPhone: string; sourceCategoryId: string | null | undefined; sourceSubId: string | null | undefined; referrerCustomerId: string | null | undefined; ... 5 more ...; lostReason?: string | undefined; }] | [...]'.
  Type '[{ customerName: string; customerPhone: string; sourceCategoryId: string; sourceSubId: string; }]' is not assignable to type '[{ customerName: string; customerPhone: string; sourceCategoryId: string | null | undefined; sourceSubId: string | null | undefined; referrerCustomerId: string | null | undefined; ... 5 more ...; lostReason?: string | undefined; }]'.
    Property 'referrerCustomerId' is missing in type '{ customerName: string; customerPhone: string; sourceCategoryId: string; sourceSubId: string; }' but required in type '{ customerName: string; customerPhone: string; sourceCategoryId: string | null | undefined; sourceSubId: string | null | undefined; referrerCustomerId: string | null | undefined; ... 5 more ...; lostReason?: string | undefined; }'.
src/features/leads/__tests__/lead-audit-logs.test.ts(716,49): error TS2554: Expected 0 arguments, but got 1.
src/features/leads/__tests__/lead-audit-logs.test.ts(716,53): error TS2339: Property 'values' does not exist on type 'ArrayIterator<PgTable<TableConfig>>'.
src/features/leads/__tests__/lead-audit-logs.test.ts(728,71): error TS2345: Argument of type 'null' is not assignable to parameter of type '{ id: string; createdAt: Date | null; updatedAt: Date | null; tenantId: string; deletedAt: Date | null; address: string | null; remark: string | null; tags: string[] | null; ... 21 more ...; lostReason: string | null; } | undefined'.
src/features/leads/__tests__/lead-audit-logs.test.ts(730,30): error TS2345: Argument of type '[{ customerName: string; customerPhone: string; sourceCategoryId: string; sourceSubId: string; }]' is not assignable to parameter of type '[unknown, { customerName: string; customerPhone: string; sourceCategoryId: string | null | undefined; sourceSubId: string | null | undefined; referrerCustomerId: string | null | undefined; ... 5 more ...; lostReason?: string | undefined; }] | [...]'.
  Type '[{ customerName: string; customerPhone: string; sourceCategoryId: string; sourceSubId: string; }]' is not assignable to type '[{ customerName: string; customerPhone: string; sourceCategoryId: string | null | undefined; sourceSubId: string | null | undefined; referrerCustomerId: string | null | undefined; ... 5 more ...; lostReason?: string | undefined; }]'.
    Property 'referrerCustomerId' is missing in type '{ customerName: string; customerPhone: string; sourceCategoryId: string; sourceSubId: string; }' but required in type '{ customerName: string; customerPhone: string; sourceCategoryId: string | null | undefined; sourceSubId: string | null | undefined; referrerCustomerId: string | null | undefined; ... 5 more ...; lostReason?: string | undefined; }'.
src/features/leads/__tests__/lead-audit-logs.test.ts(748,71): error TS2345: Argument of type 'null' is not assignable to parameter of type '{ id: string; createdAt: Date | null; updatedAt: Date | null; tenantId: string; deletedAt: Date | null; address: string | null; remark: string | null; tags: string[] | null; ... 21 more ...; lostReason: string | null; } | undefined'.
src/features/leads/__tests__/lead-audit-logs.test.ts(750,30): error TS2345: Argument of type '[{ customerName: string; customerPhone: string; sourceCategoryId: string; sourceSubId: string; }]' is not assignable to parameter of type '[unknown, { customerName: string; customerPhone: string; sourceCategoryId: string | null | undefined; sourceSubId: string | null | undefined; referrerCustomerId: string | null | undefined; ... 5 more ...; lostReason?: string | undefined; }] | [...]'.
  Type '[{ customerName: string; customerPhone: string; sourceCategoryId: string; sourceSubId: string; }]' is not assignable to type '[{ customerName: string; customerPhone: string; sourceCategoryId: string | null | undefined; sourceSubId: string | null | undefined; referrerCustomerId: string | null | undefined; ... 5 more ...; lostReason?: string | undefined; }]'.
    Property 'referrerCustomerId' is missing in type '{ customerName: string; customerPhone: string; sourceCategoryId: string; sourceSubId: string; }' but required in type '{ customerName: string; customerPhone: string; sourceCategoryId: string | null | undefined; sourceSubId: string | null | undefined; referrerCustomerId: string | null | undefined; ... 5 more ...; lostReason?: string | undefined; }'.
src/features/leads/__tests__/lead-audit-logs.test.ts(759,49): error TS2554: Expected 0 arguments, but got 1.
src/features/leads/__tests__/lead-audit-logs.test.ts(759,53): error TS2339: Property 'values' does not exist on type 'ArrayIterator<PgTable<TableConfig>>'.
src/features/leads/__tests__/lead-boundary.test.tsx(150,39): error TS2345: Argument of type '{ count: number; }[]' is not assignable to parameter of type 'PgSelectBuilder<SelectedFields, "db">'.
  Type '{ count: number; }[]' is missing the following properties from type 'PgSelectBuilder<SelectedFields, "db">': fields, session, dialect, withList, and 2 more.
src/features/leads/__tests__/lead-boundary.test.tsx(167,39): error TS2345: Argument of type '{ count: number; }[]' is not assignable to parameter of type 'PgSelectBuilder<SelectedFields, "db">'.
  Type '{ count: number; }[]' is missing the following properties from type 'PgSelectBuilder<SelectedFields, "db">': fields, session, dialect, withList, and 2 more.
src/features/leads/__tests__/lead-boundary.test.tsx(189,39): error TS2345: Argument of type '{ count: number; }[]' is not assignable to parameter of type 'PgSelectBuilder<SelectedFields, "db">'.
  Type '{ count: number; }[]' is missing the following properties from type 'PgSelectBuilder<SelectedFields, "db">': fields, session, dialect, withList, and 2 more.
src/features/leads/__tests__/lead-boundary.test.tsx(207,39): error TS2345: Argument of type '{ count: number; }[]' is not assignable to parameter of type 'PgSelectBuilder<SelectedFields, "db">'.
  Type '{ count: number; }[]' is missing the following properties from type 'PgSelectBuilder<SelectedFields, "db">': fields, session, dialect, withList, and 2 more.
src/features/leads/__tests__/lead-boundary.test.tsx(227,39): error TS2345: Argument of type '{ count: number; }[]' is not assignable to parameter of type 'PgSelectBuilder<SelectedFields, "db">'.
  Type '{ count: number; }[]' is missing the following properties from type 'PgSelectBuilder<SelectedFields, "db">': fields, session, dialect, withList, and 2 more.
src/features/leads/__tests__/lead-boundary.test.tsx(246,39): error TS2345: Argument of type '{ count: number; }[]' is not assignable to parameter of type 'PgSelectBuilder<SelectedFields, "db">'.
  Type '{ count: number; }[]' is missing the following properties from type 'PgSelectBuilder<SelectedFields, "db">': fields, session, dialect, withList, and 2 more.
src/features/leads/__tests__/lead-boundary.test.tsx(265,39): error TS2345: Argument of type '{ count: number; }[]' is not assignable to parameter of type 'PgSelectBuilder<SelectedFields, "db">'.
  Type '{ count: number; }[]' is missing the following properties from type 'PgSelectBuilder<SelectedFields, "db">': fields, session, dialect, withList, and 2 more.
src/features/leads/__tests__/lead-boundary.test.tsx(290,39): error TS2345: Argument of type '{ count: number; }[]' is not assignable to parameter of type 'PgSelectBuilder<SelectedFields, "db">'.
  Type '{ count: number; }[]' is missing the following properties from type 'PgSelectBuilder<SelectedFields, "db">': fields, session, dialect, withList, and 2 more.
src/features/leads/__tests__/lead-boundary.test.tsx(309,39): error TS2345: Argument of type '{ count: number; }[]' is not assignable to parameter of type 'PgSelectBuilder<SelectedFields, "db">'.
  Type '{ count: number; }[]' is missing the following properties from type 'PgSelectBuilder<SelectedFields, "db">': fields, session, dialect, withList, and 2 more.
src/features/leads/__tests__/lead-boundary.test.tsx(324,39): error TS2345: Argument of type '{ count: number; }[]' is not assignable to parameter of type 'PgSelectBuilder<SelectedFields, "db">'.
  Type '{ count: number; }[]' is missing the following properties from type 'PgSelectBuilder<SelectedFields, "db">': fields, session, dialect, withList, and 2 more.
src/features/leads/__tests__/lead-boundary.test.tsx(339,39): error TS2345: Argument of type '{ count: number; }[]' is not assignable to parameter of type 'PgSelectBuilder<SelectedFields, "db">'.
  Type '{ count: number; }[]' is missing the following properties from type 'PgSelectBuilder<SelectedFields, "db">': fields, session, dialect, withList, and 2 more.
src/features/leads/__tests__/lead-business-rules.test.tsx(96,36): error TS2339: Property 'mockResolvedValue' does not exist on type '<TSelection extends Omit<DBQueryConfig<"many", true, ExtractTablesWithRelations<typeof import("C:/Users/bigey/Documents/Antigravity/L2C/src/shared/api/schema")>, { tsName: "leads"; dbName: "leads"; columns: { ...; }; relations: { ...; }; primaryKey: AnyColumn[]; }>, "limit">>(config?: KnownKeysOnly<...> | undefined)...'.
src/features/leads/__tests__/lead-business-rules.test.tsx(114,36): error TS2339: Property 'mockResolvedValue' does not exist on type '<TSelection extends Omit<DBQueryConfig<"many", true, ExtractTablesWithRelations<typeof import("C:/Users/bigey/Documents/Antigravity/L2C/src/shared/api/schema")>, { tsName: "leads"; dbName: "leads"; columns: { ...; }; relations: { ...; }; primaryKey: AnyColumn[]; }>, "limit">>(config?: KnownKeysOnly<...> | undefined)...'.
src/features/leads/__tests__/lead-business-rules.test.tsx(133,36): error TS2339: Property 'mockResolvedValue' does not exist on type '<TSelection extends Omit<DBQueryConfig<"many", true, ExtractTablesWithRelations<typeof import("C:/Users/bigey/Documents/Antigravity/L2C/src/shared/api/schema")>, { tsName: "leads"; dbName: "leads"; columns: { ...; }; relations: { ...; }; primaryKey: AnyColumn[]; }>, "limit">>(config?: KnownKeysOnly<...> | undefined)...'.
src/features/leads/__tests__/lead-business-rules.test.tsx(151,36): error TS2339: Property 'mockResolvedValue' does not exist on type '<TSelection extends Omit<DBQueryConfig<"many", true, ExtractTablesWithRelations<typeof import("C:/Users/bigey/Documents/Antigravity/L2C/src/shared/api/schema")>, { tsName: "leads"; dbName: "leads"; columns: { ...; }; relations: { ...; }; primaryKey: AnyColumn[]; }>, "limit">>(config?: KnownKeysOnly<...> | undefined)...'.
src/features/leads/__tests__/lead-business-rules.test.tsx(169,36): error TS2339: Property 'mockResolvedValue' does not exist on type '<TSelection extends Omit<DBQueryConfig<"many", true, ExtractTablesWithRelations<typeof import("C:/Users/bigey/Documents/Antigravity/L2C/src/shared/api/schema")>, { tsName: "leads"; dbName: "leads"; columns: { ...; }; relations: { ...; }; primaryKey: AnyColumn[]; }>, "limit">>(config?: KnownKeysOnly<...> | undefined)...'.
src/features/leads/__tests__/lead-business-rules.test.tsx(185,36): error TS2339: Property 'mockResolvedValue' does not exist on type '<TSelection extends Omit<DBQueryConfig<"many", true, ExtractTablesWithRelations<typeof import("C:/Users/bigey/Documents/Antigravity/L2C/src/shared/api/schema")>, { tsName: "users"; dbName: "users"; columns: { ...; }; relations: { ...; }; primaryKey: AnyColumn[]; }>, "limit">>(config?: KnownKeysOnly<...> | undefined)...'.
src/features/leads/__tests__/lead-business-rules.test.tsx(203,36): error TS2339: Property 'mockResolvedValue' does not exist on type '<TSelection extends Omit<DBQueryConfig<"many", true, ExtractTablesWithRelations<typeof import("C:/Users/bigey/Documents/Antigravity/L2C/src/shared/api/schema")>, { tsName: "users"; dbName: "users"; columns: { ...; }; relations: { ...; }; primaryKey: AnyColumn[]; }>, "limit">>(config?: KnownKeysOnly<...> | undefined)...'.
src/features/leads/__tests__/lead-business-rules.test.tsx(221,36): error TS2339: Property 'mockResolvedValue' does not exist on type '<TSelection extends Omit<DBQueryConfig<"many", true, ExtractTablesWithRelations<typeof import("C:/Users/bigey/Documents/Antigravity/L2C/src/shared/api/schema")>, { tsName: "users"; dbName: "users"; columns: { ...; }; relations: { ...; }; primaryKey: AnyColumn[]; }>, "limit">>(config?: KnownKeysOnly<...> | undefined)...'.
src/features/leads/__tests__/lead-business-rules.test.tsx(247,36): error TS2339: Property 'mockResolvedValue' does not exist on type '<TSelection extends Omit<DBQueryConfig<"many", true, ExtractTablesWithRelations<typeof import("C:/Users/bigey/Documents/Antigravity/L2C/src/shared/api/schema")>, { tsName: "users"; dbName: "users"; columns: { ...; }; relations: { ...; }; primaryKey: AnyColumn[]; }>, "limit">>(config?: KnownKeysOnly<...> | undefined)...'.
src/features/leads/__tests__/lead-business-rules.test.tsx(265,36): error TS2339: Property 'mockResolvedValue' does not exist on type '<TSelection extends Omit<DBQueryConfig<"many", true, ExtractTablesWithRelations<typeof import("C:/Users/bigey/Documents/Antigravity/L2C/src/shared/api/schema")>, { tsName: "users"; dbName: "users"; columns: { ...; }; relations: { ...; }; primaryKey: AnyColumn[]; }>, "limit">>(config?: KnownKeysOnly<...> | undefined)...'.
src/features/leads/__tests__/lead-business-rules.test.tsx(286,36): error TS2339: Property 'mockResolvedValue' does not exist on type '<TSelection extends Omit<DBQueryConfig<"many", true, ExtractTablesWithRelations<typeof import("C:/Users/bigey/Documents/Antigravity/L2C/src/shared/api/schema")>, { tsName: "users"; dbName: "users"; columns: { ...; }; relations: { ...; }; primaryKey: AnyColumn[]; }>, "limit">>(config?: KnownKeysOnly<...> | undefined)...'.
src/features/leads/__tests__/lead-business-rules.test.tsx(306,36): error TS2339: Property 'mockResolvedValue' does not exist on type '<TSelection extends Omit<DBQueryConfig<"many", true, ExtractTablesWithRelations<typeof import("C:/Users/bigey/Documents/Antigravity/L2C/src/shared/api/schema")>, { tsName: "users"; dbName: "users"; columns: { ...; }; relations: { ...; }; primaryKey: AnyColumn[]; }>, "limit">>(config?: KnownKeysOnly<...> | undefined)...'.
src/features/leads/__tests__/lead-business-rules.test.tsx(325,36): error TS2339: Property 'mockResolvedValue' does not exist on type '<TSelection extends Omit<DBQueryConfig<"many", true, ExtractTablesWithRelations<typeof import("C:/Users/bigey/Documents/Antigravity/L2C/src/shared/api/schema")>, { tsName: "users"; dbName: "users"; columns: { ...; }; relations: { ...; }; primaryKey: AnyColumn[]; }>, "limit">>(config?: KnownKeysOnly<...> | undefined)...'.
src/features/leads/__tests__/lead-data-consistency.test.ts(97,71): error TS2345: Argument of type '{ id: string; customerPhone: string; }' is not assignable to parameter of type '{ id: string; createdAt: Date | null; updatedAt: Date | null; tenantId: string; deletedAt: Date | null; address: string | null; remark: string | null; tags: string[] | null; ... 21 more ...; lostReason: string | null; }'.
  Type '{ id: string; customerPhone: string; }' is missing the following properties from type '{ id: string; createdAt: Date | null; updatedAt: Date | null; tenantId: string; deletedAt: Date | null; address: string | null; remark: string | null; tags: string[] | null; ... 21 more ...; lostReason: string | null; }': createdAt, updatedAt, tenantId, deletedAt, and 24 more.
src/features/leads/__tests__/lead-data-consistency.test.ts(102,45): error TS2345: Argument of type '[{ customerName: string; customerPhone: string; sourceCategoryId: string; sourceSubId: string; }]' is not assignable to parameter of type '[unknown, { customerName: string; customerPhone: string; sourceCategoryId: string | null | undefined; sourceSubId: string | null | undefined; referrerCustomerId: string | null | undefined; ... 5 more ...; lostReason?: string | undefined; }] | [...]'.
  Type '[{ customerName: string; customerPhone: string; sourceCategoryId: string; sourceSubId: string; }]' is not assignable to type '[{ customerName: string; customerPhone: string; sourceCategoryId: string | null | undefined; sourceSubId: string | null | undefined; referrerCustomerId: string | null | undefined; ... 5 more ...; lostReason?: string | undefined; }]'.
    Property 'referrerCustomerId' is missing in type '{ customerName: string; customerPhone: string; sourceCategoryId: string; sourceSubId: string; }' but required in type '{ customerName: string; customerPhone: string; sourceCategoryId: string | null | undefined; sourceSubId: string | null | undefined; referrerCustomerId: string | null | undefined; ... 5 more ...; lostReason?: string | undefined; }'.
src/features/leads/__tests__/lead-data-consistency.test.ts(115,71): error TS2345: Argument of type 'null' is not assignable to parameter of type '{ id: string; createdAt: Date | null; updatedAt: Date | null; tenantId: string; deletedAt: Date | null; address: string | null; remark: string | null; tags: string[] | null; ... 21 more ...; lostReason: string | null; } | undefined'.
src/features/leads/__tests__/lead-data-consistency.test.ts(117,45): error TS2345: Argument of type '[{ customerName: string; customerPhone: string; sourceCategoryId: string; sourceSubId: string; }]' is not assignable to parameter of type '[unknown, { customerName: string; customerPhone: string; sourceCategoryId: string | null | undefined; sourceSubId: string | null | undefined; referrerCustomerId: string | null | undefined; ... 5 more ...; lostReason?: string | undefined; }] | [...]'.
  Type '[{ customerName: string; customerPhone: string; sourceCategoryId: string; sourceSubId: string; }]' is not assignable to type '[{ customerName: string; customerPhone: string; sourceCategoryId: string | null | undefined; sourceSubId: string | null | undefined; referrerCustomerId: string | null | undefined; ... 5 more ...; lostReason?: string | undefined; }]'.
    Property 'referrerCustomerId' is missing in type '{ customerName: string; customerPhone: string; sourceCategoryId: string; sourceSubId: string; }' but required in type '{ customerName: string; customerPhone: string; sourceCategoryId: string | null | undefined; sourceSubId: string | null | undefined; referrerCustomerId: string | null | undefined; ... 5 more ...; lostReason?: string | undefined; }'.
src/features/leads/__tests__/lead-data-consistency.test.ts(129,71): error TS2345: Argument of type 'null' is not assignable to parameter of type '{ id: string; createdAt: Date | null; updatedAt: Date | null; tenantId: string; deletedAt: Date | null; address: string | null; remark: string | null; tags: string[] | null; ... 21 more ...; lostReason: string | null; } | undefined'.
src/features/leads/__tests__/lead-data-consistency.test.ts(131,45): error TS2345: Argument of type '[{ customerName: string; customerPhone: string; sourceCategoryId: string; sourceSubId: string; }]' is not assignable to parameter of type '[unknown, { customerName: string; customerPhone: string; sourceCategoryId: string | null | undefined; sourceSubId: string | null | undefined; referrerCustomerId: string | null | undefined; ... 5 more ...; lostReason?: string | undefined; }] | [...]'.
  Type '[{ customerName: string; customerPhone: string; sourceCategoryId: string; sourceSubId: string; }]' is not assignable to type '[{ customerName: string; customerPhone: string; sourceCategoryId: string | null | undefined; sourceSubId: string | null | undefined; referrerCustomerId: string | null | undefined; ... 5 more ...; lostReason?: string | undefined; }]'.
    Property 'referrerCustomerId' is missing in type '{ customerName: string; customerPhone: string; sourceCategoryId: string; sourceSubId: string; }' but required in type '{ customerName: string; customerPhone: string; sourceCategoryId: string | null | undefined; sourceSubId: string | null | undefined; referrerCustomerId: string | null | undefined; ... 5 more ...; lostReason?: string | undefined; }'.
src/features/leads/__tests__/lead-data-consistency.test.ts(149,71): error TS2345: Argument of type '{ id: string; status: "PENDING_FOLLOWUP"; }' is not assignable to parameter of type '{ id: string; createdAt: Date | null; updatedAt: Date | null; tenantId: string; deletedAt: Date | null; address: string | null; remark: string | null; tags: string[] | null; ... 21 more ...; lostReason: string | null; }'.
  Type '{ id: string; status: "PENDING_FOLLOWUP"; }' is missing the following properties from type '{ id: string; createdAt: Date | null; updatedAt: Date | null; tenantId: string; deletedAt: Date | null; address: string | null; remark: string | null; tags: string[] | null; ... 21 more ...; lostReason: string | null; }': createdAt, updatedAt, tenantId, deletedAt, and 24 more.
src/features/leads/__tests__/lead-data-consistency.test.ts(165,71): error TS2345: Argument of type '{ id: string; status: "PENDING_DISPATCH"; }' is not assignable to parameter of type '{ id: string; createdAt: Date | null; updatedAt: Date | null; tenantId: string; deletedAt: Date | null; address: string | null; remark: string | null; tags: string[] | null; ... 21 more ...; lostReason: string | null; }'.
  Type '{ id: string; status: "PENDING_DISPATCH"; }' is missing the following properties from type '{ id: string; createdAt: Date | null; updatedAt: Date | null; tenantId: string; deletedAt: Date | null; address: string | null; remark: string | null; tags: string[] | null; ... 21 more ...; lostReason: string | null; }': createdAt, updatedAt, tenantId, deletedAt, and 24 more.
src/features/leads/__tests__/lead-data-consistency.test.ts(178,71): error TS2345: Argument of type '{ id: string; status: "FOLLOWING"; }' is not assignable to parameter of type '{ id: string; createdAt: Date | null; updatedAt: Date | null; tenantId: string; deletedAt: Date | null; address: string | null; remark: string | null; tags: string[] | null; ... 21 more ...; lostReason: string | null; }'.
  Type '{ id: string; status: "FOLLOWING"; }' is missing the following properties from type '{ id: string; createdAt: Date | null; updatedAt: Date | null; tenantId: string; deletedAt: Date | null; address: string | null; remark: string | null; tags: string[] | null; ... 21 more ...; lostReason: string | null; }': createdAt, updatedAt, tenantId, deletedAt, and 24 more.
src/features/leads/__tests__/lead-data-consistency.test.ts(193,71): error TS2345: Argument of type 'null' is not assignable to parameter of type '{ id: string; createdAt: Date | null; updatedAt: Date | null; tenantId: string; deletedAt: Date | null; address: string | null; remark: string | null; tags: string[] | null; ... 21 more ...; lostReason: string | null; } | undefined'.
src/features/leads/__tests__/lead-data-consistency.test.ts(200,17): error TS2345: Argument of type '[{ customerName: string; customerPhone: string; sourceCategoryId: string; sourceSubId: string; estimatedAmount: string; }]' is not assignable to parameter of type '[unknown, { customerName: string; customerPhone: string; sourceCategoryId: string | null | undefined; sourceSubId: string | null | undefined; referrerCustomerId: string | null | undefined; ... 5 more ...; lostReason?: string | undefined; }] | [...]'.
  Type '[{ customerName: string; customerPhone: string; sourceCategoryId: string; sourceSubId: string; estimatedAmount: string; }]' is not assignable to type '[{ customerName: string; customerPhone: string; sourceCategoryId: string | null | undefined; sourceSubId: string | null | undefined; referrerCustomerId: string | null | undefined; ... 5 more ...; lostReason?: string | undefined; }]'.
    Object literal may only specify known properties, and 'estimatedAmount' does not exist in type '{ customerName: string; customerPhone: string; sourceCategoryId: string | null | undefined; sourceSubId: string | null | undefined; referrerCustomerId: string | null | undefined; ... 5 more ...; lostReason?: string | undefined; }'.
src/features/leads/__tests__/lead-data-consistency.test.ts(212,71): error TS2345: Argument of type 'null' is not assignable to parameter of type '{ id: string; createdAt: Date | null; updatedAt: Date | null; tenantId: string; deletedAt: Date | null; address: string | null; remark: string | null; tags: string[] | null; ... 21 more ...; lostReason: string | null; } | undefined'.
src/features/leads/__tests__/lead-data-consistency.test.ts(219,17): error TS2345: Argument of type '[{ customerName: string; customerPhone: string; sourceCategoryId: string; sourceSubId: string; estimatedAmount: string; }]' is not assignable to parameter of type '[unknown, { customerName: string; customerPhone: string; sourceCategoryId: string | null | undefined; sourceSubId: string | null | undefined; referrerCustomerId: string | null | undefined; ... 5 more ...; lostReason?: string | undefined; }] | [...]'.
  Type '[{ customerName: string; customerPhone: string; sourceCategoryId: string; sourceSubId: string; estimatedAmount: string; }]' is not assignable to type '[{ customerName: string; customerPhone: string; sourceCategoryId: string | null | undefined; sourceSubId: string | null | undefined; referrerCustomerId: string | null | undefined; ... 5 more ...; lostReason?: string | undefined; }]'.
    Object literal may only specify known properties, and 'estimatedAmount' does not exist in type '{ customerName: string; customerPhone: string; sourceCategoryId: string | null | undefined; sourceSubId: string | null | undefined; referrerCustomerId: string | null | undefined; ... 5 more ...; lostReason?: string | undefined; }'.
src/features/leads/__tests__/lead-data-consistency.test.ts(231,71): error TS2345: Argument of type 'null' is not assignable to parameter of type '{ id: string; createdAt: Date | null; updatedAt: Date | null; tenantId: string; deletedAt: Date | null; address: string | null; remark: string | null; tags: string[] | null; ... 21 more ...; lostReason: string | null; } | undefined'.
src/features/leads/__tests__/lead-data-consistency.test.ts(238,17): error TS2345: Argument of type '[{ customerName: string; customerPhone: string; sourceCategoryId: string; sourceSubId: string; estimatedAmount: string; }]' is not assignable to parameter of type '[unknown, { customerName: string; customerPhone: string; sourceCategoryId: string | null | undefined; sourceSubId: string | null | undefined; referrerCustomerId: string | null | undefined; ... 5 more ...; lostReason?: string | undefined; }] | [...]'.
  Type '[{ customerName: string; customerPhone: string; sourceCategoryId: string; sourceSubId: string; estimatedAmount: string; }]' is not assignable to type '[{ customerName: string; customerPhone: string; sourceCategoryId: string | null | undefined; sourceSubId: string | null | undefined; referrerCustomerId: string | null | undefined; ... 5 more ...; lostReason?: string | undefined; }]'.
    Object literal may only specify known properties, and 'estimatedAmount' does not exist in type '{ customerName: string; customerPhone: string; sourceCategoryId: string | null | undefined; sourceSubId: string | null | undefined; referrerCustomerId: string | null | undefined; ... 5 more ...; lostReason?: string | undefined; }'.
src/features/leads/__tests__/lead-data-consistency.test.ts(250,71): error TS2345: Argument of type 'null' is not assignable to parameter of type '{ id: string; createdAt: Date | null; updatedAt: Date | null; tenantId: string; deletedAt: Date | null; address: string | null; remark: string | null; tags: string[] | null; ... 21 more ...; lostReason: string | null; } | undefined'.
src/features/leads/__tests__/lead-data-consistency.test.ts(257,17): error TS2345: Argument of type '[{ customerName: string; customerPhone: string; sourceCategoryId: string; sourceSubId: string; estimatedAmount: string; }]' is not assignable to parameter of type '[unknown, { customerName: string; customerPhone: string; sourceCategoryId: string | null | undefined; sourceSubId: string | null | undefined; referrerCustomerId: string | null | undefined; ... 5 more ...; lostReason?: string | undefined; }] | [...]'.
  Type '[{ customerName: string; customerPhone: string; sourceCategoryId: string; sourceSubId: string; estimatedAmount: string; }]' is not assignable to type '[{ customerName: string; customerPhone: string; sourceCategoryId: string | null | undefined; sourceSubId: string | null | undefined; referrerCustomerId: string | null | undefined; ... 5 more ...; lostReason?: string | undefined; }]'.
    Object literal may only specify known properties, and 'estimatedAmount' does not exist in type '{ customerName: string; customerPhone: string; sourceCategoryId: string | null | undefined; sourceSubId: string | null | undefined; referrerCustomerId: string | null | undefined; ... 5 more ...; lostReason?: string | undefined; }'.
src/features/leads/__tests__/lead-data-consistency.test.ts(271,71): error TS2345: Argument of type 'null' is not assignable to parameter of type '{ id: string; createdAt: Date | null; updatedAt: Date | null; tenantId: string; deletedAt: Date | null; address: string | null; remark: string | null; tags: string[] | null; ... 21 more ...; lostReason: string | null; } | undefined'.
src/features/leads/__tests__/lead-data-consistency.test.ts(274,30): error TS2345: Argument of type '[{ customerName: string; customerPhone: string; sourceCategoryId: string; sourceSubId: string; }]' is not assignable to parameter of type '[unknown, { customerName: string; customerPhone: string; sourceCategoryId: string | null | undefined; sourceSubId: string | null | undefined; referrerCustomerId: string | null | undefined; ... 5 more ...; lostReason?: string | undefined; }] | [...]'.
  Type '[{ customerName: string; customerPhone: string; sourceCategoryId: string; sourceSubId: string; }]' is not assignable to type '[{ customerName: string; customerPhone: string; sourceCategoryId: string | null | undefined; sourceSubId: string | null | undefined; referrerCustomerId: string | null | undefined; ... 5 more ...; lostReason?: string | undefined; }]'.
    Property 'referrerCustomerId' is missing in type '{ customerName: string; customerPhone: string; sourceCategoryId: string; sourceSubId: string; }' but required in type '{ customerName: string; customerPhone: string; sourceCategoryId: string | null | undefined; sourceSubId: string | null | undefined; referrerCustomerId: string | null | undefined; ... 5 more ...; lostReason?: string | undefined; }'.
src/features/leads/__tests__/lead-data-consistency.test.ts(285,45): error TS2339: Property 'values' does not exist on type 'PgTable<TableConfig>'.
src/features/leads/__tests__/lead-data-consistency.test.ts(291,71): error TS2345: Argument of type '{ id: string; status: "FOLLOWING"; }' is not assignable to parameter of type '{ id: string; createdAt: Date | null; updatedAt: Date | null; tenantId: string; deletedAt: Date | null; address: string | null; remark: string | null; tags: string[] | null; ... 21 more ...; lostReason: string | null; }'.
  Type '{ id: string; status: "FOLLOWING"; }' is missing the following properties from type '{ id: string; createdAt: Date | null; updatedAt: Date | null; tenantId: string; deletedAt: Date | null; address: string | null; remark: string | null; tags: string[] | null; ... 21 more ...; lostReason: string | null; }': createdAt, updatedAt, tenantId, deletedAt, and 24 more.
src/features/leads/__tests__/lead-data-consistency.test.ts(303,42): error TS2339: Property 'set' does not exist on type 'PgTable<TableConfig>'.
src/features/leads/__tests__/lead-data-consistency.test.ts(309,71): error TS2345: Argument of type '{ id: string; role: string; isActive: true; }' is not assignable to parameter of type '{ id: string; name: string; isActive: boolean | null; createdAt: Date | null; updatedAt: Date | null; tenantId: string; email: string | null; phone: string; passwordHash: string | null; ... 7 more ...; workerRating: string | null; }'.
  Type '{ id: string; role: string; isActive: true; }' is missing the following properties from type '{ id: string; name: string; isActive: boolean | null; createdAt: Date | null; updatedAt: Date | null; tenantId: string; email: string | null; phone: string; passwordHash: string | null; ... 7 more ...; workerRating: string | null; }': name, createdAt, updatedAt, tenantId, and 10 more.
src/features/leads/__tests__/lead-data-consistency.test.ts(322,42): error TS2339: Property 'update' does not exist on type '(tx: PgTransaction<PostgresJsQueryResultHKT, typeof import("C:/Users/bigey/Documents/Antigravity/L2C/src/shared/api/schema"), ExtractTablesWithRelations<typeof import("C:/Users/bigey/Documents/Antigravity/L2C/src/shared/api/schema")>>) => Promise<...>'.
src/features/leads/__tests__/lead-data-consistency.test.ts(329,71): error TS2345: Argument of type '{ id: string; status: "FOLLOWING"; customerPhone: string; customerId: null; }' is not assignable to parameter of type '{ id: string; createdAt: Date | null; updatedAt: Date | null; tenantId: string; deletedAt: Date | null; address: string | null; remark: string | null; tags: string[] | null; ... 21 more ...; lostReason: string | null; }'.
  Type '{ id: string; status: "FOLLOWING"; customerPhone: string; customerId: null; }' is missing the following properties from type '{ id: string; createdAt: Date | null; updatedAt: Date | null; tenantId: string; deletedAt: Date | null; address: string | null; remark: string | null; tags: string[] | null; ... 21 more ...; lostReason: string | null; }': createdAt, updatedAt, tenantId, deletedAt, and 22 more.
src/features/leads/__tests__/lead-data-consistency.test.ts(343,42): error TS2339: Property 'update' does not exist on type '(tx: PgTransaction<PostgresJsQueryResultHKT, typeof import("C:/Users/bigey/Documents/Antigravity/L2C/src/shared/api/schema"), ExtractTablesWithRelations<typeof import("C:/Users/bigey/Documents/Antigravity/L2C/src/shared/api/schema")>>) => Promise<...>'.
src/features/leads/__tests__/lead-data-consistency.test.ts(350,71): error TS2345: Argument of type '{ id: string; status: "FOLLOWING"; }' is not assignable to parameter of type '{ id: string; createdAt: Date | null; updatedAt: Date | null; tenantId: string; deletedAt: Date | null; address: string | null; remark: string | null; tags: string[] | null; ... 21 more ...; lostReason: string | null; }'.
  Type '{ id: string; status: "FOLLOWING"; }' is missing the following properties from type '{ id: string; createdAt: Date | null; updatedAt: Date | null; tenantId: string; deletedAt: Date | null; address: string | null; remark: string | null; tags: string[] | null; ... 21 more ...; lostReason: string | null; }': createdAt, updatedAt, tenantId, deletedAt, and 24 more.
src/features/leads/__tests__/lead-data-consistency.test.ts(366,42): error TS2339: Property 'set' does not exist on type 'PgTable<TableConfig>'.
src/features/leads/__tests__/lead-data-consistency.test.ts(374,71): error TS2345: Argument of type 'null' is not assignable to parameter of type '{ id: string; createdAt: Date | null; updatedAt: Date | null; tenantId: string; deletedAt: Date | null; address: string | null; remark: string | null; tags: string[] | null; ... 21 more ...; lostReason: string | null; } | undefined'.
src/features/leads/__tests__/lead-data-consistency.test.ts(376,30): error TS2345: Argument of type '[{ customerName: string; customerPhone: string; sourceCategoryId: string; sourceSubId: string; }]' is not assignable to parameter of type '[unknown, { customerName: string; customerPhone: string; sourceCategoryId: string | null | undefined; sourceSubId: string | null | undefined; referrerCustomerId: string | null | undefined; ... 5 more ...; lostReason?: string | undefined; }] | [...]'.
  Type '[{ customerName: string; customerPhone: string; sourceCategoryId: string; sourceSubId: string; }]' is not assignable to type '[{ customerName: string; customerPhone: string; sourceCategoryId: string | null | undefined; sourceSubId: string | null | undefined; referrerCustomerId: string | null | undefined; ... 5 more ...; lostReason?: string | undefined; }]'.
    Property 'referrerCustomerId' is missing in type '{ customerName: string; customerPhone: string; sourceCategoryId: string; sourceSubId: string; }' but required in type '{ customerName: string; customerPhone: string; sourceCategoryId: string | null | undefined; sourceSubId: string | null | undefined; referrerCustomerId: string | null | undefined; ... 5 more ...; lostReason?: string | undefined; }'.
src/features/leads/__tests__/lead-data-consistency.test.ts(391,71): error TS2345: Argument of type '{ id: string; tenantId: string; }' is not assignable to parameter of type '{ id: string; createdAt: Date | null; updatedAt: Date | null; tenantId: string; deletedAt: Date | null; address: string | null; remark: string | null; tags: string[] | null; ... 21 more ...; lostReason: string | null; }'.
  Type '{ id: string; tenantId: string; }' is missing the following properties from type '{ id: string; createdAt: Date | null; updatedAt: Date | null; tenantId: string; deletedAt: Date | null; address: string | null; remark: string | null; tags: string[] | null; ... 21 more ...; lostReason: string | null; }': createdAt, updatedAt, deletedAt, address, and 24 more.
src/features/leads/__tests__/lead-data-consistency.test.ts(396,34): error TS2304: Cannot find name 'getLeadById'.
src/features/leads/__tests__/lead-data-consistency.test.ts(403,71): error TS2345: Argument of type '{ id: string; tenantId: string; }' is not assignable to parameter of type '{ id: string; createdAt: Date | null; updatedAt: Date | null; tenantId: string; deletedAt: Date | null; address: string | null; remark: string | null; tags: string[] | null; ... 21 more ...; lostReason: string | null; }'.
  Type '{ id: string; tenantId: string; }' is missing the following properties from type '{ id: string; createdAt: Date | null; updatedAt: Date | null; tenantId: string; deletedAt: Date | null; address: string | null; remark: string | null; tags: string[] | null; ... 21 more ...; lostReason: string | null; }': createdAt, updatedAt, deletedAt, address, and 24 more.
src/features/leads/__tests__/lead-data-consistency.test.ts(424,42): error TS2339: Property 'delete' does not exist on type '(tx: PgTransaction<PostgresJsQueryResultHKT, typeof import("C:/Users/bigey/Documents/Antigravity/L2C/src/shared/api/schema"), ExtractTablesWithRelations<typeof import("C:/Users/bigey/Documents/Antigravity/L2C/src/shared/api/schema")>>) => Promise<...>'.
src/features/leads/__tests__/lead-data-consistency.test.ts(435,71): error TS2345: Argument of type 'null' is not assignable to parameter of type '{ id: string; createdAt: Date | null; updatedAt: Date | null; tenantId: string; deletedAt: Date | null; address: string | null; remark: string | null; tags: string[] | null; ... 21 more ...; lostReason: string | null; } | undefined'.
src/features/leads/__tests__/lead-data-consistency.test.ts(437,45): error TS2345: Argument of type '[{ customerName: string; customerPhone: string; sourceCategoryId: string; sourceSubId: string; }]' is not assignable to parameter of type '[unknown, { customerName: string; customerPhone: string; sourceCategoryId: string | null | undefined; sourceSubId: string | null | undefined; referrerCustomerId: string | null | undefined; ... 5 more ...; lostReason?: string | undefined; }] | [...]'.
  Type '[{ customerName: string; customerPhone: string; sourceCategoryId: string; sourceSubId: string; }]' is not assignable to type '[{ customerName: string; customerPhone: string; sourceCategoryId: string | null | undefined; sourceSubId: string | null | undefined; referrerCustomerId: string | null | undefined; ... 5 more ...; lostReason?: string | undefined; }]'.
    Property 'referrerCustomerId' is missing in type '{ customerName: string; customerPhone: string; sourceCategoryId: string; sourceSubId: string; }' but required in type '{ customerName: string; customerPhone: string; sourceCategoryId: string | null | undefined; sourceSubId: string | null | undefined; referrerCustomerId: string | null | undefined; ... 5 more ...; lostReason?: string | undefined; }'.
src/features/leads/__tests__/lead-data-consistency.test.ts(447,45): error TS2339: Property 'values' does not exist on type 'PgTable<TableConfig>'.
src/features/leads/__tests__/lead-data-consistency.test.ts(452,71): error TS2345: Argument of type 'null' is not assignable to parameter of type '{ id: string; createdAt: Date | null; updatedAt: Date | null; tenantId: string; deletedAt: Date | null; address: string | null; remark: string | null; tags: string[] | null; ... 21 more ...; lostReason: string | null; } | undefined'.
src/features/leads/__tests__/lead-data-consistency.test.ts(454,45): error TS2345: Argument of type '[{ customerName: string; customerPhone: string; sourceCategoryId: string; sourceSubId: string; tags: string[]; }]' is not assignable to parameter of type '[unknown, { customerName: string; customerPhone: string; sourceCategoryId: string | null | undefined; sourceSubId: string | null | undefined; referrerCustomerId: string | null | undefined; ... 5 more ...; lostReason?: string | undefined; }] | [...]'.
  Type '[{ customerName: string; customerPhone: string; sourceCategoryId: string; sourceSubId: string; tags: string[]; }]' is not assignable to type '[{ customerName: string; customerPhone: string; sourceCategoryId: string | null | undefined; sourceSubId: string | null | undefined; referrerCustomerId: string | null | undefined; ... 5 more ...; lostReason?: string | undefined; }]'.
    Property 'referrerCustomerId' is missing in type '{ customerName: string; customerPhone: string; sourceCategoryId: string; sourceSubId: string; tags: string[]; }' but required in type '{ customerName: string; customerPhone: string; sourceCategoryId: string | null | undefined; sourceSubId: string | null | undefined; referrerCustomerId: string | null | undefined; ... 5 more ...; lostReason?: string | undefined; }'.
src/features/leads/__tests__/lead-data-consistency.test.ts(465,45): error TS2339: Property 'values' does not exist on type 'PgTable<TableConfig>'.
src/features/leads/__tests__/lead-data-consistency.test.ts(470,71): error TS2345: Argument of type 'null' is not assignable to parameter of type '{ id: string; createdAt: Date | null; updatedAt: Date | null; tenantId: string; deletedAt: Date | null; address: string | null; remark: string | null; tags: string[] | null; ... 21 more ...; lostReason: string | null; } | undefined'.
src/features/leads/__tests__/lead-data-consistency.test.ts(472,45): error TS2345: Argument of type '[{ customerName: string; customerPhone: string; sourceCategoryId: string; sourceSubId: string; tags: never[]; }]' is not assignable to parameter of type '[unknown, { customerName: string; customerPhone: string; sourceCategoryId: string | null | undefined; sourceSubId: string | null | undefined; referrerCustomerId: string | null | undefined; ... 5 more ...; lostReason?: string | undefined; }] | [...]'.
  Type '[{ customerName: string; customerPhone: string; sourceCategoryId: string; sourceSubId: string; tags: never[]; }]' is not assignable to type '[{ customerName: string; customerPhone: string; sourceCategoryId: string | null | undefined; sourceSubId: string | null | undefined; referrerCustomerId: string | null | undefined; ... 5 more ...; lostReason?: string | undefined; }]'.
    Property 'referrerCustomerId' is missing in type '{ customerName: string; customerPhone: string; sourceCategoryId: string; sourceSubId: string; tags: never[]; }' but required in type '{ customerName: string; customerPhone: string; sourceCategoryId: string | null | undefined; sourceSubId: string | null | undefined; referrerCustomerId: string | null | undefined; ... 5 more ...; lostReason?: string | undefined; }'.
src/features/leads/__tests__/lead-data-consistency.test.ts(483,45): error TS2339: Property 'values' does not exist on type 'PgTable<TableConfig>'.
src/features/leads/__tests__/lead-data-consistency.test.ts(489,71): error TS2345: Argument of type 'null' is not assignable to parameter of type '{ id: string; createdAt: Date | null; updatedAt: Date | null; tenantId: string; deletedAt: Date | null; address: string | null; remark: string | null; tags: string[] | null; ... 21 more ...; lostReason: string | null; } | undefined'.
src/features/leads/__tests__/lead-data-consistency.test.ts(491,45): error TS2345: Argument of type '[{ customerName: string; customerPhone: string; sourceCategoryId: string; sourceSubId: string; tags: null; }]' is not assignable to parameter of type '[unknown, { customerName: string; customerPhone: string; sourceCategoryId: string | null | undefined; sourceSubId: string | null | undefined; referrerCustomerId: string | null | undefined; ... 5 more ...; lostReason?: string | undefined; }] | [...]'.
  Type '[{ customerName: string; customerPhone: string; sourceCategoryId: string; sourceSubId: string; tags: null; }]' is not assignable to type '[{ customerName: string; customerPhone: string; sourceCategoryId: string | null | undefined; sourceSubId: string | null | undefined; referrerCustomerId: string | null | undefined; ... 5 more ...; lostReason?: string | undefined; }]'.
    Property 'referrerCustomerId' is missing in type '{ customerName: string; customerPhone: string; sourceCategoryId: string; sourceSubId: string; tags: null; }' but required in type '{ customerName: string; customerPhone: string; sourceCategoryId: string | null | undefined; sourceSubId: string | null | undefined; referrerCustomerId: string | null | undefined; ... 5 more ...; lostReason?: string | undefined; }'.
src/features/leads/__tests__/lead-data-consistency.test.ts(502,45): error TS2339: Property 'values' does not exist on type 'PgTable<TableConfig>'.
src/features/leads/__tests__/lead-data-consistency.test.ts(510,71): error TS2345: Argument of type '{ id: string; status: "FOLLOWING"; customerPhone: string; customerId: null; }' is not assignable to parameter of type '{ id: string; createdAt: Date | null; updatedAt: Date | null; tenantId: string; deletedAt: Date | null; address: string | null; remark: string | null; tags: string[] | null; ... 21 more ...; lostReason: string | null; }'.
  Type '{ id: string; status: "FOLLOWING"; customerPhone: string; customerId: null; }' is missing the following properties from type '{ id: string; createdAt: Date | null; updatedAt: Date | null; tenantId: string; deletedAt: Date | null; address: string | null; remark: string | null; tags: string[] | null; ... 21 more ...; lostReason: string | null; }': createdAt, updatedAt, tenantId, deletedAt, and 22 more.
src/features/leads/__tests__/lead-data-consistency.test.ts(522,42): error TS2339: Property 'update' does not exist on type '(tx: PgTransaction<PostgresJsQueryResultHKT, typeof import("C:/Users/bigey/Documents/Antigravity/L2C/src/shared/api/schema"), ExtractTablesWithRelations<typeof import("C:/Users/bigey/Documents/Antigravity/L2C/src/shared/api/schema")>>) => Promise<...>'.
src/features/leads/__tests__/lead-data-consistency.test.ts(528,71): error TS2345: Argument of type '{ id: string; status: "FOLLOWING"; customerPhone: string; customerId: null; }' is not assignable to parameter of type '{ id: string; createdAt: Date | null; updatedAt: Date | null; tenantId: string; deletedAt: Date | null; address: string | null; remark: string | null; tags: string[] | null; ... 21 more ...; lostReason: string | null; }'.
  Type '{ id: string; status: "FOLLOWING"; customerPhone: string; customerId: null; }' is missing the following properties from type '{ id: string; createdAt: Date | null; updatedAt: Date | null; tenantId: string; deletedAt: Date | null; address: string | null; remark: string | null; tags: string[] | null; ... 21 more ...; lostReason: string | null; }': createdAt, updatedAt, tenantId, deletedAt, and 22 more.
src/features/leads/__tests__/lead-data-consistency.test.ts(538,25): error TS2740: Type '{ findFirst: Mock<Procedure>; }' is missing the following properties from type 'RelationalQueryBuilder<ExtractTablesWithRelations<typeof import("C:/Users/bigey/Documents/Antigravity/L2C/src/shared/api/schema")>, { tsName: "customers"; dbName: "customers"; columns: { ...; }; relations: { ...; }; primaryKey: AnyColumn[]; }>': fullSchema, schema, tableNamesMap, table, and 4 more.
src/features/leads/__tests__/lead-data-consistency.test.ts(556,36): error TS18046: 'tx' is of type 'unknown'.
src/features/leads/__tests__/lead-data-consistency.test.ts(568,71): error TS2345: Argument of type '{ id: string; status: "FOLLOWING"; customerPhone: string; customerId: null; }' is not assignable to parameter of type '{ id: string; createdAt: Date | null; updatedAt: Date | null; tenantId: string; deletedAt: Date | null; address: string | null; remark: string | null; tags: string[] | null; ... 21 more ...; lostReason: string | null; }'.
  Type '{ id: string; status: "FOLLOWING"; customerPhone: string; customerId: null; }' is missing the following properties from type '{ id: string; createdAt: Date | null; updatedAt: Date | null; tenantId: string; deletedAt: Date | null; address: string | null; remark: string | null; tags: string[] | null; ... 21 more ...; lostReason: string | null; }': createdAt, updatedAt, tenantId, deletedAt, and 22 more.
src/features/leads/__tests__/lead-data-consistency.test.ts(578,25): error TS2740: Type '{ findFirst: Mock<Procedure>; }' is missing the following properties from type 'RelationalQueryBuilder<ExtractTablesWithRelations<typeof import("C:/Users/bigey/Documents/Antigravity/L2C/src/shared/api/schema")>, { tsName: "customers"; dbName: "customers"; columns: { ...; }; relations: { ...; }; primaryKey: AnyColumn[]; }>': fullSchema, schema, tableNamesMap, table, and 4 more.
src/features/leads/__tests__/lead-data-consistency.test.ts(594,36): error TS18046: 'tx' is of type 'unknown'.
src/features/leads/__tests__/lead-detail.test.tsx(187,17): error TS2740: Type '{ id: string; name: string; }' is missing the following properties from type '{ id: string; name: string; isActive: boolean | null; createdAt: Date | null; updatedAt: Date | null; tenantId: string; email: string | null; phone: string; passwordHash: string | null; ... 7 more ...; workerRating: string | null; }': isActive, createdAt, updatedAt, tenantId, and 11 more.
src/features/leads/__tests__/lead-detail.test.tsx(219,17): error TS2740: Type '{ id: string; name: string; }' is missing the following properties from type '{ id: string; name: string; isActive: boolean | null; createdAt: Date | null; updatedAt: Date | null; tenantId: string; email: string | null; phone: string; passwordHash: string | null; ... 7 more ...; workerRating: string | null; }': isActive, createdAt, updatedAt, tenantId, and 11 more.
src/features/leads/__tests__/lead-detail.test.tsx(220,17): error TS2740: Type '{ id: string; name: string; }' is missing the following properties from type '{ id: string; name: string; isActive: boolean | null; createdAt: Date | null; updatedAt: Date | null; tenantId: string; email: string | null; phone: string; passwordHash: string | null; ... 7 more ...; workerRating: string | null; }': isActive, createdAt, updatedAt, tenantId, and 11 more.
src/features/leads/__tests__/lead-error-handling.test.tsx(126,36): error TS2339: Property 'mockResolvedValue' does not exist on type '<TSelection extends Omit<DBQueryConfig<"many", true, ExtractTablesWithRelations<typeof import("C:/Users/bigey/Documents/Antigravity/L2C/src/shared/api/schema")>, { tsName: "leads"; dbName: "leads"; columns: { ...; }; relations: { ...; }; primaryKey: AnyColumn[]; }>, "limit">>(config?: KnownKeysOnly<...> | undefined)...'.
src/features/leads/__tests__/lead-error-handling.test.tsx(140,36): error TS2339: Property 'mockResolvedValue' does not exist on type '<TSelection extends Omit<DBQueryConfig<"many", true, ExtractTablesWithRelations<typeof import("C:/Users/bigey/Documents/Antigravity/L2C/src/shared/api/schema")>, { tsName: "leads"; dbName: "leads"; columns: { ...; }; relations: { ...; }; primaryKey: AnyColumn[]; }>, "limit">>(config?: KnownKeysOnly<...> | undefined)...'.
src/features/leads/__tests__/lead-error-handling.test.tsx(159,39): error TS2345: Argument of type '{ rowCount: number; }' is not assignable to parameter of type 'never[] & Iterable<never> & ResultQueryMeta<number, string | number | symbol>'.
  Type '{ rowCount: number; }' is missing the following properties from type 'never[]': length, pop, push, concat, and 35 more.
src/features/leads/__tests__/lead-error-handling.test.tsx(175,36): error TS2339: Property 'mockRejectedValue' does not exist on type '<TSelection extends Omit<DBQueryConfig<"many", true, ExtractTablesWithRelations<typeof import("C:/Users/bigey/Documents/Antigravity/L2C/src/shared/api/schema")>, { tsName: "leads"; dbName: "leads"; columns: { ...; }; relations: { ...; }; primaryKey: AnyColumn[]; }>, "limit">>(config?: KnownKeysOnly<...> | undefined)...'.
src/features/leads/__tests__/lead-error-handling.test.tsx(225,36): error TS2339: Property 'mockResolvedValue' does not exist on type '<TSelection extends Omit<DBQueryConfig<"many", true, ExtractTablesWithRelations<typeof import("C:/Users/bigey/Documents/Antigravity/L2C/src/shared/api/schema")>, { tsName: "leads"; dbName: "leads"; columns: { ...; }; relations: { ...; }; primaryKey: AnyColumn[]; }>, "limit">>(config?: KnownKeysOnly<...> | undefined)...'.
src/features/leads/__tests__/lead-error-handling.test.tsx(235,13): error TS2345: Argument of type '[{ id: string; data: { estimatedAmount: number; }; }]' is not assignable to parameter of type '[unknown, { id: string; data: { remark?: string | undefined; tags?: string[] | undefined; referrerCustomerId?: string | null | undefined; sourceCategoryId?: string | null | undefined; sourceSubId?: string | ... 1 more ... | undefined; ... 4 more ...; lostReason?: string | undefined; }; }] | [...]'.
  Type '[{ id: string; data: { estimatedAmount: number; }; }]' is not assignable to type '[{ id: string; data: { remark?: string | undefined; tags?: string[] | undefined; referrerCustomerId?: string | null | undefined; sourceCategoryId?: string | null | undefined; sourceSubId?: string | ... 1 more ... | undefined; ... 4 more ...; lostReason?: string | undefined; }; }]'.
    Type '{ id: string; data: { estimatedAmount: number; }; }' is not assignable to type '{ id: string; data: { remark?: string | undefined; tags?: string[] | undefined; referrerCustomerId?: string | null | undefined; sourceCategoryId?: string | null | undefined; sourceSubId?: string | ... 1 more ... | undefined; ... 4 more ...; lostReason?: string | undefined; }; }'.
      Types of property 'data' are incompatible.
        Object literal may only specify known properties, and 'estimatedAmount' does not exist in type '{ remark?: string | undefined; tags?: string[] | undefined; referrerCustomerId?: string | null | undefined; sourceCategoryId?: string | null | undefined; sourceSubId?: string | null | undefined; ... 4 more ...; lostReason?: string | undefined; }'.
src/features/leads/__tests__/lead-error-handling.test.tsx(248,36): error TS2339: Property 'mockResolvedValue' does not exist on type '<TSelection extends Omit<DBQueryConfig<"many", true, ExtractTablesWithRelations<typeof import("C:/Users/bigey/Documents/Antigravity/L2C/src/shared/api/schema")>, { tsName: "leads"; dbName: "leads"; columns: { ...; }; relations: { ...; }; primaryKey: AnyColumn[]; }>, "limit">>(config?: KnownKeysOnly<...> | undefined)...'.
src/features/leads/__tests__/lead-error-handling.test.tsx(258,13): error TS2345: Argument of type '[{ id: string; data: { status: string; }; }]' is not assignable to parameter of type '[unknown, { id: string; data: { remark?: string | undefined; tags?: string[] | undefined; referrerCustomerId?: string | null | undefined; sourceCategoryId?: string | null | undefined; sourceSubId?: string | ... 1 more ... | undefined; ... 4 more ...; lostReason?: string | undefined; }; }] | [...]'.
  Type '[{ id: string; data: { status: string; }; }]' is not assignable to type '[{ id: string; data: { remark?: string | undefined; tags?: string[] | undefined; referrerCustomerId?: string | null | undefined; sourceCategoryId?: string | null | undefined; sourceSubId?: string | ... 1 more ... | undefined; ... 4 more ...; lostReason?: string | undefined; }; }]'.
    Type '{ id: string; data: { status: string; }; }' is not assignable to type '{ id: string; data: { remark?: string | undefined; tags?: string[] | undefined; referrerCustomerId?: string | null | undefined; sourceCategoryId?: string | null | undefined; sourceSubId?: string | ... 1 more ... | undefined; ... 4 more ...; lostReason?: string | undefined; }; }'.
      Types of property 'data' are incompatible.
        Object literal may only specify known properties, and 'status' does not exist in type '{ remark?: string | undefined; tags?: string[] | undefined; referrerCustomerId?: string | null | undefined; sourceCategoryId?: string | null | undefined; sourceSubId?: string | null | undefined; ... 4 more ...; lostReason?: string | undefined; }'.
src/features/leads/__tests__/lead-error-handling.test.tsx(273,39): error TS2345: Argument of type '{ rowCount: number; }' is not assignable to parameter of type 'PgUpdateBuilder<PgTable<TableConfig>, PostgresJsQueryResultHKT>'.
  Type '{ rowCount: number; }' is missing the following properties from type 'PgUpdateBuilder<PgTable<TableConfig>, PostgresJsQueryResultHKT>': table, session, dialect, _, and 2 more.
src/features/leads/__tests__/lead-error-handling.test.tsx(293,39): error TS2345: Argument of type '{ rowCount: number; }' is not assignable to parameter of type 'never[] & Iterable<never> & ResultQueryMeta<number, string | number | symbol>'.
  Type '{ rowCount: number; }' is missing the following properties from type 'never[]': length, pop, push, concat, and 35 more.
src/features/leads/__tests__/lead-integration.test.ts(82,71): error TS2345: Argument of type '{ id: string; status: "FOLLOWING"; customerPhone: string; customerId: null; customerName: string; customerWechat: string; address: string; tags: string[]; }' is not assignable to parameter of type '{ id: string; createdAt: Date | null; updatedAt: Date | null; tenantId: string; deletedAt: Date | null; address: string | null; remark: string | null; tags: string[] | null; ... 21 more ...; lostReason: string | null; }'.
  Type '{ id: string; status: "FOLLOWING"; customerPhone: string; customerId: null; customerName: string; customerWechat: string; address: string; tags: string[]; }' is missing the following properties from type '{ id: string; createdAt: Date | null; updatedAt: Date | null; tenantId: string; deletedAt: Date | null; address: string | null; remark: string | null; tags: string[] | null; ... 21 more ...; lostReason: string | null; }': createdAt, updatedAt, tenantId, deletedAt, and 18 more.
src/features/leads/__tests__/lead-integration.test.ts(96,25): error TS2740: Type '{ findFirst: Mock<Procedure>; }' is missing the following properties from type 'RelationalQueryBuilder<ExtractTablesWithRelations<typeof import("C:/Users/bigey/Documents/Antigravity/L2C/src/shared/api/schema")>, { tsName: "customers"; dbName: "customers"; columns: { ...; }; relations: { ...; }; primaryKey: AnyColumn[]; }>': fullSchema, schema, tableNamesMap, table, and 4 more.
src/features/leads/__tests__/lead-integration.test.ts(121,75): error TS2345: Argument of type '{ id: string; status: "FOLLOWING"; customerPhone: string; customerId: null; }' is not assignable to parameter of type '{ id: string; createdAt: Date | null; updatedAt: Date | null; tenantId: string; deletedAt: Date | null; address: string | null; remark: string | null; tags: string[] | null; ... 21 more ...; lostReason: string | null; }'.
  Type '{ id: string; status: "FOLLOWING"; customerPhone: string; customerId: null; }' is missing the following properties from type '{ id: string; createdAt: Date | null; updatedAt: Date | null; tenantId: string; deletedAt: Date | null; address: string | null; remark: string | null; tags: string[] | null; ... 21 more ...; lostReason: string | null; }': createdAt, updatedAt, tenantId, deletedAt, and 22 more.
src/features/leads/__tests__/lead-integration.test.ts(131,29): error TS2740: Type '{ findFirst: Mock<Procedure>; }' is missing the following properties from type 'RelationalQueryBuilder<ExtractTablesWithRelations<typeof import("C:/Users/bigey/Documents/Antigravity/L2C/src/shared/api/schema")>, { tsName: "customers"; dbName: "customers"; columns: { ...; }; relations: { ...; }; primaryKey: AnyColumn[]; }>': fullSchema, schema, tableNamesMap, table, and 4 more.
src/features/leads/__tests__/lead-integration.test.ts(159,79): error TS2345: Argument of type '{ id: string; status: "WON"; customerPhone: string; customerId: string; }' is not assignable to parameter of type '{ id: string; createdAt: Date | null; updatedAt: Date | null; tenantId: string; deletedAt: Date | null; address: string | null; remark: string | null; tags: string[] | null; ... 21 more ...; lostReason: string | null; }'.
  Type '{ id: string; status: "WON"; customerPhone: string; customerId: string; }' is missing the following properties from type '{ id: string; createdAt: Date | null; updatedAt: Date | null; tenantId: string; deletedAt: Date | null; address: string | null; remark: string | null; tags: string[] | null; ... 21 more ...; lostReason: string | null; }': createdAt, updatedAt, tenantId, deletedAt, and 22 more.
src/features/leads/__tests__/lead-integration.test.ts(174,79): error TS2345: Argument of type 'null' is not assignable to parameter of type '{ id: string; createdAt: Date | null; updatedAt: Date | null; tenantId: string; deletedAt: Date | null; address: string | null; remark: string | null; tags: string[] | null; ... 21 more ...; lostReason: string | null; } | undefined'.
src/features/leads/__tests__/lead-integration.test.ts(186,79): error TS2345: Argument of type '{ id: string; status: "FOLLOWING"; customerPhone: string; customerId: null; customerName: string; }' is not assignable to parameter of type '{ id: string; createdAt: Date | null; updatedAt: Date | null; tenantId: string; deletedAt: Date | null; address: string | null; remark: string | null; tags: string[] | null; ... 21 more ...; lostReason: string | null; }'.
  Type '{ id: string; status: "FOLLOWING"; customerPhone: string; customerId: null; customerName: string; }' is missing the following properties from type '{ id: string; createdAt: Date | null; updatedAt: Date | null; tenantId: string; deletedAt: Date | null; address: string | null; remark: string | null; tags: string[] | null; ... 21 more ...; lostReason: string | null; }': createdAt, updatedAt, tenantId, deletedAt, and 21 more.
src/features/leads/__tests__/lead-integration.test.ts(194,53): error TS2345: Argument of type '[{ customerName: string; customerPhone: string; sourceCategoryId: string; sourceSubId: string; }]' is not assignable to parameter of type '[unknown, { customerName: string; customerPhone: string; sourceCategoryId: string | null | undefined; sourceSubId: string | null | undefined; referrerCustomerId: string | null | undefined; ... 5 more ...; lostReason?: string | undefined; }] | [...]'.
  Type '[{ customerName: string; customerPhone: string; sourceCategoryId: string; sourceSubId: string; }]' is not assignable to type '[{ customerName: string; customerPhone: string; sourceCategoryId: string | null | undefined; sourceSubId: string | null | undefined; referrerCustomerId: string | null | undefined; ... 5 more ...; lostReason?: string | undefined; }]'.
    Property 'referrerCustomerId' is missing in type '{ customerName: string; customerPhone: string; sourceCategoryId: string; sourceSubId: string; }' but required in type '{ customerName: string; customerPhone: string; sourceCategoryId: string | null | undefined; sourceSubId: string | null | undefined; referrerCustomerId: string | null | undefined; ... 5 more ...; lostReason?: string | undefined; }'.
src/features/leads/__tests__/lead-integration.test.ts(206,79): error TS2345: Argument of type '{ id: string; status: "FOLLOWING"; customerPhone: string; customerId: null; }' is not assignable to parameter of type '{ id: string; createdAt: Date | null; updatedAt: Date | null; tenantId: string; deletedAt: Date | null; address: string | null; remark: string | null; tags: string[] | null; ... 21 more ...; lostReason: string | null; }'.
  Type '{ id: string; status: "FOLLOWING"; customerPhone: string; customerId: null; }' is missing the following properties from type '{ id: string; createdAt: Date | null; updatedAt: Date | null; tenantId: string; deletedAt: Date | null; address: string | null; remark: string | null; tags: string[] | null; ... 21 more ...; lostReason: string | null; }': createdAt, updatedAt, tenantId, deletedAt, and 22 more.
src/features/leads/__tests__/lead-integration.test.ts(217,53): error TS2345: Argument of type '[{ customerName: string; customerPhone: string; sourceCategoryId: string; sourceSubId: string; }]' is not assignable to parameter of type '[unknown, { customerName: string; customerPhone: string; sourceCategoryId: string | null | undefined; sourceSubId: string | null | undefined; referrerCustomerId: string | null | undefined; ... 5 more ...; lostReason?: string | undefined; }] | [...]'.
  Type '[{ customerName: string; customerPhone: string; sourceCategoryId: string; sourceSubId: string; }]' is not assignable to type '[{ customerName: string; customerPhone: string; sourceCategoryId: string | null | undefined; sourceSubId: string | null | undefined; referrerCustomerId: string | null | undefined; ... 5 more ...; lostReason?: string | undefined; }]'.
    Property 'referrerCustomerId' is missing in type '{ customerName: string; customerPhone: string; sourceCategoryId: string; sourceSubId: string; }' but required in type '{ customerName: string; customerPhone: string; sourceCategoryId: string | null | undefined; sourceSubId: string | null | undefined; referrerCustomerId: string | null | undefined; ... 5 more ...; lostReason?: string | undefined; }'.
src/features/leads/__tests__/lead-integration.test.ts(230,79): error TS2345: Argument of type '{ id: string; status: "FOLLOWING"; customerPhone: string; customerId: null; customerName: string; }' is not assignable to parameter of type '{ id: string; createdAt: Date | null; updatedAt: Date | null; tenantId: string; deletedAt: Date | null; address: string | null; remark: string | null; tags: string[] | null; ... 21 more ...; lostReason: string | null; }'.
  Type '{ id: string; status: "FOLLOWING"; customerPhone: string; customerId: null; customerName: string; }' is missing the following properties from type '{ id: string; createdAt: Date | null; updatedAt: Date | null; tenantId: string; deletedAt: Date | null; address: string | null; remark: string | null; tags: string[] | null; ... 21 more ...; lostReason: string | null; }': createdAt, updatedAt, tenantId, deletedAt, and 21 more.
src/features/leads/__tests__/lead-integration.test.ts(238,53): error TS2345: Argument of type '[{ customerName: string; customerPhone: string; sourceCategoryId: string; sourceSubId: string; }]' is not assignable to parameter of type '[unknown, { customerName: string; customerPhone: string; sourceCategoryId: string | null | undefined; sourceSubId: string | null | undefined; referrerCustomerId: string | null | undefined; ... 5 more ...; lostReason?: string | undefined; }] | [...]'.
  Type '[{ customerName: string; customerPhone: string; sourceCategoryId: string; sourceSubId: string; }]' is not assignable to type '[{ customerName: string; customerPhone: string; sourceCategoryId: string | null | undefined; sourceSubId: string | null | undefined; referrerCustomerId: string | null | undefined; ... 5 more ...; lostReason?: string | undefined; }]'.
    Property 'referrerCustomerId' is missing in type '{ customerName: string; customerPhone: string; sourceCategoryId: string; sourceSubId: string; }' but required in type '{ customerName: string; customerPhone: string; sourceCategoryId: string | null | undefined; sourceSubId: string | null | undefined; referrerCustomerId: string | null | undefined; ... 5 more ...; lostReason?: string | undefined; }'.
src/features/leads/__tests__/lead-integration.test.ts(249,79): error TS2345: Argument of type '{ id: string; status: "FOLLOWING"; customerPhone: string; customerId: null; }' is not assignable to parameter of type '{ id: string; createdAt: Date | null; updatedAt: Date | null; tenantId: string; deletedAt: Date | null; address: string | null; remark: string | null; tags: string[] | null; ... 21 more ...; lostReason: string | null; }'.
  Type '{ id: string; status: "FOLLOWING"; customerPhone: string; customerId: null; }' is missing the following properties from type '{ id: string; createdAt: Date | null; updatedAt: Date | null; tenantId: string; deletedAt: Date | null; address: string | null; remark: string | null; tags: string[] | null; ... 21 more ...; lostReason: string | null; }': createdAt, updatedAt, tenantId, deletedAt, and 22 more.
src/features/leads/__tests__/lead-integration.test.ts(260,53): error TS2345: Argument of type '[{ customerName: string; customerPhone: string; sourceCategoryId: string; sourceSubId: string; }]' is not assignable to parameter of type '[unknown, { customerName: string; customerPhone: string; sourceCategoryId: string | null | undefined; sourceSubId: string | null | undefined; referrerCustomerId: string | null | undefined; ... 5 more ...; lostReason?: string | undefined; }] | [...]'.
  Type '[{ customerName: string; customerPhone: string; sourceCategoryId: string; sourceSubId: string; }]' is not assignable to type '[{ customerName: string; customerPhone: string; sourceCategoryId: string | null | undefined; sourceSubId: string | null | undefined; referrerCustomerId: string | null | undefined; ... 5 more ...; lostReason?: string | undefined; }]'.
    Property 'referrerCustomerId' is missing in type '{ customerName: string; customerPhone: string; sourceCategoryId: string; sourceSubId: string; }' but required in type '{ customerName: string; customerPhone: string; sourceCategoryId: string | null | undefined; sourceSubId: string | null | undefined; referrerCustomerId: string | null | undefined; ... 5 more ...; lostReason?: string | undefined; }'.
src/features/leads/__tests__/lead-integration.test.ts(273,79): error TS2345: Argument of type '{ id: string; status: "FOLLOWING"; customerPhone: string; customerId: null; }' is not assignable to parameter of type '{ id: string; createdAt: Date | null; updatedAt: Date | null; tenantId: string; deletedAt: Date | null; address: string | null; remark: string | null; tags: string[] | null; ... 21 more ...; lostReason: string | null; }'.
  Type '{ id: string; status: "FOLLOWING"; customerPhone: string; customerId: null; }' is missing the following properties from type '{ id: string; createdAt: Date | null; updatedAt: Date | null; tenantId: string; deletedAt: Date | null; address: string | null; remark: string | null; tags: string[] | null; ... 21 more ...; lostReason: string | null; }': createdAt, updatedAt, tenantId, deletedAt, and 22 more.
src/features/leads/__tests__/lead-integration.test.ts(280,53): error TS2345: Argument of type '[{ customerName: string; customerPhone: string; sourceCategoryId: string; sourceSubId: string; }]' is not assignable to parameter of type '[unknown, { customerName: string; customerPhone: string; sourceCategoryId: string | null | undefined; sourceSubId: string | null | undefined; referrerCustomerId: string | null | undefined; ... 5 more ...; lostReason?: string | undefined; }] | [...]'.
  Type '[{ customerName: string; customerPhone: string; sourceCategoryId: string; sourceSubId: string; }]' is not assignable to type '[{ customerName: string; customerPhone: string; sourceCategoryId: string | null | undefined; sourceSubId: string | null | undefined; referrerCustomerId: string | null | undefined; ... 5 more ...; lostReason?: string | undefined; }]'.
    Property 'referrerCustomerId' is missing in type '{ customerName: string; customerPhone: string; sourceCategoryId: string; sourceSubId: string; }' but required in type '{ customerName: string; customerPhone: string; sourceCategoryId: string | null | undefined; sourceSubId: string | null | undefined; referrerCustomerId: string | null | undefined; ... 5 more ...; lostReason?: string | undefined; }'.
src/features/leads/__tests__/lead-integration.test.ts(291,79): error TS2345: Argument of type '{ id: string; status: "FOLLOWING"; customerPhone: string; customerId: null; }' is not assignable to parameter of type '{ id: string; createdAt: Date | null; updatedAt: Date | null; tenantId: string; deletedAt: Date | null; address: string | null; remark: string | null; tags: string[] | null; ... 21 more ...; lostReason: string | null; }'.
  Type '{ id: string; status: "FOLLOWING"; customerPhone: string; customerId: null; }' is missing the following properties from type '{ id: string; createdAt: Date | null; updatedAt: Date | null; tenantId: string; deletedAt: Date | null; address: string | null; remark: string | null; tags: string[] | null; ... 21 more ...; lostReason: string | null; }': createdAt, updatedAt, tenantId, deletedAt, and 22 more.
src/features/leads/__tests__/lead-integration.test.ts(302,53): error TS2345: Argument of type '[{ customerName: string; customerPhone: string; sourceCategoryId: string; sourceSubId: string; }]' is not assignable to parameter of type '[unknown, { customerName: string; customerPhone: string; sourceCategoryId: string | null | undefined; sourceSubId: string | null | undefined; referrerCustomerId: string | null | undefined; ... 5 more ...; lostReason?: string | undefined; }] | [...]'.
  Type '[{ customerName: string; customerPhone: string; sourceCategoryId: string; sourceSubId: string; }]' is not assignable to type '[{ customerName: string; customerPhone: string; sourceCategoryId: string | null | undefined; sourceSubId: string | null | undefined; referrerCustomerId: string | null | undefined; ... 5 more ...; lostReason?: string | undefined; }]'.
    Property 'referrerCustomerId' is missing in type '{ customerName: string; customerPhone: string; sourceCategoryId: string; sourceSubId: string; }' but required in type '{ customerName: string; customerPhone: string; sourceCategoryId: string | null | undefined; sourceSubId: string | null | undefined; referrerCustomerId: string | null | undefined; ... 5 more ...; lostReason?: string | undefined; }'.
src/features/leads/__tests__/lead-integration.test.ts(315,79): error TS2345: Argument of type '{ id: string; status: "FOLLOWING"; customerPhone: string; customerId: null; }' is not assignable to parameter of type '{ id: string; createdAt: Date | null; updatedAt: Date | null; tenantId: string; deletedAt: Date | null; address: string | null; remark: string | null; tags: string[] | null; ... 21 more ...; lostReason: string | null; }'.
  Type '{ id: string; status: "FOLLOWING"; customerPhone: string; customerId: null; }' is missing the following properties from type '{ id: string; createdAt: Date | null; updatedAt: Date | null; tenantId: string; deletedAt: Date | null; address: string | null; remark: string | null; tags: string[] | null; ... 21 more ...; lostReason: string | null; }': createdAt, updatedAt, tenantId, deletedAt, and 22 more.
src/features/leads/__tests__/lead-integration.test.ts(322,53): error TS2345: Argument of type '[{ customerName: string; customerPhone: string; sourceCategoryId: string; sourceSubId: string; }]' is not assignable to parameter of type '[unknown, { customerName: string; customerPhone: string; sourceCategoryId: string | null | undefined; sourceSubId: string | null | undefined; referrerCustomerId: string | null | undefined; ... 5 more ...; lostReason?: string | undefined; }] | [...]'.
  Type '[{ customerName: string; customerPhone: string; sourceCategoryId: string; sourceSubId: string; }]' is not assignable to type '[{ customerName: string; customerPhone: string; sourceCategoryId: string | null | undefined; sourceSubId: string | null | undefined; referrerCustomerId: string | null | undefined; ... 5 more ...; lostReason?: string | undefined; }]'.
    Property 'referrerCustomerId' is missing in type '{ customerName: string; customerPhone: string; sourceCategoryId: string; sourceSubId: string; }' but required in type '{ customerName: string; customerPhone: string; sourceCategoryId: string | null | undefined; sourceSubId: string | null | undefined; referrerCustomerId: string | null | undefined; ... 5 more ...; lostReason?: string | undefined; }'.
src/features/leads/__tests__/lead-integration.test.ts(333,79): error TS2345: Argument of type '{ id: string; status: "FOLLOWING"; customerPhone: string; customerId: null; }' is not assignable to parameter of type '{ id: string; createdAt: Date | null; updatedAt: Date | null; tenantId: string; deletedAt: Date | null; address: string | null; remark: string | null; tags: string[] | null; ... 21 more ...; lostReason: string | null; }'.
  Type '{ id: string; status: "FOLLOWING"; customerPhone: string; customerId: null; }' is missing the following properties from type '{ id: string; createdAt: Date | null; updatedAt: Date | null; tenantId: string; deletedAt: Date | null; address: string | null; remark: string | null; tags: string[] | null; ... 21 more ...; lostReason: string | null; }': createdAt, updatedAt, tenantId, deletedAt, and 22 more.
src/features/leads/__tests__/lead-integration.test.ts(344,53): error TS2345: Argument of type '[{ customerName: string; customerPhone: string; sourceCategoryId: string; sourceSubId: string; }]' is not assignable to parameter of type '[unknown, { customerName: string; customerPhone: string; sourceCategoryId: string | null | undefined; sourceSubId: string | null | undefined; referrerCustomerId: string | null | undefined; ... 5 more ...; lostReason?: string | undefined; }] | [...]'.
  Type '[{ customerName: string; customerPhone: string; sourceCategoryId: string; sourceSubId: string; }]' is not assignable to type '[{ customerName: string; customerPhone: string; sourceCategoryId: string | null | undefined; sourceSubId: string | null | undefined; referrerCustomerId: string | null | undefined; ... 5 more ...; lostReason?: string | undefined; }]'.
    Property 'referrerCustomerId' is missing in type '{ customerName: string; customerPhone: string; sourceCategoryId: string; sourceSubId: string; }' but required in type '{ customerName: string; customerPhone: string; sourceCategoryId: string | null | undefined; sourceSubId: string | null | undefined; referrerCustomerId: string | null | undefined; ... 5 more ...; lostReason?: string | undefined; }'.
src/features/leads/__tests__/lead-integration.test.ts(357,79): error TS2345: Argument of type '{ id: string; status: "PENDING_DISPATCH"; customerPhone: string; customerId: null; }' is not assignable to parameter of type '{ id: string; createdAt: Date | null; updatedAt: Date | null; tenantId: string; deletedAt: Date | null; address: string | null; remark: string | null; tags: string[] | null; ... 21 more ...; lostReason: string | null; }'.
  Type '{ id: string; status: "PENDING_DISPATCH"; customerPhone: string; customerId: null; }' is missing the following properties from type '{ id: string; createdAt: Date | null; updatedAt: Date | null; tenantId: string; deletedAt: Date | null; address: string | null; remark: string | null; tags: string[] | null; ... 21 more ...; lostReason: string | null; }': createdAt, updatedAt, tenantId, deletedAt, and 22 more.
src/features/leads/__tests__/lead-integration.test.ts(364,53): error TS2345: Argument of type '[{ customerName: string; customerPhone: string; sourceCategoryId: string; sourceSubId: string; }]' is not assignable to parameter of type '[unknown, { customerName: string; customerPhone: string; sourceCategoryId: string | null | undefined; sourceSubId: string | null | undefined; referrerCustomerId: string | null | undefined; ... 5 more ...; lostReason?: string | undefined; }] | [...]'.
  Type '[{ customerName: string; customerPhone: string; sourceCategoryId: string; sourceSubId: string; }]' is not assignable to type '[{ customerName: string; customerPhone: string; sourceCategoryId: string | null | undefined; sourceSubId: string | null | undefined; referrerCustomerId: string | null | undefined; ... 5 more ...; lostReason?: string | undefined; }]'.
    Property 'referrerCustomerId' is missing in type '{ customerName: string; customerPhone: string; sourceCategoryId: string; sourceSubId: string; }' but required in type '{ customerName: string; customerPhone: string; sourceCategoryId: string | null | undefined; sourceSubId: string | null | undefined; referrerCustomerId: string | null | undefined; ... 5 more ...; lostReason?: string | undefined; }'.
src/features/leads/__tests__/lead-integration.test.ts(375,79): error TS2345: Argument of type '{ id: string; status: "PENDING_DISPATCH"; customerPhone: string; customerId: null; }' is not assignable to parameter of type '{ id: string; createdAt: Date | null; updatedAt: Date | null; tenantId: string; deletedAt: Date | null; address: string | null; remark: string | null; tags: string[] | null; ... 21 more ...; lostReason: string | null; }'.
  Type '{ id: string; status: "PENDING_DISPATCH"; customerPhone: string; customerId: null; }' is missing the following properties from type '{ id: string; createdAt: Date | null; updatedAt: Date | null; tenantId: string; deletedAt: Date | null; address: string | null; remark: string | null; tags: string[] | null; ... 21 more ...; lostReason: string | null; }': createdAt, updatedAt, tenantId, deletedAt, and 22 more.
src/features/leads/__tests__/lead-integration.test.ts(386,53): error TS2345: Argument of type '[{ customerName: string; customerPhone: string; sourceCategoryId: string; sourceSubId: string; }]' is not assignable to parameter of type '[unknown, { customerName: string; customerPhone: string; sourceCategoryId: string | null | undefined; sourceSubId: string | null | undefined; referrerCustomerId: string | null | undefined; ... 5 more ...; lostReason?: string | undefined; }] | [...]'.
  Type '[{ customerName: string; customerPhone: string; sourceCategoryId: string; sourceSubId: string; }]' is not assignable to type '[{ customerName: string; customerPhone: string; sourceCategoryId: string | null | undefined; sourceSubId: string | null | undefined; referrerCustomerId: string | null | undefined; ... 5 more ...; lostReason?: string | undefined; }]'.
    Property 'referrerCustomerId' is missing in type '{ customerName: string; customerPhone: string; sourceCategoryId: string; sourceSubId: string; }' but required in type '{ customerName: string; customerPhone: string; sourceCategoryId: string | null | undefined; sourceSubId: string | null | undefined; referrerCustomerId: string | null | undefined; ... 5 more ...; lostReason?: string | undefined; }'.
src/features/leads/__tests__/lead-integration.test.ts(399,79): error TS2345: Argument of type '{ id: string; status: "FOLLOWING"; customerPhone: string; customerId: null; }' is not assignable to parameter of type '{ id: string; createdAt: Date | null; updatedAt: Date | null; tenantId: string; deletedAt: Date | null; address: string | null; remark: string | null; tags: string[] | null; ... 21 more ...; lostReason: string | null; }'.
  Type '{ id: string; status: "FOLLOWING"; customerPhone: string; customerId: null; }' is missing the following properties from type '{ id: string; createdAt: Date | null; updatedAt: Date | null; tenantId: string; deletedAt: Date | null; address: string | null; remark: string | null; tags: string[] | null; ... 21 more ...; lostReason: string | null; }': createdAt, updatedAt, tenantId, deletedAt, and 22 more.
src/features/leads/__tests__/lead-integration.test.ts(406,53): error TS2345: Argument of type '[{ customerName: string; customerPhone: string; sourceCategoryId: string; sourceSubId: string; }]' is not assignable to parameter of type '[unknown, { customerName: string; customerPhone: string; sourceCategoryId: string | null | undefined; sourceSubId: string | null | undefined; referrerCustomerId: string | null | undefined; ... 5 more ...; lostReason?: string | undefined; }] | [...]'.
  Type '[{ customerName: string; customerPhone: string; sourceCategoryId: string; sourceSubId: string; }]' is not assignable to type '[{ customerName: string; customerPhone: string; sourceCategoryId: string | null | undefined; sourceSubId: string | null | undefined; referrerCustomerId: string | null | undefined; ... 5 more ...; lostReason?: string | undefined; }]'.
    Property 'referrerCustomerId' is missing in type '{ customerName: string; customerPhone: string; sourceCategoryId: string; sourceSubId: string; }' but required in type '{ customerName: string; customerPhone: string; sourceCategoryId: string | null | undefined; sourceSubId: string | null | undefined; referrerCustomerId: string | null | undefined; ... 5 more ...; lostReason?: string | undefined; }'.
src/features/leads/__tests__/lead-integration.test.ts(417,79): error TS2345: Argument of type '{ id: string; status: "FOLLOWING"; customerPhone: string; customerId: null; }' is not assignable to parameter of type '{ id: string; createdAt: Date | null; updatedAt: Date | null; tenantId: string; deletedAt: Date | null; address: string | null; remark: string | null; tags: string[] | null; ... 21 more ...; lostReason: string | null; }'.
  Type '{ id: string; status: "FOLLOWING"; customerPhone: string; customerId: null; }' is missing the following properties from type '{ id: string; createdAt: Date | null; updatedAt: Date | null; tenantId: string; deletedAt: Date | null; address: string | null; remark: string | null; tags: string[] | null; ... 21 more ...; lostReason: string | null; }': createdAt, updatedAt, tenantId, deletedAt, and 22 more.
src/features/leads/__tests__/lead-integration.test.ts(428,53): error TS2345: Argument of type '[{ customerName: string; customerPhone: string; sourceCategoryId: string; sourceSubId: string; }]' is not assignable to parameter of type '[unknown, { customerName: string; customerPhone: string; sourceCategoryId: string | null | undefined; sourceSubId: string | null | undefined; referrerCustomerId: string | null | undefined; ... 5 more ...; lostReason?: string | undefined; }] | [...]'.
  Type '[{ customerName: string; customerPhone: string; sourceCategoryId: string; sourceSubId: string; }]' is not assignable to type '[{ customerName: string; customerPhone: string; sourceCategoryId: string | null | undefined; sourceSubId: string | null | undefined; referrerCustomerId: string | null | undefined; ... 5 more ...; lostReason?: string | undefined; }]'.
    Property 'referrerCustomerId' is missing in type '{ customerName: string; customerPhone: string; sourceCategoryId: string; sourceSubId: string; }' but required in type '{ customerName: string; customerPhone: string; sourceCategoryId: string | null | undefined; sourceSubId: string | null | undefined; referrerCustomerId: string | null | undefined; ... 5 more ...; lostReason?: string | undefined; }'.
src/features/leads/__tests__/lead-integration.test.ts(441,79): error TS2345: Argument of type '{ id: string; status: "FOLLOWING"; customerPhone: string; customerId: null; }' is not assignable to parameter of type '{ id: string; createdAt: Date | null; updatedAt: Date | null; tenantId: string; deletedAt: Date | null; address: string | null; remark: string | null; tags: string[] | null; ... 21 more ...; lostReason: string | null; }'.
  Type '{ id: string; status: "FOLLOWING"; customerPhone: string; customerId: null; }' is missing the following properties from type '{ id: string; createdAt: Date | null; updatedAt: Date | null; tenantId: string; deletedAt: Date | null; address: string | null; remark: string | null; tags: string[] | null; ... 21 more ...; lostReason: string | null; }': createdAt, updatedAt, tenantId, deletedAt, and 22 more.
src/features/leads/__tests__/lead-integration.test.ts(448,53): error TS2345: Argument of type '[{ customerName: string; customerPhone: string; sourceCategoryId: string; sourceSubId: string; }]' is not assignable to parameter of type '[unknown, { customerName: string; customerPhone: string; sourceCategoryId: string | null | undefined; sourceSubId: string | null | undefined; referrerCustomerId: string | null | undefined; ... 5 more ...; lostReason?: string | undefined; }] | [...]'.
  Type '[{ customerName: string; customerPhone: string; sourceCategoryId: string; sourceSubId: string; }]' is not assignable to type '[{ customerName: string; customerPhone: string; sourceCategoryId: string | null | undefined; sourceSubId: string | null | undefined; referrerCustomerId: string | null | undefined; ... 5 more ...; lostReason?: string | undefined; }]'.
    Property 'referrerCustomerId' is missing in type '{ customerName: string; customerPhone: string; sourceCategoryId: string; sourceSubId: string; }' but required in type '{ customerName: string; customerPhone: string; sourceCategoryId: string | null | undefined; sourceSubId: string | null | undefined; referrerCustomerId: string | null | undefined; ... 5 more ...; lostReason?: string | undefined; }'.
src/features/leads/__tests__/lead-integration.test.ts(459,79): error TS2345: Argument of type '{ id: string; status: "FOLLOWING"; customerPhone: string; customerId: null; }' is not assignable to parameter of type '{ id: string; createdAt: Date | null; updatedAt: Date | null; tenantId: string; deletedAt: Date | null; address: string | null; remark: string | null; tags: string[] | null; ... 21 more ...; lostReason: string | null; }'.
  Type '{ id: string; status: "FOLLOWING"; customerPhone: string; customerId: null; }' is missing the following properties from type '{ id: string; createdAt: Date | null; updatedAt: Date | null; tenantId: string; deletedAt: Date | null; address: string | null; remark: string | null; tags: string[] | null; ... 21 more ...; lostReason: string | null; }': createdAt, updatedAt, tenantId, deletedAt, and 22 more.
src/features/leads/__tests__/lead-integration.test.ts(470,53): error TS2345: Argument of type '[{ customerName: string; customerPhone: string; sourceCategoryId: string; sourceSubId: string; }]' is not assignable to parameter of type '[unknown, { customerName: string; customerPhone: string; sourceCategoryId: string | null | undefined; sourceSubId: string | null | undefined; referrerCustomerId: string | null | undefined; ... 5 more ...; lostReason?: string | undefined; }] | [...]'.
  Type '[{ customerName: string; customerPhone: string; sourceCategoryId: string; sourceSubId: string; }]' is not assignable to type '[{ customerName: string; customerPhone: string; sourceCategoryId: string | null | undefined; sourceSubId: string | null | undefined; referrerCustomerId: string | null | undefined; ... 5 more ...; lostReason?: string | undefined; }]'.
    Property 'referrerCustomerId' is missing in type '{ customerName: string; customerPhone: string; sourceCategoryId: string; sourceSubId: string; }' but required in type '{ customerName: string; customerPhone: string; sourceCategoryId: string | null | undefined; sourceSubId: string | null | undefined; referrerCustomerId: string | null | undefined; ... 5 more ...; lostReason?: string | undefined; }'.
src/features/leads/__tests__/lead-integration.test.ts(483,79): error TS2345: Argument of type '{ id: string; status: "FOLLOWING"; customerPhone: string; customerId: null; customerName: string; }' is not assignable to parameter of type '{ id: string; createdAt: Date | null; updatedAt: Date | null; tenantId: string; deletedAt: Date | null; address: string | null; remark: string | null; tags: string[] | null; ... 21 more ...; lostReason: string | null; }'.
  Type '{ id: string; status: "FOLLOWING"; customerPhone: string; customerId: null; customerName: string; }' is missing the following properties from type '{ id: string; createdAt: Date | null; updatedAt: Date | null; tenantId: string; deletedAt: Date | null; address: string | null; remark: string | null; tags: string[] | null; ... 21 more ...; lostReason: string | null; }': createdAt, updatedAt, tenantId, deletedAt, and 21 more.
src/features/leads/__tests__/lead-integration.test.ts(494,33): error TS2740: Type '{ findFirst: Mock<Procedure>; }' is missing the following properties from type 'RelationalQueryBuilder<ExtractTablesWithRelations<typeof import("C:/Users/bigey/Documents/Antigravity/L2C/src/shared/api/schema")>, { tsName: "customers"; dbName: "customers"; columns: { ...; }; relations: { ...; }; primaryKey: AnyColumn[]; }>': fullSchema, schema, tableNamesMap, table, and 4 more.
src/features/leads/__tests__/lead-integration.test.ts(517,83): error TS2345: Argument of type '{ id: string; status: "FOLLOWING"; customerPhone: string; customerId: null; }' is not assignable to parameter of type '{ id: string; createdAt: Date | null; updatedAt: Date | null; tenantId: string; deletedAt: Date | null; address: string | null; remark: string | null; tags: string[] | null; ... 21 more ...; lostReason: string | null; }'.
  Type '{ id: string; status: "FOLLOWING"; customerPhone: string; customerId: null; }' is missing the following properties from type '{ id: string; createdAt: Date | null; updatedAt: Date | null; tenantId: string; deletedAt: Date | null; address: string | null; remark: string | null; tags: string[] | null; ... 21 more ...; lostReason: string | null; }': createdAt, updatedAt, tenantId, deletedAt, and 22 more.
src/features/leads/__tests__/lead-integration.test.ts(524,57): error TS2345: Argument of type '[{ customerName: string; customerPhone: string; sourceCategoryId: string; sourceSubId: string; }]' is not assignable to parameter of type '[unknown, { customerName: string; customerPhone: string; sourceCategoryId: string | null | undefined; sourceSubId: string | null | undefined; referrerCustomerId: string | null | undefined; ... 5 more ...; lostReason?: string | undefined; }] | [...]'.
  Type '[{ customerName: string; customerPhone: string; sourceCategoryId: string; sourceSubId: string; }]' is not assignable to type '[{ customerName: string; customerPhone: string; sourceCategoryId: string | null | undefined; sourceSubId: string | null | undefined; referrerCustomerId: string | null | undefined; ... 5 more ...; lostReason?: string | undefined; }]'.
    Property 'referrerCustomerId' is missing in type '{ customerName: string; customerPhone: string; sourceCategoryId: string; sourceSubId: string; }' but required in type '{ customerName: string; customerPhone: string; sourceCategoryId: string | null | undefined; sourceSubId: string | null | undefined; referrerCustomerId: string | null | undefined; ... 5 more ...; lostReason?: string | undefined; }'.
src/features/leads/__tests__/lead-integration.test.ts(537,83): error TS2345: Argument of type '{ id: string; status: "FOLLOWING"; customerPhone: string; customerId: null; }' is not assignable to parameter of type '{ id: string; createdAt: Date | null; updatedAt: Date | null; tenantId: string; deletedAt: Date | null; address: string | null; remark: string | null; tags: string[] | null; ... 21 more ...; lostReason: string | null; }'.
  Type '{ id: string; status: "FOLLOWING"; customerPhone: string; customerId: null; }' is missing the following properties from type '{ id: string; createdAt: Date | null; updatedAt: Date | null; tenantId: string; deletedAt: Date | null; address: string | null; remark: string | null; tags: string[] | null; ... 21 more ...; lostReason: string | null; }': createdAt, updatedAt, tenantId, deletedAt, and 22 more.
src/features/leads/__tests__/lead-integration.test.ts(544,57): error TS2345: Argument of type '[{ customerName: string; customerPhone: string; sourceCategoryId: string; sourceSubId: string; }]' is not assignable to parameter of type '[unknown, { customerName: string; customerPhone: string; sourceCategoryId: string | null | undefined; sourceSubId: string | null | undefined; referrerCustomerId: string | null | undefined; ... 5 more ...; lostReason?: string | undefined; }] | [...]'.
  Type '[{ customerName: string; customerPhone: string; sourceCategoryId: string; sourceSubId: string; }]' is not assignable to type '[{ customerName: string; customerPhone: string; sourceCategoryId: string | null | undefined; sourceSubId: string | null | undefined; referrerCustomerId: string | null | undefined; ... 5 more ...; lostReason?: string | undefined; }]'.
    Property 'referrerCustomerId' is missing in type '{ customerName: string; customerPhone: string; sourceCategoryId: string; sourceSubId: string; }' but required in type '{ customerName: string; customerPhone: string; sourceCategoryId: string | null | undefined; sourceSubId: string | null | undefined; referrerCustomerId: string | null | undefined; ... 5 more ...; lostReason?: string | undefined; }'.
src/features/leads/__tests__/lead-integration.test.ts(556,83): error TS2345: Argument of type '{ id: string; status: "FOLLOWING"; customerPhone: string; customerId: null; customerName: string; }' is not assignable to parameter of type '{ id: string; createdAt: Date | null; updatedAt: Date | null; tenantId: string; deletedAt: Date | null; address: string | null; remark: string | null; tags: string[] | null; ... 21 more ...; lostReason: string | null; }'.
  Type '{ id: string; status: "FOLLOWING"; customerPhone: string; customerId: null; customerName: string; }' is missing the following properties from type '{ id: string; createdAt: Date | null; updatedAt: Date | null; tenantId: string; deletedAt: Date | null; address: string | null; remark: string | null; tags: string[] | null; ... 21 more ...; lostReason: string | null; }': createdAt, updatedAt, tenantId, deletedAt, and 21 more.
src/features/leads/__tests__/lead-integration.test.ts(564,57): error TS2345: Argument of type '[{ customerName: string; customerPhone: string; sourceCategoryId: string; sourceSubId: string; }]' is not assignable to parameter of type '[unknown, { customerName: string; customerPhone: string; sourceCategoryId: string | null | undefined; sourceSubId: string | null | undefined; referrerCustomerId: string | null | undefined; ... 5 more ...; lostReason?: string | undefined; }] | [...]'.
  Type '[{ customerName: string; customerPhone: string; sourceCategoryId: string; sourceSubId: string; }]' is not assignable to type '[{ customerName: string; customerPhone: string; sourceCategoryId: string | null | undefined; sourceSubId: string | null | undefined; referrerCustomerId: string | null | undefined; ... 5 more ...; lostReason?: string | undefined; }]'.
    Property 'referrerCustomerId' is missing in type '{ customerName: string; customerPhone: string; sourceCategoryId: string; sourceSubId: string; }' but required in type '{ customerName: string; customerPhone: string; sourceCategoryId: string | null | undefined; sourceSubId: string | null | undefined; referrerCustomerId: string | null | undefined; ... 5 more ...; lostReason?: string | undefined; }'.
src/features/leads/__tests__/lead-integration.test.ts(574,61): error TS2554: Expected 0 arguments, but got 1.
src/features/leads/__tests__/lead-integration.test.ts(574,65): error TS2339: Property 'values' does not exist on type 'ArrayIterator<PgTable<TableConfig>>'.
src/features/leads/__tests__/lead-permissions.test.tsx(171,36): error TS2339: Property 'mockResolvedValue' does not exist on type '<TSelection extends Omit<DBQueryConfig<"many", true, ExtractTablesWithRelations<typeof import("C:/Users/bigey/Documents/Antigravity/L2C/src/shared/api/schema")>, { tsName: "leads"; dbName: "leads"; columns: { ...; }; relations: { ...; }; primaryKey: AnyColumn[]; }>, "limit">>(config?: KnownKeysOnly<...> | undefined)...'.
src/features/leads/__tests__/lead-permissions.test.tsx(172,39): error TS2345: Argument of type '{ count: number; }[]' is not assignable to parameter of type 'PgSelectBuilder<SelectedFields, "db">'.
  Type '{ count: number; }[]' is missing the following properties from type 'PgSelectBuilder<SelectedFields, "db">': fields, session, dialect, withList, and 2 more.
src/features/leads/__tests__/lead-permissions.test.tsx(197,11): error TS2345: Argument of type '[{ customerName: string; customerPhone: string; sourceCategoryId: string; sourceSubId: string; sourceDetail: string; address: string; intentionLevel: "HIGH"; estimatedAmount: string; tags: string[]; }]' is not assignable to parameter of type '[unknown, { customerName: string; customerPhone: string; sourceCategoryId: string | null | undefined; sourceSubId: string | null | undefined; referrerCustomerId: string | null | undefined; ... 5 more ...; lostReason?: string | undefined; }] | [...]'.
  Type '[{ customerName: string; customerPhone: string; sourceCategoryId: string; sourceSubId: string; sourceDetail: string; address: string; intentionLevel: "HIGH"; estimatedAmount: string; tags: string[]; }]' is not assignable to type '[{ customerName: string; customerPhone: string; sourceCategoryId: string | null | undefined; sourceSubId: string | null | undefined; referrerCustomerId: string | null | undefined; ... 5 more ...; lostReason?: string | undefined; }]'.
    Object literal may only specify known properties, and 'address' does not exist in type '{ customerName: string; customerPhone: string; sourceCategoryId: string | null | undefined; sourceSubId: string | null | undefined; referrerCustomerId: string | null | undefined; ... 5 more ...; lostReason?: string | undefined; }'.
src/features/leads/__tests__/lead-permissions.test.tsx(233,36): error TS2339: Property 'mockResolvedValue' does not exist on type '<TSelection extends Omit<DBQueryConfig<"many", true, ExtractTablesWithRelations<typeof import("C:/Users/bigey/Documents/Antigravity/L2C/src/shared/api/schema")>, { tsName: "leads"; dbName: "leads"; columns: { ...; }; relations: { ...; }; primaryKey: AnyColumn[]; }>, "limit">>(config?: KnownKeysOnly<...> | undefined)...'.
src/features/leads/__tests__/lead-permissions.test.tsx(234,39): error TS2345: Argument of type '{ count: number; }[]' is not assignable to parameter of type 'PgSelectBuilder<SelectedFields, "db">'.
  Type '{ count: number; }[]' is missing the following properties from type 'PgSelectBuilder<SelectedFields, "db">': fields, session, dialect, withList, and 2 more.
src/features/leads/__tests__/lead-permissions.test.tsx(256,36): error TS2339: Property 'mockResolvedValue' does not exist on type '<TSelection extends Omit<DBQueryConfig<"many", true, ExtractTablesWithRelations<typeof import("C:/Users/bigey/Documents/Antigravity/L2C/src/shared/api/schema")>, { tsName: "leads"; dbName: "leads"; columns: { ...; }; relations: { ...; }; primaryKey: AnyColumn[]; }>, "limit">>(config?: KnownKeysOnly<...> | undefined)...'.
src/features/leads/__tests__/lead-permissions.test.tsx(266,11): error TS2345: Argument of type '[{ customerName: string; customerPhone: string; sourceCategoryId: string; sourceSubId: string; sourceDetail: string; address: string; intentionLevel: "HIGH"; estimatedAmount: string; tags: string[]; }]' is not assignable to parameter of type '[unknown, { customerName: string; customerPhone: string; sourceCategoryId: string | null | undefined; sourceSubId: string | null | undefined; referrerCustomerId: string | null | undefined; ... 5 more ...; lostReason?: string | undefined; }] | [...]'.
  Type '[{ customerName: string; customerPhone: string; sourceCategoryId: string; sourceSubId: string; sourceDetail: string; address: string; intentionLevel: "HIGH"; estimatedAmount: string; tags: string[]; }]' is not assignable to type '[{ customerName: string; customerPhone: string; sourceCategoryId: string | null | undefined; sourceSubId: string | null | undefined; referrerCustomerId: string | null | undefined; ... 5 more ...; lostReason?: string | undefined; }]'.
    Object literal may only specify known properties, and 'address' does not exist in type '{ customerName: string; customerPhone: string; sourceCategoryId: string | null | undefined; sourceSubId: string | null | undefined; referrerCustomerId: string | null | undefined; ... 5 more ...; lostReason?: string | undefined; }'.
src/features/leads/__tests__/lead-quote-versions.test.tsx(4,10): error TS2305: Module '"../actions"' has no exported member 'getQuotesByLeadId'.
src/features/leads/__tests__/lead-quote-versions.test.tsx(4,29): error TS2305: Module '"../actions"' has no exported member 'reviseQuote'.
src/features/leads/__tests__/lead-status-flow.test.tsx(74,36): error TS2339: Property 'mockResolvedValue' does not exist on type '<TSelection extends Omit<DBQueryConfig<"many", true, ExtractTablesWithRelations<typeof import("C:/Users/bigey/Documents/Antigravity/L2C/src/shared/api/schema")>, { tsName: "leads"; dbName: "leads"; columns: { ...; }; relations: { ...; }; primaryKey: AnyColumn[]; }>, "limit">>(config?: KnownKeysOnly<...> | undefined)...'.
src/features/leads/__tests__/lead-status-flow.test.tsx(87,36): error TS2339: Property 'mockResolvedValue' does not exist on type '<TSelection extends Omit<DBQueryConfig<"many", true, ExtractTablesWithRelations<typeof import("C:/Users/bigey/Documents/Antigravity/L2C/src/shared/api/schema")>, { tsName: "leads"; dbName: "leads"; columns: { ...; }; relations: { ...; }; primaryKey: AnyColumn[]; }>, "limit">>(config?: KnownKeysOnly<...> | undefined)...'.
src/features/leads/__tests__/lead-status-flow.test.tsx(100,36): error TS2339: Property 'mockResolvedValue' does not exist on type '<TSelection extends Omit<DBQueryConfig<"many", true, ExtractTablesWithRelations<typeof import("C:/Users/bigey/Documents/Antigravity/L2C/src/shared/api/schema")>, { tsName: "leads"; dbName: "leads"; columns: { ...; }; relations: { ...; }; primaryKey: AnyColumn[]; }>, "limit">>(config?: KnownKeysOnly<...> | undefined)...'.
src/features/leads/__tests__/lead-status-flow.test.tsx(115,36): error TS2339: Property 'mockResolvedValue' does not exist on type '<TSelection extends Omit<DBQueryConfig<"many", true, ExtractTablesWithRelations<typeof import("C:/Users/bigey/Documents/Antigravity/L2C/src/shared/api/schema")>, { tsName: "leads"; dbName: "leads"; columns: { ...; }; relations: { ...; }; primaryKey: AnyColumn[]; }>, "limit">>(config?: KnownKeysOnly<...> | undefined)...'.
src/features/leads/__tests__/lead-status-flow.test.tsx(130,36): error TS2339: Property 'mockResolvedValue' does not exist on type '<TSelection extends Omit<DBQueryConfig<"many", true, ExtractTablesWithRelations<typeof import("C:/Users/bigey/Documents/Antigravity/L2C/src/shared/api/schema")>, { tsName: "leads"; dbName: "leads"; columns: { ...; }; relations: { ...; }; primaryKey: AnyColumn[]; }>, "limit">>(config?: KnownKeysOnly<...> | undefined)...'.
src/features/leads/__tests__/lead-status-flow.test.tsx(147,36): error TS2339: Property 'mockResolvedValue' does not exist on type '<TSelection extends Omit<DBQueryConfig<"many", true, ExtractTablesWithRelations<typeof import("C:/Users/bigey/Documents/Antigravity/L2C/src/shared/api/schema")>, { tsName: "leads"; dbName: "leads"; columns: { ...; }; relations: { ...; }; primaryKey: AnyColumn[]; }>, "limit">>(config?: KnownKeysOnly<...> | undefined)...'.
src/features/leads/__tests__/lead-status-flow.test.tsx(163,36): error TS2339: Property 'mockResolvedValue' does not exist on type '<TSelection extends Omit<DBQueryConfig<"many", true, ExtractTablesWithRelations<typeof import("C:/Users/bigey/Documents/Antigravity/L2C/src/shared/api/schema")>, { tsName: "leads"; dbName: "leads"; columns: { ...; }; relations: { ...; }; primaryKey: AnyColumn[]; }>, "limit">>(config?: KnownKeysOnly<...> | undefined)...'.
src/features/leads/__tests__/lead-status-flow.test.tsx(179,36): error TS2339: Property 'mockResolvedValue' does not exist on type '<TSelection extends Omit<DBQueryConfig<"many", true, ExtractTablesWithRelations<typeof import("C:/Users/bigey/Documents/Antigravity/L2C/src/shared/api/schema")>, { tsName: "leads"; dbName: "leads"; columns: { ...; }; relations: { ...; }; primaryKey: AnyColumn[]; }>, "limit">>(config?: KnownKeysOnly<...> | undefined)...'.
src/features/leads/__tests__/lead-status-flow.test.tsx(193,36): error TS2339: Property 'mockResolvedValue' does not exist on type '<TSelection extends Omit<DBQueryConfig<"many", true, ExtractTablesWithRelations<typeof import("C:/Users/bigey/Documents/Antigravity/L2C/src/shared/api/schema")>, { tsName: "leads"; dbName: "leads"; columns: { ...; }; relations: { ...; }; primaryKey: AnyColumn[]; }>, "limit">>(config?: KnownKeysOnly<...> | undefined)...'.
src/features/leads/__tests__/lead-table.test.tsx(64,17): error TS2322: Type '{ leads: ({ id: string; leadNo: string; customerName: string; customerPhone: string; status: string; intentionLevel: string; estimatedAmount: string; createdAt: Date; updatedAt: Date; ... 6 more ...; sourceDetail: string; } | { ...; })[]; salesUsers: { ...; }[]; onSelectionChange: Mock<...>; }' is not assignable to type 'IntrinsicAttributes & LeadTableProps'.
  Property 'leads' does not exist on type 'IntrinsicAttributes & LeadTableProps'.
src/features/leads/__tests__/lead-table.test.tsx(79,17): error TS2322: Type '{ leads: never[]; salesUsers: { id: string; name: string; }[]; onSelectionChange: Mock<Procedure>; }' is not assignable to type 'IntrinsicAttributes & LeadTableProps'.
  Property 'leads' does not exist on type 'IntrinsicAttributes & LeadTableProps'.
src/features/leads/__tests__/lead-table.test.tsx(91,17): error TS2322: Type '{ leads: ({ id: string; leadNo: string; customerName: string; customerPhone: string; status: string; intentionLevel: string; estimatedAmount: string; createdAt: Date; updatedAt: Date; ... 6 more ...; sourceDetail: string; } | { ...; })[]; salesUsers: { ...; }[]; onSelectionChange: Mock<...>; }' is not assignable to type 'IntrinsicAttributes & LeadTableProps'.
  Property 'leads' does not exist on type 'IntrinsicAttributes & LeadTableProps'.
src/features/leads/__tests__/lead-table.test.tsx(104,17): error TS2322: Type '{ leads: ({ id: string; leadNo: string; customerName: string; customerPhone: string; status: string; intentionLevel: string; estimatedAmount: string; createdAt: Date; updatedAt: Date; ... 6 more ...; sourceDetail: string; } | { ...; })[]; salesUsers: { ...; }[]; onSelectionChange: Mock<...>; }' is not assignable to type 'IntrinsicAttributes & LeadTableProps'.
  Property 'leads' does not exist on type 'IntrinsicAttributes & LeadTableProps'.
src/features/leads/__tests__/lead-table.test.tsx(117,17): error TS2322: Type '{ leads: ({ id: string; leadNo: string; customerName: string; customerPhone: string; status: string; intentionLevel: string; estimatedAmount: string; createdAt: Date; updatedAt: Date; ... 6 more ...; sourceDetail: string; } | { ...; })[]; salesUsers: { ...; }[]; onSelectionChange: Mock<...>; }' is not assignable to type 'IntrinsicAttributes & LeadTableProps'.
  Property 'leads' does not exist on type 'IntrinsicAttributes & LeadTableProps'.
src/features/leads/__tests__/lead-table.test.tsx(130,17): error TS2322: Type '{ leads: ({ id: string; leadNo: string; customerName: string; customerPhone: string; status: string; intentionLevel: string; estimatedAmount: string; createdAt: Date; updatedAt: Date; ... 6 more ...; sourceDetail: string; } | { ...; })[]; salesUsers: { ...; }[]; onSelectionChange: Mock<...>; }' is not assignable to type 'IntrinsicAttributes & LeadTableProps'.
  Property 'leads' does not exist on type 'IntrinsicAttributes & LeadTableProps'.
src/features/leads/__tests__/lead-table.test.tsx(145,17): error TS2322: Type '{ leads: ({ id: string; leadNo: string; customerName: string; customerPhone: string; status: string; intentionLevel: string; estimatedAmount: string; createdAt: Date; updatedAt: Date; ... 6 more ...; sourceDetail: string; } | { ...; })[]; salesUsers: { ...; }[]; onSelectionChange: Mock<...>; }' is not assignable to type 'IntrinsicAttributes & LeadTableProps'.
  Property 'leads' does not exist on type 'IntrinsicAttributes & LeadTableProps'.
src/features/leads/__tests__/lead-table.test.tsx(160,17): error TS2322: Type '{ leads: ({ id: string; leadNo: string; customerName: string; customerPhone: string; status: string; intentionLevel: string; estimatedAmount: string; createdAt: Date; updatedAt: Date; ... 6 more ...; sourceDetail: string; } | { ...; })[]; salesUsers: { ...; }[]; onSelectionChange: Mock<...>; }' is not assignable to type 'IntrinsicAttributes & LeadTableProps'.
  Property 'leads' does not exist on type 'IntrinsicAttributes & LeadTableProps'.
src/features/leads/__tests__/lead-table.test.tsx(177,17): error TS2322: Type '{ leads: ({ id: string; leadNo: string; customerName: string; customerPhone: string; status: string; intentionLevel: string; estimatedAmount: string; createdAt: Date; updatedAt: Date; ... 6 more ...; sourceDetail: string; } | { ...; })[]; salesUsers: { ...; }[]; onSelectionChange: Mock<...>; }' is not assignable to type 'IntrinsicAttributes & LeadTableProps'.
  Property 'leads' does not exist on type 'IntrinsicAttributes & LeadTableProps'.
src/features/leads/__tests__/lead-table.test.tsx(195,17): error TS2322: Type '{ leads: ({ id: string; leadNo: string; customerName: string; customerPhone: string; status: string; intentionLevel: string; estimatedAmount: string; createdAt: Date; updatedAt: Date; ... 6 more ...; sourceDetail: string; } | { ...; })[]; salesUsers: { ...; }[]; onSelectionChange: Mock<...>; }' is not assignable to type 'IntrinsicAttributes & LeadTableProps'.
  Property 'leads' does not exist on type 'IntrinsicAttributes & LeadTableProps'.
src/features/leads/__tests__/lead-table.test.tsx(212,17): error TS2322: Type '{ leads: ({ id: string; leadNo: string; customerName: string; customerPhone: string; status: string; intentionLevel: string; estimatedAmount: string; createdAt: Date; updatedAt: Date; ... 6 more ...; sourceDetail: string; } | { ...; })[]; salesUsers: { ...; }[]; onSelectionChange: Mock<...>; }' is not assignable to type 'IntrinsicAttributes & LeadTableProps'.
  Property 'leads' does not exist on type 'IntrinsicAttributes & LeadTableProps'.
src/features/leads/__tests__/lead-table.test.tsx(227,17): error TS2322: Type '{ leads: ({ id: string; leadNo: string; customerName: string; customerPhone: string; status: string; intentionLevel: string; estimatedAmount: string; createdAt: Date; updatedAt: Date; ... 6 more ...; sourceDetail: string; } | { ...; })[]; salesUsers: { ...; }[]; onSelectionChange: Mock<...>; }' is not assignable to type 'IntrinsicAttributes & LeadTableProps'.
  Property 'leads' does not exist on type 'IntrinsicAttributes & LeadTableProps'.
src/features/leads/__tests__/lead-table.test.tsx(240,17): error TS2322: Type '{ leads: ({ id: string; leadNo: string; customerName: string; customerPhone: string; status: string; intentionLevel: string; estimatedAmount: string; createdAt: Date; updatedAt: Date; ... 6 more ...; sourceDetail: string; } | { ...; })[]; salesUsers: { ...; }[]; onSelectionChange: Mock<...>; }' is not assignable to type 'IntrinsicAttributes & LeadTableProps'.
  Property 'leads' does not exist on type 'IntrinsicAttributes & LeadTableProps'.
src/features/leads/__tests__/lead-table.test.tsx(253,17): error TS2322: Type '{ leads: ({ id: string; leadNo: string; customerName: string; customerPhone: string; status: string; intentionLevel: string; estimatedAmount: string; createdAt: Date; updatedAt: Date; ... 6 more ...; sourceDetail: string; } | { ...; })[]; salesUsers: { ...; }[]; onSelectionChange: Mock<...>; }' is not assignable to type 'IntrinsicAttributes & LeadTableProps'.
  Property 'leads' does not exist on type 'IntrinsicAttributes & LeadTableProps'.
src/features/leads/__tests__/lead-table.test.tsx(285,17): error TS2322: Type '{ leads: { id: string; leadNo: string; customerName: string; customerPhone: string; status: string; intentionLevel: string; estimatedAmount: string; createdAt: Date; updatedAt: Date; ... 6 more ...; sourceDetail: string; }[]; salesUsers: { ...; }[]; onSelectionChange: Mock<...>; }' is not assignable to type 'IntrinsicAttributes & LeadTableProps'.
  Property 'leads' does not exist on type 'IntrinsicAttributes & LeadTableProps'.
src/features/leads/__tests__/lead-table.test.tsx(305,17): error TS2322: Type '{ leads: ({ customerName: string; id: string; leadNo: string; customerPhone: string; status: string; intentionLevel: string; estimatedAmount: string; createdAt: Date; updatedAt: Date; ... 6 more ...; sourceDetail: string; } | { ...; })[]; salesUsers: { ...; }[]; onSelectionChange: Mock<...>; }' is not assignable to type 'IntrinsicAttributes & LeadTableProps'.
  Property 'leads' does not exist on type 'IntrinsicAttributes & LeadTableProps'.
src/features/leads/__tests__/lead-table.test.tsx(326,17): error TS2322: Type '{ leads: ({ tags: null; lostReason: null; sourceDetail: null; id: string; leadNo: string; customerName: string; customerPhone: string; status: string; intentionLevel: string; estimatedAmount: string; ... 5 more ...; sourceChannel: { ...; }; } | { ...; })[]; salesUsers: { ...; }[]; onSelectionChange: Mock<...>; }' is not assignable to type 'IntrinsicAttributes & LeadTableProps'.
  Property 'leads' does not exist on type 'IntrinsicAttributes & LeadTableProps'.
src/features/leads/__tests__/lead-table.test.tsx(345,17): error TS2322: Type '{ leads: ({ tags: string[]; id: string; leadNo: string; customerName: string; customerPhone: string; status: string; intentionLevel: string; estimatedAmount: string; createdAt: Date; updatedAt: Date; ... 5 more ...; sourceDetail: string; } | { ...; })[]; salesUsers: { ...; }[]; onSelectionChange: Mock<...>; }' is not assignable to type 'IntrinsicAttributes & LeadTableProps'.
  Property 'leads' does not exist on type 'IntrinsicAttributes & LeadTableProps'.
src/features/leads/__tests__/lead-table.test.tsx(367,17): error TS2322: Type '{ leads: ({ status: string; lostReason: string; id: string; leadNo: string; customerName: string; customerPhone: string; intentionLevel: string; estimatedAmount: string; createdAt: Date; ... 6 more ...; sourceDetail: string; } | { ...; })[]; salesUsers: { ...; }[]; onSelectionChange: Mock<...>; }' is not assignable to type 'IntrinsicAttributes & LeadTableProps'.
  Property 'leads' does not exist on type 'IntrinsicAttributes & LeadTableProps'.
src/features/leads/__tests__/lead-tag-management.test.ts(48,71): error TS2345: Argument of type '{ id: string; tags: never[]; }' is not assignable to parameter of type '{ id: string; createdAt: Date | null; updatedAt: Date | null; tenantId: string; deletedAt: Date | null; address: string | null; remark: string | null; tags: string[] | null; ... 21 more ...; lostReason: string | null; }'.
  Type '{ id: string; tags: never[]; }' is missing the following properties from type '{ id: string; createdAt: Date | null; updatedAt: Date | null; tenantId: string; deletedAt: Date | null; address: string | null; remark: string | null; tags: string[] | null; ... 21 more ...; lostReason: string | null; }': createdAt, updatedAt, tenantId, deletedAt, and 24 more.
src/features/leads/__tests__/lead-tag-management.test.ts(60,39): error TS2339: Property 'set' does not exist on type '[table: PgTable<TableConfig>]'.
src/features/leads/__tests__/lead-tag-management.test.ts(65,71): error TS2345: Argument of type '{ id: string; tags: never[]; }' is not assignable to parameter of type '{ id: string; createdAt: Date | null; updatedAt: Date | null; tenantId: string; deletedAt: Date | null; address: string | null; remark: string | null; tags: string[] | null; ... 21 more ...; lostReason: string | null; }'.
  Type '{ id: string; tags: never[]; }' is missing the following properties from type '{ id: string; createdAt: Date | null; updatedAt: Date | null; tenantId: string; deletedAt: Date | null; address: string | null; remark: string | null; tags: string[] | null; ... 21 more ...; lostReason: string | null; }': createdAt, updatedAt, tenantId, deletedAt, and 24 more.
src/features/leads/__tests__/lead-tag-management.test.ts(77,39): error TS2339: Property 'set' does not exist on type '[table: PgTable<TableConfig>]'.
src/features/leads/__tests__/lead-tag-management.test.ts(82,71): error TS2345: Argument of type '{ id: string; tags: string[]; }' is not assignable to parameter of type '{ id: string; createdAt: Date | null; updatedAt: Date | null; tenantId: string; deletedAt: Date | null; address: string | null; remark: string | null; tags: string[] | null; ... 21 more ...; lostReason: string | null; }'.
  Type '{ id: string; tags: string[]; }' is missing the following properties from type '{ id: string; createdAt: Date | null; updatedAt: Date | null; tenantId: string; deletedAt: Date | null; address: string | null; remark: string | null; tags: string[] | null; ... 21 more ...; lostReason: string | null; }': createdAt, updatedAt, tenantId, deletedAt, and 24 more.
src/features/leads/__tests__/lead-tag-management.test.ts(94,39): error TS2339: Property 'set' does not exist on type '[table: PgTable<TableConfig>]'.
src/features/leads/__tests__/lead-tag-management.test.ts(101,71): error TS2345: Argument of type '{ id: string; tags: never[]; }' is not assignable to parameter of type '{ id: string; createdAt: Date | null; updatedAt: Date | null; tenantId: string; deletedAt: Date | null; address: string | null; remark: string | null; tags: string[] | null; ... 21 more ...; lostReason: string | null; }'.
  Type '{ id: string; tags: never[]; }' is missing the following properties from type '{ id: string; createdAt: Date | null; updatedAt: Date | null; tenantId: string; deletedAt: Date | null; address: string | null; remark: string | null; tags: string[] | null; ... 21 more ...; lostReason: string | null; }': createdAt, updatedAt, tenantId, deletedAt, and 24 more.
src/features/leads/__tests__/lead-tag-management.test.ts(113,39): error TS2339: Property 'set' does not exist on type '[table: PgTable<TableConfig>]'.
src/features/leads/__tests__/lead-tag-management.test.ts(118,71): error TS2345: Argument of type '{ id: string; tags: string[]; }' is not assignable to parameter of type '{ id: string; createdAt: Date | null; updatedAt: Date | null; tenantId: string; deletedAt: Date | null; address: string | null; remark: string | null; tags: string[] | null; ... 21 more ...; lostReason: string | null; }'.
  Type '{ id: string; tags: string[]; }' is missing the following properties from type '{ id: string; createdAt: Date | null; updatedAt: Date | null; tenantId: string; deletedAt: Date | null; address: string | null; remark: string | null; tags: string[] | null; ... 21 more ...; lostReason: string | null; }': createdAt, updatedAt, tenantId, deletedAt, and 24 more.
src/features/leads/__tests__/lead-tag-management.test.ts(130,39): error TS2339: Property 'set' does not exist on type '[table: PgTable<TableConfig>]'.
src/features/leads/__tests__/lead-tag-management.test.ts(135,71): error TS2345: Argument of type '{ id: string; tags: string[]; }' is not assignable to parameter of type '{ id: string; createdAt: Date | null; updatedAt: Date | null; tenantId: string; deletedAt: Date | null; address: string | null; remark: string | null; tags: string[] | null; ... 21 more ...; lostReason: string | null; }'.
  Type '{ id: string; tags: string[]; }' is missing the following properties from type '{ id: string; createdAt: Date | null; updatedAt: Date | null; tenantId: string; deletedAt: Date | null; address: string | null; remark: string | null; tags: string[] | null; ... 21 more ...; lostReason: string | null; }': createdAt, updatedAt, tenantId, deletedAt, and 24 more.
src/features/leads/__tests__/lead-tag-management.test.ts(147,39): error TS2339: Property 'set' does not exist on type '[table: PgTable<TableConfig>]'.
src/features/leads/__tests__/lead-tag-management.test.ts(153,71): error TS2345: Argument of type '{ id: string; tags: string[]; }' is not assignable to parameter of type '{ id: string; createdAt: Date | null; updatedAt: Date | null; tenantId: string; deletedAt: Date | null; address: string | null; remark: string | null; tags: string[] | null; ... 21 more ...; lostReason: string | null; }'.
  Type '{ id: string; tags: string[]; }' is missing the following properties from type '{ id: string; createdAt: Date | null; updatedAt: Date | null; tenantId: string; deletedAt: Date | null; address: string | null; remark: string | null; tags: string[] | null; ... 21 more ...; lostReason: string | null; }': createdAt, updatedAt, tenantId, deletedAt, and 24 more.
src/features/leads/__tests__/lead-tag-management.test.ts(165,39): error TS2339: Property 'set' does not exist on type '[table: PgTable<TableConfig>]'.
src/features/leads/__tests__/lead-tag-management.test.ts(173,71): error TS2345: Argument of type '{ id: string; tags: string[]; }' is not assignable to parameter of type '{ id: string; createdAt: Date | null; updatedAt: Date | null; tenantId: string; deletedAt: Date | null; address: string | null; remark: string | null; tags: string[] | null; ... 21 more ...; lostReason: string | null; }'.
  Type '{ id: string; tags: string[]; }' is missing the following properties from type '{ id: string; createdAt: Date | null; updatedAt: Date | null; tenantId: string; deletedAt: Date | null; address: string | null; remark: string | null; tags: string[] | null; ... 21 more ...; lostReason: string | null; }': createdAt, updatedAt, tenantId, deletedAt, and 24 more.
src/features/leads/__tests__/lead-tag-management.test.ts(185,39): error TS2339: Property 'set' does not exist on type '[table: PgTable<TableConfig>]'.
src/features/leads/__tests__/lead-tag-management.test.ts(191,71): error TS2345: Argument of type '{ id: string; tags: string[]; }' is not assignable to parameter of type '{ id: string; createdAt: Date | null; updatedAt: Date | null; tenantId: string; deletedAt: Date | null; address: string | null; remark: string | null; tags: string[] | null; ... 21 more ...; lostReason: string | null; }'.
  Type '{ id: string; tags: string[]; }' is missing the following properties from type '{ id: string; createdAt: Date | null; updatedAt: Date | null; tenantId: string; deletedAt: Date | null; address: string | null; remark: string | null; tags: string[] | null; ... 21 more ...; lostReason: string | null; }': createdAt, updatedAt, tenantId, deletedAt, and 24 more.
src/features/leads/__tests__/lead-tag-management.test.ts(203,39): error TS2339: Property 'set' does not exist on type '[table: PgTable<TableConfig>]'.
src/features/leads/__tests__/lead-tag-management.test.ts(209,71): error TS2345: Argument of type '{ id: string; tags: string[]; }' is not assignable to parameter of type '{ id: string; createdAt: Date | null; updatedAt: Date | null; tenantId: string; deletedAt: Date | null; address: string | null; remark: string | null; tags: string[] | null; ... 21 more ...; lostReason: string | null; }'.
  Type '{ id: string; tags: string[]; }' is missing the following properties from type '{ id: string; createdAt: Date | null; updatedAt: Date | null; tenantId: string; deletedAt: Date | null; address: string | null; remark: string | null; tags: string[] | null; ... 21 more ...; lostReason: string | null; }': createdAt, updatedAt, tenantId, deletedAt, and 24 more.
src/features/leads/__tests__/lead-tag-management.test.ts(221,39): error TS2339: Property 'set' does not exist on type '[table: PgTable<TableConfig>]'.
src/features/leads/__tests__/lead-tag-management.test.ts(227,71): error TS2345: Argument of type '{ id: string; tags: string[]; }' is not assignable to parameter of type '{ id: string; createdAt: Date | null; updatedAt: Date | null; tenantId: string; deletedAt: Date | null; address: string | null; remark: string | null; tags: string[] | null; ... 21 more ...; lostReason: string | null; }'.
  Type '{ id: string; tags: string[]; }' is missing the following properties from type '{ id: string; createdAt: Date | null; updatedAt: Date | null; tenantId: string; deletedAt: Date | null; address: string | null; remark: string | null; tags: string[] | null; ... 21 more ...; lostReason: string | null; }': createdAt, updatedAt, tenantId, deletedAt, and 24 more.
src/features/leads/__tests__/lead-tag-management.test.ts(239,39): error TS2339: Property 'set' does not exist on type '[table: PgTable<TableConfig>]'.
src/features/leads/__tests__/lead-tag-management.test.ts(246,71): error TS2345: Argument of type '{ id: string; tags: string[]; }' is not assignable to parameter of type '{ id: string; createdAt: Date | null; updatedAt: Date | null; tenantId: string; deletedAt: Date | null; address: string | null; remark: string | null; tags: string[] | null; ... 21 more ...; lostReason: string | null; }'.
  Type '{ id: string; tags: string[]; }' is missing the following properties from type '{ id: string; createdAt: Date | null; updatedAt: Date | null; tenantId: string; deletedAt: Date | null; address: string | null; remark: string | null; tags: string[] | null; ... 21 more ...; lostReason: string | null; }': createdAt, updatedAt, tenantId, deletedAt, and 24 more.
src/features/leads/__tests__/lead-tag-management.test.ts(258,39): error TS2339: Property 'set' does not exist on type '[table: PgTable<TableConfig>]'.
src/features/leads/__tests__/lead-tag-management.test.ts(263,71): error TS2345: Argument of type '{ id: string; tags: string[]; }' is not assignable to parameter of type '{ id: string; createdAt: Date | null; updatedAt: Date | null; tenantId: string; deletedAt: Date | null; address: string | null; remark: string | null; tags: string[] | null; ... 21 more ...; lostReason: string | null; }'.
  Type '{ id: string; tags: string[]; }' is missing the following properties from type '{ id: string; createdAt: Date | null; updatedAt: Date | null; tenantId: string; deletedAt: Date | null; address: string | null; remark: string | null; tags: string[] | null; ... 21 more ...; lostReason: string | null; }': createdAt, updatedAt, tenantId, deletedAt, and 24 more.
src/features/leads/__tests__/lead-tag-management.test.ts(275,39): error TS2339: Property 'set' does not exist on type '[table: PgTable<TableConfig>]'.
src/features/leads/__tests__/lead-tag-management.test.ts(288,70): error TS2345: Argument of type '{ id: string; tags: string[]; }[]' is not assignable to parameter of type '{ id: string; createdAt: Date | null; updatedAt: Date | null; tenantId: string; deletedAt: Date | null; address: string | null; remark: string | null; tags: string[] | null; ... 21 more ...; lostReason: string | null; }[]'.
  Type '{ id: string; tags: string[]; }' is missing the following properties from type '{ id: string; createdAt: Date | null; updatedAt: Date | null; tenantId: string; deletedAt: Date | null; address: string | null; remark: string | null; tags: string[] | null; ... 21 more ...; lostReason: string | null; }': createdAt, updatedAt, tenantId, deletedAt, and 24 more.
src/features/leads/__tests__/lead-tag-management.test.ts(304,70): error TS2345: Argument of type '{ id: string; tags: string[]; }[]' is not assignable to parameter of type '{ id: string; createdAt: Date | null; updatedAt: Date | null; tenantId: string; deletedAt: Date | null; address: string | null; remark: string | null; tags: string[] | null; ... 21 more ...; lostReason: string | null; }[]'.
  Type '{ id: string; tags: string[]; }' is missing the following properties from type '{ id: string; createdAt: Date | null; updatedAt: Date | null; tenantId: string; deletedAt: Date | null; address: string | null; remark: string | null; tags: string[] | null; ... 21 more ...; lostReason: string | null; }': createdAt, updatedAt, tenantId, deletedAt, and 24 more.
src/features/leads/__tests__/lead-tag-management.test.ts(319,70): error TS2345: Argument of type '{ id: string; tags: string[]; }[]' is not assignable to parameter of type '{ id: string; createdAt: Date | null; updatedAt: Date | null; tenantId: string; deletedAt: Date | null; address: string | null; remark: string | null; tags: string[] | null; ... 21 more ...; lostReason: string | null; }[]'.
  Type '{ id: string; tags: string[]; }' is missing the following properties from type '{ id: string; createdAt: Date | null; updatedAt: Date | null; tenantId: string; deletedAt: Date | null; address: string | null; remark: string | null; tags: string[] | null; ... 21 more ...; lostReason: string | null; }': createdAt, updatedAt, tenantId, deletedAt, and 24 more.
src/features/leads/__tests__/lead-tag-management.test.ts(332,71): error TS2345: Argument of type '{ id: string; tags: never[]; }' is not assignable to parameter of type '{ id: string; createdAt: Date | null; updatedAt: Date | null; tenantId: string; deletedAt: Date | null; address: string | null; remark: string | null; tags: string[] | null; ... 21 more ...; lostReason: string | null; }'.
  Type '{ id: string; tags: never[]; }' is missing the following properties from type '{ id: string; createdAt: Date | null; updatedAt: Date | null; tenantId: string; deletedAt: Date | null; address: string | null; remark: string | null; tags: string[] | null; ... 21 more ...; lostReason: string | null; }': createdAt, updatedAt, tenantId, deletedAt, and 24 more.
src/features/leads/__tests__/lead-tag-management.test.ts(345,39): error TS2339: Property 'set' does not exist on type '[table: PgTable<TableConfig>]'.
src/features/leads/__tests__/lead-tag-management.test.ts(351,71): error TS2345: Argument of type '{ id: string; tags: never[]; }' is not assignable to parameter of type '{ id: string; createdAt: Date | null; updatedAt: Date | null; tenantId: string; deletedAt: Date | null; address: string | null; remark: string | null; tags: string[] | null; ... 21 more ...; lostReason: string | null; }'.
  Type '{ id: string; tags: never[]; }' is missing the following properties from type '{ id: string; createdAt: Date | null; updatedAt: Date | null; tenantId: string; deletedAt: Date | null; address: string | null; remark: string | null; tags: string[] | null; ... 21 more ...; lostReason: string | null; }': createdAt, updatedAt, tenantId, deletedAt, and 24 more.
src/features/leads/__tests__/lead-tag-management.test.ts(363,39): error TS2339: Property 'set' does not exist on type '[table: PgTable<TableConfig>]'.
src/features/leads/__tests__/lead-tag-management.test.ts(370,71): error TS2345: Argument of type '{ id: string; tags: string[]; }' is not assignable to parameter of type '{ id: string; createdAt: Date | null; updatedAt: Date | null; tenantId: string; deletedAt: Date | null; address: string | null; remark: string | null; tags: string[] | null; ... 21 more ...; lostReason: string | null; }'.
  Type '{ id: string; tags: string[]; }' is missing the following properties from type '{ id: string; createdAt: Date | null; updatedAt: Date | null; tenantId: string; deletedAt: Date | null; address: string | null; remark: string | null; tags: string[] | null; ... 21 more ...; lostReason: string | null; }': createdAt, updatedAt, tenantId, deletedAt, and 24 more.
src/features/leads/__tests__/lead-tag-management.test.ts(382,39): error TS2339: Property 'set' does not exist on type '[table: PgTable<TableConfig>]'.
src/features/leads/__tests__/lead-tag-management.test.ts(388,71): error TS2345: Argument of type '{ id: string; tags: string[]; }' is not assignable to parameter of type '{ id: string; createdAt: Date | null; updatedAt: Date | null; tenantId: string; deletedAt: Date | null; address: string | null; remark: string | null; tags: string[] | null; ... 21 more ...; lostReason: string | null; }'.
  Type '{ id: string; tags: string[]; }' is missing the following properties from type '{ id: string; createdAt: Date | null; updatedAt: Date | null; tenantId: string; deletedAt: Date | null; address: string | null; remark: string | null; tags: string[] | null; ... 21 more ...; lostReason: string | null; }': createdAt, updatedAt, tenantId, deletedAt, and 24 more.
src/features/leads/__tests__/lead-tag-management.test.ts(400,39): error TS2339: Property 'set' does not exist on type '[table: PgTable<TableConfig>]'.
src/features/leads/__tests__/lead-validation.test.tsx(70,36): error TS2339: Property 'mockResolvedValue' does not exist on type '<TSelection extends Omit<DBQueryConfig<"many", true, ExtractTablesWithRelations<typeof import("C:/Users/bigey/Documents/Antigravity/L2C/src/shared/api/schema")>, { tsName: "leads"; dbName: "leads"; columns: { ...; }; relations: { ...; }; primaryKey: AnyColumn[]; }>, "limit">>(config?: KnownKeysOnly<...> | undefined)...'.
src/features/leads/__tests__/lead-validation.test.tsx(82,11): error TS2345: Argument of type '[{ customerName: string; customerPhone: string; sourceCategoryId: string; sourceSubId: string; sourceDetail: string; address: string; intentionLevel: "HIGH"; estimatedAmount: string; tags: string[]; }]' is not assignable to parameter of type '[unknown, { customerName: string; customerPhone: string; sourceCategoryId: string | null | undefined; sourceSubId: string | null | undefined; referrerCustomerId: string | null | undefined; ... 5 more ...; lostReason?: string | undefined; }] | [...]'.
  Type '[{ customerName: string; customerPhone: string; sourceCategoryId: string; sourceSubId: string; sourceDetail: string; address: string; intentionLevel: "HIGH"; estimatedAmount: string; tags: string[]; }]' is not assignable to type '[{ customerName: string; customerPhone: string; sourceCategoryId: string | null | undefined; sourceSubId: string | null | undefined; referrerCustomerId: string | null | undefined; ... 5 more ...; lostReason?: string | undefined; }]'.
    Object literal may only specify known properties, and 'address' does not exist in type '{ customerName: string; customerPhone: string; sourceCategoryId: string | null | undefined; sourceSubId: string | null | undefined; referrerCustomerId: string | null | undefined; ... 5 more ...; lostReason?: string | undefined; }'.
src/features/leads/__tests__/lead-validation.test.tsx(103,36): error TS2339: Property 'mockResolvedValue' does not exist on type '<TSelection extends Omit<DBQueryConfig<"many", true, ExtractTablesWithRelations<typeof import("C:/Users/bigey/Documents/Antigravity/L2C/src/shared/api/schema")>, { tsName: "leads"; dbName: "leads"; columns: { ...; }; relations: { ...; }; primaryKey: AnyColumn[]; }>, "limit">>(config?: KnownKeysOnly<...> | undefined)...'.
src/features/leads/__tests__/lead-validation.test.tsx(107,9): error TS2345: Argument of type '[unknown]' is not assignable to parameter of type '[unknown, { customerName: string; customerPhone: string; sourceCategoryId: string | null | undefined; sourceSubId: string | null | undefined; referrerCustomerId: string | null | undefined; ... 5 more ...; lostReason?: string | undefined; }] | [...]'.
  Type '[unknown]' is not assignable to type '[{ customerName: string; customerPhone: string; sourceCategoryId: string | null | undefined; sourceSubId: string | null | undefined; referrerCustomerId: string | null | undefined; ... 5 more ...; lostReason?: string | undefined; }]'.
    Type 'unknown' is not assignable to type '{ customerName: string; customerPhone: string; sourceCategoryId: string | null | undefined; sourceSubId: string | null | undefined; referrerCustomerId: string | null | undefined; ... 5 more ...; lostReason?: string | undefined; }'.
src/features/leads/__tests__/lead-validation.test.tsx(125,9): error TS2345: Argument of type '[unknown]' is not assignable to parameter of type '[unknown, { customerName: string; customerPhone: string; sourceCategoryId: string | null | undefined; sourceSubId: string | null | undefined; referrerCustomerId: string | null | undefined; ... 5 more ...; lostReason?: string | undefined; }] | [...]'.
  Type '[unknown]' is not assignable to type '[{ customerName: string; customerPhone: string; sourceCategoryId: string | null | undefined; sourceSubId: string | null | undefined; referrerCustomerId: string | null | undefined; ... 5 more ...; lostReason?: string | undefined; }]'.
    Type 'unknown' is not assignable to type '{ customerName: string; customerPhone: string; sourceCategoryId: string | null | undefined; sourceSubId: string | null | undefined; referrerCustomerId: string | null | undefined; ... 5 more ...; lostReason?: string | undefined; }'.
src/features/leads/__tests__/leads-advanced-filter.test.tsx(106,23): error TS2551: Property 'getAllByType' does not exist on type 'Screen<typeof import("C:/Users/bigey/Documents/Antigravity/L2C/node_modules/.pnpm/@testing-library+dom@10.4.1/node_modules/@testing-library/dom/types/queries")>'. Did you mean 'getAllByText'?
src/features/leads/__tests__/leads-advanced-filter.test.tsx(338,35): error TS2551: Property 'getAllByType' does not exist on type 'Screen<typeof import("C:/Users/bigey/Documents/Antigravity/L2C/node_modules/.pnpm/@testing-library+dom@10.4.1/node_modules/@testing-library/dom/types/queries")>'. Did you mean 'getAllByText'?
src/features/leads/__tests__/leads-advanced-filter.test.tsx(353,35): error TS2551: Property 'getAllByType' does not exist on type 'Screen<typeof import("C:/Users/bigey/Documents/Antigravity/L2C/node_modules/.pnpm/@testing-library+dom@10.4.1/node_modules/@testing-library/dom/types/queries")>'. Did you mean 'getAllByText'?
src/features/leads/__tests__/leads-advanced-filter.test.tsx(371,35): error TS2551: Property 'getAllByType' does not exist on type 'Screen<typeof import("C:/Users/bigey/Documents/Antigravity/L2C/node_modules/.pnpm/@testing-library+dom@10.4.1/node_modules/@testing-library/dom/types/queries")>'. Did you mean 'getAllByText'?
src/features/leads/__tests__/leads-page-client.test.tsx(113,52): error TS2345: Argument of type 'URLSearchParams' is not assignable to parameter of type 'ReadonlyURLSearchParams'.
  Types of property 'append' are incompatible.
    Type '(name: string, value: string) => void' is not assignable to type '() => void'.
      Target signature provides too few arguments. Expected 2 or more, but got 0.
src/features/leads/__tests__/return-lead-dialog.test.tsx(58,52): error TS2345: Argument of type '{ success: true; message: string; }' is not assignable to parameter of type 'ActionState<unknown>'.
  Property 'timestamp' is missing in type '{ success: true; message: string; }' but required in type 'ActionState<unknown>'.
src/features/leads/__tests__/return-lead-dialog.test.tsx(95,52): error TS2345: Argument of type '{ success: true; message: string; }' is not assignable to parameter of type 'ActionState<unknown>'.
  Property 'timestamp' is missing in type '{ success: true; message: string; }' but required in type 'ActionState<unknown>'.
src/features/leads/__tests__/return-lead-dialog.test.tsx(122,52): error TS2345: Argument of type '{ success: false; error: string; }' is not assignable to parameter of type 'ActionState<unknown>'.
  Property 'timestamp' is missing in type '{ success: false; error: string; }' but required in type 'ActionState<unknown>'.
src/features/leads/__tests__/return-lead-dialog.test.tsx(167,67): error TS2345: Argument of type '{ success: true; message: string; }' is not assignable to parameter of type 'ActionState<unknown> | PromiseLike<ActionState<unknown>>'.
  Property 'timestamp' is missing in type '{ success: true; message: string; }' but required in type 'ActionState<unknown>'.
src/features/leads/__tests__/return-lead-dialog.test.tsx(192,52): error TS2345: Argument of type '{ success: true; message: string; }' is not assignable to parameter of type 'ActionState<unknown>'.
  Property 'timestamp' is missing in type '{ success: true; message: string; }' but required in type 'ActionState<unknown>'.
src/features/leads/__tests__/return-lead-dialog.test.tsx(223,52): error TS2345: Argument of type '{ success: true; message: string; }' is not assignable to parameter of type 'ActionState<unknown>'.
  Property 'timestamp' is missing in type '{ success: true; message: string; }' but required in type 'ActionState<unknown>'.
src/features/leads/__tests__/return-lead-dialog.test.tsx(254,52): error TS2345: Argument of type '{ success: true; message: string; }' is not assignable to parameter of type 'ActionState<unknown>'.
  Property 'timestamp' is missing in type '{ success: true; message: string; }' but required in type 'ActionState<unknown>'.
src/features/leads/__tests__/return-lead-dialog.test.tsx(285,67): error TS2345: Argument of type '{ success: true; message: string; }' is not assignable to parameter of type 'ActionState<unknown> | PromiseLike<ActionState<unknown>>'.
  Property 'timestamp' is missing in type '{ success: true; message: string; }' but required in type 'ActionState<unknown>'.
src/features/leads/__tests__/status-workflow.test.ts(56,9): error TS2352: Conversion of type '{ query: { leads: { findMany: Mock<Procedure>; findFirst: Mock<Procedure>; findUnique: Mock<Procedure>; }; }; update: Mock<Procedure>; insert: Mock<...>; delete: Mock<...>; transaction: Mock<...>; }' to type 'MockDb' may be a mistake because neither type sufficiently overlaps with the other. If this was intentional, convert the expression to 'unknown' first.
  Types of property 'query' are incompatible.
    Type '{ leads: { findMany: Mock<Procedure>; findFirst: Mock<Procedure>; findUnique: Mock<Procedure>; }; }' is missing the following properties from type '{ [key: string]: MockDbQuery; leads: MockDbQuery; orders: MockDbQuery; products: MockDbQuery; inventory: MockDbQuery; }': orders, products, inventory
src/features/leads/__tests__/status-workflow.test.ts(109,57): error TS2345: Argument of type '{ user: { id: string; tenantId: string; role: string; }; }' is not assignable to parameter of type 'Procedure | Constructable | undefined'.
src/features/leads/__tests__/status-workflow.test.ts(142,19): error TS2740: Type '{ id: string; status: "PENDING_FOLLOWUP"; tenantId: string; leadNo: string; customerName: string; }' is missing the following properties from type '{ id: string; createdAt: Date | null; updatedAt: Date | null; tenantId: string; deletedAt: Date | null; address: string | null; remark: string | null; tags: string[] | null; ... 21 more ...; lostReason: string | null; }': createdAt, updatedAt, deletedAt, address, and 21 more.
src/features/leads/__tests__/status-workflow.test.ts(161,19): error TS2740: Type '{ id: string; status: "PENDING_DISPATCH"; tenantId: string; leadNo: string; customerName: string; }' is missing the following properties from type '{ id: string; createdAt: Date | null; updatedAt: Date | null; tenantId: string; deletedAt: Date | null; address: string | null; remark: string | null; tags: string[] | null; ... 21 more ...; lostReason: string | null; }': createdAt, updatedAt, deletedAt, address, and 21 more.
src/features/leads/__tests__/status-workflow.test.ts(179,19): error TS2740: Type '{ id: string; status: "FOLLOWING"; tenantId: string; leadNo: string; customerName: string; }' is missing the following properties from type '{ id: string; createdAt: Date | null; updatedAt: Date | null; tenantId: string; deletedAt: Date | null; address: string | null; remark: string | null; tags: string[] | null; ... 21 more ...; lostReason: string | null; }': createdAt, updatedAt, deletedAt, address, and 21 more.
src/features/leads/__tests__/void-lead-dialog.test.tsx(27,9): error TS1308: 'await' expressions are only allowed within async functions and at the top levels of modules.
src/features/leads/__tests__/void-lead-dialog.test.tsx(53,9): error TS1308: 'await' expressions are only allowed within async functions and at the top levels of modules.
src/features/leads/__tests__/void-lead-dialog.test.tsx(81,47): error TS2345: Argument of type '{ success: true; message: string; }' is not assignable to parameter of type 'ActionState<unknown>'.
  Property 'timestamp' is missing in type '{ success: true; message: string; }' but required in type 'ActionState<unknown>'.
src/features/leads/__tests__/void-lead-dialog.test.tsx(113,47): error TS2345: Argument of type '{ success: false; error: string; }' is not assignable to parameter of type 'ActionState<unknown>'.
  Property 'timestamp' is missing in type '{ success: false; error: string; }' but required in type 'ActionState<unknown>'.
src/features/leads/__tests__/void-lead-dialog.test.tsx(156,67): error TS2345: Argument of type '{ success: true; message: string; }' is not assignable to parameter of type 'ActionState<unknown> | PromiseLike<ActionState<unknown>>'.
  Property 'timestamp' is missing in type '{ success: true; message: string; }' but required in type 'ActionState<unknown>'.
src/features/leads/__tests__/void-lead-dialog.test.tsx(181,47): error TS2345: Argument of type '{ success: true; message: string; }' is not assignable to parameter of type 'ActionState<unknown>'.
  Property 'timestamp' is missing in type '{ success: true; message: string; }' but required in type 'ActionState<unknown>'.
src/features/leads/__tests__/void-lead-dialog.test.tsx(213,47): error TS2345: Argument of type '{ success: true; message: string; }' is not assignable to parameter of type 'ActionState<unknown>'.
  Property 'timestamp' is missing in type '{ success: true; message: string; }' but required in type 'ActionState<unknown>'.
src/features/leads/__tests__/void-lead-dialog.test.tsx(245,47): error TS2345: Argument of type '{ success: true; message: string; }' is not assignable to parameter of type 'ActionState<unknown>'.
  Property 'timestamp' is missing in type '{ success: true; message: string; }' but required in type 'ActionState<unknown>'.
src/features/leads/__tests__/void-lead-dialog.test.tsx(283,9): error TS1308: 'await' expressions are only allowed within async functions and at the top levels of modules.
src/features/leads/__tests__/void-lead-dialog.test.tsx(298,9): error TS1308: 'await' expressions are only allowed within async functions and at the top levels of modules.
src/features/monitoring/actions.ts(187,38): error TS2339: Property 'pendingAmount' does not exist on type '{ orderId: string | null; id: string; createdAt: Date | null; updatedAt: Date | null; tenantId: string; remark: string | null; totalAmount: string | null; createdBy: string; ... 5 more ...; reconciliationId: string | null; }'.
src/features/orders/__tests__/order-actions.test.ts(82,46): error TS2345: Argument of type '{ user: { id: string; tenantId: string; name: string; role: string; }; }' is not assignable to parameter of type 'Procedure | Constructable | undefined'.
src/features/orders/__tests__/order-actions.test.ts(90,70): error TS2345: Argument of type '{ id: string; orderNo: string; status: string; }[]' is not assignable to parameter of type '{ id: string; createdAt: Date | null; updatedAt: Date | null; tenantId: string; deletedAt: Date | null; settlementType: "CASH" | "MONTHLY" | null; remark: string | null; ... 24 more ...; closedAt: Date | null; }[]'.
  Type '{ id: string; orderNo: string; status: string; }' is missing the following properties from type '{ id: string; createdAt: Date | null; updatedAt: Date | null; tenantId: string; deletedAt: Date | null; settlementType: "CASH" | "MONTHLY" | null; remark: string | null; ... 24 more ...; closedAt: Date | null; }': createdAt, updatedAt, tenantId, deletedAt, and 25 more.
src/features/orders/__tests__/order-actions.test.ts(130,71): error TS2345: Argument of type '{ id: string; orderNo: string; status: string; quote: { items: never[]; }; }' is not assignable to parameter of type '{ id: string; createdAt: Date | null; updatedAt: Date | null; tenantId: string; deletedAt: Date | null; settlementType: "CASH" | "MONTHLY" | null; remark: string | null; ... 24 more ...; closedAt: Date | null; }'.
  Type '{ id: string; orderNo: string; status: string; quote: { items: never[]; }; }' is missing the following properties from type '{ id: string; createdAt: Date | null; updatedAt: Date | null; tenantId: string; deletedAt: Date | null; settlementType: "CASH" | "MONTHLY" | null; remark: string | null; ... 24 more ...; closedAt: Date | null; }': createdAt, updatedAt, tenantId, deletedAt, and 25 more.
src/features/orders/__tests__/order-actions.test.ts(139,71): error TS2345: Argument of type 'null' is not assignable to parameter of type '{ id: string; createdAt: Date | null; updatedAt: Date | null; tenantId: string; deletedAt: Date | null; settlementType: "CASH" | "MONTHLY" | null; remark: string | null; ... 24 more ...; closedAt: Date | null; } | undefined'.
src/features/orders/__tests__/order-actions.test.ts(159,42): error TS2339: Property 'mockResolvedValue' does not exist on type '<TSelection extends Omit<DBQueryConfig<"many", true, ExtractTablesWithRelations<typeof import("C:/Users/bigey/Documents/Antigravity/L2C/src/shared/api/schema")>, { tsName: "orders"; dbName: "orders"; columns: { ...; }; relations: { ...; }; primaryKey: AnyColumn[]; }>, "limit">>(config?: KnownKeysOnly<...> | undefine...'.
src/features/orders/__tests__/order-actions.test.ts(168,45): error TS2339: Property 'mock' does not exist on type '<TTable extends PgTable>(table: TTable) => PgUpdateBuilder<TTable, PostgresJsQueryResultHKT>'.
src/features/orders/__tests__/order-actions.test.ts(181,17): error TS2561: Object literal may only specify known properties, but 'customer' does not exist in type '{ id: string; createdAt: Date | null; updatedAt: Date | null; tenantId: string; deletedAt: Date | null; settlementType: "CASH" | "MONTHLY" | null; remark: string | null; ... 24 more ...; closedAt: Date | null; }'. Did you mean to write 'customerId'?
src/features/orders/__tests__/order-actions.test.ts(192,42): error TS2339: Property 'mockResolvedValue' does not exist on type '<TSelection extends Omit<DBQueryConfig<"many", true, ExtractTablesWithRelations<typeof import("C:/Users/bigey/Documents/Antigravity/L2C/src/shared/api/schema")>, { tsName: "orders"; dbName: "orders"; columns: { ...; }; relations: { ...; }; primaryKey: AnyColumn[]; }>, "limit">>(config?: KnownKeysOnly<...> | undefine...'.
src/features/orders/__tests__/order-actions.test.ts(210,42): error TS2339: Property 'mockResolvedValue' does not exist on type '<TSelection extends Omit<DBQueryConfig<"many", true, ExtractTablesWithRelations<typeof import("C:/Users/bigey/Documents/Antigravity/L2C/src/shared/api/schema")>, { tsName: "orders"; dbName: "orders"; columns: { ...; }; relations: { ...; }; primaryKey: AnyColumn[]; }>, "limit">>(config?: KnownKeysOnly<...> | undefine...'.
src/features/orders/__tests__/order-actions.test.ts(224,45): error TS2339: Property 'mock' does not exist on type '<TTable extends PgTable>(table: TTable) => PgUpdateBuilder<TTable, PostgresJsQueryResultHKT>'.
src/features/orders/__tests__/order-actions.test.ts(231,42): error TS2339: Property 'mockResolvedValue' does not exist on type '<TSelection extends Omit<DBQueryConfig<"many", true, ExtractTablesWithRelations<typeof import("C:/Users/bigey/Documents/Antigravity/L2C/src/shared/api/schema")>, { tsName: "orders"; dbName: "orders"; columns: { ...; }; relations: { ...; }; primaryKey: AnyColumn[]; }>, "limit">>(config?: KnownKeysOnly<...> | undefine...'.
src/features/orders/__tests__/order-actions.test.ts(246,42): error TS2339: Property 'mockResolvedValue' does not exist on type '<TSelection extends Omit<DBQueryConfig<"many", true, ExtractTablesWithRelations<typeof import("C:/Users/bigey/Documents/Antigravity/L2C/src/shared/api/schema")>, { tsName: "orders"; dbName: "orders"; columns: { ...; }; relations: { ...; }; primaryKey: AnyColumn[]; }>, "limit">>(config?: KnownKeysOnly<...> | undefine...'.
src/features/orders/__tests__/order-actions.test.ts(255,45): error TS2339: Property 'mock' does not exist on type '<TTable extends PgTable>(table: TTable) => PgUpdateBuilder<TTable, PostgresJsQueryResultHKT>'.
src/features/orders/__tests__/order-actions.test.ts(264,42): error TS2339: Property 'mockResolvedValue' does not exist on type '<TSelection extends Omit<DBQueryConfig<"many", true, ExtractTablesWithRelations<typeof import("C:/Users/bigey/Documents/Antigravity/L2C/src/shared/api/schema")>, { tsName: "orders"; dbName: "orders"; columns: { ...; }; relations: { ...; }; primaryKey: AnyColumn[]; }>, "limit">>(config?: KnownKeysOnly<...> | undefine...'.
src/features/orders/__tests__/order-actions.test.ts(276,45): error TS2339: Property 'mock' does not exist on type '<TTable extends PgTable>(table: TTable) => PgUpdateBuilder<TTable, PostgresJsQueryResultHKT>'.
src/features/orders/__tests__/order-actions.test.ts(282,42): error TS2339: Property 'mockResolvedValue' does not exist on type '<TSelection extends Omit<DBQueryConfig<"many", true, ExtractTablesWithRelations<typeof import("C:/Users/bigey/Documents/Antigravity/L2C/src/shared/api/schema")>, { tsName: "orders"; dbName: "orders"; columns: { ...; }; relations: { ...; }; primaryKey: AnyColumn[]; }>, "limit">>(config?: KnownKeysOnly<...> | undefine...'.
src/features/orders/__tests__/order-actions.test.ts(295,42): error TS2339: Property 'mockResolvedValue' does not exist on type '<TSelection extends Omit<DBQueryConfig<"many", true, ExtractTablesWithRelations<typeof import("C:/Users/bigey/Documents/Antigravity/L2C/src/shared/api/schema")>, { tsName: "orders"; dbName: "orders"; columns: { ...; }; relations: { ...; }; primaryKey: AnyColumn[]; }>, "limit">>(config?: KnownKeysOnly<...> | undefine...'.
src/features/orders/__tests__/order-actions.test.ts(312,42): error TS2339: Property 'mockResolvedValue' does not exist on type '<TSelection extends Omit<DBQueryConfig<"many", true, ExtractTablesWithRelations<typeof import("C:/Users/bigey/Documents/Antigravity/L2C/src/shared/api/schema")>, { tsName: "orders"; dbName: "orders"; columns: { ...; }; relations: { ...; }; primaryKey: AnyColumn[]; }>, "limit">>(config?: KnownKeysOnly<...> | undefine...'.
src/features/orders/__tests__/order-actions.test.ts(322,45): error TS2339: Property 'mock' does not exist on type '<TTable extends PgTable>(table: TTable) => PgUpdateBuilder<TTable, PostgresJsQueryResultHKT>'.
src/features/orders/__tests__/order-actions.test.ts(329,42): error TS2339: Property 'mockResolvedValue' does not exist on type '<TSelection extends Omit<DBQueryConfig<"many", true, ExtractTablesWithRelations<typeof import("C:/Users/bigey/Documents/Antigravity/L2C/src/shared/api/schema")>, { tsName: "orders"; dbName: "orders"; columns: { ...; }; relations: { ...; }; primaryKey: AnyColumn[]; }>, "limit">>(config?: KnownKeysOnly<...> | undefine...'.
src/features/orders/__tests__/order-finance-flow.test.ts(159,13): error TS2345: Argument of type '[{ statementId: string; amount: number; method: string; remark: string; }]' is not assignable to parameter of type '[unknown, { statementId: string; amount: number; paymentMethod: "CASH" | "WECHAT" | "ALIPAY" | "BANK_TRANSFER" | "OTHER"; transactionId?: string | undefined; remark?: string | undefined; scheduleId?: string | undefined; proofUrl?: string | undefined; }] | [...]'.
  Type '[{ statementId: string; amount: number; method: string; remark: string; }]' is not assignable to type '[{ statementId: string; amount: number; paymentMethod: "CASH" | "WECHAT" | "ALIPAY" | "BANK_TRANSFER" | "OTHER"; transactionId?: string | undefined; remark?: string | undefined; scheduleId?: string | undefined; proofUrl?: string | undefined; }]'.
    Object literal may only specify known properties, and 'method' does not exist in type '{ statementId: string; amount: number; paymentMethod: "CASH" | "WECHAT" | "ALIPAY" | "BANK_TRANSFER" | "OTHER"; transactionId?: string | undefined; remark?: string | undefined; scheduleId?: string | undefined; proofUrl?: string | undefined; }'.
src/features/orders/__tests__/status-sync.test.ts(36,48): error TS2353: Object literal may only specify known properties, and 'user' does not exist in type 'Procedure | Constructable'.
src/features/orders/__tests__/status-sync.test.ts(48,10): error TS2352: Conversion of type '<TSelection extends Omit<DBQueryConfig<"many", true, ExtractTablesWithRelations<typeof import("C:/Users/bigey/Documents/Antigravity/L2C/src/shared/api/schema")>, { tsName: "orders"; dbName: "orders"; columns: { ...; }; relations: { ...; }; primaryKey: AnyColumn[]; }>, "limit">>(config?: KnownKeysOnly<...> | undefine...' to type '<T extends Procedure | Constructable = Procedure>(originalImplementation?: T | undefined) => Mock<T>' may be a mistake because neither type sufficiently overlaps with the other. If this was intentional, convert the expression to 'unknown' first.
  Type 'PgRelationalQuery<{ id: string; createdAt: Date | null; updatedAt: Date | null; tenantId: string; deletedAt: Date | null; settlementType: "CASH" | "MONTHLY" | null; remark: string | null; ... 24 more ...; closedAt: Date | null; } | ... 7 more ... | undefined>' is not comparable to type 'Mock<any>'.
    Type 'PgRelationalQuery<{ id: string; createdAt: Date | null; updatedAt: Date | null; tenantId: string; deletedAt: Date | null; settlementType: "CASH" | "MONTHLY" | null; remark: string | null; ... 24 more ...; closedAt: Date | null; } | ... 7 more ... | undefined>' is not comparable to type 'MockInstance<any> & { (...args: unknown[]): any; new (...args: unknown[]): any; } & { [x: string]: any; }'.
      Type 'PgRelationalQuery<{ id: string; createdAt: Date | null; updatedAt: Date | null; tenantId: string; deletedAt: Date | null; settlementType: "CASH" | "MONTHLY" | null; remark: string | null; ... 24 more ...; closedAt: Date | null; } | ... 7 more ... | undefined>' is missing the following properties from type 'MockInstance<any>': getMockName, mockName, mock, mockClear, and 14 more.
src/features/orders/__tests__/status-sync.test.ts(48,53): error TS2339: Property 'mockResolvedValue' does not exist on type '<T extends Procedure | Constructable = Procedure>(originalImplementation?: T | undefined) => Mock<T>'.
src/features/orders/__tests__/status-sync.test.ts(72,10): error TS2352: Conversion of type '<TSelection extends Omit<DBQueryConfig<"many", true, ExtractTablesWithRelations<typeof import("C:/Users/bigey/Documents/Antigravity/L2C/src/shared/api/schema")>, { tsName: "orders"; dbName: "orders"; columns: { ...; }; relations: { ...; }; primaryKey: AnyColumn[]; }>, "limit">>(config?: KnownKeysOnly<...> | undefine...' to type '<T extends Procedure | Constructable = Procedure>(originalImplementation?: T | undefined) => Mock<T>' may be a mistake because neither type sufficiently overlaps with the other. If this was intentional, convert the expression to 'unknown' first.
  Type 'PgRelationalQuery<{ id: string; createdAt: Date | null; updatedAt: Date | null; tenantId: string; deletedAt: Date | null; settlementType: "CASH" | "MONTHLY" | null; remark: string | null; ... 24 more ...; closedAt: Date | null; } | ... 7 more ... | undefined>' is not comparable to type 'Mock<any>'.
    Type 'PgRelationalQuery<{ id: string; createdAt: Date | null; updatedAt: Date | null; tenantId: string; deletedAt: Date | null; settlementType: "CASH" | "MONTHLY" | null; remark: string | null; ... 24 more ...; closedAt: Date | null; } | ... 7 more ... | undefined>' is not comparable to type 'MockInstance<any> & { (...args: unknown[]): any; new (...args: unknown[]): any; } & { [x: string]: any; }'.
      Type 'PgRelationalQuery<{ id: string; createdAt: Date | null; updatedAt: Date | null; tenantId: string; deletedAt: Date | null; settlementType: "CASH" | "MONTHLY" | null; remark: string | null; ... 24 more ...; closedAt: Date | null; } | ... 7 more ... | undefined>' is missing the following properties from type 'MockInstance<any>': getMockName, mockName, mock, mockClear, and 14 more.
src/features/orders/__tests__/status-sync.test.ts(72,53): error TS2339: Property 'mockResolvedValue' does not exist on type '<T extends Procedure | Constructable = Procedure>(originalImplementation?: T | undefined) => Mock<T>'.
src/features/orders/__tests__/status-sync.test.ts(92,10): error TS2352: Conversion of type '<TSelection extends Omit<DBQueryConfig<"many", true, ExtractTablesWithRelations<typeof import("C:/Users/bigey/Documents/Antigravity/L2C/src/shared/api/schema")>, { tsName: "orders"; dbName: "orders"; columns: { ...; }; relations: { ...; }; primaryKey: AnyColumn[]; }>, "limit">>(config?: KnownKeysOnly<...> | undefine...' to type '<T extends Procedure | Constructable = Procedure>(originalImplementation?: T | undefined) => Mock<T>' may be a mistake because neither type sufficiently overlaps with the other. If this was intentional, convert the expression to 'unknown' first.
  Type 'PgRelationalQuery<{ id: string; createdAt: Date | null; updatedAt: Date | null; tenantId: string; deletedAt: Date | null; settlementType: "CASH" | "MONTHLY" | null; remark: string | null; ... 24 more ...; closedAt: Date | null; } | ... 7 more ... | undefined>' is not comparable to type 'Mock<any>'.
    Type 'PgRelationalQuery<{ id: string; createdAt: Date | null; updatedAt: Date | null; tenantId: string; deletedAt: Date | null; settlementType: "CASH" | "MONTHLY" | null; remark: string | null; ... 24 more ...; closedAt: Date | null; } | ... 7 more ... | undefined>' is not comparable to type 'MockInstance<any> & { (...args: unknown[]): any; new (...args: unknown[]): any; } & { [x: string]: any; }'.
      Type 'PgRelationalQuery<{ id: string; createdAt: Date | null; updatedAt: Date | null; tenantId: string; deletedAt: Date | null; settlementType: "CASH" | "MONTHLY" | null; remark: string | null; ... 24 more ...; closedAt: Date | null; } | ... 7 more ... | undefined>' is missing the following properties from type 'MockInstance<any>': getMockName, mockName, mock, mockClear, and 14 more.
src/features/orders/__tests__/status-sync.test.ts(92,53): error TS2339: Property 'mockResolvedValueOnce' does not exist on type '<T extends Procedure | Constructable = Procedure>(originalImplementation?: T | undefined) => Mock<T>'.
src/features/orders/__tests__/status-sync.test.ts(109,10): error TS2352: Conversion of type '<TSelection extends Omit<DBQueryConfig<"many", true, ExtractTablesWithRelations<typeof import("C:/Users/bigey/Documents/Antigravity/L2C/src/shared/api/schema")>, { tsName: "orders"; dbName: "orders"; columns: { ...; }; relations: { ...; }; primaryKey: AnyColumn[]; }>, "limit">>(config?: KnownKeysOnly<...> | undefine...' to type '<T extends Procedure | Constructable = Procedure>(originalImplementation?: T | undefined) => Mock<T>' may be a mistake because neither type sufficiently overlaps with the other. If this was intentional, convert the expression to 'unknown' first.
  Type 'PgRelationalQuery<{ id: string; createdAt: Date | null; updatedAt: Date | null; tenantId: string; deletedAt: Date | null; settlementType: "CASH" | "MONTHLY" | null; remark: string | null; ... 24 more ...; closedAt: Date | null; } | ... 7 more ... | undefined>' is not comparable to type 'Mock<any>'.
    Type 'PgRelationalQuery<{ id: string; createdAt: Date | null; updatedAt: Date | null; tenantId: string; deletedAt: Date | null; settlementType: "CASH" | "MONTHLY" | null; remark: string | null; ... 24 more ...; closedAt: Date | null; } | ... 7 more ... | undefined>' is not comparable to type 'MockInstance<any> & { (...args: unknown[]): any; new (...args: unknown[]): any; } & { [x: string]: any; }'.
      Type 'PgRelationalQuery<{ id: string; createdAt: Date | null; updatedAt: Date | null; tenantId: string; deletedAt: Date | null; settlementType: "CASH" | "MONTHLY" | null; remark: string | null; ... 24 more ...; closedAt: Date | null; } | ... 7 more ... | undefined>' is missing the following properties from type 'MockInstance<any>': getMockName, mockName, mock, mockClear, and 14 more.
src/features/orders/__tests__/status-sync.test.ts(109,53): error TS2339: Property 'mockResolvedValueOnce' does not exist on type '<T extends Procedure | Constructable = Procedure>(originalImplementation?: T | undefined) => Mock<T>'.
src/features/orders/__tests__/status-sync.test.ts(118,10): error TS2352: Conversion of type '<TSelection extends Omit<DBQueryConfig<"many", true, ExtractTablesWithRelations<typeof import("C:/Users/bigey/Documents/Antigravity/L2C/src/shared/api/schema")>, { tsName: "orders"; dbName: "orders"; columns: { ...; }; relations: { ...; }; primaryKey: AnyColumn[]; }>, "limit">>(config?: KnownKeysOnly<...> | undefine...' to type '<T extends Procedure | Constructable = Procedure>(originalImplementation?: T | undefined) => Mock<T>' may be a mistake because neither type sufficiently overlaps with the other. If this was intentional, convert the expression to 'unknown' first.
  Type 'PgRelationalQuery<{ id: string; createdAt: Date | null; updatedAt: Date | null; tenantId: string; deletedAt: Date | null; settlementType: "CASH" | "MONTHLY" | null; remark: string | null; ... 24 more ...; closedAt: Date | null; } | ... 7 more ... | undefined>' is not comparable to type 'Mock<any>'.
    Type 'PgRelationalQuery<{ id: string; createdAt: Date | null; updatedAt: Date | null; tenantId: string; deletedAt: Date | null; settlementType: "CASH" | "MONTHLY" | null; remark: string | null; ... 24 more ...; closedAt: Date | null; } | ... 7 more ... | undefined>' is not comparable to type 'MockInstance<any> & { (...args: unknown[]): any; new (...args: unknown[]): any; } & { [x: string]: any; }'.
      Type 'PgRelationalQuery<{ id: string; createdAt: Date | null; updatedAt: Date | null; tenantId: string; deletedAt: Date | null; settlementType: "CASH" | "MONTHLY" | null; remark: string | null; ... 24 more ...; closedAt: Date | null; } | ... 7 more ... | undefined>' is missing the following properties from type 'MockInstance<any>': getMockName, mockName, mock, mockClear, and 14 more.
src/features/orders/__tests__/status-sync.test.ts(118,53): error TS2339: Property 'mockResolvedValue' does not exist on type '<T extends Procedure | Constructable = Procedure>(originalImplementation?: T | undefined) => Mock<T>'.
src/features/orders/__tests__/status-sync.test.ts(134,10): error TS2352: Conversion of type '<TSelection extends Omit<DBQueryConfig<"many", true, ExtractTablesWithRelations<typeof import("C:/Users/bigey/Documents/Antigravity/L2C/src/shared/api/schema")>, { tsName: "orders"; dbName: "orders"; columns: { ...; }; relations: { ...; }; primaryKey: AnyColumn[]; }>, "limit">>(config?: KnownKeysOnly<...> | undefine...' to type '<T extends Procedure | Constructable = Procedure>(originalImplementation?: T | undefined) => Mock<T>' may be a mistake because neither type sufficiently overlaps with the other. If this was intentional, convert the expression to 'unknown' first.
  Type 'PgRelationalQuery<{ id: string; createdAt: Date | null; updatedAt: Date | null; tenantId: string; deletedAt: Date | null; settlementType: "CASH" | "MONTHLY" | null; remark: string | null; ... 24 more ...; closedAt: Date | null; } | ... 7 more ... | undefined>' is not comparable to type 'Mock<any>'.
    Type 'PgRelationalQuery<{ id: string; createdAt: Date | null; updatedAt: Date | null; tenantId: string; deletedAt: Date | null; settlementType: "CASH" | "MONTHLY" | null; remark: string | null; ... 24 more ...; closedAt: Date | null; } | ... 7 more ... | undefined>' is not comparable to type 'MockInstance<any> & { (...args: unknown[]): any; new (...args: unknown[]): any; } & { [x: string]: any; }'.
      Type 'PgRelationalQuery<{ id: string; createdAt: Date | null; updatedAt: Date | null; tenantId: string; deletedAt: Date | null; settlementType: "CASH" | "MONTHLY" | null; remark: string | null; ... 24 more ...; closedAt: Date | null; } | ... 7 more ... | undefined>' is missing the following properties from type 'MockInstance<any>': getMockName, mockName, mock, mockClear, and 14 more.
src/features/orders/__tests__/status-sync.test.ts(134,53): error TS2339: Property 'mockResolvedValue' does not exist on type '<T extends Procedure | Constructable = Procedure>(originalImplementation?: T | undefined) => Mock<T>'.
src/features/orders/__tests__/status-sync.test.ts(149,10): error TS2352: Conversion of type '<TSelection extends Omit<DBQueryConfig<"many", true, ExtractTablesWithRelations<typeof import("C:/Users/bigey/Documents/Antigravity/L2C/src/shared/api/schema")>, { tsName: "orders"; dbName: "orders"; columns: { ...; }; relations: { ...; }; primaryKey: AnyColumn[]; }>, "limit">>(config?: KnownKeysOnly<...> | undefine...' to type '<T extends Procedure | Constructable = Procedure>(originalImplementation?: T | undefined) => Mock<T>' may be a mistake because neither type sufficiently overlaps with the other. If this was intentional, convert the expression to 'unknown' first.
  Type 'PgRelationalQuery<{ id: string; createdAt: Date | null; updatedAt: Date | null; tenantId: string; deletedAt: Date | null; settlementType: "CASH" | "MONTHLY" | null; remark: string | null; ... 24 more ...; closedAt: Date | null; } | ... 7 more ... | undefined>' is not comparable to type 'Mock<any>'.
    Type 'PgRelationalQuery<{ id: string; createdAt: Date | null; updatedAt: Date | null; tenantId: string; deletedAt: Date | null; settlementType: "CASH" | "MONTHLY" | null; remark: string | null; ... 24 more ...; closedAt: Date | null; } | ... 7 more ... | undefined>' is not comparable to type 'MockInstance<any> & { (...args: unknown[]): any; new (...args: unknown[]): any; } & { [x: string]: any; }'.
      Type 'PgRelationalQuery<{ id: string; createdAt: Date | null; updatedAt: Date | null; tenantId: string; deletedAt: Date | null; settlementType: "CASH" | "MONTHLY" | null; remark: string | null; ... 24 more ...; closedAt: Date | null; } | ... 7 more ... | undefined>' is missing the following properties from type 'MockInstance<any>': getMockName, mockName, mock, mockClear, and 14 more.
src/features/orders/__tests__/status-sync.test.ts(149,53): error TS2339: Property 'mockResolvedValue' does not exist on type '<T extends Procedure | Constructable = Procedure>(originalImplementation?: T | undefined) => Mock<T>'.
src/features/orders/logic/order-state-machine.ts(9,20): error TS2741: Property 'PENDING_APPROVAL' is missing in type '{ PENDING_PO: ("IN_PRODUCTION" | "CANCELLED")[]; IN_PRODUCTION: ("PENDING_DELIVERY" | "CANCELLED")[]; PENDING_DELIVERY: ("DISPATCHING" | "CANCELLED")[]; DISPATCHING: ("SHIPPED" | "CANCELLED")[]; ... 4 more ...; CANCELLED: never[]; }' but required in type 'Record<"PENDING_APPROVAL" | "PENDING_PO" | "IN_PRODUCTION" | "PENDING_DELIVERY" | "DISPATCHING" | "SHIPPED" | "PENDING_INSTALL" | "COMPLETED" | "CLOSED" | "CANCELLED", ("PENDING_APPROVAL" | ... 8 more ... | "CANCELLED")[]>'.
src/features/products/__tests__/actions.test.ts(158,48): error TS2345: Argument of type '[{ sku: string; name: string; category: string; unit: string; basePrice: number; costPrice: number; isStockable: boolean; stockQuantity: number; images: never[]; attributes: {}; }]' is not assignable to parameter of type '[unknown, { sku: string; name: string; category: "CURTAIN_FABRIC" | "CURTAIN_SHEER" | "CURTAIN_TRACK" | "CURTAIN_ACCESSORY" | "WALLCLOTH" | "WALLPAPER" | "WALLPANEL" | "WINDOWPAD" | "STANDARD" | "MOTOR"; ... 8 more ...; safetyStock?: number | undefined; }] | [...]'.
  Type '[{ sku: string; name: string; category: string; unit: string; basePrice: number; costPrice: number; isStockable: boolean; stockQuantity: number; images: never[]; attributes: {}; }]' is not assignable to type '[{ sku: string; name: string; category: "CURTAIN_FABRIC" | "CURTAIN_SHEER" | "CURTAIN_TRACK" | "CURTAIN_ACCESSORY" | "WALLCLOTH" | "WALLPAPER" | "WALLPANEL" | "WINDOWPAD" | "STANDARD" | "MOTOR"; ... 8 more ...; safetyStock?: number | undefined; }]'.
    Type '{ sku: string; name: string; category: string; unit: string; basePrice: number; costPrice: number; isStockable: boolean; stockQuantity: number; images: never[]; attributes: {}; }' is not assignable to type '{ sku: string; name: string; category: "CURTAIN_FABRIC" | "CURTAIN_SHEER" | "CURTAIN_TRACK" | "CURTAIN_ACCESSORY" | "WALLCLOTH" | "WALLPAPER" | "WALLPANEL" | "WINDOWPAD" | "STANDARD" | "MOTOR"; ... 8 more ...; safetyStock?: number | undefined; }'.
      Types of property 'category' are incompatible.
        Type 'string' is not assignable to type '"CURTAIN_FABRIC" | "CURTAIN_SHEER" | "CURTAIN_TRACK" | "CURTAIN_ACCESSORY" | "WALLCLOTH" | "WALLPAPER" | "WALLPANEL" | "WINDOWPAD" | "STANDARD" | "MOTOR"'.
src/features/products/__tests__/actions.test.ts(177,48): error TS2345: Argument of type '[{ sku: string; name: string; category: string; unit: string; basePrice: number; }]' is not assignable to parameter of type '[unknown, { sku: string; name: string; category: "CURTAIN_FABRIC" | "CURTAIN_SHEER" | "CURTAIN_TRACK" | "CURTAIN_ACCESSORY" | "WALLCLOTH" | "WALLPAPER" | "WALLPANEL" | "WINDOWPAD" | "STANDARD" | "MOTOR"; ... 8 more ...; safetyStock?: number | undefined; }] | [...]'.
  Type '[{ sku: string; name: string; category: string; unit: string; basePrice: number; }]' is not assignable to type '[{ sku: string; name: string; category: "CURTAIN_FABRIC" | "CURTAIN_SHEER" | "CURTAIN_TRACK" | "CURTAIN_ACCESSORY" | "WALLCLOTH" | "WALLPAPER" | "WALLPANEL" | "WINDOWPAD" | "STANDARD" | "MOTOR"; ... 8 more ...; safetyStock?: number | undefined; }]'.
    Type '{ sku: string; name: string; category: string; unit: string; basePrice: number; }' is missing the following properties from type '{ sku: string; name: string; category: "CURTAIN_FABRIC" | "CURTAIN_SHEER" | "CURTAIN_TRACK" | "CURTAIN_ACCESSORY" | "WALLCLOTH" | "WALLPAPER" | "WALLPANEL" | "WINDOWPAD" | "STANDARD" | "MOTOR"; ... 8 more ...; safetyStock?: number | undefined; }': isStockable, stockQuantity, images, attributes
src/features/products/__tests__/actions.test.ts(193,48): error TS2345: Argument of type '[{ sku: string; name: string; category: string; unit: string; basePrice: number; }]' is not assignable to parameter of type '[unknown, { sku: string; name: string; category: "CURTAIN_FABRIC" | "CURTAIN_SHEER" | "CURTAIN_TRACK" | "CURTAIN_ACCESSORY" | "WALLCLOTH" | "WALLPAPER" | "WALLPANEL" | "WINDOWPAD" | "STANDARD" | "MOTOR"; ... 8 more ...; safetyStock?: number | undefined; }] | [...]'.
  Type '[{ sku: string; name: string; category: string; unit: string; basePrice: number; }]' is not assignable to type '[{ sku: string; name: string; category: "CURTAIN_FABRIC" | "CURTAIN_SHEER" | "CURTAIN_TRACK" | "CURTAIN_ACCESSORY" | "WALLCLOTH" | "WALLPAPER" | "WALLPANEL" | "WINDOWPAD" | "STANDARD" | "MOTOR"; ... 8 more ...; safetyStock?: number | undefined; }]'.
    Type '{ sku: string; name: string; category: string; unit: string; basePrice: number; }' is missing the following properties from type '{ sku: string; name: string; category: "CURTAIN_FABRIC" | "CURTAIN_SHEER" | "CURTAIN_TRACK" | "CURTAIN_ACCESSORY" | "WALLCLOTH" | "WALLPAPER" | "WALLPANEL" | "WINDOWPAD" | "STANDARD" | "MOTOR"; ... 8 more ...; safetyStock?: number | undefined; }': isStockable, stockQuantity, images, attributes
src/features/products/__tests__/actions.test.ts(209,48): error TS2345: Argument of type '[{ sku: string; name: string; category: string; unit: string; basePrice: number; }]' is not assignable to parameter of type '[unknown, { sku: string; name: string; category: "CURTAIN_FABRIC" | "CURTAIN_SHEER" | "CURTAIN_TRACK" | "CURTAIN_ACCESSORY" | "WALLCLOTH" | "WALLPAPER" | "WALLPANEL" | "WINDOWPAD" | "STANDARD" | "MOTOR"; ... 8 more ...; safetyStock?: number | undefined; }] | [...]'.
  Type '[{ sku: string; name: string; category: string; unit: string; basePrice: number; }]' is not assignable to type '[{ sku: string; name: string; category: "CURTAIN_FABRIC" | "CURTAIN_SHEER" | "CURTAIN_TRACK" | "CURTAIN_ACCESSORY" | "WALLCLOTH" | "WALLPAPER" | "WALLPANEL" | "WINDOWPAD" | "STANDARD" | "MOTOR"; ... 8 more ...; safetyStock?: number | undefined; }]'.
    Type '{ sku: string; name: string; category: string; unit: string; basePrice: number; }' is missing the following properties from type '{ sku: string; name: string; category: "CURTAIN_FABRIC" | "CURTAIN_SHEER" | "CURTAIN_TRACK" | "CURTAIN_ACCESSORY" | "WALLCLOTH" | "WALLPAPER" | "WALLPANEL" | "WINDOWPAD" | "STANDARD" | "MOTOR"; ... 8 more ...; safetyStock?: number | undefined; }': isStockable, stockQuantity, images, attributes
src/features/products/components/product-import-dialog.tsx(202,46): error TS2345: Argument of type '[{ products: { sku: string; name: string; category: string; unit: string; basePrice: number; costPrice?: number | undefined; stockQuantity: number; safetyStock?: number | undefined; attributes: { ...; }; }[]; }]' is not assignable to parameter of type '[unknown, { products: { sku: string; name: string; category: "CURTAIN_FABRIC" | "CURTAIN_SHEER" | "CURTAIN_TRACK" | "CURTAIN_ACCESSORY" | "WALLCLOTH" | "WALLPAPER" | "WALLPANEL" | "WINDOWPAD" | "STANDARD" | "MOTOR"; ... 8 more ...; safetyStock?: number | undefined; }[]; }] | [...]'.
  Type '[{ products: { sku: string; name: string; category: string; unit: string; basePrice: number; costPrice?: number | undefined; stockQuantity: number; safetyStock?: number | undefined; attributes: { ...; }; }[]; }]' is not assignable to type '[{ products: { sku: string; name: string; category: "CURTAIN_FABRIC" | "CURTAIN_SHEER" | "CURTAIN_TRACK" | "CURTAIN_ACCESSORY" | "WALLCLOTH" | "WALLPAPER" | "WALLPANEL" | "WINDOWPAD" | "STANDARD" | "MOTOR"; ... 8 more ...; safetyStock?: number | undefined; }[]; }]'.
    Type '{ products: { sku: string; name: string; category: string; unit: string; basePrice: number; costPrice?: number; stockQuantity: number; safetyStock?: number; attributes: { fabricWidth?: string | number; material?: string; patternRepeat?: string | number; }; }[]; }' is not assignable to type '{ products: { sku: string; name: string; category: "CURTAIN_FABRIC" | "CURTAIN_SHEER" | "CURTAIN_TRACK" | "CURTAIN_ACCESSORY" | "WALLCLOTH" | "WALLPAPER" | "WALLPANEL" | "WINDOWPAD" | "STANDARD" | "MOTOR"; ... 8 more ...; safetyStock?: number | undefined; }[]; }'.
      Types of property 'products' are incompatible.
        Type '{ sku: string; name: string; category: string; unit: string; basePrice: number; costPrice?: number | undefined; stockQuantity: number; safetyStock?: number | undefined; attributes: { fabricWidth?: string | ... 1 more ... | undefined; material?: string | undefined; patternRepeat?: string | ... 1 more ... | undefined;...' is not assignable to type '{ sku: string; name: string; category: "CURTAIN_FABRIC" | "CURTAIN_SHEER" | "CURTAIN_TRACK" | "CURTAIN_ACCESSORY" | "WALLCLOTH" | "WALLPAPER" | "WALLPANEL" | "WINDOWPAD" | "STANDARD" | "MOTOR"; ... 8 more ...; safetyStock?: number | undefined; }[]'.
          Type '{ sku: string; name: string; category: string; unit: string; basePrice: number; costPrice?: number | undefined; stockQuantity: number; safetyStock?: number | undefined; attributes: { fabricWidth?: string | ... 1 more ... | undefined; material?: string | undefined; patternRepeat?: string | ... 1 more ... | undefined;...' is missing the following properties from type '{ sku: string; name: string; category: "CURTAIN_FABRIC" | "CURTAIN_SHEER" | "CURTAIN_TRACK" | "CURTAIN_ACCESSORY" | "WALLCLOTH" | "WALLPAPER" | "WALLPANEL" | "WINDOWPAD" | "STANDARD" | "MOTOR"; ... 8 more ...; safetyStock?: number | undefined; }': isStockable, images
src/features/quotes/__tests__/actions.test.ts(140,33): error TS2339: Property 'page' does not exist on type '{ data: { id: string; createdAt: Date | null; updatedAt: Date | null; tenantId: string; deletedAt: Date | null; category: "WALLCLOTH" | "WALLPAPER" | "STANDARD" | "OTHER" | ... 4 more ... | null; ... 21 more ...; customer: { ...; }; }[]; total: number; totalPages: number; }'.
src/features/quotes/__tests__/actions.test.ts(141,33): error TS2339: Property 'pageSize' does not exist on type '{ data: { id: string; createdAt: Date | null; updatedAt: Date | null; tenantId: string; deletedAt: Date | null; category: "WALLCLOTH" | "WALLPAPER" | "STANDARD" | "OTHER" | ... 4 more ... | null; ... 21 more ...; customer: { ...; }; }[]; total: number; totalPages: number; }'.
src/features/quotes/__tests__/actions.test.ts(218,46): error TS2345: Argument of type '[{ success: boolean; timestamp: number; }, { customerId: string; leadId: string; totalAmount: number; discountAmount: number; finalAmount: number; measurementFee: number; installationFee: number; freightFee: number; items: { ...; }[]; }]' is not assignable to parameter of type '[unknown, { customerId: string; totalAmount: number; discountAmount: number; finalAmount: number; measurementFee: number; installationFee: number; freightFee: number; leadId?: string | undefined; bundleId?: string | undefined; items?: { ...; }[] | undefined; remark?: string | undefined; }] | [...]'.
  Type '[{ success: boolean; timestamp: number; }, { customerId: string; leadId: string; totalAmount: number; discountAmount: number; finalAmount: number; measurementFee: number; installationFee: number; freightFee: number; items: { ...; }[]; }]' is not assignable to type '[unknown, { customerId: string; totalAmount: number; discountAmount: number; finalAmount: number; measurementFee: number; installationFee: number; freightFee: number; leadId?: string | undefined; bundleId?: string | undefined; items?: { ...; }[] | undefined; remark?: string | undefined; }]'.
    Type at position 1 in source is not compatible with type at position 1 in target.
      The types of 'items' are incompatible between these types.
        Type '{ productName: string; category: string; unitPrice: number; quantity: number; subtotal: number; }[]' is not assignable to type '{ productName: string; category: "CURTAIN_FABRIC" | "CURTAIN_SHEER" | "CURTAIN_TRACK" | "CURTAIN_ACCESSORY" | "WALLCLOTH" | "WALLPAPER" | "WALLPANEL" | "WINDOWPAD" | "STANDARD" | "MOTOR"; ... 29 more ...; parentItemId?: string | undefined; }[]'.
          Type '{ productName: string; category: string; unitPrice: number; quantity: number; subtotal: number; }' is missing the following properties from type '{ productName: string; category: "CURTAIN_FABRIC" | "CURTAIN_SHEER" | "CURTAIN_TRACK" | "CURTAIN_ACCESSORY" | "WALLCLOTH" | "WALLPAPER" | "WALLPANEL" | "WINDOWPAD" | "STANDARD" | "MOTOR"; ... 29 more ...; parentItemId?: string | undefined; }': isActiveVersion, installMethod, installPosition, openingStyle, isAccessory
src/features/quotes/__tests__/aggregation.test.ts(28,37): error TS18046: 'db' is of type 'unknown'.
src/features/quotes/__tests__/aggregation.test.ts(46,13): error TS2322: Type '(...args: [unknown, { customerId: string; summaryMode: "BY_CATEGORY" | "BY_ROOM"; leadId?: string | undefined; remark?: string | undefined; }] | [{ customerId: string; summaryMode: "BY_CATEGORY" | "BY_ROOM"; leadId?: string | undefined; remark?: string | undefined; }]) => Promise<...>' is not assignable to type '(data: unknown) => Promise<{ success: boolean; data: { id: string; }; }>'.
  Types of parameters 'args' and 'data' are incompatible.
    Type '[data: unknown]' is not assignable to type '[unknown, { customerId: string; summaryMode: "BY_CATEGORY" | "BY_ROOM"; leadId?: string | undefined; remark?: string | undefined; }] | [{ customerId: string; summaryMode: "BY_CATEGORY" | "BY_ROOM"; leadId?: string | undefined; remark?: string | undefined; }]'.
      Type '[data: unknown]' is not assignable to type '[{ customerId: string; summaryMode: "BY_CATEGORY" | "BY_ROOM"; leadId?: string | undefined; remark?: string | undefined; }]'.
        Type 'unknown' is not assignable to type '{ customerId: string; summaryMode: "BY_CATEGORY" | "BY_ROOM"; leadId?: string | undefined; remark?: string | undefined; }'.
src/features/quotes/__tests__/aggregation.test.ts(47,13): error TS2322: Type '(...args: [unknown, { id: string; }] | [{ id: string; }]) => Promise<ActionState<{ id: string; createdAt: Date | null; updatedAt: Date | null; tenantId: string; remark: string | null; totalAmount: string | null; ... 19 more ...; lead: { ...; } | null; }>>' is not assignable to type '(id: string) => Promise<{ success: boolean; data: unknown; }>'.
  Types of parameters 'args' and 'id' are incompatible.
    Type '[id: string]' is not assignable to type '[unknown, { id: string; }] | [{ id: string; }]'.
      Type '[id: string]' is not assignable to type '[{ id: string; }]'.
        Type 'string' is not assignable to type '{ id: string; }'.
src/features/quotes/__tests__/aggregation.test.ts(48,13): error TS2322: Type '(...args: [unknown, { customerId: string; totalAmount: number; discountAmount: number; finalAmount: number; measurementFee: number; installationFee: number; freightFee: number; leadId?: string | undefined; bundleId?: string | undefined; items?: { ...; }[] | undefined; remark?: string | undefined; }] | [...]) => Prom...' is not assignable to type '(data: unknown) => Promise<{ success: boolean; data: unknown; }>'.
  Types of parameters 'args' and 'data' are incompatible.
    Type '[data: unknown]' is not assignable to type '[unknown, { customerId: string; totalAmount: number; discountAmount: number; finalAmount: number; measurementFee: number; installationFee: number; freightFee: number; leadId?: string | undefined; bundleId?: string | undefined; items?: { ...; }[] | undefined; remark?: string | undefined; }] | [...]'.
      Type '[data: unknown]' is not assignable to type '[{ customerId: string; totalAmount: number; discountAmount: number; finalAmount: number; measurementFee: number; installationFee: number; freightFee: number; leadId?: string | undefined; bundleId?: string | undefined; items?: { ...; }[] | undefined; remark?: string | undefined; }]'.
        Type 'unknown' is not assignable to type '{ customerId: string; totalAmount: number; discountAmount: number; finalAmount: number; measurementFee: number; installationFee: number; freightFee: number; leadId?: string | undefined; bundleId?: string | undefined; items?: { ...; }[] | undefined; remark?: string | undefined; }'.
src/features/quotes/__tests__/aggregation.test.ts(51,36): error TS18046: 'db' is of type 'unknown'.
src/features/quotes/__tests__/aggregation.test.ts(57,32): error TS18046: 'db' is of type 'unknown'.
src/features/quotes/__tests__/aggregation.test.ts(95,42): error TS2345: Argument of type '{ id: string; }' is not assignable to parameter of type 'string'.
src/features/quotes/__tests__/aggregation.test.ts(96,23): error TS18046: 'b.data' is of type 'unknown'.
src/features/quotes/__tests__/aggregation.test.ts(97,23): error TS18046: 'b.data' is of type 'unknown'.
src/features/quotes/__tests__/aggregation.test.ts(114,38): error TS2345: Argument of type '{ id: string; }' is not assignable to parameter of type 'string'.
src/features/quotes/__tests__/aggregation.test.ts(115,23): error TS18046: 'b.data' is of type 'unknown'.
src/features/quotes/__tests__/aggregation.test.ts(116,23): error TS18046: 'b.data' is of type 'unknown'.
src/features/quotes/__tests__/bundle-flow.test.ts(65,24): error TS2322: Type '(c: typeof import("@/shared/api/schema").customers, { eq }: { eq: typeof import("drizzle-orm").eq; }) => SQL<unknown>' is not assignable to type 'SQL<unknown> | ((fields: { id: PgColumn<{ name: "id"; tableName: "customers"; dataType: "string"; columnType: "PgUUID"; data: string; driverParam: string; notNull: true; hasDefault: true; isPrimaryKey: true; ... 5 more ...; generated: undefined; }, {}, {}>; ... 30 more ...; deletedAt: PgColumn<...>; }, operators: { ...'.
  Type '(c: typeof import("@/shared/api/schema").customers, { eq }: { eq: typeof import("drizzle-orm").eq; }) => SQL<unknown>' is not assignable to type '(fields: { id: PgColumn<{ name: "id"; tableName: "customers"; dataType: "string"; columnType: "PgUUID"; data: string; driverParam: string; notNull: true; hasDefault: true; isPrimaryKey: true; isAutoincrement: false; ... 4 more ...; generated: undefined; }, {}, {}>; ... 30 more ...; deletedAt: PgColumn<...>; }, opera...'.
    Types of parameters 'c' and 'fields' are incompatible.
      Type '{ id: PgColumn<{ name: "id"; tableName: "customers"; dataType: "string"; columnType: "PgUUID"; data: string; driverParam: string; notNull: true; hasDefault: true; isPrimaryKey: true; isAutoincrement: false; ... 4 more ...; generated: undefined; }, {}, {}>; ... 30 more ...; deletedAt: PgColumn<...>; }' is not assignable to type 'PgTableWithColumns<{ name: "customers"; schema: undefined; columns: { id: PgColumn<{ name: "id"; tableName: "customers"; dataType: "string"; columnType: "PgUUID"; data: string; driverParam: string; notNull: true; hasDefault: true; ... 6 more ...; generated: undefined; }, {}, {}>; ... 30 more ...; deletedAt: PgColumn...'.
        Type '{ id: PgColumn<{ name: "id"; tableName: "customers"; dataType: "string"; columnType: "PgUUID"; data: string; driverParam: string; notNull: true; hasDefault: true; isPrimaryKey: true; isAutoincrement: false; ... 4 more ...; generated: undefined; }, {}, {}>; ... 30 more ...; deletedAt: PgColumn<...>; }' is missing the following properties from type 'PgTable<{ name: "customers"; schema: undefined; columns: { id: PgColumn<{ name: "id"; tableName: "customers"; dataType: "string"; columnType: "PgUUID"; data: string; driverParam: string; notNull: true; hasDefault: true; ... 6 more ...; generated: undefined; }, {}, {}>; ... 30 more ...; deletedAt: PgColumn<...>; }; d...': _, $inferSelect, $inferInsert, getSQL
src/features/quotes/__tests__/bundle-flow.test.ts(72,17): error TS2322: Type 'string | undefined' is not assignable to type 'string'.
  Type 'undefined' is not assignable to type 'string'.
src/features/quotes/__tests__/bundle-flow.test.ts(77,24): error TS2322: Type '(l: typeof import("@/shared/api/schema").leads, { eq }: { eq: typeof import("drizzle-orm").eq; }) => SQL<unknown>' is not assignable to type 'SQL<unknown> | ((fields: { id: PgColumn<{ name: "id"; tableName: "leads"; dataType: "string"; columnType: "PgUUID"; data: string; driverParam: string; notNull: true; hasDefault: true; isPrimaryKey: true; isAutoincrement: false; ... 4 more ...; generated: undefined; }, {}, {}>; ... 28 more ...; deletedAt: PgColumn<.....'.
  Type '(l: typeof import("@/shared/api/schema").leads, { eq }: { eq: typeof import("drizzle-orm").eq; }) => SQL<unknown>' is not assignable to type '(fields: { id: PgColumn<{ name: "id"; tableName: "leads"; dataType: "string"; columnType: "PgUUID"; data: string; driverParam: string; notNull: true; hasDefault: true; isPrimaryKey: true; isAutoincrement: false; ... 4 more ...; generated: undefined; }, {}, {}>; ... 28 more ...; deletedAt: PgColumn<...>; }, operators...'.
    Types of parameters 'l' and 'fields' are incompatible.
      Type '{ id: PgColumn<{ name: "id"; tableName: "leads"; dataType: "string"; columnType: "PgUUID"; data: string; driverParam: string; notNull: true; hasDefault: true; isPrimaryKey: true; isAutoincrement: false; ... 4 more ...; generated: undefined; }, {}, {}>; ... 28 more ...; deletedAt: PgColumn<...>; }' is not assignable to type 'PgTableWithColumns<{ name: "leads"; schema: undefined; columns: { id: PgColumn<{ name: "id"; tableName: "leads"; dataType: "string"; columnType: "PgUUID"; data: string; driverParam: string; notNull: true; hasDefault: true; ... 6 more ...; generated: undefined; }, {}, {}>; ... 28 more ...; deletedAt: PgColumn<...>; }...'.
        Type '{ id: PgColumn<{ name: "id"; tableName: "leads"; dataType: "string"; columnType: "PgUUID"; data: string; driverParam: string; notNull: true; hasDefault: true; isPrimaryKey: true; isAutoincrement: false; ... 4 more ...; generated: undefined; }, {}, {}>; ... 28 more ...; deletedAt: PgColumn<...>; }' is missing the following properties from type 'PgTable<{ name: "leads"; schema: undefined; columns: { id: PgColumn<{ name: "id"; tableName: "leads"; dataType: "string"; columnType: "PgUUID"; data: string; driverParam: string; notNull: true; hasDefault: true; ... 6 more ...; generated: undefined; }, {}, {}>; ... 28 more ...; deletedAt: PgColumn<...>; }; dialect: ...': _, $inferSelect, $inferInsert, getSQL
src/features/quotes/__tests__/bundle-flow.test.ts(115,13): error TS2345: Argument of type '[{ customerId: string; leadId: string; bundleId: string | undefined; category: string; totalAmount: number; discountAmount: number; finalAmount: number; measurementFee: number; installationFee: number; freightFee: number; remark: string; }]' is not assignable to parameter of type '[unknown, { customerId: string; totalAmount: number; discountAmount: number; finalAmount: number; measurementFee: number; installationFee: number; freightFee: number; leadId?: string | undefined; bundleId?: string | undefined; items?: { ...; }[] | undefined; remark?: string | undefined; }] | [...]'.
  Type '[{ customerId: string; leadId: string; bundleId: string | undefined; category: string; totalAmount: number; discountAmount: number; finalAmount: number; measurementFee: number; installationFee: number; freightFee: number; remark: string; }]' is not assignable to type '[{ customerId: string; totalAmount: number; discountAmount: number; finalAmount: number; measurementFee: number; installationFee: number; freightFee: number; leadId?: string | undefined; bundleId?: string | undefined; items?: { ...; }[] | undefined; remark?: string | undefined; }]'.
    Object literal may only specify known properties, and 'category' does not exist in type '{ customerId: string; totalAmount: number; discountAmount: number; finalAmount: number; measurementFee: number; installationFee: number; freightFee: number; leadId?: string | undefined; bundleId?: string | undefined; items?: { ...; }[] | undefined; remark?: string | undefined; }'.
src/features/quotes/__tests__/quick-quote.test.ts(183,21): error TS2345: Argument of type '[{ leadId: string; planType: string; rooms: { name: string; width: number; height: number; hasSheer: true; hasBox: boolean; windowType: string; hasFabric: true; }[]; }]' is not assignable to parameter of type '[unknown, { leadId: string; planType: string; rooms: { name: string; width: number; hasFabric: boolean; hasSheer: boolean; height?: number | undefined; }[]; customerId?: string | null | undefined; bundleId?: string | undefined; category?: string | undefined; }] | [...]'.
  Type '[{ leadId: string; planType: string; rooms: { name: string; width: number; height: number; hasSheer: true; hasBox: boolean; windowType: string; hasFabric: true; }[]; }]' is not assignable to type '[{ leadId: string; planType: string; rooms: { name: string; width: number; hasFabric: boolean; hasSheer: boolean; height?: number | undefined; }[]; customerId?: string | null | undefined; bundleId?: string | undefined; category?: string | undefined; }]'.
    Type '{ leadId: string; planType: string; rooms: { name: string; width: number; height: number; hasSheer: true; hasBox: boolean; windowType: string; hasFabric: true; }[]; }' is not assignable to type '{ leadId: string; planType: string; rooms: { name: string; width: number; hasFabric: boolean; hasSheer: boolean; height?: number | undefined; }[]; customerId?: string | null | undefined; bundleId?: string | undefined; category?: string | undefined; }'.
      Types of property 'rooms' are incompatible.
        Type '{ name: string; width: number; height: number; hasSheer: true; hasBox: boolean; windowType: string; hasFabric: true; }[]' is not assignable to type '{ name: string; width: number; hasFabric: boolean; hasSheer: boolean; height?: number | undefined; }[]'.
          Object literal may only specify known properties, and 'hasBox' does not exist in type '{ name: string; width: number; hasFabric: boolean; hasSheer: boolean; height?: number | undefined; }'.
src/features/quotes/actions.ts(25,1): error TS2308: Module './calc-strategies' has already exported a member named 'ProductCategory'. Consider explicitly re-exporting to resolve the ambiguity.
src/features/quotes/calc-strategies/__tests__/wallpaper-strategy.test.ts(62,20): error TS18048: 'result.details' is possibly 'undefined'.
src/features/quotes/calc-strategies/__tests__/wallpaper-strategy.test.ts(83,20): error TS18048: 'result.details' is possibly 'undefined'.
src/features/quotes/calc-strategies/__tests__/wallpaper-strategy.test.ts(139,20): error TS18048: 'result.details' is possibly 'undefined'.
src/features/quotes/calc-strategies/__tests__/wallpaper-strategy.test.ts(140,20): error TS18048: 'result.details' is possibly 'undefined'.
src/features/quotes/components/curtain-calc-settings-form.tsx(60,57): error TS2345: Argument of type '[{ includeGroundClearance: boolean; includeTrackHeight: boolean; includeSideLoss: boolean; sideLoss: number; headerLossWrapped: number; headerLossAttached: number; bottomLoss: number; fixedHeightThreshold: number; allowManualPriceEdit: boolean; }]' is not assignable to parameter of type '[unknown, { includeGroundClearance: boolean; includeTrackHeight: boolean; includeSideLoss: boolean; sideLoss: number; headerLossWrapped: number; headerLossAttached: number; bottomLoss: number; ... 6 more ...; smallBottomThreshold: number; }] | [...]'.
  Type '[{ includeGroundClearance: boolean; includeTrackHeight: boolean; includeSideLoss: boolean; sideLoss: number; headerLossWrapped: number; headerLossAttached: number; bottomLoss: number; fixedHeightThreshold: number; allowManualPriceEdit: boolean; }]' is not assignable to type '[{ includeGroundClearance: boolean; includeTrackHeight: boolean; includeSideLoss: boolean; sideLoss: number; headerLossWrapped: number; headerLossAttached: number; bottomLoss: number; ... 6 more ...; smallBottomThreshold: number; }]'.
    Type '{ includeGroundClearance: boolean; includeTrackHeight: boolean; includeSideLoss: boolean; sideLoss: number; headerLossWrapped: number; headerLossAttached: number; bottomLoss: number; fixedHeightThreshold: number; allowManualPriceEdit: boolean; }' is missing the following properties from type '{ includeGroundClearance: boolean; includeTrackHeight: boolean; includeSideLoss: boolean; sideLoss: number; headerLossWrapped: number; headerLossAttached: number; bottomLoss: number; fixedHeightThreshold: number; ... 5 more ...; smallBottomThreshold: number; }': foldRatioMin, foldRatioMax, foldRatioStep, foldRatioDefault, smallBottomThreshold
src/features/quotes/components/quote-bundle-editor.tsx(390,41): error TS2304: Cannot find name 'calculateAttachmentAmount'.
src/features/quotes/components/quote-bundle-editor.tsx(480,41): error TS2304: Cannot find name 'calculateAttachmentAmount'.
src/features/quotes/components/quote-bundle-editor.tsx(811,13): error TS2322: Type '{ name: string; quantity: number; unitPrice: number; amount: number; unit?: string | undefined; roomName: string; width?: number | undefined; height?: number | undefined; installPosition?: string | undefined; ... 6 more ...; warnings?: CurtainCalcWarning[] | undefined; }[]' is not assignable to type 'ExtendedItem[]'.
  Property 'id' is missing in type '{ name: string; quantity: number; unitPrice: number; amount: number; unit?: string | undefined; roomName: string; width?: number | undefined; height?: number | undefined; installPosition?: string | undefined; ... 6 more ...; warnings?: CurtainCalcWarning[] | undefined; }' but required in type 'ExtendedItem'.
src/features/quotes/components/quote-bundle-editor.tsx(816,59): error TS2304: Cannot find name 'ProductSearchResult'.
src/features/quotes/components/quote-bundle-editor.tsx(981,91): error TS2304: Cannot find name 'ProductSearchResult'.
src/features/quotes/components/quote-bundle-editor.tsx(990,57): error TS2304: Cannot find name 'ATTACHMENT_UNIT_OPTIONS'.
src/features/quotes/components/quote-version-compare-view.tsx(13,10): error TS2459: Module '"./quote-bundle-editor"' declares 'ExtendedItem' locally, but it is not exported.
src/features/quotes/logic/compare-utils.ts(1,10): error TS2459: Module '"../components/quote-bundle-editor"' declares 'ExtendedItem' locally, but it is not exported.
src/features/quotes/logic/compare-utils.ts(57,21): error TS2538: Type 'symbol' cannot be used as an index type.
src/features/service/installation/__tests__/install-tasks.test.ts(193,61): error TS2345: Argument of type '[{ orderId: string; category: string; }]' is not assignable to parameter of type '[unknown, { orderId: string; category: "CURTAIN_FABRIC" | "CURTAIN_SHEER" | "CURTAIN_TRACK" | "CURTAIN_ACCESSORY" | "WALLCLOTH" | "WALLPAPER" | "WALLPANEL" | "WINDOWPAD" | "STANDARD" | "MOTOR"; }] | [...]'.
  Type '[{ orderId: string; category: string; }]' is not assignable to type '[{ orderId: string; category: "CURTAIN_FABRIC" | "CURTAIN_SHEER" | "CURTAIN_TRACK" | "CURTAIN_ACCESSORY" | "WALLCLOTH" | "WALLPAPER" | "WALLPANEL" | "WINDOWPAD" | "STANDARD" | "MOTOR"; }]'.
    Type '{ orderId: string; category: string; }' is not assignable to type '{ orderId: string; category: "CURTAIN_FABRIC" | "CURTAIN_SHEER" | "CURTAIN_TRACK" | "CURTAIN_ACCESSORY" | "WALLCLOTH" | "WALLPAPER" | "WALLPANEL" | "WINDOWPAD" | "STANDARD" | "MOTOR"; }'.
      Types of property 'category' are incompatible.
        Type 'string' is not assignable to type '"CURTAIN_FABRIC" | "CURTAIN_SHEER" | "CURTAIN_TRACK" | "CURTAIN_ACCESSORY" | "WALLCLOTH" | "WALLPAPER" | "WALLPANEL" | "WINDOWPAD" | "STANDARD" | "MOTOR"'.
src/features/service/installation/__tests__/install-tasks.test.ts(205,61): error TS2345: Argument of type '[{ orderId: string; category: string; }]' is not assignable to parameter of type '[unknown, { orderId: string; category: "CURTAIN_FABRIC" | "CURTAIN_SHEER" | "CURTAIN_TRACK" | "CURTAIN_ACCESSORY" | "WALLCLOTH" | "WALLPAPER" | "WALLPANEL" | "WINDOWPAD" | "STANDARD" | "MOTOR"; }] | [...]'.
  Type '[{ orderId: string; category: string; }]' is not assignable to type '[{ orderId: string; category: "CURTAIN_FABRIC" | "CURTAIN_SHEER" | "CURTAIN_TRACK" | "CURTAIN_ACCESSORY" | "WALLCLOTH" | "WALLPAPER" | "WALLPANEL" | "WINDOWPAD" | "STANDARD" | "MOTOR"; }]'.
    Type '{ orderId: string; category: string; }' is not assignable to type '{ orderId: string; category: "CURTAIN_FABRIC" | "CURTAIN_SHEER" | "CURTAIN_TRACK" | "CURTAIN_ACCESSORY" | "WALLCLOTH" | "WALLPAPER" | "WALLPANEL" | "WINDOWPAD" | "STANDARD" | "MOTOR"; }'.
      Types of property 'category' are incompatible.
        Type 'string' is not assignable to type '"CURTAIN_FABRIC" | "CURTAIN_SHEER" | "CURTAIN_TRACK" | "CURTAIN_ACCESSORY" | "WALLCLOTH" | "WALLPAPER" | "WALLPANEL" | "WINDOWPAD" | "STANDARD" | "MOTOR"'.
src/features/service/installation/__tests__/install-tasks.test.ts(234,61): error TS2345: Argument of type '[{ orderId: string; category: string; }]' is not assignable to parameter of type '[unknown, { orderId: string; category: "CURTAIN_FABRIC" | "CURTAIN_SHEER" | "CURTAIN_TRACK" | "CURTAIN_ACCESSORY" | "WALLCLOTH" | "WALLPAPER" | "WALLPANEL" | "WINDOWPAD" | "STANDARD" | "MOTOR"; }] | [...]'.
  Type '[{ orderId: string; category: string; }]' is not assignable to type '[{ orderId: string; category: "CURTAIN_FABRIC" | "CURTAIN_SHEER" | "CURTAIN_TRACK" | "CURTAIN_ACCESSORY" | "WALLCLOTH" | "WALLPAPER" | "WALLPANEL" | "WINDOWPAD" | "STANDARD" | "MOTOR"; }]'.
    Type '{ orderId: string; category: string; }' is not assignable to type '{ orderId: string; category: "CURTAIN_FABRIC" | "CURTAIN_SHEER" | "CURTAIN_TRACK" | "CURTAIN_ACCESSORY" | "WALLCLOTH" | "WALLPAPER" | "WALLPANEL" | "WINDOWPAD" | "STANDARD" | "MOTOR"; }'.
      Types of property 'category' are incompatible.
        Type 'string' is not assignable to type '"CURTAIN_FABRIC" | "CURTAIN_SHEER" | "CURTAIN_TRACK" | "CURTAIN_ACCESSORY" | "WALLCLOTH" | "WALLPAPER" | "WALLPANEL" | "WINDOWPAD" | "STANDARD" | "MOTOR"'.
src/features/service/measurement/__tests__/actions.test.ts(117,52): error TS2345: Argument of type '[{ leadId: string; scheduledAt: Date; }]' is not assignable to parameter of type '[unknown, { leadId: string; categories: string[]; requiredSkills: string[]; scheduledAt?: Date | undefined; remark?: string | undefined; workerId?: string | undefined; }] | [{ leadId: string; ... 4 more ...; workerId?: string | undefined; }]'.
  Type '[{ leadId: string; scheduledAt: Date; }]' is not assignable to type '[{ leadId: string; categories: string[]; requiredSkills: string[]; scheduledAt?: Date | undefined; remark?: string | undefined; workerId?: string | undefined; }]'.
    Type '{ leadId: string; scheduledAt: Date; }' is missing the following properties from type '{ leadId: string; categories: string[]; requiredSkills: string[]; scheduledAt?: Date | undefined; remark?: string | undefined; workerId?: string | undefined; }': categories, requiredSkills
src/features/service/measurement/__tests__/actions.test.ts(123,33): error TS2339: Property 'id' does not exist on type '{ id: string; isActive: boolean | null; createdAt: Date | null; updatedAt: Date | null; tenantId: string; category: "CURTAIN_FABRIC" | "CURTAIN_SHEER" | "CURTAIN_TRACK" | ... 7 more ... | null; ... 26 more ...; attachments: unknown; }[]'.
src/features/service/measurement/__tests__/actions.test.ts(124,33): error TS2339: Property 'measureNo' does not exist on type '{ id: string; isActive: boolean | null; createdAt: Date | null; updatedAt: Date | null; tenantId: string; category: "CURTAIN_FABRIC" | "CURTAIN_SHEER" | "CURTAIN_TRACK" | ... 7 more ... | null; ... 26 more ...; attachments: unknown; }[]'.
src/features/service/measurement/__tests__/actions.test.ts(131,52): error TS2345: Argument of type '[{ leadId: string; }]' is not assignable to parameter of type '[unknown, { leadId: string; categories: string[]; requiredSkills: string[]; scheduledAt?: Date | undefined; remark?: string | undefined; workerId?: string | undefined; }] | [{ leadId: string; ... 4 more ...; workerId?: string | undefined; }]'.
  Type '[{ leadId: string; }]' is not assignable to type '[{ leadId: string; categories: string[]; requiredSkills: string[]; scheduledAt?: Date | undefined; remark?: string | undefined; workerId?: string | undefined; }]'.
    Type '{ leadId: string; }' is missing the following properties from type '{ leadId: string; categories: string[]; requiredSkills: string[]; scheduledAt?: Date | undefined; remark?: string | undefined; workerId?: string | undefined; }': categories, requiredSkills
src/features/service/measurement/__tests__/actions.test.ts(145,52): error TS2345: Argument of type '[{ leadId: string; }]' is not assignable to parameter of type '[unknown, { leadId: string; categories: string[]; requiredSkills: string[]; scheduledAt?: Date | undefined; remark?: string | undefined; workerId?: string | undefined; }] | [{ leadId: string; ... 4 more ...; workerId?: string | undefined; }]'.
  Type '[{ leadId: string; }]' is not assignable to type '[{ leadId: string; categories: string[]; requiredSkills: string[]; scheduledAt?: Date | undefined; remark?: string | undefined; workerId?: string | undefined; }]'.
    Type '{ leadId: string; }' is missing the following properties from type '{ leadId: string; categories: string[]; requiredSkills: string[]; scheduledAt?: Date | undefined; remark?: string | undefined; workerId?: string | undefined; }': categories, requiredSkills
src/features/service/measurement/__tests__/actions.test.ts(284,17): error TS2345: Argument of type '[{ taskId: string; resultData: { rooms: { name: string; windows: { name: string; type: string; width: number; height: number; }[]; }[]; }; images: string[]; checkInLocation: { lat: number; lng: number; address: string; }; }]' is not assignable to parameter of type '[unknown, { taskId: string; rooms: { name: string; windows: { name: string; type: "OTHER" | "STRAIGHT" | "L_SHAPE" | "U_SHAPE" | "ARC"; width: number; height: number; installType: "TOP" | "SIDE"; ... 12 more ...; variantLabel?: string | undefined; }[]; id?: string | undefined; sourceRoomId?: string | undefined; }[];...'.
  Type '[{ taskId: string; resultData: { rooms: { name: string; windows: { name: string; type: string; width: number; height: number; }[]; }[]; }; images: string[]; checkInLocation: { lat: number; lng: number; address: string; }; }]' is not assignable to type '[{ taskId: string; rooms: { name: string; windows: { name: string; type: "OTHER" | "STRAIGHT" | "L_SHAPE" | "U_SHAPE" | "ARC"; width: number; height: number; installType: "TOP" | "SIDE"; openType: "DOUBLE" | "SINGLE"; ... 11 more ...; variantLabel?: string | undefined; }[]; id?: string | undefined; sourceRoomId?: st...'.
    Object literal may only specify known properties, and 'resultData' does not exist in type '{ taskId: string; rooms: { name: string; windows: { name: string; type: "OTHER" | "STRAIGHT" | "L_SHAPE" | "U_SHAPE" | "ARC"; width: number; height: number; installType: "TOP" | "SIDE"; openType: "DOUBLE" | "SINGLE"; ... 11 more ...; variantLabel?: string | undefined; }[]; id?: string | undefined; sourceRoomId?: str...'.
src/features/service/measurement/__tests__/actions.test.ts(319,17): error TS2345: Argument of type '[{ taskId: string; resultData: { rooms: never[]; }; images: never[]; }]' is not assignable to parameter of type '[unknown, { taskId: string; rooms: { name: string; windows: { name: string; type: "OTHER" | "STRAIGHT" | "L_SHAPE" | "U_SHAPE" | "ARC"; width: number; height: number; installType: "TOP" | "SIDE"; ... 12 more ...; variantLabel?: string | undefined; }[]; id?: string | undefined; sourceRoomId?: string | undefined; }[];...'.
  Type '[{ taskId: string; resultData: { rooms: never[]; }; images: never[]; }]' is not assignable to type '[{ taskId: string; rooms: { name: string; windows: { name: string; type: "OTHER" | "STRAIGHT" | "L_SHAPE" | "U_SHAPE" | "ARC"; width: number; height: number; installType: "TOP" | "SIDE"; openType: "DOUBLE" | "SINGLE"; ... 11 more ...; variantLabel?: string | undefined; }[]; id?: string | undefined; sourceRoomId?: st...'.
    Object literal may only specify known properties, and 'resultData' does not exist in type '{ taskId: string; rooms: { name: string; windows: { name: string; type: "OTHER" | "STRAIGHT" | "L_SHAPE" | "U_SHAPE" | "ARC"; width: number; height: number; installType: "TOP" | "SIDE"; openType: "DOUBLE" | "SINGLE"; ... 11 more ...; variantLabel?: string | undefined; }[]; id?: string | undefined; sourceRoomId?: str...'.
src/features/service/measurement/__tests__/actions.test.ts(337,17): error TS2345: Argument of type '[{ taskId: string; resultData: { rooms: never[]; }; images: string[]; }]' is not assignable to parameter of type '[unknown, { taskId: string; rooms: { name: string; windows: { name: string; type: "OTHER" | "STRAIGHT" | "L_SHAPE" | "U_SHAPE" | "ARC"; width: number; height: number; installType: "TOP" | "SIDE"; ... 12 more ...; variantLabel?: string | undefined; }[]; id?: string | undefined; sourceRoomId?: string | undefined; }[];...'.
  Type '[{ taskId: string; resultData: { rooms: never[]; }; images: string[]; }]' is not assignable to type '[{ taskId: string; rooms: { name: string; windows: { name: string; type: "OTHER" | "STRAIGHT" | "L_SHAPE" | "U_SHAPE" | "ARC"; width: number; height: number; installType: "TOP" | "SIDE"; openType: "DOUBLE" | "SINGLE"; ... 11 more ...; variantLabel?: string | undefined; }[]; id?: string | undefined; sourceRoomId?: st...'.
    Object literal may only specify known properties, and 'resultData' does not exist in type '{ taskId: string; rooms: { name: string; windows: { name: string; type: "OTHER" | "STRAIGHT" | "L_SHAPE" | "U_SHAPE" | "ARC"; width: number; height: number; installType: "TOP" | "SIDE"; openType: "DOUBLE" | "SINGLE"; ... 11 more ...; variantLabel?: string | undefined; }[]; id?: string | undefined; sourceRoomId?: str...'.
src/features/service/measurement/__tests__/actions.test.ts(357,17): error TS2345: Argument of type '[{ taskId: string; resultData: { rooms: never[]; }; images: string[]; checkInLocation: { lat: number; lng: number; }; }]' is not assignable to parameter of type '[unknown, { taskId: string; rooms: { name: string; windows: { name: string; type: "OTHER" | "STRAIGHT" | "L_SHAPE" | "U_SHAPE" | "ARC"; width: number; height: number; installType: "TOP" | "SIDE"; ... 12 more ...; variantLabel?: string | undefined; }[]; id?: string | undefined; sourceRoomId?: string | undefined; }[];...'.
  Type '[{ taskId: string; resultData: { rooms: never[]; }; images: string[]; checkInLocation: { lat: number; lng: number; }; }]' is not assignable to type '[{ taskId: string; rooms: { name: string; windows: { name: string; type: "OTHER" | "STRAIGHT" | "L_SHAPE" | "U_SHAPE" | "ARC"; width: number; height: number; installType: "TOP" | "SIDE"; openType: "DOUBLE" | "SINGLE"; ... 11 more ...; variantLabel?: string | undefined; }[]; id?: string | undefined; sourceRoomId?: st...'.
    Object literal may only specify known properties, and 'resultData' does not exist in type '{ taskId: string; rooms: { name: string; windows: { name: string; type: "OTHER" | "STRAIGHT" | "L_SHAPE" | "U_SHAPE" | "ARC"; width: number; height: number; installType: "TOP" | "SIDE"; openType: "DOUBLE" | "SINGLE"; ... 11 more ...; variantLabel?: string | undefined; }[]; id?: string | undefined; sourceRoomId?: str...'.
src/features/service/measurement/__tests__/sync-manager.test.ts(106,58): error TS2345: Argument of type 'ActionState<{ data: MockServerTask[]; total: number; totalPages: number; }>' is not assignable to parameter of type 'ActionState<{ data: { id: string; isActive: boolean | null; createdAt: Date | null; updatedAt: Date | null; tenantId: string; category: "CURTAIN_FABRIC" | "CURTAIN_SHEER" | "CURTAIN_TRACK" | ... 7 more ... | null; ... 29 more ...; worker: { ...; } | null; }[]; total: number; totalPages: number; }>'.
  Type '{ data: MockServerTask[]; total: number; totalPages: number; }' is not assignable to type '{ data: { id: string; isActive: boolean | null; createdAt: Date | null; updatedAt: Date | null; tenantId: string; category: "CURTAIN_FABRIC" | "CURTAIN_SHEER" | "CURTAIN_TRACK" | ... 7 more ... | null; ... 29 more ...; worker: { ...; } | null; }[]; total: number; totalPages: number; }'.
    Types of property 'data' are incompatible.
      Type 'MockServerTask[]' is not assignable to type '{ id: string; isActive: boolean | null; createdAt: Date | null; updatedAt: Date | null; tenantId: string; category: "CURTAIN_FABRIC" | "CURTAIN_SHEER" | "CURTAIN_TRACK" | ... 7 more ... | null; ... 29 more ...; worker: { ...; } | null; }[]'.
        Type 'MockServerTask' is missing the following properties from type '{ id: string; isActive: boolean | null; createdAt: Date | null; updatedAt: Date | null; tenantId: string; category: "CURTAIN_FABRIC" | "CURTAIN_SHEER" | "CURTAIN_TRACK" | ... 7 more ... | null; ... 29 more ...; worker: { ...; } | null; }': isActive, category, address, remark, and 23 more.
src/features/service/measurement/__tests__/sync-manager.test.ts(110,17): error TS2353: Object literal may only specify known properties, and 'equals' does not exist in type 'Collection<OfflineMeasurement, any, OfflineMeasurement>'.
src/features/service/measurement/__tests__/sync-manager.test.ts(115,68): error TS2345: Argument of type '(mode: unknown, stores: unknown, callback: unknown) => Promise<void>' is not assignable to parameter of type '(mode: TransactionMode, table: string | Table<any, any, any>, table2: string | Table<any, any, any>, table3: string | Table<any, any, any>, table5: string | Table<...>, scope: (trans: Transaction & { ...; }) => unknown) => PromiseExtended<...>'.
  Property 'timeout' is missing in type 'Promise<void>' but required in type 'PromiseExtended<unknown>'.
src/features/service/measurement/__tests__/sync-manager.test.ts(136,25): error TS2322: Type 'MockServerTask[]' is not assignable to type '{ id: string; isActive: boolean | null; createdAt: Date | null; updatedAt: Date | null; tenantId: string; category: "CURTAIN_FABRIC" | "CURTAIN_SHEER" | "CURTAIN_TRACK" | ... 7 more ... | null; ... 29 more ...; worker: { ...; } | null; }[]'.
  Type 'MockServerTask' is missing the following properties from type '{ id: string; isActive: boolean | null; createdAt: Date | null; updatedAt: Date | null; tenantId: string; category: "CURTAIN_FABRIC" | "CURTAIN_SHEER" | "CURTAIN_TRACK" | ... 7 more ... | null; ... 29 more ...; worker: { ...; } | null; }': isActive, category, address, remark, and 23 more.
src/features/service/measurement/__tests__/sync-manager.test.ts(141,17): error TS2353: Object literal may only specify known properties, and 'equals' does not exist in type 'Collection<OfflineMeasurement, any, OfflineMeasurement>'.
src/features/service/measurement/__tests__/sync-manager.test.ts(149,68): error TS2345: Argument of type '(mode: unknown, stores: unknown, callback: unknown) => Promise<void>' is not assignable to parameter of type '(mode: TransactionMode, table: string | Table<any, any, any>, table2: string | Table<any, any, any>, table3: string | Table<any, any, any>, table5: string | Table<...>, scope: (trans: Transaction & { ...; }) => unknown) => PromiseExtended<...>'.
  Property 'timeout' is missing in type 'Promise<void>' but required in type 'PromiseExtended<unknown>'.
src/features/service/measurement/actions/queries.ts(215,30): error TS2339: Property 'salesBrief' does not exist on type '{ id: string; isActive: boolean | null; createdAt: Date | null; updatedAt: Date | null; tenantId: string; category: "CURTAIN_FABRIC" | "CURTAIN_SHEER" | "CURTAIN_TRACK" | ... 7 more ... | null; ... 28 more ...; lead: { ...; } | null; }'.
src/features/service/measurement/actions/queries.ts(233,14): error TS2339: Property 'linkedQuoteId' does not exist on type '{ id: string; isActive: boolean | null; createdAt: Date | null; updatedAt: Date | null; tenantId: string; category: "CURTAIN_FABRIC" | "CURTAIN_SHEER" | "CURTAIN_TRACK" | ... 7 more ... | null; ... 28 more ...; lead: { ...; } | null; }'.
src/features/service/measurement/actions/queries.ts(235,39): error TS2339: Property 'linkedQuoteId' does not exist on type '{ id: string; isActive: boolean | null; createdAt: Date | null; updatedAt: Date | null; tenantId: string; category: "CURTAIN_FABRIC" | "CURTAIN_SHEER" | "CURTAIN_TRACK" | ... 7 more ... | null; ... 28 more ...; lead: { ...; } | null; }'.
src/features/service/measurement/actions/workflows.ts(183,20): error TS2769: No overload matches this call.
  Overload 1 of 3, '(left: PgColumn<{ name: "lead_id"; tableName: "measure_tasks"; dataType: "string"; columnType: "PgUUID"; data: string; driverParam: string; notNull: false; hasDefault: false; isPrimaryKey: false; isAutoincrement: false; ... 4 more ...; generated: undefined; }, {}, {}>, right: string | SQLWrapper): SQL<...>', gave the following error.
    Argument of type 'string | null' is not assignable to parameter of type 'string | SQLWrapper'.
      Type 'null' is not assignable to type 'string | SQLWrapper'.
  Overload 2 of 3, '(left: Aliased<string | null>, right: string | SQLWrapper | null): SQL<unknown>', gave the following error.
    Argument of type 'PgColumn<{ name: "lead_id"; tableName: "measure_tasks"; dataType: "string"; columnType: "PgUUID"; data: string; driverParam: string; notNull: false; hasDefault: false; isPrimaryKey: false; isAutoincrement: false; ... 4 more ...; generated: undefined; }, {}, {}>' is not assignable to parameter of type 'Aliased<string | null>'.
      Type 'PgColumn<{ name: "lead_id"; tableName: "measure_tasks"; dataType: "string"; columnType: "PgUUID"; data: string; driverParam: string; notNull: false; hasDefault: false; isPrimaryKey: false; isAutoincrement: false; ... 4 more ...; generated: undefined; }, {}, {}>' is missing the following properties from type 'Aliased<string | null>': sql, fieldAlias
  Overload 3 of 3, '(left: never, right: unknown): SQL<unknown>', gave the following error.
    Argument of type 'PgColumn<{ name: "lead_id"; tableName: "measure_tasks"; dataType: "string"; columnType: "PgUUID"; data: string; driverParam: string; notNull: false; hasDefault: false; isPrimaryKey: false; isAutoincrement: false; ... 4 more ...; generated: undefined; }, {}, {}>' is not assignable to parameter of type 'never'.
src/features/service/measurement/components/create-measure-task-dialog.tsx(81,37): error TS2345: Argument of type '[{ leadId: string; scheduledAt: Date; remark: string | undefined; workerId: string | undefined; categories: string[]; }]' is not assignable to parameter of type '[unknown, { leadId: string; categories: string[]; requiredSkills: string[]; scheduledAt?: Date | undefined; remark?: string | undefined; workerId?: string | undefined; }] | [{ leadId: string; ... 4 more ...; workerId?: string | undefined; }]'.
  Type '[{ leadId: string; scheduledAt: Date; remark: string | undefined; workerId: string | undefined; categories: string[]; }]' is not assignable to type '[{ leadId: string; categories: string[]; requiredSkills: string[]; scheduledAt?: Date | undefined; remark?: string | undefined; workerId?: string | undefined; }]'.
    Property 'requiredSkills' is missing in type '{ leadId: string; scheduledAt: Date; remark: string | undefined; workerId: string | undefined; categories: string[]; }' but required in type '{ leadId: string; categories: string[]; requiredSkills: string[]; scheduledAt?: Date | undefined; remark?: string | undefined; workerId?: string | undefined; }'.
src/features/service/measurement/components/mobile-form.tsx(105,17): error TS2345: Argument of type '[{ taskId: string; resultData: { rooms: { name: string; windows: { name: string; type: "OTHER" | "STRAIGHT" | "L_SHAPE" | "U_SHAPE" | "ARC" | "CURVED"; width: number; height: number; installType: "TOP"; openType: "DOUBLE"; remark: string | undefined; }[]; }[]; }; images: string[]; checkInLocation: { ...; }; }]' is not assignable to parameter of type '[unknown, { taskId: string; rooms: { name: string; windows: { name: string; type: "OTHER" | "STRAIGHT" | "L_SHAPE" | "U_SHAPE" | "ARC"; width: number; height: number; installType: "TOP" | "SIDE"; ... 12 more ...; variantLabel?: string | undefined; }[]; id?: string | undefined; sourceRoomId?: string | undefined; }[];...'.
  Type '[{ taskId: string; resultData: { rooms: { name: string; windows: { name: string; type: "OTHER" | "STRAIGHT" | "L_SHAPE" | "U_SHAPE" | "ARC" | "CURVED"; width: number; height: number; installType: "TOP"; openType: "DOUBLE"; remark: string | undefined; }[]; }[]; }; images: string[]; checkInLocation: { ...; }; }]' is not assignable to type '[{ taskId: string; rooms: { name: string; windows: { name: string; type: "OTHER" | "STRAIGHT" | "L_SHAPE" | "U_SHAPE" | "ARC"; width: number; height: number; installType: "TOP" | "SIDE"; openType: "DOUBLE" | "SINGLE"; ... 11 more ...; variantLabel?: string | undefined; }[]; id?: string | undefined; sourceRoomId?: st...'.
    Object literal may only specify known properties, and 'resultData' does not exist in type '{ taskId: string; rooms: { name: string; windows: { name: string; type: "OTHER" | "STRAIGHT" | "L_SHAPE" | "U_SHAPE" | "ARC"; width: number; height: number; installType: "TOP" | "SIDE"; openType: "DOUBLE" | "SINGLE"; ... 11 more ...; variantLabel?: string | undefined; }[]; id?: string | undefined; sourceRoomId?: str...'.
src/features/service/measurement/components/submit-data-dialog.tsx(92,17): error TS2345: Argument of type '[{ taskId: string; resultData: { rooms: { name: string; windows: { name: string; type: "STRAIGHT" | "L_SHAPE" | "U_SHAPE" | "CURVED"; width: number; height: number; installType: "TOP"; openType: "DOUBLE"; }[]; }[]; }; images: string[]; checkInLocation: { ...; }; }]' is not assignable to parameter of type '[unknown, { taskId: string; rooms: { name: string; windows: { name: string; type: "OTHER" | "STRAIGHT" | "L_SHAPE" | "U_SHAPE" | "ARC"; width: number; height: number; installType: "TOP" | "SIDE"; ... 12 more ...; variantLabel?: string | undefined; }[]; id?: string | undefined; sourceRoomId?: string | undefined; }[];...'.
  Type '[{ taskId: string; resultData: { rooms: { name: string; windows: { name: string; type: "STRAIGHT" | "L_SHAPE" | "U_SHAPE" | "CURVED"; width: number; height: number; installType: "TOP"; openType: "DOUBLE"; }[]; }[]; }; images: string[]; checkInLocation: { ...; }; }]' is not assignable to type '[{ taskId: string; rooms: { name: string; windows: { name: string; type: "OTHER" | "STRAIGHT" | "L_SHAPE" | "U_SHAPE" | "ARC"; width: number; height: number; installType: "TOP" | "SIDE"; openType: "DOUBLE" | "SINGLE"; ... 11 more ...; variantLabel?: string | undefined; }[]; id?: string | undefined; sourceRoomId?: st...'.
    Object literal may only specify known properties, and 'resultData' does not exist in type '{ taskId: string; rooms: { name: string; windows: { name: string; type: "OTHER" | "STRAIGHT" | "L_SHAPE" | "U_SHAPE" | "ARC"; width: number; height: number; installType: "TOP" | "SIDE"; openType: "DOUBLE" | "SINGLE"; ... 11 more ...; variantLabel?: string | undefined; }[]; id?: string | undefined; sourceRoomId?: str...'.
src/features/service/measurement/lib/sync-manager.ts(36,25): error TS2322: Type 'string | null' is not assignable to type 'string'.
  Type 'null' is not assignable to type 'string'.
src/features/service/measurement/lib/sync-manager.ts(92,21): error TS2345: Argument of type '[{ taskId: string; resultData: { rooms: { windows: { name: string; type: "OTHER" | "STRAIGHT" | "L_SHAPE" | "U_SHAPE" | "ARC" | "CURVED"; installType: "TOP"; openType: "SINGLE"; width: number; ... 9 more ...; remark?: string | undefined; }[]; name: string; id?: string | undefined; }[]; }; images: string[]; checkInLo...' is not assignable to parameter of type '[unknown, { taskId: string; rooms: { name: string; windows: { name: string; type: "OTHER" | "STRAIGHT" | "L_SHAPE" | "U_SHAPE" | "ARC"; width: number; height: number; installType: "TOP" | "SIDE"; ... 12 more ...; variantLabel?: string | undefined; }[]; id?: string | undefined; sourceRoomId?: string | undefined; }[];...'.
  Type '[{ taskId: string; resultData: { rooms: { windows: { name: string; type: "OTHER" | "STRAIGHT" | "L_SHAPE" | "U_SHAPE" | "ARC" | "CURVED"; installType: "TOP"; openType: "SINGLE"; width: number; ... 9 more ...; remark?: string | undefined; }[]; name: string; id?: string | undefined; }[]; }; images: string[]; checkInLo...' is not assignable to type '[{ taskId: string; rooms: { name: string; windows: { name: string; type: "OTHER" | "STRAIGHT" | "L_SHAPE" | "U_SHAPE" | "ARC"; width: number; height: number; installType: "TOP" | "SIDE"; openType: "DOUBLE" | "SINGLE"; ... 11 more ...; variantLabel?: string | undefined; }[]; id?: string | undefined; sourceRoomId?: st...'.
    Object literal may only specify known properties, and 'resultData' does not exist in type '{ taskId: string; rooms: { name: string; windows: { name: string; type: "OTHER" | "STRAIGHT" | "L_SHAPE" | "U_SHAPE" | "ARC"; width: number; height: number; installType: "TOP" | "SIDE"; openType: "DOUBLE" | "SINGLE"; ... 11 more ...; variantLabel?: string | undefined; }[]; id?: string | undefined; sourceRoomId?: str...'.
src/features/supply-chain/__tests__/inventory-actions.test.ts(50,26): error TS2352: Conversion of type '<TTable extends PgTable>(table: TTable) => PgInsertBuilder<TTable, PostgresJsQueryResultHKT, false>' to type '<T extends Procedure | Constructable = Procedure>(originalImplementation?: T | undefined) => Mock<T>' may be a mistake because neither type sufficiently overlaps with the other. If this was intentional, convert the expression to 'unknown' first.
  Type 'PgInsertBuilder<any, PostgresJsQueryResultHKT, false>' is not comparable to type 'Mock<any>'.
    Type 'PgInsertBuilder<any, PostgresJsQueryResultHKT, false>' is not comparable to type 'MockInstance<any> & { (...args: unknown[]): any; new (...args: unknown[]): any; } & { [x: string]: any; }'.
      Type 'PgInsertBuilder<any, PostgresJsQueryResultHKT, false>' is missing the following properties from type 'MockInstance<any>': getMockName, mockName, mock, mockClear, and 14 more.
src/features/supply-chain/__tests__/inventory-actions.test.ts(51,26): error TS2352: Conversion of type '<TTable extends PgTable>(table: TTable) => PgUpdateBuilder<TTable, PostgresJsQueryResultHKT>' to type '<T extends Procedure | Constructable = Procedure>(originalImplementation?: T | undefined) => Mock<T>' may be a mistake because neither type sufficiently overlaps with the other. If this was intentional, convert the expression to 'unknown' first.
  Type 'PgUpdateBuilder<any, PostgresJsQueryResultHKT>' is not comparable to type 'Mock<any>'.
    Type 'PgUpdateBuilder<any, PostgresJsQueryResultHKT>' is not comparable to type 'MockInstance<any> & { (...args: unknown[]): any; new (...args: unknown[]): any; } & { [x: string]: any; }'.
      Type 'PgUpdateBuilder<any, PostgresJsQueryResultHKT>' is missing the following properties from type 'MockInstance<any>': getMockName, mockName, mock, mockClear, and 14 more.
src/features/supply-chain/__tests__/inventory-actions.test.ts(64,10): error TS2352: Conversion of type '(session: Session | null, permission: string) => Promise<boolean>' to type '<T extends Procedure | Constructable = Procedure>(originalImplementation?: T | undefined) => Mock<T>' may be a mistake because neither type sufficiently overlaps with the other. If this was intentional, convert the expression to 'unknown' first.
  Target signature provides too few arguments. Expected 2 or more, but got 1.
src/features/supply-chain/__tests__/inventory-actions.test.ts(64,43): error TS2339: Property 'mockReturnValue' does not exist on type '<T extends Procedure | Constructable = Procedure>(originalImplementation?: T | undefined) => Mock<T>'.
src/features/supply-chain/__tests__/inventory-actions.test.ts(65,46): error TS2345: Argument of type '{ user: { id: string; tenantId: string; name: string; role: string; }; }' is not assignable to parameter of type 'Procedure | Constructable | undefined'.
src/features/supply-chain/__tests__/inventory-actions.test.ts(73,43): error TS2339: Property 'mockResolvedValue' does not exist on type '<TConfig extends DBQueryConfig<"many", true, ExtractTablesWithRelations<typeof import("C:/Users/bigey/Documents/Antigravity/L2C/src/shared/api/schema")>, { tsName: "products"; dbName: "products"; columns: { ...; }; relations: { ...; }; primaryKey: AnyColumn[]; }>>(config?: KnownKeysOnly<...> | undefined) => PgRelati...'.
src/features/supply-chain/__tests__/inventory-actions.test.ts(76,14): error TS2352: Conversion of type '{ (): PgSelectBuilder<undefined, "db">; <TSelection extends SelectedFields>(fields: TSelection): PgSelectBuilder<TSelection, "db">; }' to type '<T extends Procedure | Constructable = Procedure>(originalImplementation?: T | undefined) => Mock<T>' may be a mistake because neither type sufficiently overlaps with the other. If this was intentional, convert the expression to 'unknown' first.
  Type 'PgSelectBuilder<undefined, "db">' is not comparable to type 'Mock<any>'.
    Type 'PgSelectBuilder<undefined, "db">' is not comparable to type 'MockInstance<any> & { (...args: unknown[]): any; new (...args: unknown[]): any; } & { [x: string]: any; }'.
      Type 'PgSelectBuilder<undefined, "db">' is missing the following properties from type 'MockInstance<any>': getMockName, mockName, mock, mockClear, and 14 more.
src/features/supply-chain/__tests__/inventory-actions.test.ts(76,41): error TS2339: Property 'mockReturnValue' does not exist on type '<T extends Procedure | Constructable = Procedure>(originalImplementation?: T | undefined) => Mock<T>'.
src/features/supply-chain/__tests__/inventory-actions.test.ts(90,43): error TS2339: Property 'mockResolvedValue' does not exist on type '<TConfig extends DBQueryConfig<"many", true, ExtractTablesWithRelations<typeof import("C:/Users/bigey/Documents/Antigravity/L2C/src/shared/api/schema")>, { tsName: "products"; dbName: "products"; columns: { ...; }; relations: { ...; }; primaryKey: AnyColumn[]; }>>(config?: KnownKeysOnly<...> | undefined) => PgRelati...'.
src/features/supply-chain/__tests__/inventory-actions.test.ts(106,44): error TS2339: Property 'mockResolvedValue' does not exist on type '<TSelection extends Omit<DBQueryConfig<"many", true, ExtractTablesWithRelations<typeof import("C:/Users/bigey/Documents/Antigravity/L2C/src/shared/api/schema")>, { tsName: "products"; dbName: "products"; columns: { ...; }; relations: { ...; }; primaryKey: AnyColumn[]; }>, "limit">>(config?: KnownKeysOnly<...> | unde...'.
src/features/supply-chain/__tests__/inventory-actions.test.ts(137,44): error TS2339: Property 'mockResolvedValue' does not exist on type '<TSelection extends Omit<DBQueryConfig<"many", true, ExtractTablesWithRelations<typeof import("C:/Users/bigey/Documents/Antigravity/L2C/src/shared/api/schema")>, { tsName: "products"; dbName: "products"; columns: { ...; }; relations: { ...; }; primaryKey: AnyColumn[]; }>, "limit">>(config?: KnownKeysOnly<...> | unde...'.
src/features/supply-chain/__tests__/inventory-actions.test.ts(163,44): error TS2339: Property 'mockResolvedValue' does not exist on type '<TSelection extends Omit<DBQueryConfig<"many", true, ExtractTablesWithRelations<typeof import("C:/Users/bigey/Documents/Antigravity/L2C/src/shared/api/schema")>, { tsName: "products"; dbName: "products"; columns: { ...; }; relations: { ...; }; primaryKey: AnyColumn[]; }>, "limit">>(config?: KnownKeysOnly<...> | unde...'.
src/features/supply-chain/__tests__/inventory-actions.test.ts(190,44): error TS2339: Property 'mockResolvedValue' does not exist on type '<TSelection extends Omit<DBQueryConfig<"many", true, ExtractTablesWithRelations<typeof import("C:/Users/bigey/Documents/Antigravity/L2C/src/shared/api/schema")>, { tsName: "products"; dbName: "products"; columns: { ...; }; relations: { ...; }; primaryKey: AnyColumn[]; }>, "limit">>(config?: KnownKeysOnly<...> | unde...'.
src/features/supply-chain/__tests__/inventory-actions.test.ts(216,44): error TS2339: Property 'mockResolvedValue' does not exist on type '<TSelection extends Omit<DBQueryConfig<"many", true, ExtractTablesWithRelations<typeof import("C:/Users/bigey/Documents/Antigravity/L2C/src/shared/api/schema")>, { tsName: "products"; dbName: "products"; columns: { ...; }; relations: { ...; }; primaryKey: AnyColumn[]; }>, "limit">>(config?: KnownKeysOnly<...> | unde...'.
src/features/supply-chain/__tests__/inventory-actions.test.ts(233,44): error TS2339: Property 'mockResolvedValue' does not exist on type '<TSelection extends Omit<DBQueryConfig<"many", true, ExtractTablesWithRelations<typeof import("C:/Users/bigey/Documents/Antigravity/L2C/src/shared/api/schema")>, { tsName: "products"; dbName: "products"; columns: { ...; }; relations: { ...; }; primaryKey: AnyColumn[]; }>, "limit">>(config?: KnownKeysOnly<...> | unde...'.
src/features/supply-chain/__tests__/po-lifecycle.test.ts(88,43): error TS2345: Argument of type '{ user: { id: string; name: string; tenantId: string; role: string; }; }' is not assignable to parameter of type 'NextMiddleware'.
  Type '{ user: { id: string; name: string; tenantId: string; role: string; }; }' provides no match for the signature '(request: NextRequest, event: NextFetchEvent): NextMiddlewareResult | Promise<NextMiddlewareResult>'.
src/features/supply-chain/__tests__/po-lifecycle.test.ts(88,43): error TS2352: Conversion of type '{ user: { id: string; tenantId: string; role: string; }; expires: string; }' to type '{ user: { id: string; name: string; tenantId: string; role: string; }; }' may be a mistake because neither type sufficiently overlaps with the other. If this was intentional, convert the expression to 'unknown' first.
  Types of property 'user' are incompatible.
    Property 'name' is missing in type '{ id: string; tenantId: string; role: string; }' but required in type '{ id: string; name: string; tenantId: string; role: string; }'.
src/features/supply-chain/__tests__/po-lifecycle.test.ts(147,72): error TS2345: Argument of type '{ id: string; status: string; totalCost: number; }' is not assignable to parameter of type '{ orderId: string; type: "EXTERNAL" | "INTERNAL"; id: string; createdAt: Date | null; updatedAt: Date | null; tenantId: string; remark: string | null; createdBy: string; status: "SHIPPED" | ... 4 more ... | "RECEIVED"; ... 15 more ...; deliveredAt: Date | null; }'.
  Type '{ id: string; status: string; totalCost: number; }' is missing the following properties from type '{ orderId: string; type: "EXTERNAL" | "INTERNAL"; id: string; createdAt: Date | null; updatedAt: Date | null; tenantId: string; remark: string | null; createdBy: string; status: "SHIPPED" | ... 4 more ... | "RECEIVED"; ... 15 more ...; deliveredAt: Date | null; }': orderId, type, createdAt, updatedAt, and 18 more.
src/features/supply-chain/__tests__/po-lifecycle.test.ts(164,72): error TS2345: Argument of type '{ id: string; status: string; totalCost: number; }' is not assignable to parameter of type '{ orderId: string; type: "EXTERNAL" | "INTERNAL"; id: string; createdAt: Date | null; updatedAt: Date | null; tenantId: string; remark: string | null; createdBy: string; status: "SHIPPED" | ... 4 more ... | "RECEIVED"; ... 15 more ...; deliveredAt: Date | null; }'.
  Type '{ id: string; status: string; totalCost: number; }' is missing the following properties from type '{ orderId: string; type: "EXTERNAL" | "INTERNAL"; id: string; createdAt: Date | null; updatedAt: Date | null; tenantId: string; remark: string | null; createdBy: string; status: "SHIPPED" | ... 4 more ... | "RECEIVED"; ... 15 more ...; deliveredAt: Date | null; }': orderId, type, createdAt, updatedAt, and 18 more.
src/features/supply-chain/components/purchase-order-preview-dialog.tsx(6,10): error TS2305: Module '"@/shared/ui/loader"' has no exported member 'Loader'.
src/features/supply-chain/components/purchase-order-preview-dialog.tsx(240,46): error TS7053: Element implicitly has an 'any' type because expression of type 'string' can't be used to index type '{ readonly FABRIC_FACTORY: ForwardRefExoticComponent<Omit<LucideProps, "ref"> & RefAttributes<SVGSVGElement>>; readonly ACCESSORY_VENDOR: ForwardRefExoticComponent<...>; readonly SEWING_WORKSHOP: ForwardRefExoticComponent<...>; readonly FINISHED_WAREHOUSE: ForwardRefExoticComponent<...>; readonly PENDING_MANUAL: For...'.
  No index signature with a parameter of type 'string' was found on type '{ readonly FABRIC_FACTORY: ForwardRefExoticComponent<Omit<LucideProps, "ref"> & RefAttributes<SVGSVGElement>>; readonly ACCESSORY_VENDOR: ForwardRefExoticComponent<...>; readonly SEWING_WORKSHOP: ForwardRefExoticComponent<...>; readonly FINISHED_WAREHOUSE: ForwardRefExoticComponent<...>; readonly PENDING_MANUAL: For...'.
src/features/supply-chain/components/purchase-order-preview-dialog.tsx(241,52): error TS7053: Element implicitly has an 'any' type because expression of type 'string' can't be used to index type '{ readonly FABRIC_FACTORY: "bg-blue-100 text-blue-800 border-blue-200"; readonly ACCESSORY_VENDOR: "bg-green-100 text-green-800 border-green-200"; readonly SEWING_WORKSHOP: "bg-purple-100 text-purple-800 border-purple-200"; readonly FINISHED_WAREHOUSE: "bg-orange-100 text-orange-800 border-orange-200"; readonly PEND...'.
  No index signature with a parameter of type 'string' was found on type '{ readonly FABRIC_FACTORY: "bg-blue-100 text-blue-800 border-blue-200"; readonly ACCESSORY_VENDOR: "bg-green-100 text-green-800 border-green-200"; readonly SEWING_WORKSHOP: "bg-purple-100 text-purple-800 border-purple-200"; readonly FINISHED_WAREHOUSE: "bg-orange-100 text-orange-800 border-orange-200"; readonly PEND...'.
src/lib/zod-i18n.ts(3,7): error TS2322: Type '(issue: any, ctx: { defaultError: string; }) => { message: string; }' is not assignable to type '$ZodErrorMap<$ZodIssue>'.
  Target signature provides too few arguments. Expected 2 or more, but got 1.
src/shared/components/data-export/export-button.tsx(50,56): error TS2322: Type 'T[]' is not assignable to type 'Record<string, unknown>[]'.
  Type 'T' is not assignable to type 'Record<string, unknown>'.
src/shared/components/data-export/export-button.tsx(50,68): error TS2322: Type 'ExportColumn<T>[]' is not assignable to type '{ header: string; accessorKey: string | ((row: any) => unknown); }[]'.
  Type 'ExportColumn<T>' is not assignable to type '{ header: string; accessorKey: string | ((row: any) => unknown); }'.
    Types of property 'accessorKey' are incompatible.
      Type 'keyof T | ((row: T) => any)' is not assignable to type 'string | ((row: any) => unknown)'.
        Type 'keyof T' is not assignable to type 'string | ((row: any) => unknown)'.
          Type 'string | number | symbol' is not assignable to type 'string | ((row: any) => unknown)'.
            Type 'number' is not assignable to type 'string | ((row: any) => unknown)'.
