
> l2c@0.1.0 type-check
> tsc --noEmit

src/features/after-sales/components/resolution-timeline.tsx(216,45): error TS2322: Type 'string' is not assignable to type 'never'.
src/features/finance/components/payment-dialog.tsx(57,9): error TS2322: Type 'Resolver<{ amount: unknown; method: "CASH" | "WECHAT" | "ALIPAY" | "BANK_TRANSFER" | "OTHER"; transactionId?: string | undefined; remark?: string | undefined; }, any, { amount: number; method: "CASH" | "WECHAT" | "ALIPAY" | "BANK_TRANSFER" | "OTHER"; transactionId?: string | undefined; remark?: string | undefined; }>' is not assignable to type 'Resolver<{ amount: number; method: "CASH" | "WECHAT" | "ALIPAY" | "BANK_TRANSFER" | "OTHER"; transactionId?: string | undefined; remark?: string | undefined; }, any, { amount: number; method: "CASH" | ... 3 more ... | "OTHER"; transactionId?: string | undefined; remark?: string | undefined; }>'.
  Types of parameters 'options' and 'options' are incompatible.
    Type 'ResolverOptions<{ amount: number; method: "CASH" | "WECHAT" | "ALIPAY" | "BANK_TRANSFER" | "OTHER"; transactionId?: string | undefined; remark?: string | undefined; }>' is not assignable to type 'ResolverOptions<{ amount: unknown; method: "CASH" | "WECHAT" | "ALIPAY" | "BANK_TRANSFER" | "OTHER"; transactionId?: string | undefined; remark?: string | undefined; }>'.
      Type 'unknown' is not assignable to type 'number'.
src/features/finance/components/payment-dialog.tsx(107,55): error TS2345: Argument of type '(data: PaymentFormValues) => Promise<void>' is not assignable to parameter of type 'SubmitHandler<TFieldValues>'.
  Types of parameters 'data' and 'data' are incompatible.
    Type 'TFieldValues' is not assignable to type '{ amount: number; method: "CASH" | "WECHAT" | "ALIPAY" | "BANK_TRANSFER" | "OTHER"; transactionId?: string | undefined; remark?: string | undefined; }'.
      Type 'FieldValues' is missing the following properties from type '{ amount: number; method: "CASH" | "WECHAT" | "ALIPAY" | "BANK_TRANSFER" | "OTHER"; transactionId?: string | undefined; remark?: string | undefined; }': amount, method
src/features/finance/components/payment-dialog.tsx(109,29): error TS2322: Type 'Control<{ amount: number; method: "CASH" | "WECHAT" | "ALIPAY" | "BANK_TRANSFER" | "OTHER"; transactionId?: string | undefined; remark?: string | undefined; }, any, TFieldValues>' is not assignable to type 'Control<{ amount: number; method: "CASH" | "WECHAT" | "ALIPAY" | "BANK_TRANSFER" | "OTHER"; transactionId?: string | undefined; remark?: string | undefined; }, any, { amount: number; method: "CASH" | ... 3 more ... | "OTHER"; transactionId?: string | undefined; remark?: string | undefined; }>'.
  The types of '_options.resolver' are incompatible between these types.
    Type 'Resolver<{ amount: number; method: "CASH" | "WECHAT" | "ALIPAY" | "BANK_TRANSFER" | "OTHER"; transactionId?: string | undefined; remark?: string | undefined; }, any, TFieldValues> | undefined' is not assignable to type 'Resolver<{ amount: number; method: "CASH" | "WECHAT" | "ALIPAY" | "BANK_TRANSFER" | "OTHER"; transactionId?: string | undefined; remark?: string | undefined; }, any, { amount: number; method: "CASH" | ... 3 more ... | "OTHER"; transactionId?: string | undefined; remark?: string | undefined; }> | undefined'.
      Type 'Resolver<{ amount: number; method: "CASH" | "WECHAT" | "ALIPAY" | "BANK_TRANSFER" | "OTHER"; transactionId?: string | undefined; remark?: string | undefined; }, any, TFieldValues>' is not assignable to type 'Resolver<{ amount: number; method: "CASH" | "WECHAT" | "ALIPAY" | "BANK_TRANSFER" | "OTHER"; transactionId?: string | undefined; remark?: string | undefined; }, any, { amount: number; method: "CASH" | ... 3 more ... | "OTHER"; transactionId?: string | undefined; remark?: string | undefined; }>'.
        Type 'ResolverResult<{ amount: number; method: "CASH" | "WECHAT" | "ALIPAY" | "BANK_TRANSFER" | "OTHER"; transactionId?: string | undefined; remark?: string | undefined; }, TFieldValues> | Promise<...>' is not assignable to type 'ResolverResult<{ amount: number; method: "CASH" | "WECHAT" | "ALIPAY" | "BANK_TRANSFER" | "OTHER"; transactionId?: string | undefined; remark?: string | undefined; }, { amount: number; method: "CASH" | ... 3 more ... | "OTHER"; transactionId?: string | undefined; remark?: string | undefined; }> | Promise<...>'.
          Type 'ResolverSuccess<TFieldValues>' is not assignable to type 'ResolverResult<{ amount: number; method: "CASH" | "WECHAT" | "ALIPAY" | "BANK_TRANSFER" | "OTHER"; transactionId?: string | undefined; remark?: string | undefined; }, { amount: number; method: "CASH" | ... 3 more ... | "OTHER"; transactionId?: string | undefined; remark?: string | undefined; }> | Promise<...>'.
            Type 'ResolverSuccess<TFieldValues>' is not assignable to type 'ResolverSuccess<{ amount: number; method: "CASH" | "WECHAT" | "ALIPAY" | "BANK_TRANSFER" | "OTHER"; transactionId?: string | undefined; remark?: string | undefined; }>'.
              Type 'TFieldValues' is not assignable to type '{ amount: number; method: "CASH" | "WECHAT" | "ALIPAY" | "BANK_TRANSFER" | "OTHER"; transactionId?: string | undefined; remark?: string | undefined; }'.
                Type 'FieldValues' is missing the following properties from type '{ amount: number; method: "CASH" | "WECHAT" | "ALIPAY" | "BANK_TRANSFER" | "OTHER"; transactionId?: string | undefined; remark?: string | undefined; }': amount, method
src/features/finance/components/payment-dialog.tsx(122,29): error TS2322: Type 'Control<{ amount: number; method: "CASH" | "WECHAT" | "ALIPAY" | "BANK_TRANSFER" | "OTHER"; transactionId?: string | undefined; remark?: string | undefined; }, any, TFieldValues>' is not assignable to type 'Control<{ amount: number; method: "CASH" | "WECHAT" | "ALIPAY" | "BANK_TRANSFER" | "OTHER"; transactionId?: string | undefined; remark?: string | undefined; }, any, { amount: number; method: "CASH" | ... 3 more ... | "OTHER"; transactionId?: string | undefined; remark?: string | undefined; }>'.
  The types of '_options.resolver' are incompatible between these types.
    Type 'Resolver<{ amount: number; method: "CASH" | "WECHAT" | "ALIPAY" | "BANK_TRANSFER" | "OTHER"; transactionId?: string | undefined; remark?: string | undefined; }, any, TFieldValues> | undefined' is not assignable to type 'Resolver<{ amount: number; method: "CASH" | "WECHAT" | "ALIPAY" | "BANK_TRANSFER" | "OTHER"; transactionId?: string | undefined; remark?: string | undefined; }, any, { amount: number; method: "CASH" | ... 3 more ... | "OTHER"; transactionId?: string | undefined; remark?: string | undefined; }> | undefined'.
      Type 'Resolver<{ amount: number; method: "CASH" | "WECHAT" | "ALIPAY" | "BANK_TRANSFER" | "OTHER"; transactionId?: string | undefined; remark?: string | undefined; }, any, TFieldValues>' is not assignable to type 'Resolver<{ amount: number; method: "CASH" | "WECHAT" | "ALIPAY" | "BANK_TRANSFER" | "OTHER"; transactionId?: string | undefined; remark?: string | undefined; }, any, { amount: number; method: "CASH" | ... 3 more ... | "OTHER"; transactionId?: string | undefined; remark?: string | undefined; }>'.
        Type 'ResolverResult<{ amount: number; method: "CASH" | "WECHAT" | "ALIPAY" | "BANK_TRANSFER" | "OTHER"; transactionId?: string | undefined; remark?: string | undefined; }, TFieldValues> | Promise<...>' is not assignable to type 'ResolverResult<{ amount: number; method: "CASH" | "WECHAT" | "ALIPAY" | "BANK_TRANSFER" | "OTHER"; transactionId?: string | undefined; remark?: string | undefined; }, { amount: number; method: "CASH" | ... 3 more ... | "OTHER"; transactionId?: string | undefined; remark?: string | undefined; }> | Promise<...>'.
          Type 'ResolverSuccess<TFieldValues>' is not assignable to type 'ResolverResult<{ amount: number; method: "CASH" | "WECHAT" | "ALIPAY" | "BANK_TRANSFER" | "OTHER"; transactionId?: string | undefined; remark?: string | undefined; }, { amount: number; method: "CASH" | ... 3 more ... | "OTHER"; transactionId?: string | undefined; remark?: string | undefined; }> | Promise<...>'.
            Type 'ResolverSuccess<TFieldValues>' is not assignable to type 'ResolverSuccess<{ amount: number; method: "CASH" | "WECHAT" | "ALIPAY" | "BANK_TRANSFER" | "OTHER"; transactionId?: string | undefined; remark?: string | undefined; }>'.
              Type 'TFieldValues' is not assignable to type '{ amount: number; method: "CASH" | "WECHAT" | "ALIPAY" | "BANK_TRANSFER" | "OTHER"; transactionId?: string | undefined; remark?: string | undefined; }'.
                Type 'FieldValues' is missing the following properties from type '{ amount: number; method: "CASH" | "WECHAT" | "ALIPAY" | "BANK_TRANSFER" | "OTHER"; transactionId?: string | undefined; remark?: string | undefined; }': amount, method
src/features/finance/components/payment-dialog.tsx(146,29): error TS2322: Type 'Control<{ amount: number; method: "CASH" | "WECHAT" | "ALIPAY" | "BANK_TRANSFER" | "OTHER"; transactionId?: string | undefined; remark?: string | undefined; }, any, TFieldValues>' is not assignable to type 'Control<{ amount: number; method: "CASH" | "WECHAT" | "ALIPAY" | "BANK_TRANSFER" | "OTHER"; transactionId?: string | undefined; remark?: string | undefined; }, any, { amount: number; method: "CASH" | ... 3 more ... | "OTHER"; transactionId?: string | undefined; remark?: string | undefined; }>'.
  The types of '_options.resolver' are incompatible between these types.
    Type 'Resolver<{ amount: number; method: "CASH" | "WECHAT" | "ALIPAY" | "BANK_TRANSFER" | "OTHER"; transactionId?: string | undefined; remark?: string | undefined; }, any, TFieldValues> | undefined' is not assignable to type 'Resolver<{ amount: number; method: "CASH" | "WECHAT" | "ALIPAY" | "BANK_TRANSFER" | "OTHER"; transactionId?: string | undefined; remark?: string | undefined; }, any, { amount: number; method: "CASH" | ... 3 more ... | "OTHER"; transactionId?: string | undefined; remark?: string | undefined; }> | undefined'.
      Type 'Resolver<{ amount: number; method: "CASH" | "WECHAT" | "ALIPAY" | "BANK_TRANSFER" | "OTHER"; transactionId?: string | undefined; remark?: string | undefined; }, any, TFieldValues>' is not assignable to type 'Resolver<{ amount: number; method: "CASH" | "WECHAT" | "ALIPAY" | "BANK_TRANSFER" | "OTHER"; transactionId?: string | undefined; remark?: string | undefined; }, any, { amount: number; method: "CASH" | ... 3 more ... | "OTHER"; transactionId?: string | undefined; remark?: string | undefined; }>'.
        Type 'ResolverResult<{ amount: number; method: "CASH" | "WECHAT" | "ALIPAY" | "BANK_TRANSFER" | "OTHER"; transactionId?: string | undefined; remark?: string | undefined; }, TFieldValues> | Promise<...>' is not assignable to type 'ResolverResult<{ amount: number; method: "CASH" | "WECHAT" | "ALIPAY" | "BANK_TRANSFER" | "OTHER"; transactionId?: string | undefined; remark?: string | undefined; }, { amount: number; method: "CASH" | ... 3 more ... | "OTHER"; transactionId?: string | undefined; remark?: string | undefined; }> | Promise<...>'.
          Type 'ResolverSuccess<TFieldValues>' is not assignable to type 'ResolverResult<{ amount: number; method: "CASH" | "WECHAT" | "ALIPAY" | "BANK_TRANSFER" | "OTHER"; transactionId?: string | undefined; remark?: string | undefined; }, { amount: number; method: "CASH" | ... 3 more ... | "OTHER"; transactionId?: string | undefined; remark?: string | undefined; }> | Promise<...>'.
            Type 'ResolverSuccess<TFieldValues>' is not assignable to type 'ResolverSuccess<{ amount: number; method: "CASH" | "WECHAT" | "ALIPAY" | "BANK_TRANSFER" | "OTHER"; transactionId?: string | undefined; remark?: string | undefined; }>'.
              Type 'TFieldValues' is not assignable to type '{ amount: number; method: "CASH" | "WECHAT" | "ALIPAY" | "BANK_TRANSFER" | "OTHER"; transactionId?: string | undefined; remark?: string | undefined; }'.
                Type 'FieldValues' is missing the following properties from type '{ amount: number; method: "CASH" | "WECHAT" | "ALIPAY" | "BANK_TRANSFER" | "OTHER"; transactionId?: string | undefined; remark?: string | undefined; }': amount, method
src/features/finance/components/payment-dialog.tsx(159,29): error TS2322: Type 'Control<{ amount: number; method: "CASH" | "WECHAT" | "ALIPAY" | "BANK_TRANSFER" | "OTHER"; transactionId?: string | undefined; remark?: string | undefined; }, any, TFieldValues>' is not assignable to type 'Control<{ amount: number; method: "CASH" | "WECHAT" | "ALIPAY" | "BANK_TRANSFER" | "OTHER"; transactionId?: string | undefined; remark?: string | undefined; }, any, { amount: number; method: "CASH" | ... 3 more ... | "OTHER"; transactionId?: string | undefined; remark?: string | undefined; }>'.
  The types of '_options.resolver' are incompatible between these types.
    Type 'Resolver<{ amount: number; method: "CASH" | "WECHAT" | "ALIPAY" | "BANK_TRANSFER" | "OTHER"; transactionId?: string | undefined; remark?: string | undefined; }, any, TFieldValues> | undefined' is not assignable to type 'Resolver<{ amount: number; method: "CASH" | "WECHAT" | "ALIPAY" | "BANK_TRANSFER" | "OTHER"; transactionId?: string | undefined; remark?: string | undefined; }, any, { amount: number; method: "CASH" | ... 3 more ... | "OTHER"; transactionId?: string | undefined; remark?: string | undefined; }> | undefined'.
      Type 'Resolver<{ amount: number; method: "CASH" | "WECHAT" | "ALIPAY" | "BANK_TRANSFER" | "OTHER"; transactionId?: string | undefined; remark?: string | undefined; }, any, TFieldValues>' is not assignable to type 'Resolver<{ amount: number; method: "CASH" | "WECHAT" | "ALIPAY" | "BANK_TRANSFER" | "OTHER"; transactionId?: string | undefined; remark?: string | undefined; }, any, { amount: number; method: "CASH" | ... 3 more ... | "OTHER"; transactionId?: string | undefined; remark?: string | undefined; }>'.
        Type 'ResolverResult<{ amount: number; method: "CASH" | "WECHAT" | "ALIPAY" | "BANK_TRANSFER" | "OTHER"; transactionId?: string | undefined; remark?: string | undefined; }, TFieldValues> | Promise<...>' is not assignable to type 'ResolverResult<{ amount: number; method: "CASH" | "WECHAT" | "ALIPAY" | "BANK_TRANSFER" | "OTHER"; transactionId?: string | undefined; remark?: string | undefined; }, { amount: number; method: "CASH" | ... 3 more ... | "OTHER"; transactionId?: string | undefined; remark?: string | undefined; }> | Promise<...>'.
          Type 'ResolverSuccess<TFieldValues>' is not assignable to type 'ResolverResult<{ amount: number; method: "CASH" | "WECHAT" | "ALIPAY" | "BANK_TRANSFER" | "OTHER"; transactionId?: string | undefined; remark?: string | undefined; }, { amount: number; method: "CASH" | ... 3 more ... | "OTHER"; transactionId?: string | undefined; remark?: string | undefined; }> | Promise<...>'.
            Type 'ResolverSuccess<TFieldValues>' is not assignable to type 'ResolverSuccess<{ amount: number; method: "CASH" | "WECHAT" | "ALIPAY" | "BANK_TRANSFER" | "OTHER"; transactionId?: string | undefined; remark?: string | undefined; }>'.
              Type 'TFieldValues' is not assignable to type '{ amount: number; method: "CASH" | "WECHAT" | "ALIPAY" | "BANK_TRANSFER" | "OTHER"; transactionId?: string | undefined; remark?: string | undefined; }'.
                Type 'FieldValues' is missing the following properties from type '{ amount: number; method: "CASH" | "WECHAT" | "ALIPAY" | "BANK_TRANSFER" | "OTHER"; transactionId?: string | undefined; remark?: string | undefined; }': amount, method
src/features/leads/__tests__/actions.test.ts(90,45): error TS2345: Argument of type 'TestLeadData' is not assignable to parameter of type '{ customerName: string; customerPhone: string; sourceCategoryId: string | null | undefined; sourceSubId: string | null | undefined; sourceDetail?: string | undefined; intentionLevel?: "HIGH" | ... 2 more ... | undefined; status?: "PENDING_DISPATCH" | ... 4 more ... | undefined; tags?: string[] | undefined; remark?: ...'.
  Property 'sourceCategoryId' is optional in type 'TestLeadData' but required in type '{ customerName: string; customerPhone: string; sourceCategoryId: string | null | undefined; sourceSubId: string | null | undefined; sourceDetail?: string | undefined; intentionLevel?: "HIGH" | ... 2 more ... | undefined; status?: "PENDING_DISPATCH" | ... 4 more ... | undefined; tags?: string[] | undefined; remark?: ...'.
src/features/leads/__tests__/actions.test.ts(103,45): error TS2345: Argument of type 'TestLeadData' is not assignable to parameter of type '{ customerName: string; customerPhone: string; sourceCategoryId: string | null | undefined; sourceSubId: string | null | undefined; sourceDetail?: string | undefined; intentionLevel?: "HIGH" | ... 2 more ... | undefined; status?: "PENDING_DISPATCH" | ... 4 more ... | undefined; tags?: string[] | undefined; remark?: ...'.
  Property 'sourceCategoryId' is optional in type 'TestLeadData' but required in type '{ customerName: string; customerPhone: string; sourceCategoryId: string | null | undefined; sourceSubId: string | null | undefined; sourceDetail?: string | undefined; intentionLevel?: "HIGH" | ... 2 more ... | undefined; status?: "PENDING_DISPATCH" | ... 4 more ... | undefined; tags?: string[] | undefined; remark?: ...'.
src/features/leads/__tests__/actions.test.ts(111,37): error TS2345: Argument of type 'TestLeadData' is not assignable to parameter of type '{ customerName: string; customerPhone: string; sourceCategoryId: string | null | undefined; sourceSubId: string | null | undefined; sourceDetail?: string | undefined; intentionLevel?: "HIGH" | ... 2 more ... | undefined; status?: "PENDING_DISPATCH" | ... 4 more ... | undefined; tags?: string[] | undefined; remark?: ...'.
  Property 'sourceCategoryId' is optional in type 'TestLeadData' but required in type '{ customerName: string; customerPhone: string; sourceCategoryId: string | null | undefined; sourceSubId: string | null | undefined; sourceDetail?: string | undefined; intentionLevel?: "HIGH" | ... 2 more ... | undefined; status?: "PENDING_DISPATCH" | ... 4 more ... | undefined; tags?: string[] | undefined; remark?: ...'.
src/features/leads/__tests__/actions.test.ts(116,37): error TS2345: Argument of type 'TestLeadData' is not assignable to parameter of type '{ customerName: string; customerPhone: string; sourceCategoryId: string | null | undefined; sourceSubId: string | null | undefined; sourceDetail?: string | undefined; intentionLevel?: "HIGH" | ... 2 more ... | undefined; status?: "PENDING_DISPATCH" | ... 4 more ... | undefined; tags?: string[] | undefined; remark?: ...'.
  Property 'sourceCategoryId' is optional in type 'TestLeadData' but required in type '{ customerName: string; customerPhone: string; sourceCategoryId: string | null | undefined; sourceSubId: string | null | undefined; sourceDetail?: string | undefined; intentionLevel?: "HIGH" | ... 2 more ... | undefined; status?: "PENDING_DISPATCH" | ... 4 more ... | undefined; tags?: string[] | undefined; remark?: ...'.
src/features/orders/actions.ts(187,13): error TS2339: Property 'createPosFromOrder' does not exist on type 'typeof import("C:/Users/bigey/Documents/Antigravity/L2C/src/features/supply-chain/actions")'.
src/features/quotes/components/quote-detail-view.tsx(44,18): error TS2741: Property 'title' is missing in type '{ children: Element; }' but required in type 'CardHeaderProps'.
src/features/quotes/components/quote-detail-view.tsx(91,18): error TS2741: Property 'title' is missing in type '{ children: Element; }' but required in type 'CardHeaderProps'.
src/features/quotes/components/quote-table.tsx(108,42): error TS2552: Cannot find name 'format'. Did you mean 'FormData'?
src/features/quotes/components/views/category-view.tsx(8,78): error TS2307: Cannot find module '@/shared/ui/accordion' or its corresponding type declarations.
src/features/quotes/components/views/category-view.tsx(44,50): error TS7006: Parameter 'sum' implicitly has an 'any' type.
src/features/quotes/components/views/category-view.tsx(44,55): error TS7006: Parameter 'item' implicitly has an 'any' type.
src/features/quotes/components/views/category-view.tsx(50,14): error TS7006: Parameter 'sum' implicitly has an 'any' type.
src/features/quotes/components/views/category-view.tsx(50,19): error TS7006: Parameter 'item' implicitly has an 'any' type.
src/features/quotes/components/views/category-view.tsx(108,65): error TS7006: Parameter 'item' implicitly has an 'any' type.
src/features/quotes/components/views/category-view.tsx(108,71): error TS7006: Parameter 'index' implicitly has an 'any' type.
src/features/quotes/components/views/room-view.tsx(8,78): error TS2307: Cannot find module '@/shared/ui/accordion' or its corresponding type declarations.
src/features/quotes/components/views/room-view.tsx(46,34): error TS7006: Parameter 'sum' implicitly has an 'any' type.
src/features/quotes/components/views/room-view.tsx(46,39): error TS7006: Parameter 'item' implicitly has an 'any' type.
src/features/quotes/components/views/room-view.tsx(107,69): error TS7006: Parameter 'item' implicitly has an 'any' type.
src/features/service-delivery/__tests__/install-tasks.test.ts(95,20): error TS18048: 'result.data' is possibly 'undefined'.
src/features/service-delivery/__tests__/install-tasks.test.ts(172,58): error TS2345: Argument of type '{ taskId: string; photos: { type: string; url: string; }[]; checkInLocation: { lat: number; lng: number; }; }' is not assignable to parameter of type '{ taskId: string; photos: { type: "BEFORE" | "AFTER" | "DETAIL"; url: string; roomName?: string | undefined; }[]; checkInLocation?: any; }'.
  Types of property 'photos' are incompatible.
    Type '{ type: string; url: string; }[]' is not assignable to type '{ type: "BEFORE" | "AFTER" | "DETAIL"; url: string; roomName?: string | undefined; }[]'.
      Type '{ type: string; url: string; }' is not assignable to type '{ type: "BEFORE" | "AFTER" | "DETAIL"; url: string; roomName?: string | undefined; }'.
        Types of property 'type' are incompatible.
          Type 'string' is not assignable to type '"BEFORE" | "AFTER" | "DETAIL"'.
src/features/service-delivery/__tests__/install-tasks.test.ts(192,58): error TS2345: Argument of type '{ taskId: string; photos: { type: string; url: string; }[]; }' is not assignable to parameter of type '{ taskId: string; photos: { type: "BEFORE" | "AFTER" | "DETAIL"; url: string; roomName?: string | undefined; }[]; checkInLocation?: any; }'.
  Types of property 'photos' are incompatible.
    Type '{ type: string; url: string; }[]' is not assignable to type '{ type: "BEFORE" | "AFTER" | "DETAIL"; url: string; roomName?: string | undefined; }[]'.
      Type '{ type: string; url: string; }' is not assignable to type '{ type: "BEFORE" | "AFTER" | "DETAIL"; url: string; roomName?: string | undefined; }'.
        Types of property 'type' are incompatible.
          Type 'string' is not assignable to type '"BEFORE" | "AFTER" | "DETAIL"'.
src/features/service-delivery/__tests__/measure-tasks.test.ts(87,20): error TS18048: 'result.data' is possibly 'undefined'.
src/features/service-delivery/actions/install-tasks.ts(36,50): error TS2769: No overload matches this call.
  Overload 1 of 2, '(value: { tenantId: string | SQL<unknown> | Placeholder<string, any>; createdBy: string | SQL<unknown> | Placeholder<string, any>; customerId: string | SQL<...> | Placeholder<...>; ... 21 more ...; ratingComment?: string | ... 3 more ... | undefined; }): PgInsertBase<...>', gave the following error.
    Type '"PENDING"' is not assignable to type '"PENDING_DISPATCH" | "DISPATCHING" | "COMPLETED" | "CANCELLED" | "PENDING_VISIT" | "PENDING_CONFIRM" | SQL<unknown> | Placeholder<string, any> | null | undefined'.
  Overload 2 of 2, '(values: { tenantId: string | SQL<unknown> | Placeholder<string, any>; createdBy: string | SQL<unknown> | Placeholder<string, any>; customerId: string | SQL<...> | Placeholder<...>; ... 21 more ...; ratingComment?: string | ... 3 more ... | undefined; }[]): PgInsertBase<...>', gave the following error.
    Object literal may only specify known properties, and 'tenantId' does not exist in type '{ tenantId: string | SQL<unknown> | Placeholder<string, any>; createdBy: string | SQL<unknown> | Placeholder<string, any>; customerId: string | SQL<unknown> | Placeholder<...>; ... 21 more ...; ratingComment?: string | ... 3 more ... | undefined; }[]'.
src/features/service-delivery/actions/install-tasks.ts(72,9): error TS2367: This comparison appears to be unintentional because the types '"PENDING_DISPATCH" | "DISPATCHING" | "COMPLETED" | "CANCELLED" | "PENDING_VISIT" | "PENDING_CONFIRM" | null' and '"PENDING"' have no overlap.
src/features/service-delivery/actions/install-tasks.ts(236,16): error TS2367: This comparison appears to be unintentional because the types '"PENDING_DISPATCH" | "DISPATCHING" | "COMPLETED" | "CANCELLED" | "PENDING_CONFIRM" | null' and '"DISPATCHED"' have no overlap.
src/features/service-delivery/actions/measure-tasks.ts(33,50): error TS2769: No overload matches this call.
  Overload 1 of 2, '(value: { tenantId: string | SQL<unknown> | Placeholder<string, any>; createdBy: string | SQL<unknown> | Placeholder<string, any>; customerId: string | SQL<...> | Placeholder<...>; ... 23 more ...; isLate?: boolean | ... 3 more ... | undefined; }): PgInsertBase<...>', gave the following error.
    Type 'string | null' is not assignable to type 'string | SQL<unknown> | Placeholder<string, any>'.
      Type 'null' is not assignable to type 'string | SQL<unknown> | Placeholder<string, any>'.
  Overload 2 of 2, '(values: { tenantId: string | SQL<unknown> | Placeholder<string, any>; createdBy: string | SQL<unknown> | Placeholder<string, any>; customerId: string | SQL<...> | Placeholder<...>; ... 23 more ...; isLate?: boolean | ... 3 more ... | undefined; }[]): PgInsertBase<...>', gave the following error.
    Object literal may only specify known properties, and 'tenantId' does not exist in type '{ tenantId: string | SQL<unknown> | Placeholder<string, any>; createdBy: string | SQL<unknown> | Placeholder<string, any>; customerId: string | SQL<unknown> | Placeholder<...>; ... 23 more ...; isLate?: boolean | ... 3 more ... | undefined; }[]'.
src/features/service-delivery/actions/measure-tasks.ts(208,16): error TS2367: This comparison appears to be unintentional because the types '"DISPATCHING" | "COMPLETED" | "CANCELLED" | "PENDING" | "PENDING_CONFIRM" | null' and '"DISPATCHED"' have no overlap.
src/features/service/installation/__tests__/install-tasks.test.ts(97,20): error TS18048: 'result.data' is possibly 'undefined'.
src/features/service/installation/__tests__/install-tasks.test.ts(168,58): error TS2345: Argument of type '{ taskId: string; photos: { type: string; url: string; }[]; checkInLocation: { lat: number; lng: number; }; }' is not assignable to parameter of type '{ taskId: string; photos: { type: "BEFORE" | "AFTER" | "DETAIL"; url: string; roomName?: string | undefined; }[]; checkInLocation?: any; }'.
  Types of property 'photos' are incompatible.
    Type '{ type: string; url: string; }[]' is not assignable to type '{ type: "BEFORE" | "AFTER" | "DETAIL"; url: string; roomName?: string | undefined; }[]'.
      Type '{ type: string; url: string; }' is not assignable to type '{ type: "BEFORE" | "AFTER" | "DETAIL"; url: string; roomName?: string | undefined; }'.
        Types of property 'type' are incompatible.
          Type 'string' is not assignable to type '"BEFORE" | "AFTER" | "DETAIL"'.
src/features/service/installation/__tests__/install-tasks.test.ts(187,58): error TS2345: Argument of type '{ taskId: string; photos: { type: string; url: string; }[]; }' is not assignable to parameter of type '{ taskId: string; photos: { type: "BEFORE" | "AFTER" | "DETAIL"; url: string; roomName?: string | undefined; }[]; checkInLocation?: any; }'.
  Types of property 'photos' are incompatible.
    Type '{ type: string; url: string; }[]' is not assignable to type '{ type: "BEFORE" | "AFTER" | "DETAIL"; url: string; roomName?: string | undefined; }[]'.
      Type '{ type: string; url: string; }' is not assignable to type '{ type: "BEFORE" | "AFTER" | "DETAIL"; url: string; roomName?: string | undefined; }'.
        Types of property 'type' are incompatible.
          Type 'string' is not assignable to type '"BEFORE" | "AFTER" | "DETAIL"'.
src/features/service/installation/components/confirm-reject-dialogs.tsx(263,37): error TS2322: Type '"destructive"' is not assignable to type '"success" | "primary" | "secondary" | "outline" | "ghost" | "danger" | "glass" | undefined'.
src/features/service/installation/components/confirm-reject-dialogs.tsx(298,51): error TS2322: Type '"destructive"' is not assignable to type '"success" | "primary" | "secondary" | "outline" | "ghost" | "danger" | "glass" | undefined'.
src/features/service/installation/components/install-dispatch-dialog.tsx(67,47): error TS2554: Expected 1 arguments, but got 4.
src/features/service/measurement/__tests__/measure-tasks.test.ts(87,20): error TS18048: 'result.data' is possibly 'undefined'.
src/features/service/measurement/components/dispatch-dialog.tsx(65,47): error TS2554: Expected 1 arguments, but got 3.
src/features/service/measurement/components/submit-data-dialog.tsx(39,19): error TS2769: No overload matches this call.
  Overload 1 of 2, '(values: readonly ["STRAIGHT", "L_SHAPE", "U_SHAPE", "ARC"], params?: string | { error?: string | $ZodErrorMap<$ZodIssueInvalidValue<unknown>> | undefined; message?: string | undefined; } | undefined): ZodEnum<...>', gave the following error.
    Object literal may only specify known properties, and 'errorMap' does not exist in type '{ error?: string | $ZodErrorMap<$ZodIssueInvalidValue<unknown>> | undefined; message?: string | undefined; }'.
  Overload 2 of 2, '(entries: Readonly<Record<string, EnumValue>>, params?: string | { error?: string | $ZodErrorMap<$ZodIssueInvalidValue<unknown>> | undefined; message?: string | undefined; } | undefined): ZodEnum<...>', gave the following error.
    Argument of type 'string[]' is not assignable to parameter of type 'Readonly<Record<string, EnumValue>>'.
      Index signature for type 'string' is missing in type 'string[]'.
src/features/supply-chain/__tests__/po-lifecycle.test.ts(90,16): error TS18048: 'result.data' is possibly 'undefined'.
src/shared/api/supabase.ts(6,54): error TS2307: Cannot find module '@supabase/supabase-js' or its corresponding type declarations.
src/shared/api/supabase.ts(12,9): error TS2339: Property 'SUPABASE_URL' does not exist on type '{ DATABASE_URL: string; APP_NAME: string; APP_VERSION: string; OSS_REGION: string; OSS_BUCKET: string; OSS_ACCESS_KEY_ID: string | undefined; OSS_ACCESS_KEY_SECRET: string | undefined; ... 4 more ...; ENABLE_DEBUG: boolean; }'.
src/shared/api/supabase.ts(13,9): error TS2339: Property 'SUPABASE_ANON_KEY' does not exist on type '{ DATABASE_URL: string; APP_NAME: string; APP_VERSION: string; OSS_REGION: string; OSS_BUCKET: string; OSS_ACCESS_KEY_ID: string | undefined; OSS_ACCESS_KEY_SECRET: string | undefined; ... 4 more ...; ENABLE_DEBUG: boolean; }'.
src/shared/api/supabase.ts(19,13): error TS2339: Property 'SUPABASE_URL' does not exist on type '{ DATABASE_URL: string; APP_NAME: string; APP_VERSION: string; OSS_REGION: string; OSS_BUCKET: string; OSS_ACCESS_KEY_ID: string | undefined; OSS_ACCESS_KEY_SECRET: string | undefined; ... 4 more ...; ENABLE_DEBUG: boolean; }'.
src/shared/api/supabase.ts(20,13): error TS2339: Property 'SUPABASE_ANON_KEY' does not exist on type '{ DATABASE_URL: string; APP_NAME: string; APP_VERSION: string; OSS_REGION: string; OSS_BUCKET: string; OSS_ACCESS_KEY_ID: string | undefined; OSS_ACCESS_KEY_SECRET: string | undefined; ... 4 more ...; ENABLE_DEBUG: boolean; }'.
src/shared/ui/hover-border-gradient.tsx(54,10): error TS2746: This JSX tag's 'children' prop expects a single child of type 'never', but multiple children were provided.
src/shared/ui/hover-border-gradient.tsx(55,13): error TS2322: Type '() => void' is not assignable to type 'never'.
src/shared/ui/hover-border-gradient.tsx(56,13): error TS2322: Type '() => void' is not assignable to type 'never'.
src/shared/ui/hover-border-gradient.tsx(57,13): error TS2322: Type 'string' is not assignable to type 'never'.
src/test/rbac.test.ts(40,43): error TS2345: Argument of type 'null' is not assignable to parameter of type 'NextMiddleware'.
